[2026-04-12T14:24:52.614+0000] {local_task_job_runner.py:123} INFO - ::group::Pre task execution logs
[2026-04-12T14:24:52.633+0000] {taskinstance.py:2614} INFO - Dependencies all met for dep_context=non-requeueable deps ti=<TaskInstance: layers_update.run_dbt manual__2026-04-12T14:24:41.679454+00:00 [queued]>
[2026-04-12T14:24:52.645+0000] {taskinstance.py:2614} INFO - Dependencies all met for dep_context=requeueable deps ti=<TaskInstance: layers_update.run_dbt manual__2026-04-12T14:24:41.679454+00:00 [queued]>
[2026-04-12T14:24:52.645+0000] {taskinstance.py:2867} INFO - Starting attempt 1 of 1
[2026-04-12T14:24:52.663+0000] {taskinstance.py:2890} INFO - Executing <Task(BashOperator): run_dbt> on 2026-04-12 14:24:41.679454+00:00
[2026-04-12T14:24:52.675+0000] {standard_task_runner.py:104} INFO - Running: ['***', 'tasks', 'run', 'layers_update', 'run_dbt', 'manual__2026-04-12T14:24:41.679454+00:00', '--job-id', '85', '--raw', '--subdir', 'DAGS_FOLDER/layers_update.py', '--cfg-path', '/tmp/tmp_1q6yifj']
[2026-04-12T14:24:52.676+0000] {warnings.py:112} WARNING - /home/***/.local/lib/python3.12/site-packages/***/task/task_runner/standard_task_runner.py:70: DeprecationWarning: This process (pid=70) is multi-threaded, use of fork() may lead to deadlocks in the child.
  pid = os.fork()

[2026-04-12T14:24:52.677+0000] {standard_task_runner.py:105} INFO - Job 85: Subtask run_dbt
[2026-04-12T14:24:52.677+0000] {standard_task_runner.py:72} INFO - Started process 71 to run task
[2026-04-12T14:24:52.799+0000] {task_command.py:467} INFO - Running <TaskInstance: layers_update.run_dbt manual__2026-04-12T14:24:41.679454+00:00 [running]> on host f2c35b35aafb
[2026-04-12T14:24:52.957+0000] {taskinstance.py:3134} INFO - Exporting env vars: AIRFLOW_CTX_DAG_OWNER='***' AIRFLOW_CTX_DAG_ID='layers_update' AIRFLOW_CTX_TASK_ID='run_dbt' AIRFLOW_CTX_EXECUTION_DATE='2026-04-12T14:24:41.679454+00:00' AIRFLOW_CTX_TRY_NUMBER='1' AIRFLOW_CTX_DAG_RUN_ID='manual__2026-04-12T14:24:41.679454+00:00'
[2026-04-12T14:24:52.960+0000] {taskinstance.py:732} INFO - ::endgroup::
[2026-04-12T14:24:52.979+0000] {subprocess.py:78} INFO - Tmp dir root location: /tmp
[2026-04-12T14:24:52.981+0000] {subprocess.py:88} INFO - Running command: ['/usr/bin/bash', '-c', 'dbt run']
[2026-04-12T14:24:52.994+0000] {subprocess.py:99} INFO - Output:
[2026-04-12T14:24:58.539+0000] {subprocess.py:106} INFO - [0m14:24:58  Encountered an error:
[2026-04-12T14:24:58.540+0000] {subprocess.py:106} INFO - [Errno 13] Permission denied: '/opt/***/dbt/logs/dbt.log'
[2026-04-12T14:24:58.541+0000] {subprocess.py:106} INFO - [0m14:24:58  Traceback (most recent call last):
[2026-04-12T14:24:58.544+0000] {subprocess.py:106} INFO -   File "/home/***/.local/lib/python3.12/site-packages/dbt/cli/requires.py", line 90, in wrapper
[2026-04-12T14:24:58.546+0000] {subprocess.py:106} INFO -     result, success = func(*args, **kwargs)
[2026-04-12T14:24:58.548+0000] {subprocess.py:106} INFO -                       ^^^^^^^^^^^^^^^^^^^^^
[2026-04-12T14:24:58.551+0000] {subprocess.py:106} INFO -   File "/home/***/.local/lib/python3.12/site-packages/dbt/cli/requires.py", line 51, in wrapper
[2026-04-12T14:24:58.553+0000] {subprocess.py:106} INFO -     setup_event_logger(flags=flags, callbacks=callbacks)
[2026-04-12T14:24:58.555+0000] {subprocess.py:106} INFO -   File "/home/***/.local/lib/python3.12/site-packages/dbt/events/functions.py", line 70, in setup_event_logger
[2026-04-12T14:24:58.561+0000] {subprocess.py:106} INFO -     EVENT_MANAGER.add_logger(
[2026-04-12T14:24:58.566+0000] {subprocess.py:106} INFO -   File "/home/***/.local/lib/python3.12/site-packages/dbt/events/eventmgr.py", line 37, in add_logger
[2026-04-12T14:24:58.568+0000] {subprocess.py:106} INFO -     _JsonLogger(config) if config.line_format == LineFormat.Json else _TextLogger(config)
[2026-04-12T14:24:58.569+0000] {subprocess.py:106} INFO -                                                                       ^^^^^^^^^^^^^^^^^^^
[2026-04-12T14:24:58.570+0000] {subprocess.py:106} INFO -   File "/home/***/.local/lib/python3.12/site-packages/dbt/events/logger.py", line 133, in __init__
[2026-04-12T14:24:58.576+0000] {subprocess.py:106} INFO -     super().__init__(config)
[2026-04-12T14:24:58.577+0000] {subprocess.py:106} INFO -   File "/home/***/.local/lib/python3.12/site-packages/dbt/events/logger.py", line 100, in __init__
[2026-04-12T14:24:58.581+0000] {subprocess.py:106} INFO -     file_handler = RotatingFileHandler(
[2026-04-12T14:24:58.582+0000] {subprocess.py:106} INFO -                    ^^^^^^^^^^^^^^^^^^^^
[2026-04-12T14:24:58.584+0000] {subprocess.py:106} INFO -   File "/usr/local/lib/python3.12/logging/handlers.py", line 155, in __init__
[2026-04-12T14:24:58.585+0000] {subprocess.py:106} INFO -     BaseRotatingHandler.__init__(self, filename, mode, encoding=encoding,
[2026-04-12T14:24:58.586+0000] {subprocess.py:106} INFO -   File "/usr/local/lib/python3.12/logging/handlers.py", line 58, in __init__
[2026-04-12T14:24:58.587+0000] {subprocess.py:106} INFO -     logging.FileHandler.__init__(self, filename, mode=mode,
[2026-04-12T14:24:58.589+0000] {subprocess.py:106} INFO -   File "/usr/local/lib/python3.12/logging/__init__.py", line 1231, in __init__
[2026-04-12T14:24:58.590+0000] {subprocess.py:106} INFO -     StreamHandler.__init__(self, self._open())
[2026-04-12T14:24:58.591+0000] {subprocess.py:106} INFO -                                  ^^^^^^^^^^^^
[2026-04-12T14:24:58.593+0000] {subprocess.py:106} INFO -   File "/usr/local/lib/python3.12/logging/__init__.py", line 1263, in _open
[2026-04-12T14:24:58.595+0000] {subprocess.py:106} INFO -     return open_func(self.baseFilename, self.mode,
[2026-04-12T14:24:58.603+0000] {subprocess.py:106} INFO -            ^^^^^^^^^^^^^^^^^^^^^^^^^^^^^^^^^^^^^^^
[2026-04-12T14:24:58.604+0000] {subprocess.py:106} INFO - PermissionError: [Errno 13] Permission denied: '/opt/***/dbt/logs/dbt.log'
[2026-04-12T14:24:58.605+0000] {subprocess.py:106} INFO - 
[2026-04-12T14:24:58.964+0000] {subprocess.py:110} INFO - Command exited with return code 2
[2026-04-12T14:24:58.984+0000] {taskinstance.py:3313} ERROR - Task failed with exception
Traceback (most recent call last):
  File "/home/airflow/.local/lib/python3.12/site-packages/airflow/models/taskinstance.py", line 768, in _execute_task
    result = _execute_callable(context=context, **execute_callable_kwargs)
             ^^^^^^^^^^^^^^^^^^^^^^^^^^^^^^^^^^^^^^^^^^^^^^^^^^^^^^^^^^^^^
  File "/home/airflow/.local/lib/python3.12/site-packages/airflow/models/taskinstance.py", line 734, in _execute_callable
    return ExecutionCallableRunner(
           ^^^^^^^^^^^^^^^^^^^^^^^^
  File "/home/airflow/.local/lib/python3.12/site-packages/airflow/utils/operator_helpers.py", line 252, in run
    return self.func(*args, **kwargs)
           ^^^^^^^^^^^^^^^^^^^^^^^^^^
  File "/home/airflow/.local/lib/python3.12/site-packages/airflow/models/baseoperator.py", line 424, in wrapper
    return func(self, *args, **kwargs)
           ^^^^^^^^^^^^^^^^^^^^^^^^^^^
  File "/home/airflow/.local/lib/python3.12/site-packages/airflow/operators/bash.py", line 276, in execute
    raise AirflowException(
airflow.exceptions.AirflowException: Bash command failed. The command returned a non-zero exit code 2.
[2026-04-12T14:24:58.990+0000] {taskinstance.py:1226} INFO - Marking task as FAILED. dag_id=layers_update, task_id=run_dbt, run_id=manual__2026-04-12T14:24:41.679454+00:00, execution_date=20260412T142441, start_date=20260412T142452, end_date=20260412T142458
[2026-04-12T14:24:59.036+0000] {taskinstance.py:341} INFO - ::group::Post task execution logs
[2026-04-12T14:24:59.037+0000] {standard_task_runner.py:124} ERROR - Failed to execute job 85 for task run_dbt (Bash command failed. The command returned a non-zero exit code 2.; 71)
Traceback (most recent call last):
  File "/home/airflow/.local/lib/python3.12/site-packages/airflow/task/task_runner/standard_task_runner.py", line 117, in _start_by_fork
    ret = args.func(args, dag=self.dag)
          ^^^^^^^^^^^^^^^^^^^^^^^^^^^^^
  File "/home/airflow/.local/lib/python3.12/site-packages/airflow/cli/cli_config.py", line 49, in command
    return func(*args, **kwargs)
           ^^^^^^^^^^^^^^^^^^^^^
  File "/home/airflow/.local/lib/python3.12/site-packages/airflow/utils/cli.py", line 116, in wrapper
    return f(*args, **kwargs)
           ^^^^^^^^^^^^^^^^^^
  File "/home/airflow/.local/lib/python3.12/site-packages/airflow/cli/commands/task_command.py", line 483, in task_run
    task_return_code = _run_task_by_selected_method(args, _dag, ti)
                       ^^^^^^^^^^^^^^^^^^^^^^^^^^^^^^^^^^^^^^^^^^^^
  File "/home/airflow/.local/lib/python3.12/site-packages/airflow/cli/commands/task_command.py", line 256, in _run_task_by_selected_method
    return _run_raw_task(args, ti)
           ^^^^^^^^^^^^^^^^^^^^^^^
  File "/home/airflow/.local/lib/python3.12/site-packages/airflow/cli/commands/task_command.py", line 341, in _run_raw_task
    return ti._run_raw_task(
           ^^^^^^^^^^^^^^^^^
  File "/home/airflow/.local/lib/python3.12/site-packages/airflow/utils/session.py", line 97, in wrapper
    return func(*args, session=session, **kwargs)
           ^^^^^^^^^^^^^^^^^^^^^^^^^^^^^^^^^^^^^^
  File "/home/airflow/.local/lib/python3.12/site-packages/airflow/models/taskinstance.py", line 3006, in _run_raw_task
    return _run_raw_task(
           ^^^^^^^^^^^^^^
  File "/home/airflow/.local/lib/python3.12/site-packages/airflow/models/taskinstance.py", line 274, in _run_raw_task
    TaskInstance._execute_task_with_callbacks(
  File "/home/airflow/.local/lib/python3.12/site-packages/airflow/models/taskinstance.py", line 3161, in _execute_task_with_callbacks
    result = self._execute_task(context, task_orig)
             ^^^^^^^^^^^^^^^^^^^^^^^^^^^^^^^^^^^^^^
  File "/home/airflow/.local/lib/python3.12/site-packages/airflow/models/taskinstance.py", line 3185, in _execute_task
    return _execute_task(self, context, task_orig)
           ^^^^^^^^^^^^^^^^^^^^^^^^^^^^^^^^^^^^^^^
  File "/home/airflow/.local/lib/python3.12/site-packages/airflow/models/taskinstance.py", line 768, in _execute_task
    result = _execute_callable(context=context, **execute_callable_kwargs)
             ^^^^^^^^^^^^^^^^^^^^^^^^^^^^^^^^^^^^^^^^^^^^^^^^^^^^^^^^^^^^^
  File "/home/airflow/.local/lib/python3.12/site-packages/airflow/models/taskinstance.py", line 734, in _execute_callable
    return ExecutionCallableRunner(
           ^^^^^^^^^^^^^^^^^^^^^^^^
  File "/home/airflow/.local/lib/python3.12/site-packages/airflow/utils/operator_helpers.py", line 252, in run
    return self.func(*args, **kwargs)
           ^^^^^^^^^^^^^^^^^^^^^^^^^^
  File "/home/airflow/.local/lib/python3.12/site-packages/airflow/models/baseoperator.py", line 424, in wrapper
    return func(self, *args, **kwargs)
           ^^^^^^^^^^^^^^^^^^^^^^^^^^^
  File "/home/airflow/.local/lib/python3.12/site-packages/airflow/operators/bash.py", line 276, in execute
    raise AirflowException(
airflow.exceptions.AirflowException: Bash command failed. The command returned a non-zero exit code 2.
[2026-04-12T14:24:59.079+0000] {local_task_job_runner.py:266} INFO - Task exited with return code 1
[2026-04-12T14:24:59.113+0000] {taskinstance.py:3901} INFO - 0 downstream tasks scheduled from follow-on schedule check
[2026-04-12T14:24:59.124+0000] {local_task_job_runner.py:245} INFO - ::endgroup::
