[2026-04-15T15:39:25.702+0000] {local_task_job_runner.py:123} INFO - ::group::Pre task execution logs
[2026-04-15T15:39:25.731+0000] {taskinstance.py:2614} INFO - Dependencies all met for dep_context=non-requeueable deps ti=<TaskInstance: layers_update.run_dbt manual__2026-04-15T15:39:18.853517+00:00 [queued]>
[2026-04-15T15:39:25.743+0000] {taskinstance.py:2614} INFO - Dependencies all met for dep_context=requeueable deps ti=<TaskInstance: layers_update.run_dbt manual__2026-04-15T15:39:18.853517+00:00 [queued]>
[2026-04-15T15:39:25.744+0000] {taskinstance.py:2867} INFO - Starting attempt 1 of 1
[2026-04-15T15:39:25.766+0000] {taskinstance.py:2890} INFO - Executing <Task(BashOperator): run_dbt> on 2026-04-15 15:39:18.853517+00:00
[2026-04-15T15:39:25.776+0000] {warnings.py:112} WARNING - /home/***/.local/lib/python3.12/site-packages/***/task/task_runner/standard_task_runner.py:70: DeprecationWarning: This process (pid=59) is multi-threaded, use of fork() may lead to deadlocks in the child.
  pid = os.fork()

[2026-04-15T15:39:25.778+0000] {standard_task_runner.py:104} INFO - Running: ['***', 'tasks', 'run', 'layers_update', 'run_dbt', 'manual__2026-04-15T15:39:18.853517+00:00', '--job-id', '4', '--raw', '--subdir', 'DAGS_FOLDER/layers_update.py', '--cfg-path', '/tmp/tmpfa0shhyq']
[2026-04-15T15:39:25.779+0000] {standard_task_runner.py:72} INFO - Started process 60 to run task
[2026-04-15T15:39:25.780+0000] {standard_task_runner.py:105} INFO - Job 4: Subtask run_dbt
[2026-04-15T15:39:25.846+0000] {task_command.py:467} INFO - Running <TaskInstance: layers_update.run_dbt manual__2026-04-15T15:39:18.853517+00:00 [running]> on host fb4321952059
[2026-04-15T15:39:25.960+0000] {taskinstance.py:3134} INFO - Exporting env vars: AIRFLOW_CTX_DAG_OWNER='***' AIRFLOW_CTX_DAG_ID='layers_update' AIRFLOW_CTX_TASK_ID='run_dbt' AIRFLOW_CTX_EXECUTION_DATE='2026-04-15T15:39:18.853517+00:00' AIRFLOW_CTX_TRY_NUMBER='1' AIRFLOW_CTX_DAG_RUN_ID='manual__2026-04-15T15:39:18.853517+00:00'
[2026-04-15T15:39:25.962+0000] {taskinstance.py:732} INFO - ::endgroup::
[2026-04-15T15:39:25.981+0000] {subprocess.py:78} INFO - Tmp dir root location: /tmp
[2026-04-15T15:39:25.982+0000] {subprocess.py:88} INFO - Running command: ['/usr/bin/bash', '-c', 'dbt run']
[2026-04-15T15:39:25.996+0000] {subprocess.py:99} INFO - Output:
[2026-04-15T15:39:30.177+0000] {subprocess.py:106} INFO - [0m15:39:30  Running with dbt=1.7.0
[2026-04-15T15:39:30.550+0000] {subprocess.py:106} INFO - [0m15:39:30  Registered adapter: clickhouse=1.7.0
[2026-04-15T15:39:31.928+0000] {subprocess.py:106} INFO - [0m15:39:31  Unable to do partial parsing because change detected to override macro. Starting full parse.
[2026-04-15T15:39:34.061+0000] {subprocess.py:106} INFO - [0m15:39:34  [[33mWARNING[0m]: Configuration paths exist in your dbt_project.yml file which do not apply to any resources.
[2026-04-15T15:39:34.062+0000] {subprocess.py:106} INFO - There are 1 unused configuration paths:
[2026-04-15T15:39:34.062+0000] {subprocess.py:106} INFO - - models.clickhouse_etl.raw
[2026-04-15T15:39:34.103+0000] {subprocess.py:106} INFO - [0m15:39:34  Found 11 models, 15 tests, 4 sources, 0 exposures, 0 metrics, 538 macros, 0 groups, 0 semantic models
[2026-04-15T15:39:34.106+0000] {subprocess.py:106} INFO - [0m15:39:34
[2026-04-15T15:39:34.633+0000] {subprocess.py:106} INFO - [0m15:39:34  Concurrency: 1 threads (target='dev')
[2026-04-15T15:39:34.634+0000] {subprocess.py:106} INFO - [0m15:39:34
[2026-04-15T15:39:34.646+0000] {subprocess.py:106} INFO - [0m15:39:34  1 of 11 START sql incremental model `ods`.`browser_data` ....................... [RUN]
[2026-04-15T15:39:35.012+0000] {subprocess.py:106} INFO - [0m15:39:35  1 of 11 OK created sql incremental model `ods`.`browser_data` .................. [[32mOK[0m in 0.36s]
[2026-04-15T15:39:35.016+0000] {subprocess.py:106} INFO - [0m15:39:35  2 of 11 START sql incremental model `ods`.`device_data` ........................ [RUN]
[2026-04-15T15:39:35.278+0000] {subprocess.py:106} INFO - [0m15:39:35  2 of 11 OK created sql incremental model `ods`.`device_data` ................... [[32mOK[0m in 0.26s]
[2026-04-15T15:39:35.283+0000] {subprocess.py:106} INFO - [0m15:39:35  3 of 11 START sql incremental model `ods`.`geo_data` ........................... [RUN]
[2026-04-15T15:39:35.535+0000] {subprocess.py:106} INFO - [0m15:39:35  3 of 11 OK created sql incremental model `ods`.`geo_data` ...................... [[32mOK[0m in 0.25s]
[2026-04-15T15:39:35.538+0000] {subprocess.py:106} INFO - [0m15:39:35  4 of 11 START sql incremental model `ods`.`location_data` ...................... [RUN]
[2026-04-15T15:39:35.763+0000] {subprocess.py:106} INFO - [0m15:39:35  4 of 11 OK created sql incremental model `ods`.`location_data` ................. [[32mOK[0m in 0.22s]
[2026-04-15T15:39:35.767+0000] {subprocess.py:106} INFO - [0m15:39:35  5 of 11 START sql incremental model `dds`.`dim_browser` ........................ [RUN]
[2026-04-15T15:39:36.006+0000] {subprocess.py:106} INFO - [0m15:39:36  5 of 11 OK created sql incremental model `dds`.`dim_browser` ................... [[32mOK[0m in 0.24s]
[2026-04-15T15:39:36.009+0000] {subprocess.py:106} INFO - [0m15:39:36  6 of 11 START sql incremental model `dds`.`dim_device` ......................... [RUN]
[2026-04-15T15:39:36.022+0000] {subprocess.py:106} INFO - [0m15:39:36  Generated UUID: 69b73b4c-7998-4ded-9636-3698df64f9c8
[2026-04-15T15:39:36.242+0000] {subprocess.py:106} INFO - [0m15:39:36  6 of 11 OK created sql incremental model `dds`.`dim_device` .................... [[32mOK[0m in 0.23s]
[2026-04-15T15:39:36.246+0000] {subprocess.py:106} INFO - [0m15:39:36  7 of 11 START sql incremental model `dds`.`fct_click` .......................... [RUN]
[2026-04-15T15:39:41.412+0000] {subprocess.py:106} INFO - [0m15:39:41  7 of 11 OK created sql incremental model `dds`.`fct_click` ..................... [[32mOK[0m in 5.16s]
[2026-04-15T15:39:41.416+0000] {subprocess.py:106} INFO - [0m15:39:41  8 of 11 START sql incremental model `dds`.`dim_geo` ............................ [RUN]
[2026-04-15T15:39:41.646+0000] {subprocess.py:106} INFO - [0m15:39:41  8 of 11 OK created sql incremental model `dds`.`dim_geo` ....................... [[32mOK[0m in 0.23s]
[2026-04-15T15:39:41.651+0000] {subprocess.py:106} INFO - [0m15:39:41  9 of 11 START sql incremental model `dds`.`dim_location` ....................... [RUN]
[2026-04-15T15:39:42.034+0000] {subprocess.py:106} INFO - [0m15:39:42  9 of 11 OK created sql incremental model `dds`.`dim_location` .................. [[32mOK[0m in 0.38s]
[2026-04-15T15:39:42.039+0000] {subprocess.py:106} INFO - [0m15:39:42  10 of 11 START sql incremental model `dm`.`dashboard` .......................... [RUN]
[2026-04-15T15:39:42.276+0000] {subprocess.py:106} INFO - [0m15:39:42  10 of 11 OK created sql incremental model `dm`.`dashboard` ..................... [[32mOK[0m in 0.24s]
[2026-04-15T15:39:42.279+0000] {subprocess.py:106} INFO - [0m15:39:42  11 of 11 START sql view model `dm`.`dashboard_recent_data` ..................... [RUN]
[2026-04-15T15:39:42.361+0000] {subprocess.py:106} INFO - [0m15:39:42  11 of 11 OK created sql view model `dm`.`dashboard_recent_data` ................ [[32mOK[0m in 0.08s]
[2026-04-15T15:39:42.369+0000] {subprocess.py:106} INFO - [0m15:39:42
[2026-04-15T15:39:42.370+0000] {subprocess.py:106} INFO - [0m15:39:42  Finished running 10 incremental models, 1 view model in 0 hours 0 minutes and 8.26 seconds (8.26s).
[2026-04-15T15:39:42.400+0000] {subprocess.py:106} INFO - [0m15:39:42
[2026-04-15T15:39:42.401+0000] {subprocess.py:106} INFO - [0m15:39:42  [32mCompleted successfully[0m
[2026-04-15T15:39:42.402+0000] {subprocess.py:106} INFO - [0m15:39:42
[2026-04-15T15:39:42.403+0000] {subprocess.py:106} INFO - [0m15:39:42  Done. PASS=11 WARN=0 ERROR=0 SKIP=0 TOTAL=11
[2026-04-15T15:39:43.714+0000] {subprocess.py:110} INFO - Command exited with return code 0
[2026-04-15T15:39:43.752+0000] {taskinstance.py:341} INFO - ::group::Post task execution logs
[2026-04-15T15:39:43.753+0000] {taskinstance.py:353} INFO - Marking task as SUCCESS. dag_id=layers_update, task_id=run_dbt, run_id=manual__2026-04-15T15:39:18.853517+00:00, execution_date=20260415T153918, start_date=20260415T153925, end_date=20260415T153943
[2026-04-15T15:39:43.825+0000] {local_task_job_runner.py:266} INFO - Task exited with return code 0
[2026-04-15T15:39:43.868+0000] {taskinstance.py:3901} INFO - 1 downstream tasks scheduled from follow-on schedule check
[2026-04-15T15:39:43.873+0000] {local_task_job_runner.py:245} INFO - ::endgroup::
