[2026-04-15T16:42:44.784+0000] {local_task_job_runner.py:123} INFO - ::group::Pre task execution logs
[2026-04-15T16:42:44.808+0000] {taskinstance.py:2614} INFO - Dependencies all met for dep_context=non-requeueable deps ti=<TaskInstance: kafka_producer.send_jsonl_to_kafka manual__2026-04-15T16:42:43.081716+00:00 [queued]>
[2026-04-15T16:42:44.818+0000] {taskinstance.py:2614} INFO - Dependencies all met for dep_context=requeueable deps ti=<TaskInstance: kafka_producer.send_jsonl_to_kafka manual__2026-04-15T16:42:43.081716+00:00 [queued]>
[2026-04-15T16:42:44.819+0000] {taskinstance.py:2867} INFO - Starting attempt 1 of 1
[2026-04-15T16:42:44.841+0000] {taskinstance.py:2890} INFO - Executing <Task(PythonOperator): send_jsonl_to_kafka> on 2026-04-15 16:42:43.081716+00:00
[2026-04-15T16:42:44.850+0000] {warnings.py:112} WARNING - /home/***/.local/lib/python3.12/site-packages/***/task/task_runner/standard_task_runner.py:70: DeprecationWarning: This process (pid=116) is multi-threaded, use of fork() may lead to deadlocks in the child.
  pid = os.fork()

[2026-04-15T16:42:44.855+0000] {standard_task_runner.py:72} INFO - Started process 117 to run task
[2026-04-15T16:42:44.854+0000] {standard_task_runner.py:104} INFO - Running: ['***', 'tasks', 'run', 'kafka_producer', 'send_jsonl_to_kafka', 'manual__2026-04-15T16:42:43.081716+00:00', '--job-id', '12', '--raw', '--subdir', 'DAGS_FOLDER/kafka_load.py', '--cfg-path', '/tmp/tmp79ez59bb']
[2026-04-15T16:42:44.856+0000] {standard_task_runner.py:105} INFO - Job 12: Subtask send_jsonl_to_kafka
[2026-04-15T16:42:44.927+0000] {task_command.py:467} INFO - Running <TaskInstance: kafka_producer.send_jsonl_to_kafka manual__2026-04-15T16:42:43.081716+00:00 [running]> on host 4bee53555a23
[2026-04-15T16:42:45.047+0000] {taskinstance.py:3134} INFO - Exporting env vars: AIRFLOW_CTX_DAG_OWNER='***' AIRFLOW_CTX_DAG_ID='kafka_producer' AIRFLOW_CTX_TASK_ID='send_jsonl_to_kafka' AIRFLOW_CTX_EXECUTION_DATE='2026-04-15T16:42:43.081716+00:00' AIRFLOW_CTX_TRY_NUMBER='1' AIRFLOW_CTX_DAG_RUN_ID='manual__2026-04-15T16:42:43.081716+00:00'
[2026-04-15T16:42:45.050+0000] {taskinstance.py:732} INFO - ::endgroup::
[2026-04-15T16:42:45.081+0000] {kafka_load.py:28} INFO - Обрабатывается файл: browser_events.jsonl
[2026-04-15T16:42:45.088+0000] {kafka_load.py:40} INFO - Отправлено 100 сообщений
[2026-04-15T16:42:45.092+0000] {kafka_load.py:40} INFO - Отправлено 200 сообщений
[2026-04-15T16:42:45.096+0000] {kafka_load.py:40} INFO - Отправлено 300 сообщений
[2026-04-15T16:42:45.099+0000] {kafka_load.py:40} INFO - Отправлено 400 сообщений
[2026-04-15T16:42:45.102+0000] {kafka_load.py:40} INFO - Отправлено 500 сообщений
[2026-04-15T16:42:45.105+0000] {kafka_load.py:40} INFO - Отправлено 600 сообщений
[2026-04-15T16:42:45.108+0000] {kafka_load.py:40} INFO - Отправлено 700 сообщений
[2026-04-15T16:42:45.112+0000] {kafka_load.py:40} INFO - Отправлено 800 сообщений
[2026-04-15T16:42:45.114+0000] {kafka_load.py:40} INFO - Отправлено 900 сообщений
[2026-04-15T16:42:45.118+0000] {kafka_load.py:40} INFO - Отправлено 1000 сообщений
[2026-04-15T16:42:45.120+0000] {kafka_load.py:53} INFO - Обработка файла browser_events.jsonl завершена
[2026-04-15T16:42:45.121+0000] {kafka_load.py:28} INFO - Обрабатывается файл: device_events.jsonl
[2026-04-15T16:42:45.126+0000] {kafka_load.py:40} INFO - Отправлено 100 сообщений
[2026-04-15T16:42:45.130+0000] {kafka_load.py:40} INFO - Отправлено 200 сообщений
[2026-04-15T16:42:45.141+0000] {kafka_load.py:40} INFO - Отправлено 300 сообщений
[2026-04-15T16:42:45.149+0000] {kafka_load.py:40} INFO - Отправлено 400 сообщений
[2026-04-15T16:42:45.160+0000] {kafka_load.py:40} INFO - Отправлено 500 сообщений
[2026-04-15T16:42:45.171+0000] {kafka_load.py:40} INFO - Отправлено 600 сообщений
[2026-04-15T16:42:45.175+0000] {kafka_load.py:40} INFO - Отправлено 700 сообщений
[2026-04-15T16:42:45.179+0000] {kafka_load.py:40} INFO - Отправлено 800 сообщений
[2026-04-15T16:42:45.181+0000] {kafka_load.py:40} INFO - Отправлено 900 сообщений
[2026-04-15T16:42:45.185+0000] {kafka_load.py:40} INFO - Отправлено 1000 сообщений
[2026-04-15T16:42:45.186+0000] {kafka_load.py:42} ERROR - Ошибка JSON в строке: 1001: Expecting ':' delimiter: line 1 column 19 (char 18)
[2026-04-15T16:42:45.186+0000] {logging_mixin.py:190} INFO - {"message": "{\"\u0422\u0435\u0441\u0442\u043e\u0432\u0430\u044f \u043e\u0448\u0438\u0431\u043a\u0430\"}\n"}
[2026-04-15T16:42:45.191+0000] {kafka_load.py:53} INFO - Обработка файла device_events.jsonl завершена
[2026-04-15T16:42:45.191+0000] {kafka_load.py:28} INFO - Обрабатывается файл: geo_events.jsonl
[2026-04-15T16:42:45.196+0000] {kafka_load.py:40} INFO - Отправлено 100 сообщений
[2026-04-15T16:42:45.198+0000] {kafka_load.py:40} INFO - Отправлено 200 сообщений
[2026-04-15T16:42:45.201+0000] {kafka_load.py:40} INFO - Отправлено 300 сообщений
[2026-04-15T16:42:45.204+0000] {kafka_load.py:40} INFO - Отправлено 400 сообщений
[2026-04-15T16:42:45.208+0000] {kafka_load.py:40} INFO - Отправлено 500 сообщений
[2026-04-15T16:42:45.210+0000] {kafka_load.py:40} INFO - Отправлено 600 сообщений
[2026-04-15T16:42:45.213+0000] {kafka_load.py:40} INFO - Отправлено 700 сообщений
[2026-04-15T16:42:45.215+0000] {kafka_load.py:40} INFO - Отправлено 800 сообщений
[2026-04-15T16:42:45.218+0000] {kafka_load.py:40} INFO - Отправлено 900 сообщений
[2026-04-15T16:42:45.220+0000] {kafka_load.py:40} INFO - Отправлено 1000 сообщений
[2026-04-15T16:42:45.221+0000] {kafka_load.py:53} INFO - Обработка файла geo_events.jsonl завершена
[2026-04-15T16:42:45.221+0000] {kafka_load.py:28} INFO - Обрабатывается файл: location_events.jsonl
[2026-04-15T16:42:45.225+0000] {kafka_load.py:40} INFO - Отправлено 100 сообщений
[2026-04-15T16:42:45.227+0000] {kafka_load.py:40} INFO - Отправлено 200 сообщений
[2026-04-15T16:42:45.229+0000] {kafka_load.py:40} INFO - Отправлено 300 сообщений
[2026-04-15T16:42:45.232+0000] {kafka_load.py:40} INFO - Отправлено 400 сообщений
[2026-04-15T16:42:45.235+0000] {kafka_load.py:40} INFO - Отправлено 500 сообщений
[2026-04-15T16:42:45.238+0000] {kafka_load.py:40} INFO - Отправлено 600 сообщений
[2026-04-15T16:42:45.241+0000] {kafka_load.py:40} INFO - Отправлено 700 сообщений
[2026-04-15T16:42:45.244+0000] {kafka_load.py:40} INFO - Отправлено 800 сообщений
[2026-04-15T16:42:45.246+0000] {kafka_load.py:40} INFO - Отправлено 900 сообщений
[2026-04-15T16:42:45.249+0000] {kafka_load.py:40} INFO - Отправлено 1000 сообщений
[2026-04-15T16:42:45.251+0000] {kafka_load.py:53} INFO - Обработка файла location_events.jsonl завершена
[2026-04-15T16:42:45.254+0000] {kafka_load.py:56} INFO - Обработка файлов успешно завершена
[2026-04-15T16:42:45.259+0000] {python.py:240} INFO - Done. Returned value was: None
[2026-04-15T16:42:45.279+0000] {taskinstance.py:341} INFO - ::group::Post task execution logs
[2026-04-15T16:42:45.280+0000] {taskinstance.py:353} INFO - Marking task as SUCCESS. dag_id=kafka_producer, task_id=send_jsonl_to_kafka, run_id=manual__2026-04-15T16:42:43.081716+00:00, execution_date=20260415T164243, start_date=20260415T164244, end_date=20260415T164245
[2026-04-15T16:42:45.358+0000] {local_task_job_runner.py:266} INFO - Task exited with return code 0
[2026-04-15T16:42:45.389+0000] {taskinstance.py:3901} INFO - 1 downstream tasks scheduled from follow-on schedule check
[2026-04-15T16:42:45.393+0000] {local_task_job_runner.py:245} INFO - ::endgroup::
