[2026-03-22T13:37:18.725+0000] {local_task_job_runner.py:123} INFO - ::group::Pre task execution logs
[2026-03-22T13:37:18.751+0000] {taskinstance.py:2614} INFO - Dependencies all met for dep_context=non-requeueable deps ti=<TaskInstance: kafka_producer.send_jsonl_to_kafka manual__2026-03-22T13:37:17.651517+00:00 [queued]>
[2026-03-22T13:37:18.760+0000] {taskinstance.py:2614} INFO - Dependencies all met for dep_context=requeueable deps ti=<TaskInstance: kafka_producer.send_jsonl_to_kafka manual__2026-03-22T13:37:17.651517+00:00 [queued]>
[2026-03-22T13:37:18.763+0000] {taskinstance.py:2867} INFO - Starting attempt 1 of 1
[2026-03-22T13:37:18.782+0000] {taskinstance.py:2890} INFO - Executing <Task(PythonOperator): send_jsonl_to_kafka> on 2026-03-22 13:37:17.651517+00:00
[2026-03-22T13:37:18.790+0000] {warnings.py:112} WARNING - /home/***/.local/lib/python3.12/site-packages/***/task/task_runner/standard_task_runner.py:70: DeprecationWarning: This process (pid=100) is multi-threaded, use of fork() may lead to deadlocks in the child.
  pid = os.fork()

[2026-03-22T13:37:18.793+0000] {standard_task_runner.py:72} INFO - Started process 101 to run task
[2026-03-22T13:37:18.796+0000] {standard_task_runner.py:104} INFO - Running: ['***', 'tasks', 'run', 'kafka_producer', 'send_jsonl_to_kafka', 'manual__2026-03-22T13:37:17.651517+00:00', '--job-id', '21', '--raw', '--subdir', 'DAGS_FOLDER/kafka_load.py', '--cfg-path', '/tmp/tmptimkwnlq']
[2026-03-22T13:37:18.798+0000] {standard_task_runner.py:105} INFO - Job 21: Subtask send_jsonl_to_kafka
[2026-03-22T13:37:18.865+0000] {task_command.py:467} INFO - Running <TaskInstance: kafka_producer.send_jsonl_to_kafka manual__2026-03-22T13:37:17.651517+00:00 [running]> on host c89d29d28897
[2026-03-22T13:37:19.003+0000] {taskinstance.py:3134} INFO - Exporting env vars: AIRFLOW_CTX_DAG_OWNER='***' AIRFLOW_CTX_DAG_ID='kafka_producer' AIRFLOW_CTX_TASK_ID='send_jsonl_to_kafka' AIRFLOW_CTX_EXECUTION_DATE='2026-03-22T13:37:17.651517+00:00' AIRFLOW_CTX_TRY_NUMBER='1' AIRFLOW_CTX_DAG_RUN_ID='manual__2026-03-22T13:37:17.651517+00:00'
[2026-03-22T13:37:19.004+0000] {taskinstance.py:732} INFO - ::endgroup::
[2026-03-22T13:37:19.037+0000] {logging_mixin.py:190} INFO - 📄 Обработка файла: browser_events.jsonl
[2026-03-22T13:37:19.043+0000] {logging_mixin.py:190} INFO -   📨 Отправлено 100 сообщений
[2026-03-22T13:37:19.047+0000] {logging_mixin.py:190} INFO -   📨 Отправлено 200 сообщений
[2026-03-22T13:37:19.050+0000] {logging_mixin.py:190} INFO -   📨 Отправлено 300 сообщений
[2026-03-22T13:37:19.053+0000] {logging_mixin.py:190} INFO -   📨 Отправлено 400 сообщений
[2026-03-22T13:37:19.056+0000] {logging_mixin.py:190} INFO -   📨 Отправлено 500 сообщений
[2026-03-22T13:37:19.059+0000] {logging_mixin.py:190} INFO -   📨 Отправлено 600 сообщений
[2026-03-22T13:37:19.064+0000] {logging_mixin.py:190} INFO -   📨 Отправлено 700 сообщений
[2026-03-22T13:37:19.068+0000] {logging_mixin.py:190} INFO -   📨 Отправлено 800 сообщений
[2026-03-22T13:37:19.071+0000] {logging_mixin.py:190} INFO -   📨 Отправлено 900 сообщений
[2026-03-22T13:37:19.075+0000] {logging_mixin.py:190} INFO -   📨 Отправлено 1000 сообщений
[2026-03-22T13:37:19.076+0000] {logging_mixin.py:190} INFO -   ✅ Файл browser_events.jsonl обработан
[2026-03-22T13:41:49.185+0000] {job.py:229} INFO - Heartbeat recovered after 10.52 seconds
[2026-03-22T13:42:22.257+0000] {logging_mixin.py:190} INFO - 
✅ Итого: 1 файлов, 1000 сообщений отправлено в топик 'browser_events'
[2026-03-22T13:42:22.259+0000] {python.py:240} INFO - Done. Returned value was: None
[2026-03-22T13:42:22.278+0000] {taskinstance.py:341} INFO - ::group::Post task execution logs
[2026-03-22T13:42:22.279+0000] {taskinstance.py:353} INFO - Marking task as SUCCESS. dag_id=kafka_producer, task_id=send_jsonl_to_kafka, run_id=manual__2026-03-22T13:37:17.651517+00:00, execution_date=20260322T133717, start_date=20260322T133718, end_date=20260322T134222
[2026-03-22T13:42:22.352+0000] {local_task_job_runner.py:266} INFO - Task exited with return code 0
[2026-03-22T13:42:22.373+0000] {taskinstance.py:3901} INFO - 0 downstream tasks scheduled from follow-on schedule check
[2026-03-22T13:42:22.378+0000] {local_task_job_runner.py:245} INFO - ::endgroup::
