[2026-04-15T11:35:50.280+0000] {local_task_job_runner.py:123} INFO - ::group::Pre task execution logs
[2026-04-15T11:35:50.301+0000] {taskinstance.py:2614} INFO - Dependencies all met for dep_context=non-requeueable deps ti=<TaskInstance: layers_update.run_dbt manual__2026-04-15T11:35:42.502384+00:00 [queued]>
[2026-04-15T11:35:50.315+0000] {taskinstance.py:2614} INFO - Dependencies all met for dep_context=requeueable deps ti=<TaskInstance: layers_update.run_dbt manual__2026-04-15T11:35:42.502384+00:00 [queued]>
[2026-04-15T11:35:50.317+0000] {taskinstance.py:2867} INFO - Starting attempt 1 of 1
[2026-04-15T11:35:50.339+0000] {taskinstance.py:2890} INFO - Executing <Task(BashOperator): run_dbt> on 2026-04-15 11:35:42.502384+00:00
[2026-04-15T11:35:50.350+0000] {warnings.py:112} WARNING - /home/***/.local/lib/python3.12/site-packages/***/task/task_runner/standard_task_runner.py:70: DeprecationWarning: This process (pid=57) is multi-threaded, use of fork() may lead to deadlocks in the child.
  pid = os.fork()

[2026-04-15T11:35:50.353+0000] {standard_task_runner.py:72} INFO - Started process 58 to run task
[2026-04-15T11:35:50.352+0000] {standard_task_runner.py:104} INFO - Running: ['***', 'tasks', 'run', 'layers_update', 'run_dbt', 'manual__2026-04-15T11:35:42.502384+00:00', '--job-id', '4', '--raw', '--subdir', 'DAGS_FOLDER/layers_update.py', '--cfg-path', '/tmp/tmpmd0ppf8e']
[2026-04-15T11:35:50.355+0000] {standard_task_runner.py:105} INFO - Job 4: Subtask run_dbt
[2026-04-15T11:35:50.435+0000] {task_command.py:467} INFO - Running <TaskInstance: layers_update.run_dbt manual__2026-04-15T11:35:42.502384+00:00 [running]> on host 06da903a9231
[2026-04-15T11:35:50.545+0000] {taskinstance.py:3134} INFO - Exporting env vars: AIRFLOW_CTX_DAG_OWNER='***' AIRFLOW_CTX_DAG_ID='layers_update' AIRFLOW_CTX_TASK_ID='run_dbt' AIRFLOW_CTX_EXECUTION_DATE='2026-04-15T11:35:42.502384+00:00' AIRFLOW_CTX_TRY_NUMBER='1' AIRFLOW_CTX_DAG_RUN_ID='manual__2026-04-15T11:35:42.502384+00:00'
[2026-04-15T11:35:50.548+0000] {taskinstance.py:732} INFO - ::endgroup::
[2026-04-15T11:35:50.569+0000] {subprocess.py:78} INFO - Tmp dir root location: /tmp
[2026-04-15T11:35:50.569+0000] {subprocess.py:88} INFO - Running command: ['/usr/bin/bash', '-c', 'dbt run']
[2026-04-15T11:35:50.582+0000] {subprocess.py:99} INFO - Output:
[2026-04-15T11:35:56.622+0000] {subprocess.py:106} INFO - [0m11:35:56  Running with dbt=1.7.0
[2026-04-15T11:35:57.105+0000] {subprocess.py:106} INFO - [0m11:35:57  Registered adapter: clickhouse=1.7.0
[2026-04-15T11:35:58.735+0000] {subprocess.py:106} INFO - [0m11:35:58  [[33mWARNING[0m]: Configuration paths exist in your dbt_project.yml file which do not apply to any resources.
[2026-04-15T11:35:58.735+0000] {subprocess.py:106} INFO - There are 1 unused configuration paths:
[2026-04-15T11:35:58.738+0000] {subprocess.py:106} INFO - - models.clickhouse_etl.raw
[2026-04-15T11:35:58.836+0000] {subprocess.py:106} INFO - [0m11:35:58  Found 11 models, 15 tests, 4 sources, 0 exposures, 0 metrics, 537 macros, 0 groups, 0 semantic models
[2026-04-15T11:35:58.843+0000] {subprocess.py:106} INFO - [0m11:35:58
[2026-04-15T11:35:59.659+0000] {subprocess.py:106} INFO - [0m11:35:59  Concurrency: 1 threads (target='dev')
[2026-04-15T11:35:59.663+0000] {subprocess.py:106} INFO - [0m11:35:59
[2026-04-15T11:35:59.675+0000] {subprocess.py:106} INFO - [0m11:35:59  1 of 11 START sql incremental model `ods_ods`.`browser_data` ................... [RUN]
[2026-04-15T11:35:59.900+0000] {subprocess.py:106} INFO - [0m11:35:59  1 of 11 ERROR creating sql incremental model `ods_ods`.`browser_data` .......... [[31mERROR[0m in 0.22s]
[2026-04-15T11:35:59.904+0000] {subprocess.py:106} INFO - [0m11:35:59  2 of 11 START sql incremental model `ods_ods`.`device_data` .................... [RUN]
[2026-04-15T11:36:00.017+0000] {subprocess.py:106} INFO - [0m11:36:00  2 of 11 ERROR creating sql incremental model `ods_ods`.`device_data` ........... [[31mERROR[0m in 0.11s]
[2026-04-15T11:36:00.020+0000] {subprocess.py:106} INFO - [0m11:36:00  3 of 11 START sql incremental model `ods_ods`.`geo_data` ....................... [RUN]
[2026-04-15T11:36:00.120+0000] {subprocess.py:106} INFO - [0m11:36:00  3 of 11 ERROR creating sql incremental model `ods_ods`.`geo_data` .............. [[31mERROR[0m in 0.10s]
[2026-04-15T11:36:00.124+0000] {subprocess.py:106} INFO - [0m11:36:00  4 of 11 START sql incremental model `ods_ods`.`location_data` .................. [RUN]
[2026-04-15T11:36:00.237+0000] {subprocess.py:106} INFO - [0m11:36:00  4 of 11 ERROR creating sql incremental model `ods_ods`.`location_data` ......... [[31mERROR[0m in 0.11s]
[2026-04-15T11:36:00.242+0000] {subprocess.py:106} INFO - [0m11:36:00  5 of 11 SKIP relation ods_dds.dds_browser ...................................... [[33mSKIP[0m]
[2026-04-15T11:36:00.248+0000] {subprocess.py:106} INFO - [0m11:36:00  6 of 11 SKIP relation ods_dds.dds_device ....................................... [[33mSKIP[0m]
[2026-04-15T11:36:00.252+0000] {subprocess.py:106} INFO - [0m11:36:00  7 of 11 SKIP relation ods_dds.dds_fct_click .................................... [[33mSKIP[0m]
[2026-04-15T11:36:00.265+0000] {subprocess.py:106} INFO - [0m11:36:00  8 of 11 SKIP relation ods_dds.dds_geo .......................................... [[33mSKIP[0m]
[2026-04-15T11:36:00.268+0000] {subprocess.py:106} INFO - [0m11:36:00  9 of 11 SKIP relation ods_dds.dds_location ..................................... [[33mSKIP[0m]
[2026-04-15T11:36:00.272+0000] {subprocess.py:106} INFO - [0m11:36:00  10 of 11 SKIP relation ods_dm.dm_dashboard ..................................... [[33mSKIP[0m]
[2026-04-15T11:36:00.275+0000] {subprocess.py:106} INFO - [0m11:36:00  11 of 11 SKIP relation ods_dm.dm_dashboard_recent_data ......................... [[33mSKIP[0m]
[2026-04-15T11:36:00.282+0000] {subprocess.py:106} INFO - [0m11:36:00
[2026-04-15T11:36:00.283+0000] {subprocess.py:106} INFO - [0m11:36:00  Finished running 10 incremental models, 1 view model in 0 hours 0 minutes and 1.43 seconds (1.43s).
[2026-04-15T11:36:00.319+0000] {subprocess.py:106} INFO - [0m11:36:00
[2026-04-15T11:36:00.320+0000] {subprocess.py:106} INFO - [0m11:36:00  [31mCompleted with 4 errors and 0 warnings:[0m
[2026-04-15T11:36:00.321+0000] {subprocess.py:106} INFO - [0m11:36:00
[2026-04-15T11:36:00.322+0000] {subprocess.py:106} INFO - [0m11:36:00    Database Error in model ods_browser (models/ods/ods_browser.sql)
[2026-04-15T11:36:00.323+0000] {subprocess.py:106} INFO -   Code: 376.
[2026-04-15T11:36:00.324+0000] {subprocess.py:106} INFO -   DB::Exception: Cannot parse uuid : Cannot parse UUID from String: while executing 'FUNCTION if(isNull(-dummy-0) : 3, defaultValueOfTypeName('UUID') :: 2, _CAST(-dummy-0, 'UUID') :: 4) -> if(isNull(-dummy-0), defaultValueOfTypeName('UUID'), _CAST(-dummy-0, 'UUID')) UUID : 1': While executing WaitForAsyncInsert. Stack trace:
[2026-04-15T11:36:00.324+0000] {subprocess.py:106} INFO - 
[2026-04-15T11:36:00.325+0000] {subprocess.py:106} INFO -   0. DB::Exception::Exception(DB::Exception::MessageMasked&&, int, bool) @ 0x00000000166dc66a
[2026-04-15T11:36:00.326+0000] {subprocess.py:106} INFO -   1. DB::Exception::Exception(String&&, int, String, bool) @ 0x000000000e55bf0e
[2026-04-15T11:36:00.327+0000] {subprocess.py:106} INFO -   2. DB::Exception::Exception(PreformattedMessage&&, int) @ 0x000000000e55b849
[2026-04-15T11:36:00.328+0000] {subprocess.py:106} INFO -   3. DB::Exception::Exception<char (&) [36]>(int, FormatStringHelperImpl<std::type_identity<char (&) [36]>::type>, char (&) [36]) @ 0x0000000016871876
[2026-04-15T11:36:00.329+0000] {subprocess.py:106} INFO -   4. void DB::readUUIDTextImpl<void>(StrongTypedef<wide::integer<128ul, unsigned int>, DB::UUIDTag>&, DB::ReadBuffer&) @ 0x0000000016871799
[2026-04-15T11:36:00.330+0000] {subprocess.py:106} INFO -   5. bool DB::callOnIndexAndDataType<DB::DataTypeUUID, DB::detail::FunctionConvert<DB::DataTypeUUID, DB::detail::NameToUUID, DB::detail::ToNumberMonotonicity<wide::integer<128ul, unsigned int>>>::executeInternal(std::vector<DB::ColumnWithTypeAndName, std::allocator<DB::ColumnWithTypeAndName>> const&, std::shared_ptr<DB::IDataType const> const&, unsigned long, bool) const::'lambda'(auto const&, DB::detail::BehaviourOnErrorFromString)&, DB::detail::BehaviourOnErrorFromString>(DB::TypeIndex, DB::detail::FunctionConvert<DB::DataTypeUUID, DB::detail::NameToUUID, DB::detail::ToNumberMonotonicity<wide::integer<128ul, unsigned int>>>::executeInternal(std::vector<DB::ColumnWithTypeAndName, std::allocator<DB::ColumnWithTypeAndName>> const&, std::shared_ptr<DB::IDataType const> const&, unsigned long, bool) const::'lambda'(auto const&, DB::detail::BehaviourOnErrorFromString)&, DB::detail::BehaviourOnErrorFromString&&) @ 0x000000000c5eba95
[2026-04-15T11:36:00.331+0000] {subprocess.py:106} INFO -   6. DB::detail::FunctionConvert<DB::DataTypeUUID, DB::detail::NameToUUID, DB::detail::ToNumberMonotonicity<wide::integer<128ul, unsigned int>>>::executeInternal(std::vector<DB::ColumnWithTypeAndName, std::allocator<DB::ColumnWithTypeAndName>> const&, std::shared_ptr<DB::IDataType const> const&, unsigned long, bool) const @ 0x000000000c5ea872
[2026-04-15T11:36:00.332+0000] {subprocess.py:106} INFO -   7. DB::detail::FunctionConvert<DB::DataTypeUUID, DB::detail::NameToUUID, DB::detail::ToNumberMonotonicity<wide::integer<128ul, unsigned int>>>::executeImpl(std::vector<DB::ColumnWithTypeAndName, std::allocator<DB::ColumnWithTypeAndName>> const&, std::shared_ptr<DB::IDataType const> const&, unsigned long) const @ 0x000000000c5e92f5
[2026-04-15T11:36:00.333+0000] {subprocess.py:106} INFO -   8. DB::FunctionToExecutableFunctionAdaptor::executeImpl(std::vector<DB::ColumnWithTypeAndName, std::allocator<DB::ColumnWithTypeAndName>> const&, std::shared_ptr<DB::IDataType const> const&, unsigned long) const @ 0x00000000196da3fa
[2026-04-15T11:36:00.333+0000] {subprocess.py:106} INFO -   9. DB::IExecutableFunction::executeWithoutLowCardinalityColumns(std::vector<DB::ColumnWithTypeAndName, std::allocator<DB::ColumnWithTypeAndName>> const&, std::shared_ptr<DB::IDataType const> const&, unsigned long, bool) const @ 0x00000000196d1875
[2026-04-15T11:36:00.334+0000] {subprocess.py:106} INFO -   10. DB::IExecutableFunction::executeWithoutSparseColumns(std::vector<DB::ColumnWithTypeAndName, std::allocator<DB::ColumnWithTypeAndName>> const&, std::shared_ptr<DB::IDataType const> const&, unsigned long, bool) const @ 0x00000000196d2e09
[2026-04-15T11:36:00.334+0000] {subprocess.py:106} INFO -   11. DB::IExecutableFunction::executeWithoutReplicatedColumns(std::vector<DB::ColumnWithTypeAndName, std::allocator<DB::ColumnWithTypeAndName>> const&, std::shared_ptr<DB::IDataType const> const&, unsigned long, bool) const @ 0x00000000196d46c5
[2026-04-15T11:36:00.335+0000] {subprocess.py:106} INFO -   12. DB::IExecutableFunction::execute(std::vector<DB::ColumnWithTypeAndName, std::allocator<DB::ColumnWithTypeAndName>> const&, std::shared_ptr<DB::IDataType const> const&, unsigned long, bool) const @ 0x00000000196d3f5e
[2026-04-15T11:36:00.335+0000] {subprocess.py:106} INFO -   13. DB::IFunctionBase::execute(std::vector<DB::ColumnWithTypeAndName, std::allocator<DB::ColumnWithTypeAndName>> const&, std::shared_ptr<DB::IDataType const> const&, unsigned long, bool) const @ 0x00000000196d4c5b
[2026-04-15T11:36:00.336+0000] {subprocess.py:106} INFO -   14. COW<DB::IColumn>::immutable_ptr<DB::IColumn> std::__function::__policy_func<COW<DB::IColumn>::immutable_ptr<DB::IColumn> (std::vector<DB::ColumnWithTypeAndName, std::allocator<DB::ColumnWithTypeAndName>>&, std::shared_ptr<DB::IDataType const> const&, DB::ColumnNullable const*, unsigned long)>::__call_func[abi:fe210105]<DB::detail::FunctionCast::createFunctionAdaptor(std::shared_ptr<DB::IFunction>, std::shared_ptr<DB::IDataType const> const&)::'lambda'(std::vector<DB::ColumnWithTypeAndName, std::allocator<DB::ColumnWithTypeAndName>>&, std::shared_ptr<DB::IDataType const> const&, DB::ColumnNullable const*, unsigned long)>(std::__function::__policy_storage const*, std::vector<DB::ColumnWithTypeAndName, std::allocator<DB::ColumnWithTypeAndName>>&, std::shared_ptr<DB::IDataType const> const&, DB::ColumnNullable const*, unsigned long) @ 0x00000000197b7256
[2026-04-15T11:36:00.337+0000] {subprocess.py:106} INFO -   15. COW<DB::IColumn>::immutable_ptr<DB::IColumn> std::__function::__policy_func<COW<DB::IColumn>::immutable_ptr<DB::IColumn> (std::vector<DB::ColumnWithTypeAndName, std::allocator<DB::ColumnWithTypeAndName>>&, std::shared_ptr<DB::IDataType const> const&, DB::ColumnNullable const*, unsigned long)>::__call_func[abi:fe210105]<DB::detail::FunctionCast::prepareRemoveNullable(std::shared_ptr<DB::IDataType const> const&, std::shared_ptr<DB::IDataType const> const&, bool) const::$_1>(std::__function::__policy_storage const*, std::vector<DB::ColumnWithTypeAndName, std::allocator<DB::ColumnWithTypeAndName>>&, std::shared_ptr<DB::IDataType const> const&, DB::ColumnNullable const*, unsigned long) @ 0x00000000197cc5d4
[2026-04-15T11:36:00.337+0000] {subprocess.py:106} INFO -   16. DB::detail::ExecutableFunctionCast::executeImpl(std::vector<DB::ColumnWithTypeAndName, std::allocator<DB::ColumnWithTypeAndName>> const&, std::shared_ptr<DB::IDataType const> const&, unsigned long) const @ 0x00000000197b621f
[2026-04-15T11:36:00.338+0000] {subprocess.py:106} INFO -   17. DB::IExecutableFunction::executeWithoutLowCardinalityColumns(std::vector<DB::ColumnWithTypeAndName, std::allocator<DB::ColumnWithTypeAndName>> const&, std::shared_ptr<DB::IDataType const> const&, unsigned long, bool) const @ 0x00000000196d1875
[2026-04-15T11:36:00.339+0000] {subprocess.py:106} INFO -   18. DB::IExecutableFunction::executeWithoutSparseColumns(std::vector<DB::ColumnWithTypeAndName, std::allocator<DB::ColumnWithTypeAndName>> const&, std::shared_ptr<DB::IDataType const> const&, unsigned long, bool) const @ 0x00000000196d2d5b
[2026-04-15T11:36:00.339+0000] {subprocess.py:106} INFO -   19. DB::IExecutableFunction::executeWithoutReplicatedColumns(std::vector<DB::ColumnWithTypeAndName, std::allocator<DB::ColumnWithTypeAndName>> const&, std::shared_ptr<DB::IDataType const> const&, unsigned long, bool) const @ 0x00000000196d46c5
[2026-04-15T11:36:00.340+0000] {subprocess.py:106} INFO -   20. DB::IExecutableFunction::execute(std::vector<DB::ColumnWithTypeAndName, std::allocator<DB::ColumnWithTypeAndName>> const&, std::shared_ptr<DB::IDataType const> const&, unsigned long, bool) const @ 0x00000000196d3f5e
[2026-04-15T11:36:00.341+0000] {subprocess.py:106} INFO -   21. DB::IFunctionBase::execute(std::vector<DB::ColumnWithTypeAndName, std::allocator<DB::ColumnWithTypeAndName>> const&, std::shared_ptr<DB::IDataType const> const&, unsigned long, bool) const @ 0x00000000196d4c5b
[2026-04-15T11:36:00.341+0000] {subprocess.py:106} INFO -   22. DB::ColumnFunction::reduce() const @ 0x000000001bdf9756
[2026-04-15T11:36:00.342+0000] {subprocess.py:106} INFO -   23. DB::maskedExecute(DB::ColumnWithTypeAndName&, DB::PODArray<char8_t, 4096ul, Allocator<false, false>, 63ul, 64ul> const&, DB::MaskInfo const&) @ 0x000000001c1b85c9
[2026-04-15T11:36:00.342+0000] {subprocess.py:106} INFO -   24. DB::(anonymous namespace)::FunctionIf::executeImpl(std::vector<DB::ColumnWithTypeAndName, std::allocator<DB::ColumnWithTypeAndName>> const&, std::shared_ptr<DB::IDataType const> const&, unsigned long) const @ 0x000000001ab11d60
[2026-04-15T11:36:00.343+0000] {subprocess.py:106} INFO -   25. DB::FunctionToExecutableFunctionAdaptor::executeImpl(std::vector<DB::ColumnWithTypeAndName, std::allocator<DB::ColumnWithTypeAndName>> const&, std::shared_ptr<DB::IDataType const> const&, unsigned long) const @ 0x00000000196da3fa
[2026-04-15T11:36:00.343+0000] {subprocess.py:106} INFO -   26. DB::IExecutableFunction::executeWithoutLowCardinalityColumns(std::vector<DB::ColumnWithTypeAndName, std::allocator<DB::ColumnWithTypeAndName>> const&, std::shared_ptr<DB::IDataType const> const&, unsigned long, bool) const @ 0x00000000196d1875
[2026-04-15T11:36:00.350+0000] {subprocess.py:106} INFO -   27. DB::IExecutableFunction::executeWithoutSparseColumns(std::vector<DB::ColumnWithTypeAndName, std::allocator<DB::ColumnWithTypeAndName>> const&, std::shared_ptr<DB::IDataType const> const&, unsigned long, bool) const @ 0x00000000196d2e09
[2026-04-15T11:36:00.351+0000] {subprocess.py:106} INFO -   28. DB::IExecutableFunction::executeWithoutReplicatedColumns(std::vector<DB::ColumnWithTypeAndName, std::allocator<DB::ColumnWithTypeAndName>> const&, std::shared_ptr<DB::IDataType const> const&, unsigned long, bool) const @ 0x00000000196d46c5
[2026-04-15T11:36:00.352+0000] {subprocess.py:106} INFO -   29. DB::IExecutableFunction::execute(std::vector<DB::ColumnWithTypeAndName, std::allocator<DB::ColumnWithTypeAndName>> const&, std::shared_ptr<DB::IDataType const> const&, unsigned long, bool) const @ 0x00000000196d3f5e
[2026-04-15T11:36:00.353+0000] {subprocess.py:106} INFO -   30. DB::ExpressionActions::execute(DB::Block&, unsigned long&, bool, bool) const @ 0x000000001b4b79c3
[2026-04-15T11:36:00.353+0000] {subprocess.py:106} INFO -   31. DB::ExpressionActions::execute(DB::Block&, bool, bool) const @ 0x000000001b4b8d3a
[2026-04-15T11:36:00.354+0000] {subprocess.py:106} INFO - [0m11:36:00
[2026-04-15T11:36:00.354+0000] {subprocess.py:106} INFO - [0m11:36:00    Database Error in model ods_device (models/ods/ods_device.sql)
[2026-04-15T11:36:00.355+0000] {subprocess.py:106} INFO -   Code: 376.
[2026-04-15T11:36:00.355+0000] {subprocess.py:106} INFO -   DB::Exception: Cannot parse uuid : Cannot parse UUID from String: while executing 'FUNCTION if(isNull(-dummy-0) : 3, defaultValueOfTypeName('UUID') :: 2, _CAST(-dummy-0, 'UUID') :: 4) -> if(isNull(-dummy-0), defaultValueOfTypeName('UUID'), _CAST(-dummy-0, 'UUID')) UUID : 1': While executing WaitForAsyncInsert. Stack trace:
[2026-04-15T11:36:00.356+0000] {subprocess.py:106} INFO - 
[2026-04-15T11:36:00.357+0000] {subprocess.py:106} INFO -   0. DB::Exception::Exception(DB::Exception::MessageMasked&&, int, bool) @ 0x00000000166dc66a
[2026-04-15T11:36:00.357+0000] {subprocess.py:106} INFO -   1. DB::Exception::Exception(String&&, int, String, bool) @ 0x000000000e55bf0e
[2026-04-15T11:36:00.358+0000] {subprocess.py:106} INFO -   2. DB::Exception::Exception(PreformattedMessage&&, int) @ 0x000000000e55b849
[2026-04-15T11:36:00.358+0000] {subprocess.py:106} INFO -   3. DB::Exception::Exception<char (&) [36]>(int, FormatStringHelperImpl<std::type_identity<char (&) [36]>::type>, char (&) [36]) @ 0x0000000016871876
[2026-04-15T11:36:00.359+0000] {subprocess.py:106} INFO -   4. void DB::readUUIDTextImpl<void>(StrongTypedef<wide::integer<128ul, unsigned int>, DB::UUIDTag>&, DB::ReadBuffer&) @ 0x0000000016871799
[2026-04-15T11:36:00.359+0000] {subprocess.py:106} INFO -   5. bool DB::callOnIndexAndDataType<DB::DataTypeUUID, DB::detail::FunctionConvert<DB::DataTypeUUID, DB::detail::NameToUUID, DB::detail::ToNumberMonotonicity<wide::integer<128ul, unsigned int>>>::executeInternal(std::vector<DB::ColumnWithTypeAndName, std::allocator<DB::ColumnWithTypeAndName>> const&, std::shared_ptr<DB::IDataType const> const&, unsigned long, bool) const::'lambda'(auto const&, DB::detail::BehaviourOnErrorFromString)&, DB::detail::BehaviourOnErrorFromString>(DB::TypeIndex, DB::detail::FunctionConvert<DB::DataTypeUUID, DB::detail::NameToUUID, DB::detail::ToNumberMonotonicity<wide::integer<128ul, unsigned int>>>::executeInternal(std::vector<DB::ColumnWithTypeAndName, std::allocator<DB::ColumnWithTypeAndName>> const&, std::shared_ptr<DB::IDataType const> const&, unsigned long, bool) const::'lambda'(auto const&, DB::detail::BehaviourOnErrorFromString)&, DB::detail::BehaviourOnErrorFromString&&) @ 0x000000000c5eba95
[2026-04-15T11:36:00.360+0000] {subprocess.py:106} INFO -   6. DB::detail::FunctionConvert<DB::DataTypeUUID, DB::detail::NameToUUID, DB::detail::ToNumberMonotonicity<wide::integer<128ul, unsigned int>>>::executeInternal(std::vector<DB::ColumnWithTypeAndName, std::allocator<DB::ColumnWithTypeAndName>> const&, std::shared_ptr<DB::IDataType const> const&, unsigned long, bool) const @ 0x000000000c5ea872
[2026-04-15T11:36:00.360+0000] {subprocess.py:106} INFO -   7. DB::detail::FunctionConvert<DB::DataTypeUUID, DB::detail::NameToUUID, DB::detail::ToNumberMonotonicity<wide::integer<128ul, unsigned int>>>::executeImpl(std::vector<DB::ColumnWithTypeAndName, std::allocator<DB::ColumnWithTypeAndName>> const&, std::shared_ptr<DB::IDataType const> const&, unsigned long) const @ 0x000000000c5e92f5
[2026-04-15T11:36:00.363+0000] {subprocess.py:106} INFO -   8. DB::FunctionToExecutableFunctionAdaptor::executeImpl(std::vector<DB::ColumnWithTypeAndName, std::allocator<DB::ColumnWithTypeAndName>> const&, std::shared_ptr<DB::IDataType const> const&, unsigned long) const @ 0x00000000196da3fa
[2026-04-15T11:36:00.364+0000] {subprocess.py:106} INFO -   9. DB::IExecutableFunction::executeWithoutLowCardinalityColumns(std::vector<DB::ColumnWithTypeAndName, std::allocator<DB::ColumnWithTypeAndName>> const&, std::shared_ptr<DB::IDataType const> const&, unsigned long, bool) const @ 0x00000000196d1875
[2026-04-15T11:36:00.364+0000] {subprocess.py:106} INFO -   10. DB::IExecutableFunction::executeWithoutSparseColumns(std::vector<DB::ColumnWithTypeAndName, std::allocator<DB::ColumnWithTypeAndName>> const&, std::shared_ptr<DB::IDataType const> const&, unsigned long, bool) const @ 0x00000000196d2e09
[2026-04-15T11:36:00.365+0000] {subprocess.py:106} INFO -   11. DB::IExecutableFunction::executeWithoutReplicatedColumns(std::vector<DB::ColumnWithTypeAndName, std::allocator<DB::ColumnWithTypeAndName>> const&, std::shared_ptr<DB::IDataType const> const&, unsigned long, bool) const @ 0x00000000196d46c5
[2026-04-15T11:36:00.365+0000] {subprocess.py:106} INFO -   12. DB::IExecutableFunction::execute(std::vector<DB::ColumnWithTypeAndName, std::allocator<DB::ColumnWithTypeAndName>> const&, std::shared_ptr<DB::IDataType const> const&, unsigned long, bool) const @ 0x00000000196d3f5e
[2026-04-15T11:36:00.366+0000] {subprocess.py:106} INFO -   13. DB::IFunctionBase::execute(std::vector<DB::ColumnWithTypeAndName, std::allocator<DB::ColumnWithTypeAndName>> const&, std::shared_ptr<DB::IDataType const> const&, unsigned long, bool) const @ 0x00000000196d4c5b
[2026-04-15T11:36:00.366+0000] {subprocess.py:106} INFO -   14. COW<DB::IColumn>::immutable_ptr<DB::IColumn> std::__function::__policy_func<COW<DB::IColumn>::immutable_ptr<DB::IColumn> (std::vector<DB::ColumnWithTypeAndName, std::allocator<DB::ColumnWithTypeAndName>>&, std::shared_ptr<DB::IDataType const> const&, DB::ColumnNullable const*, unsigned long)>::__call_func[abi:fe210105]<DB::detail::FunctionCast::createFunctionAdaptor(std::shared_ptr<DB::IFunction>, std::shared_ptr<DB::IDataType const> const&)::'lambda'(std::vector<DB::ColumnWithTypeAndName, std::allocator<DB::ColumnWithTypeAndName>>&, std::shared_ptr<DB::IDataType const> const&, DB::ColumnNullable const*, unsigned long)>(std::__function::__policy_storage const*, std::vector<DB::ColumnWithTypeAndName, std::allocator<DB::ColumnWithTypeAndName>>&, std::shared_ptr<DB::IDataType const> const&, DB::ColumnNullable const*, unsigned long) @ 0x00000000197b7256
[2026-04-15T11:36:00.367+0000] {subprocess.py:106} INFO -   15. COW<DB::IColumn>::immutable_ptr<DB::IColumn> std::__function::__policy_func<COW<DB::IColumn>::immutable_ptr<DB::IColumn> (std::vector<DB::ColumnWithTypeAndName, std::allocator<DB::ColumnWithTypeAndName>>&, std::shared_ptr<DB::IDataType const> const&, DB::ColumnNullable const*, unsigned long)>::__call_func[abi:fe210105]<DB::detail::FunctionCast::prepareRemoveNullable(std::shared_ptr<DB::IDataType const> const&, std::shared_ptr<DB::IDataType const> const&, bool) const::$_1>(std::__function::__policy_storage const*, std::vector<DB::ColumnWithTypeAndName, std::allocator<DB::ColumnWithTypeAndName>>&, std::shared_ptr<DB::IDataType const> const&, DB::ColumnNullable const*, unsigned long) @ 0x00000000197cc5d4
[2026-04-15T11:36:00.367+0000] {subprocess.py:106} INFO -   16. DB::detail::ExecutableFunctionCast::executeImpl(std::vector<DB::ColumnWithTypeAndName, std::allocator<DB::ColumnWithTypeAndName>> const&, std::shared_ptr<DB::IDataType const> const&, unsigned long) const @ 0x00000000197b621f
[2026-04-15T11:36:00.367+0000] {subprocess.py:106} INFO -   17. DB::IExecutableFunction::executeWithoutLowCardinalityColumns(std::vector<DB::ColumnWithTypeAndName, std::allocator<DB::ColumnWithTypeAndName>> const&, std::shared_ptr<DB::IDataType const> const&, unsigned long, bool) const @ 0x00000000196d1875
[2026-04-15T11:36:00.368+0000] {subprocess.py:106} INFO -   18. DB::IExecutableFunction::executeWithoutSparseColumns(std::vector<DB::ColumnWithTypeAndName, std::allocator<DB::ColumnWithTypeAndName>> const&, std::shared_ptr<DB::IDataType const> const&, unsigned long, bool) const @ 0x00000000196d2d5b
[2026-04-15T11:36:00.368+0000] {subprocess.py:106} INFO -   19. DB::IExecutableFunction::executeWithoutReplicatedColumns(std::vector<DB::ColumnWithTypeAndName, std::allocator<DB::ColumnWithTypeAndName>> const&, std::shared_ptr<DB::IDataType const> const&, unsigned long, bool) const @ 0x00000000196d46c5
[2026-04-15T11:36:00.369+0000] {subprocess.py:106} INFO -   20. DB::IExecutableFunction::execute(std::vector<DB::ColumnWithTypeAndName, std::allocator<DB::ColumnWithTypeAndName>> const&, std::shared_ptr<DB::IDataType const> const&, unsigned long, bool) const @ 0x00000000196d3f5e
[2026-04-15T11:36:00.369+0000] {subprocess.py:106} INFO -   21. DB::IFunctionBase::execute(std::vector<DB::ColumnWithTypeAndName, std::allocator<DB::ColumnWithTypeAndName>> const&, std::shared_ptr<DB::IDataType const> const&, unsigned long, bool) const @ 0x00000000196d4c5b
[2026-04-15T11:36:00.370+0000] {subprocess.py:106} INFO -   22. DB::ColumnFunction::reduce() const @ 0x000000001bdf9756
[2026-04-15T11:36:00.370+0000] {subprocess.py:106} INFO -   23. DB::maskedExecute(DB::ColumnWithTypeAndName&, DB::PODArray<char8_t, 4096ul, Allocator<false, false>, 63ul, 64ul> const&, DB::MaskInfo const&) @ 0x000000001c1b85c9
[2026-04-15T11:36:00.371+0000] {subprocess.py:106} INFO -   24. DB::(anonymous namespace)::FunctionIf::executeImpl(std::vector<DB::ColumnWithTypeAndName, std::allocator<DB::ColumnWithTypeAndName>> const&, std::shared_ptr<DB::IDataType const> const&, unsigned long) const @ 0x000000001ab11d60
[2026-04-15T11:36:00.371+0000] {subprocess.py:106} INFO -   25. DB::FunctionToExecutableFunctionAdaptor::executeImpl(std::vector<DB::ColumnWithTypeAndName, std::allocator<DB::ColumnWithTypeAndName>> const&, std::shared_ptr<DB::IDataType const> const&, unsigned long) const @ 0x00000000196da3fa
[2026-04-15T11:36:00.372+0000] {subprocess.py:106} INFO -   26. DB::IExecutableFunction::executeWithoutLowCardinalityColumns(std::vector<DB::ColumnWithTypeAndName, std::allocator<DB::ColumnWithTypeAndName>> const&, std::shared_ptr<DB::IDataType const> const&, unsigned long, bool) const @ 0x00000000196d1875
[2026-04-15T11:36:00.372+0000] {subprocess.py:106} INFO -   27. DB::IExecutableFunction::executeWithoutSparseColumns(std::vector<DB::ColumnWithTypeAndName, std::allocator<DB::ColumnWithTypeAndName>> const&, std::shared_ptr<DB::IDataType const> const&, unsigned long, bool) const @ 0x00000000196d2e09
[2026-04-15T11:36:00.373+0000] {subprocess.py:106} INFO -   28. DB::IExecutableFunction::executeWithoutReplicatedColumns(std::vector<DB::ColumnWithTypeAndName, std::allocator<DB::ColumnWithTypeAndName>> const&, std::shared_ptr<DB::IDataType const> const&, unsigned long, bool) const @ 0x00000000196d46c5
[2026-04-15T11:36:00.373+0000] {subprocess.py:106} INFO -   29. DB::IExecutableFunction::execute(std::vector<DB::ColumnWithTypeAndName, std::allocator<DB::ColumnWithTypeAndName>> const&, std::shared_ptr<DB::IDataType const> const&, unsigned long, bool) const @ 0x00000000196d3f5e
[2026-04-15T11:36:00.374+0000] {subprocess.py:106} INFO -   30. DB::ExpressionActions::execute(DB::Block&, unsigned long&, bool, bool) const @ 0x000000001b4b79c3
[2026-04-15T11:36:00.374+0000] {subprocess.py:106} INFO -   31. DB::ExpressionActions::execute(DB::Block&, bool, bool) const @ 0x000000001b4b8d3a
[2026-04-15T11:36:00.375+0000] {subprocess.py:106} INFO - [0m11:36:00
[2026-04-15T11:36:00.375+0000] {subprocess.py:106} INFO - [0m11:36:00    Database Error in model ods_geo (models/ods/ods_geo.sql)
[2026-04-15T11:36:00.375+0000] {subprocess.py:106} INFO -   Code: 376.
[2026-04-15T11:36:00.376+0000] {subprocess.py:106} INFO -   DB::Exception: Cannot parse uuid : Cannot parse UUID from String: while executing 'FUNCTION if(isNull(-dummy-0) : 3, defaultValueOfTypeName('UUID') :: 2, _CAST(-dummy-0, 'UUID') :: 4) -> if(isNull(-dummy-0), defaultValueOfTypeName('UUID'), _CAST(-dummy-0, 'UUID')) UUID : 1': While executing WaitForAsyncInsert. Stack trace:
[2026-04-15T11:36:00.376+0000] {subprocess.py:106} INFO - 
[2026-04-15T11:36:00.377+0000] {subprocess.py:106} INFO -   0. DB::Exception::Exception(DB::Exception::MessageMasked&&, int, bool) @ 0x00000000166dc66a
[2026-04-15T11:36:00.379+0000] {subprocess.py:106} INFO -   1. DB::Exception::Exception(String&&, int, String, bool) @ 0x000000000e55bf0e
[2026-04-15T11:36:00.380+0000] {subprocess.py:106} INFO -   2. DB::Exception::Exception(PreformattedMessage&&, int) @ 0x000000000e55b849
[2026-04-15T11:36:00.381+0000] {subprocess.py:106} INFO -   3. DB::Exception::Exception<char (&) [36]>(int, FormatStringHelperImpl<std::type_identity<char (&) [36]>::type>, char (&) [36]) @ 0x0000000016871876
[2026-04-15T11:36:00.381+0000] {subprocess.py:106} INFO -   4. void DB::readUUIDTextImpl<void>(StrongTypedef<wide::integer<128ul, unsigned int>, DB::UUIDTag>&, DB::ReadBuffer&) @ 0x0000000016871799
[2026-04-15T11:36:00.381+0000] {subprocess.py:106} INFO -   5. bool DB::callOnIndexAndDataType<DB::DataTypeUUID, DB::detail::FunctionConvert<DB::DataTypeUUID, DB::detail::NameToUUID, DB::detail::ToNumberMonotonicity<wide::integer<128ul, unsigned int>>>::executeInternal(std::vector<DB::ColumnWithTypeAndName, std::allocator<DB::ColumnWithTypeAndName>> const&, std::shared_ptr<DB::IDataType const> const&, unsigned long, bool) const::'lambda'(auto const&, DB::detail::BehaviourOnErrorFromString)&, DB::detail::BehaviourOnErrorFromString>(DB::TypeIndex, DB::detail::FunctionConvert<DB::DataTypeUUID, DB::detail::NameToUUID, DB::detail::ToNumberMonotonicity<wide::integer<128ul, unsigned int>>>::executeInternal(std::vector<DB::ColumnWithTypeAndName, std::allocator<DB::ColumnWithTypeAndName>> const&, std::shared_ptr<DB::IDataType const> const&, unsigned long, bool) const::'lambda'(auto const&, DB::detail::BehaviourOnErrorFromString)&, DB::detail::BehaviourOnErrorFromString&&) @ 0x000000000c5eba95
[2026-04-15T11:36:00.382+0000] {subprocess.py:106} INFO -   6. DB::detail::FunctionConvert<DB::DataTypeUUID, DB::detail::NameToUUID, DB::detail::ToNumberMonotonicity<wide::integer<128ul, unsigned int>>>::executeInternal(std::vector<DB::ColumnWithTypeAndName, std::allocator<DB::ColumnWithTypeAndName>> const&, std::shared_ptr<DB::IDataType const> const&, unsigned long, bool) const @ 0x000000000c5ea872
[2026-04-15T11:36:00.382+0000] {subprocess.py:106} INFO -   7. DB::detail::FunctionConvert<DB::DataTypeUUID, DB::detail::NameToUUID, DB::detail::ToNumberMonotonicity<wide::integer<128ul, unsigned int>>>::executeImpl(std::vector<DB::ColumnWithTypeAndName, std::allocator<DB::ColumnWithTypeAndName>> const&, std::shared_ptr<DB::IDataType const> const&, unsigned long) const @ 0x000000000c5e92f5
[2026-04-15T11:36:00.383+0000] {subprocess.py:106} INFO -   8. DB::FunctionToExecutableFunctionAdaptor::executeImpl(std::vector<DB::ColumnWithTypeAndName, std::allocator<DB::ColumnWithTypeAndName>> const&, std::shared_ptr<DB::IDataType const> const&, unsigned long) const @ 0x00000000196da3fa
[2026-04-15T11:36:00.383+0000] {subprocess.py:106} INFO -   9. DB::IExecutableFunction::executeWithoutLowCardinalityColumns(std::vector<DB::ColumnWithTypeAndName, std::allocator<DB::ColumnWithTypeAndName>> const&, std::shared_ptr<DB::IDataType const> const&, unsigned long, bool) const @ 0x00000000196d1875
[2026-04-15T11:36:00.384+0000] {subprocess.py:106} INFO -   10. DB::IExecutableFunction::executeWithoutSparseColumns(std::vector<DB::ColumnWithTypeAndName, std::allocator<DB::ColumnWithTypeAndName>> const&, std::shared_ptr<DB::IDataType const> const&, unsigned long, bool) const @ 0x00000000196d2e09
[2026-04-15T11:36:00.385+0000] {subprocess.py:106} INFO -   11. DB::IExecutableFunction::executeWithoutReplicatedColumns(std::vector<DB::ColumnWithTypeAndName, std::allocator<DB::ColumnWithTypeAndName>> const&, std::shared_ptr<DB::IDataType const> const&, unsigned long, bool) const @ 0x00000000196d46c5
[2026-04-15T11:36:00.385+0000] {subprocess.py:106} INFO -   12. DB::IExecutableFunction::execute(std::vector<DB::ColumnWithTypeAndName, std::allocator<DB::ColumnWithTypeAndName>> const&, std::shared_ptr<DB::IDataType const> const&, unsigned long, bool) const @ 0x00000000196d3f5e
[2026-04-15T11:36:00.385+0000] {subprocess.py:106} INFO -   13. DB::IFunctionBase::execute(std::vector<DB::ColumnWithTypeAndName, std::allocator<DB::ColumnWithTypeAndName>> const&, std::shared_ptr<DB::IDataType const> const&, unsigned long, bool) const @ 0x00000000196d4c5b
[2026-04-15T11:36:00.386+0000] {subprocess.py:106} INFO -   14. COW<DB::IColumn>::immutable_ptr<DB::IColumn> std::__function::__policy_func<COW<DB::IColumn>::immutable_ptr<DB::IColumn> (std::vector<DB::ColumnWithTypeAndName, std::allocator<DB::ColumnWithTypeAndName>>&, std::shared_ptr<DB::IDataType const> const&, DB::ColumnNullable const*, unsigned long)>::__call_func[abi:fe210105]<DB::detail::FunctionCast::createFunctionAdaptor(std::shared_ptr<DB::IFunction>, std::shared_ptr<DB::IDataType const> const&)::'lambda'(std::vector<DB::ColumnWithTypeAndName, std::allocator<DB::ColumnWithTypeAndName>>&, std::shared_ptr<DB::IDataType const> const&, DB::ColumnNullable const*, unsigned long)>(std::__function::__policy_storage const*, std::vector<DB::ColumnWithTypeAndName, std::allocator<DB::ColumnWithTypeAndName>>&, std::shared_ptr<DB::IDataType const> const&, DB::ColumnNullable const*, unsigned long) @ 0x00000000197b7256
[2026-04-15T11:36:00.386+0000] {subprocess.py:106} INFO -   15. COW<DB::IColumn>::immutable_ptr<DB::IColumn> std::__function::__policy_func<COW<DB::IColumn>::immutable_ptr<DB::IColumn> (std::vector<DB::ColumnWithTypeAndName, std::allocator<DB::ColumnWithTypeAndName>>&, std::shared_ptr<DB::IDataType const> const&, DB::ColumnNullable const*, unsigned long)>::__call_func[abi:fe210105]<DB::detail::FunctionCast::prepareRemoveNullable(std::shared_ptr<DB::IDataType const> const&, std::shared_ptr<DB::IDataType const> const&, bool) const::$_1>(std::__function::__policy_storage const*, std::vector<DB::ColumnWithTypeAndName, std::allocator<DB::ColumnWithTypeAndName>>&, std::shared_ptr<DB::IDataType const> const&, DB::ColumnNullable const*, unsigned long) @ 0x00000000197cc5d4
[2026-04-15T11:36:00.387+0000] {subprocess.py:106} INFO -   16. DB::detail::ExecutableFunctionCast::executeImpl(std::vector<DB::ColumnWithTypeAndName, std::allocator<DB::ColumnWithTypeAndName>> const&, std::shared_ptr<DB::IDataType const> const&, unsigned long) const @ 0x00000000197b621f
[2026-04-15T11:36:00.387+0000] {subprocess.py:106} INFO -   17. DB::IExecutableFunction::executeWithoutLowCardinalityColumns(std::vector<DB::ColumnWithTypeAndName, std::allocator<DB::ColumnWithTypeAndName>> const&, std::shared_ptr<DB::IDataType const> const&, unsigned long, bool) const @ 0x00000000196d1875
[2026-04-15T11:36:00.388+0000] {subprocess.py:106} INFO -   18. DB::IExecutableFunction::executeWithoutSparseColumns(std::vector<DB::ColumnWithTypeAndName, std::allocator<DB::ColumnWithTypeAndName>> const&, std::shared_ptr<DB::IDataType const> const&, unsigned long, bool) const @ 0x00000000196d2d5b
[2026-04-15T11:36:00.388+0000] {subprocess.py:106} INFO -   19. DB::IExecutableFunction::executeWithoutReplicatedColumns(std::vector<DB::ColumnWithTypeAndName, std::allocator<DB::ColumnWithTypeAndName>> const&, std::shared_ptr<DB::IDataType const> const&, unsigned long, bool) const @ 0x00000000196d46c5
[2026-04-15T11:36:00.389+0000] {subprocess.py:106} INFO -   20. DB::IExecutableFunction::execute(std::vector<DB::ColumnWithTypeAndName, std::allocator<DB::ColumnWithTypeAndName>> const&, std::shared_ptr<DB::IDataType const> const&, unsigned long, bool) const @ 0x00000000196d3f5e
[2026-04-15T11:36:00.389+0000] {subprocess.py:106} INFO -   21. DB::IFunctionBase::execute(std::vector<DB::ColumnWithTypeAndName, std::allocator<DB::ColumnWithTypeAndName>> const&, std::shared_ptr<DB::IDataType const> const&, unsigned long, bool) const @ 0x00000000196d4c5b
[2026-04-15T11:36:00.389+0000] {subprocess.py:106} INFO -   22. DB::ColumnFunction::reduce() const @ 0x000000001bdf9756
[2026-04-15T11:36:00.390+0000] {subprocess.py:106} INFO -   23. DB::maskedExecute(DB::ColumnWithTypeAndName&, DB::PODArray<char8_t, 4096ul, Allocator<false, false>, 63ul, 64ul> const&, DB::MaskInfo const&) @ 0x000000001c1b85c9
[2026-04-15T11:36:00.391+0000] {subprocess.py:106} INFO -   24. DB::(anonymous namespace)::FunctionIf::executeImpl(std::vector<DB::ColumnWithTypeAndName, std::allocator<DB::ColumnWithTypeAndName>> const&, std::shared_ptr<DB::IDataType const> const&, unsigned long) const @ 0x000000001ab11d60
[2026-04-15T11:36:00.391+0000] {subprocess.py:106} INFO -   25. DB::FunctionToExecutableFunctionAdaptor::executeImpl(std::vector<DB::ColumnWithTypeAndName, std::allocator<DB::ColumnWithTypeAndName>> const&, std::shared_ptr<DB::IDataType const> const&, unsigned long) const @ 0x00000000196da3fa
[2026-04-15T11:36:00.391+0000] {subprocess.py:106} INFO -   26. DB::IExecutableFunction::executeWithoutLowCardinalityColumns(std::vector<DB::ColumnWithTypeAndName, std::allocator<DB::ColumnWithTypeAndName>> const&, std::shared_ptr<DB::IDataType const> const&, unsigned long, bool) const @ 0x00000000196d1875
[2026-04-15T11:36:00.392+0000] {subprocess.py:106} INFO -   27. DB::IExecutableFunction::executeWithoutSparseColumns(std::vector<DB::ColumnWithTypeAndName, std::allocator<DB::ColumnWithTypeAndName>> const&, std::shared_ptr<DB::IDataType const> const&, unsigned long, bool) const @ 0x00000000196d2e09
[2026-04-15T11:36:00.392+0000] {subprocess.py:106} INFO -   28. DB::IExecutableFunction::executeWithoutReplicatedColumns(std::vector<DB::ColumnWithTypeAndName, std::allocator<DB::ColumnWithTypeAndName>> const&, std::shared_ptr<DB::IDataType const> const&, unsigned long, bool) const @ 0x00000000196d46c5
[2026-04-15T11:36:00.393+0000] {subprocess.py:106} INFO -   29. DB::IExecutableFunction::execute(std::vector<DB::ColumnWithTypeAndName, std::allocator<DB::ColumnWithTypeAndName>> const&, std::shared_ptr<DB::IDataType const> const&, unsigned long, bool) const @ 0x00000000196d3f5e
[2026-04-15T11:36:00.394+0000] {subprocess.py:106} INFO -   30. DB::ExpressionActions::execute(DB::Block&, unsigned long&, bool, bool) const @ 0x000000001b4b79c3
[2026-04-15T11:36:00.396+0000] {subprocess.py:106} INFO -   31. DB::ExpressionActions::execute(DB::Block&, bool, bool) const @ 0x000000001b4b8d3a
[2026-04-15T11:36:00.397+0000] {subprocess.py:106} INFO - [0m11:36:00
[2026-04-15T11:36:00.398+0000] {subprocess.py:106} INFO - [0m11:36:00    Database Error in model ods_location (models/ods/ods_location.sql)
[2026-04-15T11:36:00.398+0000] {subprocess.py:106} INFO -   Code: 376.
[2026-04-15T11:36:00.399+0000] {subprocess.py:106} INFO -   DB::Exception: Cannot parse uuid : Cannot parse UUID from String: while executing 'FUNCTION if(isNull(-dummy-0) : 3, defaultValueOfTypeName('UUID') :: 2, _CAST(-dummy-0, 'UUID') :: 4) -> if(isNull(-dummy-0), defaultValueOfTypeName('UUID'), _CAST(-dummy-0, 'UUID')) UUID : 1': While executing WaitForAsyncInsert. Stack trace:
[2026-04-15T11:36:00.399+0000] {subprocess.py:106} INFO - 
[2026-04-15T11:36:00.400+0000] {subprocess.py:106} INFO -   0. DB::Exception::Exception(DB::Exception::MessageMasked&&, int, bool) @ 0x00000000166dc66a
[2026-04-15T11:36:00.401+0000] {subprocess.py:106} INFO -   1. DB::Exception::Exception(String&&, int, String, bool) @ 0x000000000e55bf0e
[2026-04-15T11:36:00.401+0000] {subprocess.py:106} INFO -   2. DB::Exception::Exception(PreformattedMessage&&, int) @ 0x000000000e55b849
[2026-04-15T11:36:00.402+0000] {subprocess.py:106} INFO -   3. DB::Exception::Exception<char (&) [36]>(int, FormatStringHelperImpl<std::type_identity<char (&) [36]>::type>, char (&) [36]) @ 0x0000000016871876
[2026-04-15T11:36:00.402+0000] {subprocess.py:106} INFO -   4. void DB::readUUIDTextImpl<void>(StrongTypedef<wide::integer<128ul, unsigned int>, DB::UUIDTag>&, DB::ReadBuffer&) @ 0x0000000016871799
[2026-04-15T11:36:00.404+0000] {subprocess.py:106} INFO -   5. bool DB::callOnIndexAndDataType<DB::DataTypeUUID, DB::detail::FunctionConvert<DB::DataTypeUUID, DB::detail::NameToUUID, DB::detail::ToNumberMonotonicity<wide::integer<128ul, unsigned int>>>::executeInternal(std::vector<DB::ColumnWithTypeAndName, std::allocator<DB::ColumnWithTypeAndName>> const&, std::shared_ptr<DB::IDataType const> const&, unsigned long, bool) const::'lambda'(auto const&, DB::detail::BehaviourOnErrorFromString)&, DB::detail::BehaviourOnErrorFromString>(DB::TypeIndex, DB::detail::FunctionConvert<DB::DataTypeUUID, DB::detail::NameToUUID, DB::detail::ToNumberMonotonicity<wide::integer<128ul, unsigned int>>>::executeInternal(std::vector<DB::ColumnWithTypeAndName, std::allocator<DB::ColumnWithTypeAndName>> const&, std::shared_ptr<DB::IDataType const> const&, unsigned long, bool) const::'lambda'(auto const&, DB::detail::BehaviourOnErrorFromString)&, DB::detail::BehaviourOnErrorFromString&&) @ 0x000000000c5eba95
[2026-04-15T11:36:00.405+0000] {subprocess.py:106} INFO -   6. DB::detail::FunctionConvert<DB::DataTypeUUID, DB::detail::NameToUUID, DB::detail::ToNumberMonotonicity<wide::integer<128ul, unsigned int>>>::executeInternal(std::vector<DB::ColumnWithTypeAndName, std::allocator<DB::ColumnWithTypeAndName>> const&, std::shared_ptr<DB::IDataType const> const&, unsigned long, bool) const @ 0x000000000c5ea872
[2026-04-15T11:36:00.405+0000] {subprocess.py:106} INFO -   7. DB::detail::FunctionConvert<DB::DataTypeUUID, DB::detail::NameToUUID, DB::detail::ToNumberMonotonicity<wide::integer<128ul, unsigned int>>>::executeImpl(std::vector<DB::ColumnWithTypeAndName, std::allocator<DB::ColumnWithTypeAndName>> const&, std::shared_ptr<DB::IDataType const> const&, unsigned long) const @ 0x000000000c5e92f5
[2026-04-15T11:36:00.406+0000] {subprocess.py:106} INFO -   8. DB::FunctionToExecutableFunctionAdaptor::executeImpl(std::vector<DB::ColumnWithTypeAndName, std::allocator<DB::ColumnWithTypeAndName>> const&, std::shared_ptr<DB::IDataType const> const&, unsigned long) const @ 0x00000000196da3fa
[2026-04-15T11:36:00.406+0000] {subprocess.py:106} INFO -   9. DB::IExecutableFunction::executeWithoutLowCardinalityColumns(std::vector<DB::ColumnWithTypeAndName, std::allocator<DB::ColumnWithTypeAndName>> const&, std::shared_ptr<DB::IDataType const> const&, unsigned long, bool) const @ 0x00000000196d1875
[2026-04-15T11:36:00.406+0000] {subprocess.py:106} INFO -   10. DB::IExecutableFunction::executeWithoutSparseColumns(std::vector<DB::ColumnWithTypeAndName, std::allocator<DB::ColumnWithTypeAndName>> const&, std::shared_ptr<DB::IDataType const> const&, unsigned long, bool) const @ 0x00000000196d2e09
[2026-04-15T11:36:00.407+0000] {subprocess.py:106} INFO -   11. DB::IExecutableFunction::executeWithoutReplicatedColumns(std::vector<DB::ColumnWithTypeAndName, std::allocator<DB::ColumnWithTypeAndName>> const&, std::shared_ptr<DB::IDataType const> const&, unsigned long, bool) const @ 0x00000000196d46c5
[2026-04-15T11:36:00.407+0000] {subprocess.py:106} INFO -   12. DB::IExecutableFunction::execute(std::vector<DB::ColumnWithTypeAndName, std::allocator<DB::ColumnWithTypeAndName>> const&, std::shared_ptr<DB::IDataType const> const&, unsigned long, bool) const @ 0x00000000196d3f5e
[2026-04-15T11:36:00.408+0000] {subprocess.py:106} INFO -   13. DB::IFunctionBase::execute(std::vector<DB::ColumnWithTypeAndName, std::allocator<DB::ColumnWithTypeAndName>> const&, std::shared_ptr<DB::IDataType const> const&, unsigned long, bool) const @ 0x00000000196d4c5b
[2026-04-15T11:36:00.408+0000] {subprocess.py:106} INFO -   14. COW<DB::IColumn>::immutable_ptr<DB::IColumn> std::__function::__policy_func<COW<DB::IColumn>::immutable_ptr<DB::IColumn> (std::vector<DB::ColumnWithTypeAndName, std::allocator<DB::ColumnWithTypeAndName>>&, std::shared_ptr<DB::IDataType const> const&, DB::ColumnNullable const*, unsigned long)>::__call_func[abi:fe210105]<DB::detail::FunctionCast::createFunctionAdaptor(std::shared_ptr<DB::IFunction>, std::shared_ptr<DB::IDataType const> const&)::'lambda'(std::vector<DB::ColumnWithTypeAndName, std::allocator<DB::ColumnWithTypeAndName>>&, std::shared_ptr<DB::IDataType const> const&, DB::ColumnNullable const*, unsigned long)>(std::__function::__policy_storage const*, std::vector<DB::ColumnWithTypeAndName, std::allocator<DB::ColumnWithTypeAndName>>&, std::shared_ptr<DB::IDataType const> const&, DB::ColumnNullable const*, unsigned long) @ 0x00000000197b7256
[2026-04-15T11:36:00.409+0000] {subprocess.py:106} INFO -   15. COW<DB::IColumn>::immutable_ptr<DB::IColumn> std::__function::__policy_func<COW<DB::IColumn>::immutable_ptr<DB::IColumn> (std::vector<DB::ColumnWithTypeAndName, std::allocator<DB::ColumnWithTypeAndName>>&, std::shared_ptr<DB::IDataType const> const&, DB::ColumnNullable const*, unsigned long)>::__call_func[abi:fe210105]<DB::detail::FunctionCast::prepareRemoveNullable(std::shared_ptr<DB::IDataType const> const&, std::shared_ptr<DB::IDataType const> const&, bool) const::$_1>(std::__function::__policy_storage const*, std::vector<DB::ColumnWithTypeAndName, std::allocator<DB::ColumnWithTypeAndName>>&, std::shared_ptr<DB::IDataType const> const&, DB::ColumnNullable const*, unsigned long) @ 0x00000000197cc5d4
[2026-04-15T11:36:00.409+0000] {subprocess.py:106} INFO -   16. DB::detail::ExecutableFunctionCast::executeImpl(std::vector<DB::ColumnWithTypeAndName, std::allocator<DB::ColumnWithTypeAndName>> const&, std::shared_ptr<DB::IDataType const> const&, unsigned long) const @ 0x00000000197b621f
[2026-04-15T11:36:00.410+0000] {subprocess.py:106} INFO -   17. DB::IExecutableFunction::executeWithoutLowCardinalityColumns(std::vector<DB::ColumnWithTypeAndName, std::allocator<DB::ColumnWithTypeAndName>> const&, std::shared_ptr<DB::IDataType const> const&, unsigned long, bool) const @ 0x00000000196d1875
[2026-04-15T11:36:00.412+0000] {subprocess.py:106} INFO -   18. DB::IExecutableFunction::executeWithoutSparseColumns(std::vector<DB::ColumnWithTypeAndName, std::allocator<DB::ColumnWithTypeAndName>> const&, std::shared_ptr<DB::IDataType const> const&, unsigned long, bool) const @ 0x00000000196d2d5b
[2026-04-15T11:36:00.413+0000] {subprocess.py:106} INFO -   19. DB::IExecutableFunction::executeWithoutReplicatedColumns(std::vector<DB::ColumnWithTypeAndName, std::allocator<DB::ColumnWithTypeAndName>> const&, std::shared_ptr<DB::IDataType const> const&, unsigned long, bool) const @ 0x00000000196d46c5
[2026-04-15T11:36:00.414+0000] {subprocess.py:106} INFO -   20. DB::IExecutableFunction::execute(std::vector<DB::ColumnWithTypeAndName, std::allocator<DB::ColumnWithTypeAndName>> const&, std::shared_ptr<DB::IDataType const> const&, unsigned long, bool) const @ 0x00000000196d3f5e
[2026-04-15T11:36:00.415+0000] {subprocess.py:106} INFO -   21. DB::IFunctionBase::execute(std::vector<DB::ColumnWithTypeAndName, std::allocator<DB::ColumnWithTypeAndName>> const&, std::shared_ptr<DB::IDataType const> const&, unsigned long, bool) const @ 0x00000000196d4c5b
[2026-04-15T11:36:00.415+0000] {subprocess.py:106} INFO -   22. DB::ColumnFunction::reduce() const @ 0x000000001bdf9756
[2026-04-15T11:36:00.416+0000] {subprocess.py:106} INFO -   23. DB::maskedExecute(DB::ColumnWithTypeAndName&, DB::PODArray<char8_t, 4096ul, Allocator<false, false>, 63ul, 64ul> const&, DB::MaskInfo const&) @ 0x000000001c1b85c9
[2026-04-15T11:36:00.416+0000] {subprocess.py:106} INFO -   24. DB::(anonymous namespace)::FunctionIf::executeImpl(std::vector<DB::ColumnWithTypeAndName, std::allocator<DB::ColumnWithTypeAndName>> const&, std::shared_ptr<DB::IDataType const> const&, unsigned long) const @ 0x000000001ab11d60
[2026-04-15T11:36:00.417+0000] {subprocess.py:106} INFO -   25. DB::FunctionToExecutableFunctionAdaptor::executeImpl(std::vector<DB::ColumnWithTypeAndName, std::allocator<DB::ColumnWithTypeAndName>> const&, std::shared_ptr<DB::IDataType const> const&, unsigned long) const @ 0x00000000196da3fa
[2026-04-15T11:36:00.417+0000] {subprocess.py:106} INFO -   26. DB::IExecutableFunction::executeWithoutLowCardinalityColumns(std::vector<DB::ColumnWithTypeAndName, std::allocator<DB::ColumnWithTypeAndName>> const&, std::shared_ptr<DB::IDataType const> const&, unsigned long, bool) const @ 0x00000000196d1875
[2026-04-15T11:36:00.418+0000] {subprocess.py:106} INFO -   27. DB::IExecutableFunction::executeWithoutSparseColumns(std::vector<DB::ColumnWithTypeAndName, std::allocator<DB::ColumnWithTypeAndName>> const&, std::shared_ptr<DB::IDataType const> const&, unsigned long, bool) const @ 0x00000000196d2e09
[2026-04-15T11:36:00.419+0000] {subprocess.py:106} INFO -   28. DB::IExecutableFunction::executeWithoutReplicatedColumns(std::vector<DB::ColumnWithTypeAndName, std::allocator<DB::ColumnWithTypeAndName>> const&, std::shared_ptr<DB::IDataType const> const&, unsigned long, bool) const @ 0x00000000196d46c5
[2026-04-15T11:36:00.419+0000] {subprocess.py:106} INFO -   29. DB::IExecutableFunction::execute(std::vector<DB::ColumnWithTypeAndName, std::allocator<DB::ColumnWithTypeAndName>> const&, std::shared_ptr<DB::IDataType const> const&, unsigned long, bool) const @ 0x00000000196d3f5e
[2026-04-15T11:36:00.420+0000] {subprocess.py:106} INFO -   30. DB::ExpressionActions::execute(DB::Block&, unsigned long&, bool, bool) const @ 0x000000001b4b79c3
[2026-04-15T11:36:00.421+0000] {subprocess.py:106} INFO -   31. DB::ExpressionActions::execute(DB::Block&, bool, bool) const @ 0x000000001b4b8d3a
[2026-04-15T11:36:00.422+0000] {subprocess.py:106} INFO - [0m11:36:00
[2026-04-15T11:36:00.422+0000] {subprocess.py:106} INFO - [0m11:36:00  Done. PASS=0 WARN=0 ERROR=4 SKIP=7 TOTAL=11
[2026-04-15T11:36:01.448+0000] {subprocess.py:110} INFO - Command exited with return code 1
[2026-04-15T11:36:01.477+0000] {taskinstance.py:3313} ERROR - Task failed with exception
Traceback (most recent call last):
  File "/home/airflow/.local/lib/python3.12/site-packages/airflow/models/taskinstance.py", line 768, in _execute_task
    result = _execute_callable(context=context, **execute_callable_kwargs)
             ^^^^^^^^^^^^^^^^^^^^^^^^^^^^^^^^^^^^^^^^^^^^^^^^^^^^^^^^^^^^^
  File "/home/airflow/.local/lib/python3.12/site-packages/airflow/models/taskinstance.py", line 734, in _execute_callable
    return ExecutionCallableRunner(
           ^^^^^^^^^^^^^^^^^^^^^^^^
  File "/home/airflow/.local/lib/python3.12/site-packages/airflow/utils/operator_helpers.py", line 252, in run
    return self.func(*args, **kwargs)
           ^^^^^^^^^^^^^^^^^^^^^^^^^^
  File "/home/airflow/.local/lib/python3.12/site-packages/airflow/models/baseoperator.py", line 424, in wrapper
    return func(self, *args, **kwargs)
           ^^^^^^^^^^^^^^^^^^^^^^^^^^^
  File "/home/airflow/.local/lib/python3.12/site-packages/airflow/operators/bash.py", line 276, in execute
    raise AirflowException(
airflow.exceptions.AirflowException: Bash command failed. The command returned a non-zero exit code 1.
[2026-04-15T11:36:01.486+0000] {taskinstance.py:1226} INFO - Marking task as FAILED. dag_id=layers_update, task_id=run_dbt, run_id=manual__2026-04-15T11:35:42.502384+00:00, execution_date=20260415T113542, start_date=20260415T113550, end_date=20260415T113601
[2026-04-15T11:36:01.547+0000] {taskinstance.py:341} INFO - ::group::Post task execution logs
[2026-04-15T11:36:01.548+0000] {standard_task_runner.py:124} ERROR - Failed to execute job 4 for task run_dbt (Bash command failed. The command returned a non-zero exit code 1.; 58)
Traceback (most recent call last):
  File "/home/airflow/.local/lib/python3.12/site-packages/airflow/task/task_runner/standard_task_runner.py", line 117, in _start_by_fork
    ret = args.func(args, dag=self.dag)
          ^^^^^^^^^^^^^^^^^^^^^^^^^^^^^
  File "/home/airflow/.local/lib/python3.12/site-packages/airflow/cli/cli_config.py", line 49, in command
    return func(*args, **kwargs)
           ^^^^^^^^^^^^^^^^^^^^^
  File "/home/airflow/.local/lib/python3.12/site-packages/airflow/utils/cli.py", line 116, in wrapper
    return f(*args, **kwargs)
           ^^^^^^^^^^^^^^^^^^
  File "/home/airflow/.local/lib/python3.12/site-packages/airflow/cli/commands/task_command.py", line 483, in task_run
    task_return_code = _run_task_by_selected_method(args, _dag, ti)
                       ^^^^^^^^^^^^^^^^^^^^^^^^^^^^^^^^^^^^^^^^^^^^
  File "/home/airflow/.local/lib/python3.12/site-packages/airflow/cli/commands/task_command.py", line 256, in _run_task_by_selected_method
    return _run_raw_task(args, ti)
           ^^^^^^^^^^^^^^^^^^^^^^^
  File "/home/airflow/.local/lib/python3.12/site-packages/airflow/cli/commands/task_command.py", line 341, in _run_raw_task
    return ti._run_raw_task(
           ^^^^^^^^^^^^^^^^^
  File "/home/airflow/.local/lib/python3.12/site-packages/airflow/utils/session.py", line 97, in wrapper
    return func(*args, session=session, **kwargs)
           ^^^^^^^^^^^^^^^^^^^^^^^^^^^^^^^^^^^^^^
  File "/home/airflow/.local/lib/python3.12/site-packages/airflow/models/taskinstance.py", line 3006, in _run_raw_task
    return _run_raw_task(
           ^^^^^^^^^^^^^^
  File "/home/airflow/.local/lib/python3.12/site-packages/airflow/models/taskinstance.py", line 274, in _run_raw_task
    TaskInstance._execute_task_with_callbacks(
  File "/home/airflow/.local/lib/python3.12/site-packages/airflow/models/taskinstance.py", line 3161, in _execute_task_with_callbacks
    result = self._execute_task(context, task_orig)
             ^^^^^^^^^^^^^^^^^^^^^^^^^^^^^^^^^^^^^^
  File "/home/airflow/.local/lib/python3.12/site-packages/airflow/models/taskinstance.py", line 3185, in _execute_task
    return _execute_task(self, context, task_orig)
           ^^^^^^^^^^^^^^^^^^^^^^^^^^^^^^^^^^^^^^^
  File "/home/airflow/.local/lib/python3.12/site-packages/airflow/models/taskinstance.py", line 768, in _execute_task
    result = _execute_callable(context=context, **execute_callable_kwargs)
             ^^^^^^^^^^^^^^^^^^^^^^^^^^^^^^^^^^^^^^^^^^^^^^^^^^^^^^^^^^^^^
  File "/home/airflow/.local/lib/python3.12/site-packages/airflow/models/taskinstance.py", line 734, in _execute_callable
    return ExecutionCallableRunner(
           ^^^^^^^^^^^^^^^^^^^^^^^^
  File "/home/airflow/.local/lib/python3.12/site-packages/airflow/utils/operator_helpers.py", line 252, in run
    return self.func(*args, **kwargs)
           ^^^^^^^^^^^^^^^^^^^^^^^^^^
  File "/home/airflow/.local/lib/python3.12/site-packages/airflow/models/baseoperator.py", line 424, in wrapper
    return func(self, *args, **kwargs)
           ^^^^^^^^^^^^^^^^^^^^^^^^^^^
  File "/home/airflow/.local/lib/python3.12/site-packages/airflow/operators/bash.py", line 276, in execute
    raise AirflowException(
airflow.exceptions.AirflowException: Bash command failed. The command returned a non-zero exit code 1.
[2026-04-15T11:36:01.611+0000] {local_task_job_runner.py:266} INFO - Task exited with return code 1
[2026-04-15T11:36:01.668+0000] {taskinstance.py:3901} INFO - 0 downstream tasks scheduled from follow-on schedule check
[2026-04-15T11:36:01.687+0000] {local_task_job_runner.py:245} INFO - ::endgroup::
