[2026-04-13T05:53:58.560+0000] {local_task_job_runner.py:123} INFO - ::group::Pre task execution logs
[2026-04-13T05:53:58.579+0000] {taskinstance.py:2614} INFO - Dependencies all met for dep_context=non-requeueable deps ti=<TaskInstance: layers_update.run_dbt manual__2026-04-13T05:53:57.485522+00:00 [queued]>
[2026-04-13T05:53:58.590+0000] {taskinstance.py:2614} INFO - Dependencies all met for dep_context=requeueable deps ti=<TaskInstance: layers_update.run_dbt manual__2026-04-13T05:53:57.485522+00:00 [queued]>
[2026-04-13T05:53:58.590+0000] {taskinstance.py:2867} INFO - Starting attempt 1 of 1
[2026-04-13T05:53:58.608+0000] {taskinstance.py:2890} INFO - Executing <Task(BashOperator): run_dbt> on 2026-04-13 05:53:57.485522+00:00
[2026-04-13T05:53:58.614+0000] {warnings.py:112} WARNING - /home/***/.local/lib/python3.12/site-packages/***/task/task_runner/standard_task_runner.py:70: DeprecationWarning: This process (pid=75) is multi-threaded, use of fork() may lead to deadlocks in the child.
  pid = os.fork()

[2026-04-13T05:53:58.617+0000] {standard_task_runner.py:72} INFO - Started process 76 to run task
[2026-04-13T05:53:58.617+0000] {standard_task_runner.py:104} INFO - Running: ['***', 'tasks', 'run', 'layers_update', 'run_dbt', 'manual__2026-04-13T05:53:57.485522+00:00', '--job-id', '6', '--raw', '--subdir', 'DAGS_FOLDER/layers_update.py', '--cfg-path', '/tmp/tmpefyzxy3w']
[2026-04-13T05:53:58.622+0000] {standard_task_runner.py:105} INFO - Job 6: Subtask run_dbt
[2026-04-13T05:53:58.731+0000] {task_command.py:467} INFO - Running <TaskInstance: layers_update.run_dbt manual__2026-04-13T05:53:57.485522+00:00 [running]> on host 5a44e77a0e87
[2026-04-13T05:53:58.846+0000] {taskinstance.py:3134} INFO - Exporting env vars: AIRFLOW_CTX_DAG_OWNER='***' AIRFLOW_CTX_DAG_ID='layers_update' AIRFLOW_CTX_TASK_ID='run_dbt' AIRFLOW_CTX_EXECUTION_DATE='2026-04-13T05:53:57.485522+00:00' AIRFLOW_CTX_TRY_NUMBER='1' AIRFLOW_CTX_DAG_RUN_ID='manual__2026-04-13T05:53:57.485522+00:00'
[2026-04-13T05:53:58.848+0000] {taskinstance.py:732} INFO - ::endgroup::
[2026-04-13T05:53:58.878+0000] {subprocess.py:78} INFO - Tmp dir root location: /tmp
[2026-04-13T05:53:58.880+0000] {subprocess.py:88} INFO - Running command: ['/usr/bin/bash', '-c', 'dbt run']
[2026-04-13T05:53:58.897+0000] {subprocess.py:99} INFO - Output:
[2026-04-13T05:54:03.722+0000] {subprocess.py:106} INFO - [0m05:54:03  Running with dbt=1.7.0
[2026-04-13T05:54:04.199+0000] {subprocess.py:106} INFO - [0m05:54:04  Registered adapter: clickhouse=1.7.0
[2026-04-13T05:54:05.866+0000] {subprocess.py:106} INFO - [0m05:54:05  [[33mWARNING[0m]: Configuration paths exist in your dbt_project.yml file which do not apply to any resources.
[2026-04-13T05:54:05.867+0000] {subprocess.py:106} INFO - There are 1 unused configuration paths:
[2026-04-13T05:54:05.867+0000] {subprocess.py:106} INFO - - models.clickhouse_etl.raw
[2026-04-13T05:54:05.915+0000] {subprocess.py:106} INFO - [0m05:54:05  Found 12 models, 20 tests, 4 sources, 0 exposures, 0 metrics, 536 macros, 0 groups, 0 semantic models
[2026-04-13T05:54:05.919+0000] {subprocess.py:106} INFO - [0m05:54:05
[2026-04-13T05:54:06.432+0000] {subprocess.py:106} INFO - [0m05:54:06  Concurrency: 1 threads (target='dev')
[2026-04-13T05:54:06.433+0000] {subprocess.py:106} INFO - [0m05:54:06
[2026-04-13T05:54:06.446+0000] {subprocess.py:106} INFO - [0m05:54:06  1 of 12 START sql incremental model `ods_ods`.`browser_data` ................... [RUN]
[2026-04-13T05:54:06.831+0000] {subprocess.py:106} INFO - [0m05:54:06  1 of 12 OK created sql incremental model `ods_ods`.`browser_data` .............. [[32mOK[0m in 0.38s]
[2026-04-13T05:54:06.840+0000] {subprocess.py:106} INFO - [0m05:54:06  2 of 12 START sql incremental model `ods_ods`.`device_data` .................... [RUN]
[2026-04-13T05:54:07.055+0000] {subprocess.py:106} INFO - [0m05:54:07  2 of 12 OK created sql incremental model `ods_ods`.`device_data` ............... [[32mOK[0m in 0.21s]
[2026-04-13T05:54:07.058+0000] {subprocess.py:106} INFO - [0m05:54:07  3 of 12 START sql incremental model `ods_ods`.`geo_data` ....................... [RUN]
[2026-04-13T05:54:07.250+0000] {subprocess.py:106} INFO - [0m05:54:07  3 of 12 OK created sql incremental model `ods_ods`.`geo_data` .................. [[32mOK[0m in 0.19s]
[2026-04-13T05:54:07.255+0000] {subprocess.py:106} INFO - [0m05:54:07  4 of 12 START sql incremental model `ods_ods`.`location_data` .................. [RUN]
[2026-04-13T05:54:07.514+0000] {subprocess.py:106} INFO - [0m05:54:07  4 of 12 OK created sql incremental model `ods_ods`.`location_data` ............. [[32mOK[0m in 0.26s]
[2026-04-13T05:54:07.521+0000] {subprocess.py:106} INFO - [0m05:54:07  5 of 12 START sql incremental model `ods_dds`.`dim_browser` .................... [RUN]
[2026-04-13T05:54:07.728+0000] {subprocess.py:106} INFO - [0m05:54:07  5 of 12 OK created sql incremental model `ods_dds`.`dim_browser` ............... [[32mOK[0m in 0.20s]
[2026-04-13T05:54:07.732+0000] {subprocess.py:106} INFO - [0m05:54:07  6 of 12 START sql incremental model `ods_dds`.`dim_device` ..................... [RUN]
[2026-04-13T05:54:08.017+0000] {subprocess.py:106} INFO - [0m05:54:08  6 of 12 OK created sql incremental model `ods_dds`.`dim_device` ................ [[32mOK[0m in 0.28s]
[2026-04-13T05:54:08.024+0000] {subprocess.py:106} INFO - [0m05:54:08  7 of 12 START sql incremental model `ods_dds`.`fct_click` ...................... [RUN]
[2026-04-13T05:54:08.195+0000] {subprocess.py:106} INFO - [0m05:54:08  7 of 12 ERROR creating sql incremental model `ods_dds`.`fct_click` ............. [[31mERROR[0m in 0.17s]
[2026-04-13T05:54:08.199+0000] {subprocess.py:106} INFO - [0m05:54:08  8 of 12 START sql incremental model `ods_dds`.`dim_geo` ........................ [RUN]
[2026-04-13T05:54:08.406+0000] {subprocess.py:106} INFO - [0m05:54:08  8 of 12 OK created sql incremental model `ods_dds`.`dim_geo` ................... [[32mOK[0m in 0.21s]
[2026-04-13T05:54:08.409+0000] {subprocess.py:106} INFO - [0m05:54:08  9 of 12 START sql incremental model `ods_dds`.`dim_location` ................... [RUN]
[2026-04-13T05:54:08.610+0000] {subprocess.py:106} INFO - [0m05:54:08  9 of 12 OK created sql incremental model `ods_dds`.`dim_location` .............. [[32mOK[0m in 0.20s]
[2026-04-13T05:54:08.614+0000] {subprocess.py:106} INFO - [0m05:54:08  10 of 12 SKIP relation ods_dm.dm_geo_stat ...................................... [[33mSKIP[0m]
[2026-04-13T05:54:08.618+0000] {subprocess.py:106} INFO - [0m05:54:08  11 of 12 SKIP relation ods_dm.dm_daily_aggregates .............................. [[33mSKIP[0m]
[2026-04-13T05:54:08.625+0000] {subprocess.py:106} INFO - [0m05:54:08  12 of 12 SKIP relation ods_dm.dm_popular_sources ............................... [[33mSKIP[0m]
[2026-04-13T05:54:08.634+0000] {subprocess.py:106} INFO - [0m05:54:08
[2026-04-13T05:54:08.637+0000] {subprocess.py:106} INFO - [0m05:54:08  Finished running 10 incremental models, 2 view models in 0 hours 0 minutes and 2.71 seconds (2.71s).
[2026-04-13T05:54:08.672+0000] {subprocess.py:106} INFO - [0m05:54:08
[2026-04-13T05:54:08.673+0000] {subprocess.py:106} INFO - [0m05:54:08  [31mCompleted with 1 error and 0 warnings:[0m
[2026-04-13T05:54:08.674+0000] {subprocess.py:106} INFO - [0m05:54:08
[2026-04-13T05:54:08.675+0000] {subprocess.py:106} INFO - [0m05:54:08    Database Error in model dds_fct_click (models/dds/dds_fct_click.sql)
[2026-04-13T05:54:08.676+0000] {subprocess.py:106} INFO -   Code: 62.
[2026-04-13T05:54:08.677+0000] {subprocess.py:106} INFO -   DB::Exception: Syntax error: failed at position 1735 (existing) (line 76, col 46): existing ON fct.click_id = afct.click_id AND fct.event_id = afct.event_id
[2026-04-13T05:54:08.678+0000] {subprocess.py:106} INFO -             )
[2026-04-13T05:54:08.679+0000] {subprocess.py:106} INFO -           . Expected one of: FINAL, SAMPLE, USING, ON. Stack trace:
[2026-04-13T05:54:08.680+0000] {subprocess.py:106} INFO - 
[2026-04-13T05:54:08.681+0000] {subprocess.py:106} INFO -   0. DB::Exception::Exception(DB::Exception::MessageMasked&&, int, bool) @ 0x00000000166dc66a
[2026-04-13T05:54:08.681+0000] {subprocess.py:106} INFO -   1. DB::Exception::Exception(String const&, int, String, bool) @ 0x00000000151ebb8e
[2026-04-13T05:54:08.682+0000] {subprocess.py:106} INFO -   2. DB::Exception::createDeprecated(String const&, int, bool) @ 0x00000000169ab7df
[2026-04-13T05:54:08.683+0000] {subprocess.py:106} INFO -   3. DB::parseQueryAndMovePosition(DB::IParser&, char const*&, char const*, String const&, bool, unsigned long, unsigned long, unsigned long) @ 0x000000001e01cd5f
[2026-04-13T05:54:08.683+0000] {subprocess.py:106} INFO -   4. DB::executeQueryImpl(char const*, char const*, std::shared_ptr<DB::Context>, DB::QueryFlags, DB::QueryProcessingStage::Enum, std::unique_ptr<DB::ReadBuffer, std::default_delete<DB::ReadBuffer>>&, boost::intrusive_ptr<DB::IAST>&, std::shared_ptr<DB::ImplicitTransactionControlExecutor>, std::function<void ()>, DB::QueryResultDetails&) @ 0x000000001ba8a783
[2026-04-13T05:54:08.684+0000] {subprocess.py:106} INFO -   5. DB::executeQuery(String const&, std::shared_ptr<DB::Context>, DB::QueryFlags, DB::QueryProcessingStage::Enum) @ 0x000000001ba891c2
[2026-04-13T05:54:08.687+0000] {subprocess.py:106} INFO -   6. DB::TCPHandler::runImpl() @ 0x000000001d21a30d
[2026-04-13T05:54:08.689+0000] {subprocess.py:106} INFO -   7. DB::TCPHandler::run() @ 0x000000001d23cb24
[2026-04-13T05:54:08.689+0000] {subprocess.py:106} INFO -   8. Poco::Net::TCPServerConnection::start() @ 0x0000000022789647
[2026-04-13T05:54:08.691+0000] {subprocess.py:106} INFO -   9. Poco::Net::TCPServerDispatcher::run() @ 0x0000000022789bc2
[2026-04-13T05:54:08.692+0000] {subprocess.py:106} INFO -   10. Poco::PooledThread::run() @ 0x0000000022748345
[2026-04-13T05:54:08.693+0000] {subprocess.py:106} INFO -   11. Poco::ThreadImpl::runnableEntry(void*) @ 0x00000000227468cf
[2026-04-13T05:54:08.694+0000] {subprocess.py:106} INFO -   12. ? @ 0x0000000000094ac3
[2026-04-13T05:54:08.694+0000] {subprocess.py:106} INFO -   13. __clone @ 0x0000000000125a84
[2026-04-13T05:54:08.695+0000] {subprocess.py:106} INFO - [0m05:54:08
[2026-04-13T05:54:08.695+0000] {subprocess.py:106} INFO - [0m05:54:08  Done. PASS=8 WARN=0 ERROR=1 SKIP=3 TOTAL=12
[2026-04-13T05:54:09.781+0000] {subprocess.py:110} INFO - Command exited with return code 1
[2026-04-13T05:54:09.798+0000] {taskinstance.py:3313} ERROR - Task failed with exception
Traceback (most recent call last):
  File "/home/airflow/.local/lib/python3.12/site-packages/airflow/models/taskinstance.py", line 768, in _execute_task
    result = _execute_callable(context=context, **execute_callable_kwargs)
             ^^^^^^^^^^^^^^^^^^^^^^^^^^^^^^^^^^^^^^^^^^^^^^^^^^^^^^^^^^^^^
  File "/home/airflow/.local/lib/python3.12/site-packages/airflow/models/taskinstance.py", line 734, in _execute_callable
    return ExecutionCallableRunner(
           ^^^^^^^^^^^^^^^^^^^^^^^^
  File "/home/airflow/.local/lib/python3.12/site-packages/airflow/utils/operator_helpers.py", line 252, in run
    return self.func(*args, **kwargs)
           ^^^^^^^^^^^^^^^^^^^^^^^^^^
  File "/home/airflow/.local/lib/python3.12/site-packages/airflow/models/baseoperator.py", line 424, in wrapper
    return func(self, *args, **kwargs)
           ^^^^^^^^^^^^^^^^^^^^^^^^^^^
  File "/home/airflow/.local/lib/python3.12/site-packages/airflow/operators/bash.py", line 276, in execute
    raise AirflowException(
airflow.exceptions.AirflowException: Bash command failed. The command returned a non-zero exit code 1.
[2026-04-13T05:54:09.807+0000] {taskinstance.py:1226} INFO - Marking task as FAILED. dag_id=layers_update, task_id=run_dbt, run_id=manual__2026-04-13T05:53:57.485522+00:00, execution_date=20260413T055357, start_date=20260413T055358, end_date=20260413T055409
[2026-04-13T05:54:09.850+0000] {taskinstance.py:341} INFO - ::group::Post task execution logs
[2026-04-13T05:54:09.851+0000] {standard_task_runner.py:124} ERROR - Failed to execute job 6 for task run_dbt (Bash command failed. The command returned a non-zero exit code 1.; 76)
Traceback (most recent call last):
  File "/home/airflow/.local/lib/python3.12/site-packages/airflow/task/task_runner/standard_task_runner.py", line 117, in _start_by_fork
    ret = args.func(args, dag=self.dag)
          ^^^^^^^^^^^^^^^^^^^^^^^^^^^^^
  File "/home/airflow/.local/lib/python3.12/site-packages/airflow/cli/cli_config.py", line 49, in command
    return func(*args, **kwargs)
           ^^^^^^^^^^^^^^^^^^^^^
  File "/home/airflow/.local/lib/python3.12/site-packages/airflow/utils/cli.py", line 116, in wrapper
    return f(*args, **kwargs)
           ^^^^^^^^^^^^^^^^^^
  File "/home/airflow/.local/lib/python3.12/site-packages/airflow/cli/commands/task_command.py", line 483, in task_run
    task_return_code = _run_task_by_selected_method(args, _dag, ti)
                       ^^^^^^^^^^^^^^^^^^^^^^^^^^^^^^^^^^^^^^^^^^^^
  File "/home/airflow/.local/lib/python3.12/site-packages/airflow/cli/commands/task_command.py", line 256, in _run_task_by_selected_method
    return _run_raw_task(args, ti)
           ^^^^^^^^^^^^^^^^^^^^^^^
  File "/home/airflow/.local/lib/python3.12/site-packages/airflow/cli/commands/task_command.py", line 341, in _run_raw_task
    return ti._run_raw_task(
           ^^^^^^^^^^^^^^^^^
  File "/home/airflow/.local/lib/python3.12/site-packages/airflow/utils/session.py", line 97, in wrapper
    return func(*args, session=session, **kwargs)
           ^^^^^^^^^^^^^^^^^^^^^^^^^^^^^^^^^^^^^^
  File "/home/airflow/.local/lib/python3.12/site-packages/airflow/models/taskinstance.py", line 3006, in _run_raw_task
    return _run_raw_task(
           ^^^^^^^^^^^^^^
  File "/home/airflow/.local/lib/python3.12/site-packages/airflow/models/taskinstance.py", line 274, in _run_raw_task
    TaskInstance._execute_task_with_callbacks(
  File "/home/airflow/.local/lib/python3.12/site-packages/airflow/models/taskinstance.py", line 3161, in _execute_task_with_callbacks
    result = self._execute_task(context, task_orig)
             ^^^^^^^^^^^^^^^^^^^^^^^^^^^^^^^^^^^^^^
  File "/home/airflow/.local/lib/python3.12/site-packages/airflow/models/taskinstance.py", line 3185, in _execute_task
    return _execute_task(self, context, task_orig)
           ^^^^^^^^^^^^^^^^^^^^^^^^^^^^^^^^^^^^^^^
  File "/home/airflow/.local/lib/python3.12/site-packages/airflow/models/taskinstance.py", line 768, in _execute_task
    result = _execute_callable(context=context, **execute_callable_kwargs)
             ^^^^^^^^^^^^^^^^^^^^^^^^^^^^^^^^^^^^^^^^^^^^^^^^^^^^^^^^^^^^^
  File "/home/airflow/.local/lib/python3.12/site-packages/airflow/models/taskinstance.py", line 734, in _execute_callable
    return ExecutionCallableRunner(
           ^^^^^^^^^^^^^^^^^^^^^^^^
  File "/home/airflow/.local/lib/python3.12/site-packages/airflow/utils/operator_helpers.py", line 252, in run
    return self.func(*args, **kwargs)
           ^^^^^^^^^^^^^^^^^^^^^^^^^^
  File "/home/airflow/.local/lib/python3.12/site-packages/airflow/models/baseoperator.py", line 424, in wrapper
    return func(self, *args, **kwargs)
           ^^^^^^^^^^^^^^^^^^^^^^^^^^^
  File "/home/airflow/.local/lib/python3.12/site-packages/airflow/operators/bash.py", line 276, in execute
    raise AirflowException(
airflow.exceptions.AirflowException: Bash command failed. The command returned a non-zero exit code 1.
[2026-04-13T05:54:09.878+0000] {local_task_job_runner.py:266} INFO - Task exited with return code 1
[2026-04-13T05:54:09.910+0000] {taskinstance.py:3901} INFO - 0 downstream tasks scheduled from follow-on schedule check
[2026-04-13T05:54:09.916+0000] {local_task_job_runner.py:245} INFO - ::endgroup::
