[2026-04-15T16:42:49.571+0000] {local_task_job_runner.py:123} INFO - ::group::Pre task execution logs
[2026-04-15T16:42:49.590+0000] {taskinstance.py:2614} INFO - Dependencies all met for dep_context=non-requeueable deps ti=<TaskInstance: layers_update.run_dbt manual__2026-04-15T16:42:46.916627+00:00 [queued]>
[2026-04-15T16:42:49.599+0000] {taskinstance.py:2614} INFO - Dependencies all met for dep_context=requeueable deps ti=<TaskInstance: layers_update.run_dbt manual__2026-04-15T16:42:46.916627+00:00 [queued]>
[2026-04-15T16:42:49.600+0000] {taskinstance.py:2867} INFO - Starting attempt 1 of 1
[2026-04-15T16:42:49.616+0000] {taskinstance.py:2890} INFO - Executing <Task(BashOperator): run_dbt> on 2026-04-15 16:42:46.916627+00:00
[2026-04-15T16:42:49.624+0000] {warnings.py:112} WARNING - /home/***/.local/lib/python3.12/site-packages/***/task/task_runner/standard_task_runner.py:70: DeprecationWarning: This process (pid=126) is multi-threaded, use of fork() may lead to deadlocks in the child.
  pid = os.fork()

[2026-04-15T16:42:49.627+0000] {standard_task_runner.py:72} INFO - Started process 127 to run task
[2026-04-15T16:42:49.632+0000] {standard_task_runner.py:104} INFO - Running: ['***', 'tasks', 'run', 'layers_update', 'run_dbt', 'manual__2026-04-15T16:42:46.916627+00:00', '--job-id', '14', '--raw', '--subdir', 'DAGS_FOLDER/layers_update.py', '--cfg-path', '/tmp/tmpnfunfaft']
[2026-04-15T16:42:49.633+0000] {standard_task_runner.py:105} INFO - Job 14: Subtask run_dbt
[2026-04-15T16:42:49.689+0000] {task_command.py:467} INFO - Running <TaskInstance: layers_update.run_dbt manual__2026-04-15T16:42:46.916627+00:00 [running]> on host 4bee53555a23
[2026-04-15T16:42:49.838+0000] {taskinstance.py:3134} INFO - Exporting env vars: AIRFLOW_CTX_DAG_OWNER='***' AIRFLOW_CTX_DAG_ID='layers_update' AIRFLOW_CTX_TASK_ID='run_dbt' AIRFLOW_CTX_EXECUTION_DATE='2026-04-15T16:42:46.916627+00:00' AIRFLOW_CTX_TRY_NUMBER='1' AIRFLOW_CTX_DAG_RUN_ID='manual__2026-04-15T16:42:46.916627+00:00'
[2026-04-15T16:42:49.841+0000] {taskinstance.py:732} INFO - ::endgroup::
[2026-04-15T16:42:49.859+0000] {subprocess.py:78} INFO - Tmp dir root location: /tmp
[2026-04-15T16:42:49.859+0000] {subprocess.py:88} INFO - Running command: ['/usr/bin/bash', '-c', 'dbt run']
[2026-04-15T16:42:49.871+0000] {subprocess.py:99} INFO - Output:
[2026-04-15T16:42:54.239+0000] {subprocess.py:106} INFO - [0m16:42:54  Running with dbt=1.7.0
[2026-04-15T16:42:54.637+0000] {subprocess.py:106} INFO - [0m16:42:54  Registered adapter: clickhouse=1.7.0
[2026-04-15T16:42:56.289+0000] {subprocess.py:106} INFO - [0m16:42:56  [[33mWARNING[0m]: Configuration paths exist in your dbt_project.yml file which do not apply to any resources.
[2026-04-15T16:42:56.291+0000] {subprocess.py:106} INFO - There are 1 unused configuration paths:
[2026-04-15T16:42:56.292+0000] {subprocess.py:106} INFO - - models.clickhouse_etl.raw
[2026-04-15T16:42:56.344+0000] {subprocess.py:106} INFO - [0m16:42:56  Found 11 models, 15 tests, 4 sources, 0 exposures, 0 metrics, 538 macros, 0 groups, 0 semantic models
[2026-04-15T16:42:56.349+0000] {subprocess.py:106} INFO - [0m16:42:56
[2026-04-15T16:42:57.230+0000] {subprocess.py:106} INFO - [0m16:42:57  Concurrency: 1 threads (target='dev')
[2026-04-15T16:42:57.231+0000] {subprocess.py:106} INFO - [0m16:42:57
[2026-04-15T16:42:57.248+0000] {subprocess.py:106} INFO - [0m16:42:57  1 of 11 START sql incremental model `ods`.`browser_data` ....................... [RUN]
[2026-04-15T16:42:57.552+0000] {subprocess.py:106} INFO - [0m16:42:57  1 of 11 OK created sql incremental model `ods`.`browser_data` .................. [[32mOK[0m in 0.30s]
[2026-04-15T16:42:57.557+0000] {subprocess.py:106} INFO - [0m16:42:57  2 of 11 START sql incremental model `ods`.`device_data` ........................ [RUN]
[2026-04-15T16:42:57.764+0000] {subprocess.py:106} INFO - [0m16:42:57  2 of 11 OK created sql incremental model `ods`.`device_data` ................... [[32mOK[0m in 0.21s]
[2026-04-15T16:42:57.767+0000] {subprocess.py:106} INFO - [0m16:42:57  3 of 11 START sql incremental model `ods`.`geo_data` ........................... [RUN]
[2026-04-15T16:42:57.976+0000] {subprocess.py:106} INFO - [0m16:42:57  3 of 11 OK created sql incremental model `ods`.`geo_data` ...................... [[32mOK[0m in 0.21s]
[2026-04-15T16:42:57.980+0000] {subprocess.py:106} INFO - [0m16:42:57  4 of 11 START sql incremental model `ods`.`location_data` ...................... [RUN]
[2026-04-15T16:42:58.223+0000] {subprocess.py:106} INFO - [0m16:42:58  4 of 11 OK created sql incremental model `ods`.`location_data` ................. [[32mOK[0m in 0.24s]
[2026-04-15T16:42:58.226+0000] {subprocess.py:106} INFO - [0m16:42:58  5 of 11 START sql incremental model `dds`.`dim_browser` ........................ [RUN]
[2026-04-15T16:42:58.455+0000] {subprocess.py:106} INFO - [0m16:42:58  5 of 11 OK created sql incremental model `dds`.`dim_browser` ................... [[32mOK[0m in 0.23s]
[2026-04-15T16:42:58.461+0000] {subprocess.py:106} INFO - [0m16:42:58  6 of 11 START sql incremental model `dds`.`dim_device` ......................... [RUN]
[2026-04-15T16:42:58.664+0000] {subprocess.py:106} INFO - [0m16:42:58  6 of 11 OK created sql incremental model `dds`.`dim_device` .................... [[32mOK[0m in 0.20s]
[2026-04-15T16:42:58.667+0000] {subprocess.py:106} INFO - [0m16:42:58  7 of 11 START sql incremental model `dds`.`fct_click` .......................... [RUN]
[2026-04-15T16:42:58.898+0000] {subprocess.py:106} INFO - [0m16:42:58  7 of 11 OK created sql incremental model `dds`.`fct_click` ..................... [[32mOK[0m in 0.23s]
[2026-04-15T16:42:58.902+0000] {subprocess.py:106} INFO - [0m16:42:58  8 of 11 START sql incremental model `dds`.`dim_geo` ............................ [RUN]
[2026-04-15T16:42:59.110+0000] {subprocess.py:106} INFO - [0m16:42:59  8 of 11 OK created sql incremental model `dds`.`dim_geo` ....................... [[32mOK[0m in 0.21s]
[2026-04-15T16:42:59.114+0000] {subprocess.py:106} INFO - [0m16:42:59  9 of 11 START sql incremental model `dds`.`dim_location` ....................... [RUN]
[2026-04-15T16:42:59.336+0000] {subprocess.py:106} INFO - [0m16:42:59  9 of 11 OK created sql incremental model `dds`.`dim_location` .................. [[32mOK[0m in 0.22s]
[2026-04-15T16:42:59.342+0000] {subprocess.py:106} INFO - [0m16:42:59  10 of 11 START sql incremental model `dm`.`dashboard` .......................... [RUN]
[2026-04-15T16:42:59.597+0000] {subprocess.py:106} INFO - [0m16:42:59  10 of 11 OK created sql incremental model `dm`.`dashboard` ..................... [[32mOK[0m in 0.25s]
[2026-04-15T16:42:59.600+0000] {subprocess.py:106} INFO - [0m16:42:59  11 of 11 START sql view model `dm`.`dashboard_recent_data` ..................... [RUN]
[2026-04-15T16:42:59.782+0000] {subprocess.py:106} INFO - [0m16:42:59  11 of 11 OK created sql view model `dm`.`dashboard_recent_data` ................ [[32mOK[0m in 0.18s]
[2026-04-15T16:42:59.790+0000] {subprocess.py:106} INFO - [0m16:42:59
[2026-04-15T16:42:59.791+0000] {subprocess.py:106} INFO - [0m16:42:59  Finished running 10 incremental models, 1 view model in 0 hours 0 minutes and 3.44 seconds (3.44s).
[2026-04-15T16:42:59.829+0000] {subprocess.py:106} INFO - [0m16:42:59
[2026-04-15T16:42:59.831+0000] {subprocess.py:106} INFO - [0m16:42:59  [32mCompleted successfully[0m
[2026-04-15T16:42:59.832+0000] {subprocess.py:106} INFO - [0m16:42:59
[2026-04-15T16:42:59.832+0000] {subprocess.py:106} INFO - [0m16:42:59  Done. PASS=11 WARN=0 ERROR=0 SKIP=0 TOTAL=11
[2026-04-15T16:43:00.819+0000] {subprocess.py:110} INFO - Command exited with return code 0
[2026-04-15T16:43:00.861+0000] {taskinstance.py:341} INFO - ::group::Post task execution logs
[2026-04-15T16:43:00.862+0000] {taskinstance.py:353} INFO - Marking task as SUCCESS. dag_id=layers_update, task_id=run_dbt, run_id=manual__2026-04-15T16:42:46.916627+00:00, execution_date=20260415T164246, start_date=20260415T164249, end_date=20260415T164300
[2026-04-15T16:43:00.944+0000] {local_task_job_runner.py:266} INFO - Task exited with return code 0
[2026-04-15T16:43:00.975+0000] {taskinstance.py:3901} INFO - 1 downstream tasks scheduled from follow-on schedule check
[2026-04-15T16:43:00.980+0000] {local_task_job_runner.py:245} INFO - ::endgroup::
