[2026-04-21T08:08:20.576+0000] {local_task_job_runner.py:123} INFO - ::group::Pre task execution logs
[2026-04-21T08:08:20.597+0000] {taskinstance.py:2614} INFO - Dependencies all met for dep_context=non-requeueable deps ti=<TaskInstance: kafka_producer.get_data manual__2026-04-21T08:08:18.908242+00:00 [queued]>
[2026-04-21T08:08:20.607+0000] {taskinstance.py:2614} INFO - Dependencies all met for dep_context=requeueable deps ti=<TaskInstance: kafka_producer.get_data manual__2026-04-21T08:08:18.908242+00:00 [queued]>
[2026-04-21T08:08:20.607+0000] {taskinstance.py:2867} INFO - Starting attempt 1 of 1
[2026-04-21T08:08:20.623+0000] {taskinstance.py:2890} INFO - Executing <Task(PythonOperator): get_data> on 2026-04-21 08:08:18.908242+00:00
[2026-04-21T08:08:20.630+0000] {warnings.py:112} WARNING - /home/***/.local/lib/python3.12/site-packages/***/task/task_runner/standard_task_runner.py:70: DeprecationWarning: This process (pid=136) is multi-threaded, use of fork() may lead to deadlocks in the child.
  pid = os.fork()

[2026-04-21T08:08:20.633+0000] {standard_task_runner.py:72} INFO - Started process 137 to run task
[2026-04-21T08:08:20.633+0000] {standard_task_runner.py:104} INFO - Running: ['***', 'tasks', 'run', 'kafka_producer', 'get_data', 'manual__2026-04-21T08:08:18.908242+00:00', '--job-id', '12', '--raw', '--subdir', 'DAGS_FOLDER/kafka_load.py', '--cfg-path', '/tmp/tmp8ipxgla4']
[2026-04-21T08:08:20.635+0000] {standard_task_runner.py:105} INFO - Job 12: Subtask get_data
[2026-04-21T08:08:20.697+0000] {task_command.py:467} INFO - Running <TaskInstance: kafka_producer.get_data manual__2026-04-21T08:08:18.908242+00:00 [running]> on host 685b945180b2
[2026-04-21T08:08:20.812+0000] {taskinstance.py:3134} INFO - Exporting env vars: AIRFLOW_CTX_DAG_OWNER='***' AIRFLOW_CTX_DAG_ID='kafka_producer' AIRFLOW_CTX_TASK_ID='get_data' AIRFLOW_CTX_EXECUTION_DATE='2026-04-21T08:08:18.908242+00:00' AIRFLOW_CTX_TRY_NUMBER='1' AIRFLOW_CTX_DAG_RUN_ID='manual__2026-04-21T08:08:18.908242+00:00'
[2026-04-21T08:08:20.814+0000] {taskinstance.py:732} INFO - ::endgroup::
[2026-04-21T08:08:20.852+0000] {kafka_load.py:28} INFO - Обрабатывается файл: browser_events.jsonl
[2026-04-21T08:08:20.857+0000] {kafka_load.py:40} INFO - Отправлено 100 сообщений
[2026-04-21T08:08:20.860+0000] {kafka_load.py:40} INFO - Отправлено 200 сообщений
[2026-04-21T08:08:20.863+0000] {kafka_load.py:40} INFO - Отправлено 300 сообщений
[2026-04-21T08:08:20.865+0000] {kafka_load.py:40} INFO - Отправлено 400 сообщений
[2026-04-21T08:08:20.867+0000] {kafka_load.py:40} INFO - Отправлено 500 сообщений
[2026-04-21T08:08:20.871+0000] {kafka_load.py:40} INFO - Отправлено 600 сообщений
[2026-04-21T08:08:20.874+0000] {kafka_load.py:40} INFO - Отправлено 700 сообщений
[2026-04-21T08:08:20.877+0000] {kafka_load.py:40} INFO - Отправлено 800 сообщений
[2026-04-21T08:08:20.880+0000] {kafka_load.py:40} INFO - Отправлено 900 сообщений
[2026-04-21T08:08:20.883+0000] {kafka_load.py:40} INFO - Отправлено 1000 сообщений
[2026-04-21T08:08:20.884+0000] {kafka_load.py:53} INFO - Обработка файла browser_events.jsonl завершена
[2026-04-21T08:08:20.884+0000] {kafka_load.py:28} INFO - Обрабатывается файл: device_events.jsonl
[2026-04-21T08:08:20.888+0000] {kafka_load.py:40} INFO - Отправлено 100 сообщений
[2026-04-21T08:08:20.890+0000] {kafka_load.py:40} INFO - Отправлено 200 сообщений
[2026-04-21T08:08:20.893+0000] {kafka_load.py:40} INFO - Отправлено 300 сообщений
[2026-04-21T08:08:20.896+0000] {kafka_load.py:40} INFO - Отправлено 400 сообщений
[2026-04-21T08:08:20.898+0000] {kafka_load.py:40} INFO - Отправлено 500 сообщений
[2026-04-21T08:08:20.900+0000] {kafka_load.py:40} INFO - Отправлено 600 сообщений
[2026-04-21T08:08:20.904+0000] {kafka_load.py:40} INFO - Отправлено 700 сообщений
[2026-04-21T08:08:20.907+0000] {kafka_load.py:40} INFO - Отправлено 800 сообщений
[2026-04-21T08:08:20.912+0000] {kafka_load.py:40} INFO - Отправлено 900 сообщений
[2026-04-21T08:08:20.915+0000] {kafka_load.py:40} INFO - Отправлено 1000 сообщений
[2026-04-21T08:08:20.916+0000] {kafka_load.py:42} ERROR - Ошибка JSON в строке: 1001: Expecting ':' delimiter: line 1 column 19 (char 18)
[2026-04-21T08:08:20.927+0000] {kafka_load.py:53} INFO - Обработка файла device_events.jsonl завершена
[2026-04-21T08:08:20.928+0000] {kafka_load.py:28} INFO - Обрабатывается файл: geo_events.jsonl
[2026-04-21T08:08:20.933+0000] {kafka_load.py:40} INFO - Отправлено 100 сообщений
[2026-04-21T08:08:20.939+0000] {kafka_load.py:40} INFO - Отправлено 200 сообщений
[2026-04-21T08:08:20.942+0000] {kafka_load.py:40} INFO - Отправлено 300 сообщений
[2026-04-21T08:08:20.945+0000] {kafka_load.py:40} INFO - Отправлено 400 сообщений
[2026-04-21T08:08:20.949+0000] {kafka_load.py:40} INFO - Отправлено 500 сообщений
[2026-04-21T08:08:20.952+0000] {kafka_load.py:40} INFO - Отправлено 600 сообщений
[2026-04-21T08:08:20.955+0000] {kafka_load.py:40} INFO - Отправлено 700 сообщений
[2026-04-21T08:08:20.961+0000] {kafka_load.py:40} INFO - Отправлено 800 сообщений
[2026-04-21T08:08:20.965+0000] {kafka_load.py:40} INFO - Отправлено 900 сообщений
[2026-04-21T08:08:20.969+0000] {kafka_load.py:40} INFO - Отправлено 1000 сообщений
[2026-04-21T08:08:20.972+0000] {kafka_load.py:53} INFO - Обработка файла geo_events.jsonl завершена
[2026-04-21T08:08:20.973+0000] {kafka_load.py:28} INFO - Обрабатывается файл: location_events.jsonl
[2026-04-21T08:08:20.979+0000] {kafka_load.py:40} INFO - Отправлено 100 сообщений
[2026-04-21T08:08:20.986+0000] {kafka_load.py:40} INFO - Отправлено 200 сообщений
[2026-04-21T08:08:20.991+0000] {kafka_load.py:40} INFO - Отправлено 300 сообщений
[2026-04-21T08:08:20.995+0000] {kafka_load.py:40} INFO - Отправлено 400 сообщений
[2026-04-21T08:08:20.999+0000] {kafka_load.py:40} INFO - Отправлено 500 сообщений
[2026-04-21T08:08:21.004+0000] {kafka_load.py:40} INFO - Отправлено 600 сообщений
[2026-04-21T08:08:21.008+0000] {kafka_load.py:40} INFO - Отправлено 700 сообщений
[2026-04-21T08:08:21.013+0000] {kafka_load.py:40} INFO - Отправлено 800 сообщений
[2026-04-21T08:08:21.016+0000] {kafka_load.py:40} INFO - Отправлено 900 сообщений
[2026-04-21T08:08:21.020+0000] {kafka_load.py:40} INFO - Отправлено 1000 сообщений
[2026-04-21T08:08:21.021+0000] {kafka_load.py:53} INFO - Обработка файла location_events.jsonl завершена
[2026-04-21T08:08:21.023+0000] {kafka_load.py:56} INFO - Обработка файлов успешно завершена
[2026-04-21T08:08:21.025+0000] {python.py:240} INFO - Done. Returned value was: None
[2026-04-21T08:08:21.039+0000] {taskinstance.py:341} INFO - ::group::Post task execution logs
[2026-04-21T08:08:21.040+0000] {taskinstance.py:353} INFO - Marking task as SUCCESS. dag_id=kafka_producer, task_id=get_data, run_id=manual__2026-04-21T08:08:18.908242+00:00, execution_date=20260421T080818, start_date=20260421T080820, end_date=20260421T080821
[2026-04-21T08:08:21.090+0000] {local_task_job_runner.py:266} INFO - Task exited with return code 0
[2026-04-21T08:08:21.123+0000] {taskinstance.py:3901} INFO - 1 downstream tasks scheduled from follow-on schedule check
[2026-04-21T08:08:21.128+0000] {local_task_job_runner.py:245} INFO - ::endgroup::
