[2026-04-16T15:33:08.086+0000] {processor.py:186} INFO - Started process (PID=34) to work on /opt/airflow/dags/layers_update.py
[2026-04-16T15:33:08.090+0000] {processor.py:914} INFO - Processing file /opt/airflow/dags/layers_update.py for tasks to queue
[2026-04-16T15:33:08.095+0000] {logging_mixin.py:190} INFO - [2026-04-16T15:33:08.095+0000] {dagbag.py:588} INFO - Filling up the DagBag from /opt/airflow/dags/layers_update.py
[2026-04-16T15:33:08.152+0000] {processor.py:925} INFO - DAG(s) 'layers_update' retrieved from /opt/airflow/dags/layers_update.py
[2026-04-16T15:33:08.208+0000] {logging_mixin.py:190} INFO - [2026-04-16T15:33:08.207+0000] {dag.py:3239} INFO - Sync 1 DAGs
[2026-04-16T15:33:08.252+0000] {logging_mixin.py:190} INFO - [2026-04-16T15:33:08.252+0000] {dag.py:4180} INFO - Setting next_dagrun for layers_update to None, run_after=None
[2026-04-16T15:33:08.325+0000] {processor.py:208} INFO - Processing /opt/airflow/dags/layers_update.py took 0.252 seconds
[2026-04-16T15:33:42.997+0000] {processor.py:186} INFO - Started process (PID=37) to work on /opt/airflow/dags/layers_update.py
[2026-04-16T15:33:43.005+0000] {processor.py:914} INFO - Processing file /opt/airflow/dags/layers_update.py for tasks to queue
[2026-04-16T15:33:43.012+0000] {logging_mixin.py:190} INFO - [2026-04-16T15:33:43.012+0000] {dagbag.py:588} INFO - Filling up the DagBag from /opt/airflow/dags/layers_update.py
[2026-04-16T15:33:43.157+0000] {processor.py:925} INFO - DAG(s) 'layers_update' retrieved from /opt/airflow/dags/layers_update.py
[2026-04-16T15:33:43.213+0000] {logging_mixin.py:190} INFO - [2026-04-16T15:33:43.213+0000] {dag.py:3239} INFO - Sync 1 DAGs
[2026-04-16T15:33:43.271+0000] {logging_mixin.py:190} INFO - [2026-04-16T15:33:43.271+0000] {dag.py:4180} INFO - Setting next_dagrun for layers_update to None, run_after=None
[2026-04-16T15:33:43.356+0000] {processor.py:208} INFO - Processing /opt/airflow/dags/layers_update.py took 0.376 seconds
[2026-04-16T15:34:17.705+0000] {processor.py:186} INFO - Started process (PID=40) to work on /opt/airflow/dags/layers_update.py
[2026-04-16T15:34:17.708+0000] {processor.py:914} INFO - Processing file /opt/airflow/dags/layers_update.py for tasks to queue
[2026-04-16T15:34:17.713+0000] {logging_mixin.py:190} INFO - [2026-04-16T15:34:17.712+0000] {dagbag.py:588} INFO - Filling up the DagBag from /opt/airflow/dags/layers_update.py
[2026-04-16T15:34:18.458+0000] {processor.py:925} INFO - DAG(s) 'layers_update' retrieved from /opt/airflow/dags/layers_update.py
[2026-04-16T15:34:18.527+0000] {logging_mixin.py:190} INFO - [2026-04-16T15:34:18.526+0000] {dag.py:3239} INFO - Sync 1 DAGs
[2026-04-16T15:34:18.656+0000] {logging_mixin.py:190} INFO - [2026-04-16T15:34:18.655+0000] {dag.py:4180} INFO - Setting next_dagrun for layers_update to None, run_after=None
[2026-04-16T15:34:18.975+0000] {processor.py:208} INFO - Processing /opt/airflow/dags/layers_update.py took 1.299 seconds
[2026-04-16T15:34:49.590+0000] {processor.py:186} INFO - Started process (PID=43) to work on /opt/airflow/dags/layers_update.py
[2026-04-16T15:34:49.592+0000] {processor.py:914} INFO - Processing file /opt/airflow/dags/layers_update.py for tasks to queue
[2026-04-16T15:34:49.596+0000] {logging_mixin.py:190} INFO - [2026-04-16T15:34:49.595+0000] {dagbag.py:588} INFO - Filling up the DagBag from /opt/airflow/dags/layers_update.py
[2026-04-16T15:34:49.626+0000] {processor.py:925} INFO - DAG(s) 'layers_update' retrieved from /opt/airflow/dags/layers_update.py
[2026-04-16T15:34:49.666+0000] {logging_mixin.py:190} INFO - [2026-04-16T15:34:49.665+0000] {dag.py:3239} INFO - Sync 1 DAGs
[2026-04-16T15:34:49.694+0000] {logging_mixin.py:190} INFO - [2026-04-16T15:34:49.693+0000] {dag.py:4180} INFO - Setting next_dagrun for layers_update to None, run_after=None
[2026-04-16T15:34:49.725+0000] {processor.py:208} INFO - Processing /opt/airflow/dags/layers_update.py took 0.149 seconds
[2026-04-16T15:35:19.836+0000] {processor.py:186} INFO - Started process (PID=46) to work on /opt/airflow/dags/layers_update.py
[2026-04-16T15:35:19.842+0000] {processor.py:914} INFO - Processing file /opt/airflow/dags/layers_update.py for tasks to queue
[2026-04-16T15:35:19.874+0000] {logging_mixin.py:190} INFO - [2026-04-16T15:35:19.871+0000] {dagbag.py:588} INFO - Filling up the DagBag from /opt/airflow/dags/layers_update.py
[2026-04-16T15:35:19.931+0000] {processor.py:925} INFO - DAG(s) 'layers_update' retrieved from /opt/airflow/dags/layers_update.py
[2026-04-16T15:35:20.014+0000] {logging_mixin.py:190} INFO - [2026-04-16T15:35:20.013+0000] {dag.py:3239} INFO - Sync 1 DAGs
[2026-04-16T15:35:20.082+0000] {logging_mixin.py:190} INFO - [2026-04-16T15:35:20.082+0000] {dag.py:4180} INFO - Setting next_dagrun for layers_update to None, run_after=None
[2026-04-16T15:35:20.141+0000] {processor.py:208} INFO - Processing /opt/airflow/dags/layers_update.py took 0.327 seconds
[2026-04-16T15:35:51.031+0000] {processor.py:186} INFO - Started process (PID=49) to work on /opt/airflow/dags/layers_update.py
[2026-04-16T15:35:51.033+0000] {processor.py:914} INFO - Processing file /opt/airflow/dags/layers_update.py for tasks to queue
[2026-04-16T15:35:51.036+0000] {logging_mixin.py:190} INFO - [2026-04-16T15:35:51.036+0000] {dagbag.py:588} INFO - Filling up the DagBag from /opt/airflow/dags/layers_update.py
[2026-04-16T15:35:51.055+0000] {processor.py:925} INFO - DAG(s) 'layers_update' retrieved from /opt/airflow/dags/layers_update.py
[2026-04-16T15:35:51.080+0000] {logging_mixin.py:190} INFO - [2026-04-16T15:35:51.080+0000] {dag.py:3239} INFO - Sync 1 DAGs
[2026-04-16T15:35:51.098+0000] {logging_mixin.py:190} INFO - [2026-04-16T15:35:51.098+0000] {dag.py:4180} INFO - Setting next_dagrun for layers_update to None, run_after=None
[2026-04-16T15:35:51.124+0000] {processor.py:208} INFO - Processing /opt/airflow/dags/layers_update.py took 0.101 seconds
[2026-04-16T15:36:21.686+0000] {processor.py:186} INFO - Started process (PID=52) to work on /opt/airflow/dags/layers_update.py
[2026-04-16T15:36:21.687+0000] {processor.py:914} INFO - Processing file /opt/airflow/dags/layers_update.py for tasks to queue
[2026-04-16T15:36:21.691+0000] {logging_mixin.py:190} INFO - [2026-04-16T15:36:21.691+0000] {dagbag.py:588} INFO - Filling up the DagBag from /opt/airflow/dags/layers_update.py
[2026-04-16T15:36:21.730+0000] {processor.py:925} INFO - DAG(s) 'layers_update' retrieved from /opt/airflow/dags/layers_update.py
[2026-04-16T15:36:21.782+0000] {logging_mixin.py:190} INFO - [2026-04-16T15:36:21.782+0000] {dag.py:3239} INFO - Sync 1 DAGs
[2026-04-16T15:36:21.827+0000] {logging_mixin.py:190} INFO - [2026-04-16T15:36:21.823+0000] {dag.py:4180} INFO - Setting next_dagrun for layers_update to None, run_after=None
[2026-04-16T15:36:21.953+0000] {processor.py:208} INFO - Processing /opt/airflow/dags/layers_update.py took 0.276 seconds
[2026-04-16T15:36:52.852+0000] {processor.py:186} INFO - Started process (PID=55) to work on /opt/airflow/dags/layers_update.py
[2026-04-16T15:36:52.863+0000] {processor.py:914} INFO - Processing file /opt/airflow/dags/layers_update.py for tasks to queue
[2026-04-16T15:36:52.868+0000] {logging_mixin.py:190} INFO - [2026-04-16T15:36:52.867+0000] {dagbag.py:588} INFO - Filling up the DagBag from /opt/airflow/dags/layers_update.py
[2026-04-16T15:36:52.912+0000] {processor.py:925} INFO - DAG(s) 'layers_update' retrieved from /opt/airflow/dags/layers_update.py
[2026-04-16T15:36:53.001+0000] {logging_mixin.py:190} INFO - [2026-04-16T15:36:53.001+0000] {dag.py:3239} INFO - Sync 1 DAGs
[2026-04-16T15:36:53.053+0000] {logging_mixin.py:190} INFO - [2026-04-16T15:36:53.053+0000] {dag.py:4180} INFO - Setting next_dagrun for layers_update to None, run_after=None
[2026-04-16T15:36:53.116+0000] {processor.py:208} INFO - Processing /opt/airflow/dags/layers_update.py took 0.300 seconds
[2026-04-16T15:37:23.860+0000] {processor.py:186} INFO - Started process (PID=58) to work on /opt/airflow/dags/layers_update.py
[2026-04-16T15:37:23.861+0000] {processor.py:914} INFO - Processing file /opt/airflow/dags/layers_update.py for tasks to queue
[2026-04-16T15:37:23.865+0000] {logging_mixin.py:190} INFO - [2026-04-16T15:37:23.865+0000] {dagbag.py:588} INFO - Filling up the DagBag from /opt/airflow/dags/layers_update.py
[2026-04-16T15:37:23.887+0000] {processor.py:925} INFO - DAG(s) 'layers_update' retrieved from /opt/airflow/dags/layers_update.py
[2026-04-16T15:37:23.919+0000] {logging_mixin.py:190} INFO - [2026-04-16T15:37:23.918+0000] {dag.py:3239} INFO - Sync 1 DAGs
[2026-04-16T15:37:23.943+0000] {logging_mixin.py:190} INFO - [2026-04-16T15:37:23.943+0000] {dag.py:4180} INFO - Setting next_dagrun for layers_update to None, run_after=None
[2026-04-16T15:37:23.975+0000] {processor.py:208} INFO - Processing /opt/airflow/dags/layers_update.py took 0.128 seconds
[2026-04-16T15:37:54.673+0000] {processor.py:186} INFO - Started process (PID=61) to work on /opt/airflow/dags/layers_update.py
[2026-04-16T15:37:54.675+0000] {processor.py:914} INFO - Processing file /opt/airflow/dags/layers_update.py for tasks to queue
[2026-04-16T15:37:54.679+0000] {logging_mixin.py:190} INFO - [2026-04-16T15:37:54.678+0000] {dagbag.py:588} INFO - Filling up the DagBag from /opt/airflow/dags/layers_update.py
[2026-04-16T15:37:54.713+0000] {processor.py:925} INFO - DAG(s) 'layers_update' retrieved from /opt/airflow/dags/layers_update.py
[2026-04-16T15:37:54.747+0000] {logging_mixin.py:190} INFO - [2026-04-16T15:37:54.747+0000] {dag.py:3239} INFO - Sync 1 DAGs
[2026-04-16T15:37:54.771+0000] {logging_mixin.py:190} INFO - [2026-04-16T15:37:54.771+0000] {dag.py:4180} INFO - Setting next_dagrun for layers_update to None, run_after=None
[2026-04-16T15:37:54.812+0000] {processor.py:208} INFO - Processing /opt/airflow/dags/layers_update.py took 0.150 seconds
[2026-04-16T15:38:25.338+0000] {processor.py:186} INFO - Started process (PID=64) to work on /opt/airflow/dags/layers_update.py
[2026-04-16T15:38:25.344+0000] {processor.py:914} INFO - Processing file /opt/airflow/dags/layers_update.py for tasks to queue
[2026-04-16T15:38:25.347+0000] {logging_mixin.py:190} INFO - [2026-04-16T15:38:25.347+0000] {dagbag.py:588} INFO - Filling up the DagBag from /opt/airflow/dags/layers_update.py
[2026-04-16T15:38:25.377+0000] {processor.py:925} INFO - DAG(s) 'layers_update' retrieved from /opt/airflow/dags/layers_update.py
[2026-04-16T15:38:25.416+0000] {logging_mixin.py:190} INFO - [2026-04-16T15:38:25.415+0000] {dag.py:3239} INFO - Sync 1 DAGs
[2026-04-16T15:38:25.448+0000] {logging_mixin.py:190} INFO - [2026-04-16T15:38:25.447+0000] {dag.py:4180} INFO - Setting next_dagrun for layers_update to None, run_after=None
[2026-04-16T15:38:25.495+0000] {processor.py:208} INFO - Processing /opt/airflow/dags/layers_update.py took 0.172 seconds
[2026-04-16T15:38:55.705+0000] {processor.py:186} INFO - Started process (PID=67) to work on /opt/airflow/dags/layers_update.py
[2026-04-16T15:38:55.707+0000] {processor.py:914} INFO - Processing file /opt/airflow/dags/layers_update.py for tasks to queue
[2026-04-16T15:38:55.710+0000] {logging_mixin.py:190} INFO - [2026-04-16T15:38:55.710+0000] {dagbag.py:588} INFO - Filling up the DagBag from /opt/airflow/dags/layers_update.py
[2026-04-16T15:38:55.738+0000] {processor.py:925} INFO - DAG(s) 'layers_update' retrieved from /opt/airflow/dags/layers_update.py
[2026-04-16T15:38:55.772+0000] {logging_mixin.py:190} INFO - [2026-04-16T15:38:55.771+0000] {dag.py:3239} INFO - Sync 1 DAGs
[2026-04-16T15:38:55.794+0000] {logging_mixin.py:190} INFO - [2026-04-16T15:38:55.794+0000] {dag.py:4180} INFO - Setting next_dagrun for layers_update to None, run_after=None
[2026-04-16T15:38:55.818+0000] {processor.py:208} INFO - Processing /opt/airflow/dags/layers_update.py took 0.121 seconds
[2026-04-16T15:39:26.178+0000] {processor.py:186} INFO - Started process (PID=70) to work on /opt/airflow/dags/layers_update.py
[2026-04-16T15:39:26.180+0000] {processor.py:914} INFO - Processing file /opt/airflow/dags/layers_update.py for tasks to queue
[2026-04-16T15:39:26.184+0000] {logging_mixin.py:190} INFO - [2026-04-16T15:39:26.183+0000] {dagbag.py:588} INFO - Filling up the DagBag from /opt/airflow/dags/layers_update.py
[2026-04-16T15:39:26.211+0000] {processor.py:925} INFO - DAG(s) 'layers_update' retrieved from /opt/airflow/dags/layers_update.py
[2026-04-16T15:39:26.246+0000] {logging_mixin.py:190} INFO - [2026-04-16T15:39:26.246+0000] {dag.py:3239} INFO - Sync 1 DAGs
[2026-04-16T15:39:26.266+0000] {logging_mixin.py:190} INFO - [2026-04-16T15:39:26.266+0000] {dag.py:4180} INFO - Setting next_dagrun for layers_update to None, run_after=None
[2026-04-16T15:39:26.681+0000] {processor.py:208} INFO - Processing /opt/airflow/dags/layers_update.py took 0.512 seconds
[2026-04-16T15:39:57.325+0000] {processor.py:186} INFO - Started process (PID=73) to work on /opt/airflow/dags/layers_update.py
[2026-04-16T15:39:57.326+0000] {processor.py:914} INFO - Processing file /opt/airflow/dags/layers_update.py for tasks to queue
[2026-04-16T15:39:57.330+0000] {logging_mixin.py:190} INFO - [2026-04-16T15:39:57.329+0000] {dagbag.py:588} INFO - Filling up the DagBag from /opt/airflow/dags/layers_update.py
[2026-04-16T15:39:57.349+0000] {processor.py:925} INFO - DAG(s) 'layers_update' retrieved from /opt/airflow/dags/layers_update.py
[2026-04-16T15:39:57.419+0000] {logging_mixin.py:190} INFO - [2026-04-16T15:39:57.419+0000] {dag.py:3239} INFO - Sync 1 DAGs
[2026-04-16T15:39:57.441+0000] {logging_mixin.py:190} INFO - [2026-04-16T15:39:57.441+0000] {dag.py:4180} INFO - Setting next_dagrun for layers_update to None, run_after=None
[2026-04-16T15:39:57.468+0000] {processor.py:208} INFO - Processing /opt/airflow/dags/layers_update.py took 0.163 seconds
[2026-04-16T15:40:27.867+0000] {processor.py:186} INFO - Started process (PID=76) to work on /opt/airflow/dags/layers_update.py
[2026-04-16T15:40:27.869+0000] {processor.py:914} INFO - Processing file /opt/airflow/dags/layers_update.py for tasks to queue
[2026-04-16T15:40:27.873+0000] {logging_mixin.py:190} INFO - [2026-04-16T15:40:27.873+0000] {dagbag.py:588} INFO - Filling up the DagBag from /opt/airflow/dags/layers_update.py
[2026-04-16T15:40:27.899+0000] {processor.py:925} INFO - DAG(s) 'layers_update' retrieved from /opt/airflow/dags/layers_update.py
[2026-04-16T15:40:27.928+0000] {logging_mixin.py:190} INFO - [2026-04-16T15:40:27.927+0000] {dag.py:3239} INFO - Sync 1 DAGs
[2026-04-16T15:40:27.951+0000] {logging_mixin.py:190} INFO - [2026-04-16T15:40:27.951+0000] {dag.py:4180} INFO - Setting next_dagrun for layers_update to None, run_after=None
[2026-04-16T15:40:27.980+0000] {processor.py:208} INFO - Processing /opt/airflow/dags/layers_update.py took 0.123 seconds
[2026-04-16T15:40:58.442+0000] {processor.py:186} INFO - Started process (PID=79) to work on /opt/airflow/dags/layers_update.py
[2026-04-16T15:40:58.443+0000] {processor.py:914} INFO - Processing file /opt/airflow/dags/layers_update.py for tasks to queue
[2026-04-16T15:40:58.448+0000] {logging_mixin.py:190} INFO - [2026-04-16T15:40:58.447+0000] {dagbag.py:588} INFO - Filling up the DagBag from /opt/airflow/dags/layers_update.py
[2026-04-16T15:40:58.471+0000] {processor.py:925} INFO - DAG(s) 'layers_update' retrieved from /opt/airflow/dags/layers_update.py
[2026-04-16T15:40:58.500+0000] {logging_mixin.py:190} INFO - [2026-04-16T15:40:58.500+0000] {dag.py:3239} INFO - Sync 1 DAGs
[2026-04-16T15:40:58.517+0000] {logging_mixin.py:190} INFO - [2026-04-16T15:40:58.517+0000] {dag.py:4180} INFO - Setting next_dagrun for layers_update to None, run_after=None
[2026-04-16T15:40:58.543+0000] {processor.py:208} INFO - Processing /opt/airflow/dags/layers_update.py took 0.111 seconds
[2026-04-16T15:41:28.979+0000] {processor.py:186} INFO - Started process (PID=82) to work on /opt/airflow/dags/layers_update.py
[2026-04-16T15:41:28.981+0000] {processor.py:914} INFO - Processing file /opt/airflow/dags/layers_update.py for tasks to queue
[2026-04-16T15:41:28.985+0000] {logging_mixin.py:190} INFO - [2026-04-16T15:41:28.984+0000] {dagbag.py:588} INFO - Filling up the DagBag from /opt/airflow/dags/layers_update.py
[2026-04-16T15:41:29.011+0000] {processor.py:925} INFO - DAG(s) 'layers_update' retrieved from /opt/airflow/dags/layers_update.py
[2026-04-16T15:41:29.043+0000] {logging_mixin.py:190} INFO - [2026-04-16T15:41:29.043+0000] {dag.py:3239} INFO - Sync 1 DAGs
[2026-04-16T15:41:29.064+0000] {logging_mixin.py:190} INFO - [2026-04-16T15:41:29.064+0000] {dag.py:4180} INFO - Setting next_dagrun for layers_update to None, run_after=None
[2026-04-16T15:41:29.091+0000] {processor.py:208} INFO - Processing /opt/airflow/dags/layers_update.py took 0.120 seconds
[2026-04-16T15:41:59.778+0000] {processor.py:186} INFO - Started process (PID=85) to work on /opt/airflow/dags/layers_update.py
[2026-04-16T15:41:59.781+0000] {processor.py:914} INFO - Processing file /opt/airflow/dags/layers_update.py for tasks to queue
[2026-04-16T15:41:59.785+0000] {logging_mixin.py:190} INFO - [2026-04-16T15:41:59.784+0000] {dagbag.py:588} INFO - Filling up the DagBag from /opt/airflow/dags/layers_update.py
[2026-04-16T15:41:59.812+0000] {processor.py:925} INFO - DAG(s) 'layers_update' retrieved from /opt/airflow/dags/layers_update.py
[2026-04-16T15:41:59.847+0000] {logging_mixin.py:190} INFO - [2026-04-16T15:41:59.847+0000] {dag.py:3239} INFO - Sync 1 DAGs
[2026-04-16T15:41:59.870+0000] {logging_mixin.py:190} INFO - [2026-04-16T15:41:59.870+0000] {dag.py:4180} INFO - Setting next_dagrun for layers_update to None, run_after=None
[2026-04-16T15:41:59.896+0000] {processor.py:208} INFO - Processing /opt/airflow/dags/layers_update.py took 0.126 seconds
[2026-04-16T15:42:30.302+0000] {processor.py:186} INFO - Started process (PID=88) to work on /opt/airflow/dags/layers_update.py
[2026-04-16T15:42:30.303+0000] {processor.py:914} INFO - Processing file /opt/airflow/dags/layers_update.py for tasks to queue
[2026-04-16T15:42:30.307+0000] {logging_mixin.py:190} INFO - [2026-04-16T15:42:30.307+0000] {dagbag.py:588} INFO - Filling up the DagBag from /opt/airflow/dags/layers_update.py
[2026-04-16T15:42:30.333+0000] {processor.py:925} INFO - DAG(s) 'layers_update' retrieved from /opt/airflow/dags/layers_update.py
[2026-04-16T15:42:30.365+0000] {logging_mixin.py:190} INFO - [2026-04-16T15:42:30.365+0000] {dag.py:3239} INFO - Sync 1 DAGs
[2026-04-16T15:42:30.385+0000] {logging_mixin.py:190} INFO - [2026-04-16T15:42:30.385+0000] {dag.py:4180} INFO - Setting next_dagrun for layers_update to None, run_after=None
[2026-04-16T15:42:30.411+0000] {processor.py:208} INFO - Processing /opt/airflow/dags/layers_update.py took 0.117 seconds
[2026-04-16T15:43:01.492+0000] {processor.py:186} INFO - Started process (PID=91) to work on /opt/airflow/dags/layers_update.py
[2026-04-16T15:43:01.500+0000] {processor.py:914} INFO - Processing file /opt/airflow/dags/layers_update.py for tasks to queue
[2026-04-16T15:43:01.504+0000] {logging_mixin.py:190} INFO - [2026-04-16T15:43:01.503+0000] {dagbag.py:588} INFO - Filling up the DagBag from /opt/airflow/dags/layers_update.py
[2026-04-16T15:43:01.548+0000] {processor.py:925} INFO - DAG(s) 'layers_update' retrieved from /opt/airflow/dags/layers_update.py
[2026-04-16T15:43:01.596+0000] {logging_mixin.py:190} INFO - [2026-04-16T15:43:01.595+0000] {dag.py:3239} INFO - Sync 1 DAGs
[2026-04-16T15:43:01.666+0000] {logging_mixin.py:190} INFO - [2026-04-16T15:43:01.659+0000] {dag.py:4180} INFO - Setting next_dagrun for layers_update to None, run_after=None
[2026-04-16T15:43:01.720+0000] {processor.py:208} INFO - Processing /opt/airflow/dags/layers_update.py took 0.247 seconds
[2026-04-16T15:43:31.794+0000] {processor.py:186} INFO - Started process (PID=94) to work on /opt/airflow/dags/layers_update.py
[2026-04-16T15:43:31.797+0000] {processor.py:914} INFO - Processing file /opt/airflow/dags/layers_update.py for tasks to queue
[2026-04-16T15:43:31.801+0000] {logging_mixin.py:190} INFO - [2026-04-16T15:43:31.800+0000] {dagbag.py:588} INFO - Filling up the DagBag from /opt/airflow/dags/layers_update.py
[2026-04-16T15:43:31.828+0000] {processor.py:925} INFO - DAG(s) 'layers_update' retrieved from /opt/airflow/dags/layers_update.py
[2026-04-16T15:43:31.864+0000] {logging_mixin.py:190} INFO - [2026-04-16T15:43:31.863+0000] {dag.py:3239} INFO - Sync 1 DAGs
[2026-04-16T15:43:31.887+0000] {logging_mixin.py:190} INFO - [2026-04-16T15:43:31.886+0000] {dag.py:4180} INFO - Setting next_dagrun for layers_update to None, run_after=None
[2026-04-16T15:43:31.919+0000] {processor.py:208} INFO - Processing /opt/airflow/dags/layers_update.py took 0.134 seconds
