[2026-04-15T12:35:26.706+0000] {local_task_job_runner.py:123} INFO - ::group::Pre task execution logs
[2026-04-15T12:35:26.737+0000] {taskinstance.py:2614} INFO - Dependencies all met for dep_context=non-requeueable deps ti=<TaskInstance: layers_update.run_dbt manual__2026-04-15T12:35:24.648462+00:00 [queued]>
[2026-04-15T12:35:26.762+0000] {taskinstance.py:2614} INFO - Dependencies all met for dep_context=requeueable deps ti=<TaskInstance: layers_update.run_dbt manual__2026-04-15T12:35:24.648462+00:00 [queued]>
[2026-04-15T12:35:26.763+0000] {taskinstance.py:2867} INFO - Starting attempt 1 of 1
[2026-04-15T12:35:26.811+0000] {taskinstance.py:2890} INFO - Executing <Task(BashOperator): run_dbt> on 2026-04-15 12:35:24.648462+00:00
[2026-04-15T12:35:26.834+0000] {standard_task_runner.py:104} INFO - Running: ['***', 'tasks', 'run', 'layers_update', 'run_dbt', 'manual__2026-04-15T12:35:24.648462+00:00', '--job-id', '9', '--raw', '--subdir', 'DAGS_FOLDER/layers_update.py', '--cfg-path', '/tmp/tmpw57g8nzv']
[2026-04-15T12:35:26.835+0000] {warnings.py:112} WARNING - /home/***/.local/lib/python3.12/site-packages/***/task/task_runner/standard_task_runner.py:70: DeprecationWarning: This process (pid=103) is multi-threaded, use of fork() may lead to deadlocks in the child.
  pid = os.fork()

[2026-04-15T12:35:26.838+0000] {standard_task_runner.py:105} INFO - Job 9: Subtask run_dbt
[2026-04-15T12:35:26.839+0000] {standard_task_runner.py:72} INFO - Started process 104 to run task
[2026-04-15T12:35:26.915+0000] {task_command.py:467} INFO - Running <TaskInstance: layers_update.run_dbt manual__2026-04-15T12:35:24.648462+00:00 [running]> on host 06da903a9231
[2026-04-15T12:35:27.028+0000] {taskinstance.py:3134} INFO - Exporting env vars: AIRFLOW_CTX_DAG_OWNER='***' AIRFLOW_CTX_DAG_ID='layers_update' AIRFLOW_CTX_TASK_ID='run_dbt' AIRFLOW_CTX_EXECUTION_DATE='2026-04-15T12:35:24.648462+00:00' AIRFLOW_CTX_TRY_NUMBER='1' AIRFLOW_CTX_DAG_RUN_ID='manual__2026-04-15T12:35:24.648462+00:00'
[2026-04-15T12:35:27.030+0000] {taskinstance.py:732} INFO - ::endgroup::
[2026-04-15T12:35:27.055+0000] {subprocess.py:78} INFO - Tmp dir root location: /tmp
[2026-04-15T12:35:27.056+0000] {subprocess.py:88} INFO - Running command: ['/usr/bin/bash', '-c', 'dbt run']
[2026-04-15T12:35:27.074+0000] {subprocess.py:99} INFO - Output:
[2026-04-15T12:35:31.081+0000] {subprocess.py:106} INFO - [0m12:35:31  Running with dbt=1.7.0
[2026-04-15T12:35:31.573+0000] {subprocess.py:106} INFO - [0m12:35:31  Registered adapter: clickhouse=1.7.0
[2026-04-15T12:35:33.503+0000] {subprocess.py:106} INFO - [0m12:35:33  [[33mWARNING[0m]: Configuration paths exist in your dbt_project.yml file which do not apply to any resources.
[2026-04-15T12:35:33.504+0000] {subprocess.py:106} INFO - There are 1 unused configuration paths:
[2026-04-15T12:35:33.504+0000] {subprocess.py:106} INFO - - models.clickhouse_etl.raw
[2026-04-15T12:35:33.542+0000] {subprocess.py:106} INFO - [0m12:35:33  Found 11 models, 15 tests, 4 sources, 0 exposures, 0 metrics, 537 macros, 0 groups, 0 semantic models
[2026-04-15T12:35:33.546+0000] {subprocess.py:106} INFO - [0m12:35:33
[2026-04-15T12:35:34.180+0000] {subprocess.py:106} INFO - [0m12:35:34  Concurrency: 1 threads (target='dev')
[2026-04-15T12:35:34.182+0000] {subprocess.py:106} INFO - [0m12:35:34
[2026-04-15T12:35:34.196+0000] {subprocess.py:106} INFO - [0m12:35:34  1 of 11 START sql incremental model `ods_ods`.`browser_data` ................... [RUN]
[2026-04-15T12:35:34.531+0000] {subprocess.py:106} INFO - [0m12:35:34  1 of 11 OK created sql incremental model `ods_ods`.`browser_data` .............. [[32mOK[0m in 0.33s]
[2026-04-15T12:35:34.534+0000] {subprocess.py:106} INFO - [0m12:35:34  2 of 11 START sql incremental model `ods_ods`.`device_data` .................... [RUN]
[2026-04-15T12:35:34.730+0000] {subprocess.py:106} INFO - [0m12:35:34  2 of 11 OK created sql incremental model `ods_ods`.`device_data` ............... [[32mOK[0m in 0.19s]
[2026-04-15T12:35:34.734+0000] {subprocess.py:106} INFO - [0m12:35:34  3 of 11 START sql incremental model `ods_ods`.`geo_data` ....................... [RUN]
[2026-04-15T12:35:34.943+0000] {subprocess.py:106} INFO - [0m12:35:34  3 of 11 OK created sql incremental model `ods_ods`.`geo_data` .................. [[32mOK[0m in 0.21s]
[2026-04-15T12:35:34.947+0000] {subprocess.py:106} INFO - [0m12:35:34  4 of 11 START sql incremental model `ods_ods`.`location_data` .................. [RUN]
[2026-04-15T12:35:35.270+0000] {subprocess.py:106} INFO - [0m12:35:35  4 of 11 OK created sql incremental model `ods_ods`.`location_data` ............. [[32mOK[0m in 0.32s]
[2026-04-15T12:35:35.274+0000] {subprocess.py:106} INFO - [0m12:35:35  5 of 11 START sql incremental model `ods_dds`.`dim_browser` .................... [RUN]
[2026-04-15T12:35:35.483+0000] {subprocess.py:106} INFO - [0m12:35:35  5 of 11 OK created sql incremental model `ods_dds`.`dim_browser` ............... [[32mOK[0m in 0.21s]
[2026-04-15T12:35:35.486+0000] {subprocess.py:106} INFO - [0m12:35:35  6 of 11 START sql incremental model `ods_dds`.`dim_device` ..................... [RUN]
[2026-04-15T12:35:35.508+0000] {subprocess.py:106} INFO - [0m12:35:35  Generated UUID: e85780c7-3101-455c-bdd7-0c7e9ca9ee6f
[2026-04-15T12:35:35.704+0000] {subprocess.py:106} INFO - [0m12:35:35  6 of 11 OK created sql incremental model `ods_dds`.`dim_device` ................ [[32mOK[0m in 0.22s]
[2026-04-15T12:35:35.717+0000] {subprocess.py:106} INFO - [0m12:35:35  7 of 11 START sql incremental model `ods_dds`.`fct_click` ...................... [RUN]
[2026-04-15T12:35:35.962+0000] {subprocess.py:106} INFO - [0m12:35:35  7 of 11 OK created sql incremental model `ods_dds`.`fct_click` ................. [[32mOK[0m in 0.25s]
[2026-04-15T12:35:35.965+0000] {subprocess.py:106} INFO - [0m12:35:35  8 of 11 START sql incremental model `ods_dds`.`dim_geo` ........................ [RUN]
[2026-04-15T12:35:36.167+0000] {subprocess.py:106} INFO - [0m12:35:36  8 of 11 OK created sql incremental model `ods_dds`.`dim_geo` ................... [[32mOK[0m in 0.20s]
[2026-04-15T12:35:36.173+0000] {subprocess.py:106} INFO - [0m12:35:36  9 of 11 START sql incremental model `ods_dds`.`dim_location` ................... [RUN]
[2026-04-15T12:35:36.397+0000] {subprocess.py:106} INFO - [0m12:35:36  9 of 11 OK created sql incremental model `ods_dds`.`dim_location` .............. [[32mOK[0m in 0.22s]
[2026-04-15T12:35:36.400+0000] {subprocess.py:106} INFO - [0m12:35:36  10 of 11 START sql incremental model `ods_dm`.`dashboard` ...................... [RUN]
[2026-04-15T12:35:36.615+0000] {subprocess.py:106} INFO - [0m12:35:36  10 of 11 OK created sql incremental model `ods_dm`.`dashboard` ................. [[32mOK[0m in 0.21s]
[2026-04-15T12:35:36.627+0000] {subprocess.py:106} INFO - [0m12:35:36  11 of 11 START sql view model `ods_dm`.`dashboard_recent_data` ................. [RUN]
[2026-04-15T12:35:36.893+0000] {subprocess.py:106} INFO - [0m12:35:36  11 of 11 OK created sql view model `ods_dm`.`dashboard_recent_data` ............ [[32mOK[0m in 0.26s]
[2026-04-15T12:35:36.912+0000] {subprocess.py:106} INFO - [0m12:35:36
[2026-04-15T12:35:36.913+0000] {subprocess.py:106} INFO - [0m12:35:36  Finished running 10 incremental models, 1 view model in 0 hours 0 minutes and 3.36 seconds (3.36s).
[2026-04-15T12:35:36.943+0000] {subprocess.py:106} INFO - [0m12:35:36
[2026-04-15T12:35:36.944+0000] {subprocess.py:106} INFO - [0m12:35:36  [32mCompleted successfully[0m
[2026-04-15T12:35:36.945+0000] {subprocess.py:106} INFO - [0m12:35:36
[2026-04-15T12:35:36.945+0000] {subprocess.py:106} INFO - [0m12:35:36  Done. PASS=11 WARN=0 ERROR=0 SKIP=0 TOTAL=11
[2026-04-15T12:35:38.192+0000] {subprocess.py:110} INFO - Command exited with return code 0
[2026-04-15T12:35:38.231+0000] {taskinstance.py:341} INFO - ::group::Post task execution logs
[2026-04-15T12:35:38.232+0000] {taskinstance.py:353} INFO - Marking task as SUCCESS. dag_id=layers_update, task_id=run_dbt, run_id=manual__2026-04-15T12:35:24.648462+00:00, execution_date=20260415T123524, start_date=20260415T123526, end_date=20260415T123538
[2026-04-15T12:35:38.300+0000] {local_task_job_runner.py:266} INFO - Task exited with return code 0
[2026-04-15T12:35:38.340+0000] {taskinstance.py:3901} INFO - 1 downstream tasks scheduled from follow-on schedule check
[2026-04-15T12:35:38.344+0000] {local_task_job_runner.py:245} INFO - ::endgroup::
