[2026-04-13T06:00:47.382+0000] {local_task_job_runner.py:123} INFO - ::group::Pre task execution logs
[2026-04-13T06:00:47.403+0000] {taskinstance.py:2614} INFO - Dependencies all met for dep_context=non-requeueable deps ti=<TaskInstance: layers_update.run_dbt manual__2026-04-13T06:00:45.966542+00:00 [queued]>
[2026-04-13T06:00:47.414+0000] {taskinstance.py:2614} INFO - Dependencies all met for dep_context=requeueable deps ti=<TaskInstance: layers_update.run_dbt manual__2026-04-13T06:00:45.966542+00:00 [queued]>
[2026-04-13T06:00:47.415+0000] {taskinstance.py:2867} INFO - Starting attempt 1 of 1
[2026-04-13T06:00:47.432+0000] {taskinstance.py:2890} INFO - Executing <Task(BashOperator): run_dbt> on 2026-04-13 06:00:45.966542+00:00
[2026-04-13T06:00:47.441+0000] {warnings.py:112} WARNING - /home/***/.local/lib/python3.12/site-packages/***/task/task_runner/standard_task_runner.py:70: DeprecationWarning: This process (pid=97) is multi-threaded, use of fork() may lead to deadlocks in the child.
  pid = os.fork()

[2026-04-13T06:00:47.443+0000] {standard_task_runner.py:72} INFO - Started process 98 to run task
[2026-04-13T06:00:47.444+0000] {standard_task_runner.py:104} INFO - Running: ['***', 'tasks', 'run', 'layers_update', 'run_dbt', 'manual__2026-04-13T06:00:45.966542+00:00', '--job-id', '8', '--raw', '--subdir', 'DAGS_FOLDER/layers_update.py', '--cfg-path', '/tmp/tmphsy9kn7q']
[2026-04-13T06:00:47.445+0000] {standard_task_runner.py:105} INFO - Job 8: Subtask run_dbt
[2026-04-13T06:00:47.512+0000] {task_command.py:467} INFO - Running <TaskInstance: layers_update.run_dbt manual__2026-04-13T06:00:45.966542+00:00 [running]> on host 5a44e77a0e87
[2026-04-13T06:00:47.622+0000] {taskinstance.py:3134} INFO - Exporting env vars: AIRFLOW_CTX_DAG_OWNER='***' AIRFLOW_CTX_DAG_ID='layers_update' AIRFLOW_CTX_TASK_ID='run_dbt' AIRFLOW_CTX_EXECUTION_DATE='2026-04-13T06:00:45.966542+00:00' AIRFLOW_CTX_TRY_NUMBER='1' AIRFLOW_CTX_DAG_RUN_ID='manual__2026-04-13T06:00:45.966542+00:00'
[2026-04-13T06:00:47.623+0000] {taskinstance.py:732} INFO - ::endgroup::
[2026-04-13T06:00:47.643+0000] {subprocess.py:78} INFO - Tmp dir root location: /tmp
[2026-04-13T06:00:47.644+0000] {subprocess.py:88} INFO - Running command: ['/usr/bin/bash', '-c', 'dbt run']
[2026-04-13T06:00:47.656+0000] {subprocess.py:99} INFO - Output:
[2026-04-13T06:00:51.667+0000] {subprocess.py:106} INFO - [0m06:00:51  Running with dbt=1.7.0
[2026-04-13T06:00:52.125+0000] {subprocess.py:106} INFO - [0m06:00:52  Registered adapter: clickhouse=1.7.0
[2026-04-13T06:00:53.388+0000] {subprocess.py:106} INFO - [0m06:00:53  [[33mWARNING[0m]: Configuration paths exist in your dbt_project.yml file which do not apply to any resources.
[2026-04-13T06:00:53.389+0000] {subprocess.py:106} INFO - There are 1 unused configuration paths:
[2026-04-13T06:00:53.389+0000] {subprocess.py:106} INFO - - models.clickhouse_etl.raw
[2026-04-13T06:00:53.425+0000] {subprocess.py:106} INFO - [0m06:00:53  Found 12 models, 20 tests, 4 sources, 0 exposures, 0 metrics, 536 macros, 0 groups, 0 semantic models
[2026-04-13T06:00:53.430+0000] {subprocess.py:106} INFO - [0m06:00:53
[2026-04-13T06:00:53.989+0000] {subprocess.py:106} INFO - [0m06:00:53  Concurrency: 1 threads (target='dev')
[2026-04-13T06:00:53.991+0000] {subprocess.py:106} INFO - [0m06:00:53
[2026-04-13T06:00:54.006+0000] {subprocess.py:106} INFO - [0m06:00:54  1 of 12 START sql incremental model `ods_ods`.`browser_data` ................... [RUN]
[2026-04-13T06:00:54.307+0000] {subprocess.py:106} INFO - [0m06:00:54  1 of 12 OK created sql incremental model `ods_ods`.`browser_data` .............. [[32mOK[0m in 0.30s]
[2026-04-13T06:00:54.310+0000] {subprocess.py:106} INFO - [0m06:00:54  2 of 12 START sql incremental model `ods_ods`.`device_data` .................... [RUN]
[2026-04-13T06:00:54.511+0000] {subprocess.py:106} INFO - [0m06:00:54  2 of 12 OK created sql incremental model `ods_ods`.`device_data` ............... [[32mOK[0m in 0.20s]
[2026-04-13T06:00:54.514+0000] {subprocess.py:106} INFO - [0m06:00:54  3 of 12 START sql incremental model `ods_ods`.`geo_data` ....................... [RUN]
[2026-04-13T06:00:54.734+0000] {subprocess.py:106} INFO - [0m06:00:54  3 of 12 OK created sql incremental model `ods_ods`.`geo_data` .................. [[32mOK[0m in 0.22s]
[2026-04-13T06:00:54.738+0000] {subprocess.py:106} INFO - [0m06:00:54  4 of 12 START sql incremental model `ods_ods`.`location_data` .................. [RUN]
[2026-04-13T06:00:54.968+0000] {subprocess.py:106} INFO - [0m06:00:54  4 of 12 OK created sql incremental model `ods_ods`.`location_data` ............. [[32mOK[0m in 0.23s]
[2026-04-13T06:00:54.972+0000] {subprocess.py:106} INFO - [0m06:00:54  5 of 12 START sql incremental model `ods_dds`.`dim_browser` .................... [RUN]
[2026-04-13T06:00:55.186+0000] {subprocess.py:106} INFO - [0m06:00:55  5 of 12 OK created sql incremental model `ods_dds`.`dim_browser` ............... [[32mOK[0m in 0.21s]
[2026-04-13T06:00:55.189+0000] {subprocess.py:106} INFO - [0m06:00:55  6 of 12 START sql incremental model `ods_dds`.`dim_device` ..................... [RUN]
[2026-04-13T06:00:55.470+0000] {subprocess.py:106} INFO - [0m06:00:55  6 of 12 OK created sql incremental model `ods_dds`.`dim_device` ................ [[32mOK[0m in 0.28s]
[2026-04-13T06:00:55.474+0000] {subprocess.py:106} INFO - [0m06:00:55  7 of 12 START sql incremental model `ods_dds`.`fct_click` ...................... [RUN]
[2026-04-13T06:00:55.774+0000] {subprocess.py:106} INFO - [0m06:00:55  7 of 12 OK created sql incremental model `ods_dds`.`fct_click` ................. [[32mOK[0m in 0.29s]
[2026-04-13T06:00:55.780+0000] {subprocess.py:106} INFO - [0m06:00:55  8 of 12 START sql incremental model `ods_dds`.`dim_geo` ........................ [RUN]
[2026-04-13T06:00:56.033+0000] {subprocess.py:106} INFO - [0m06:00:56  8 of 12 OK created sql incremental model `ods_dds`.`dim_geo` ................... [[32mOK[0m in 0.25s]
[2026-04-13T06:00:56.037+0000] {subprocess.py:106} INFO - [0m06:00:56  9 of 12 START sql incremental model `ods_dds`.`dim_location` ................... [RUN]
[2026-04-13T06:00:56.269+0000] {subprocess.py:106} INFO - [0m06:00:56  9 of 12 OK created sql incremental model `ods_dds`.`dim_location` .............. [[32mOK[0m in 0.23s]
[2026-04-13T06:00:56.275+0000] {subprocess.py:106} INFO - [0m06:00:56  10 of 12 START sql view model `ods_dm`.`geo_stat` .............................. [RUN]
[2026-04-13T06:00:56.354+0000] {subprocess.py:106} INFO - [0m06:00:56  10 of 12 OK created sql view model `ods_dm`.`geo_stat` ......................... [[32mOK[0m in 0.08s]
[2026-04-13T06:00:56.357+0000] {subprocess.py:106} INFO - [0m06:00:56  11 of 12 START sql incremental model `ods_dm`.`daily_aggregates` ............... [RUN]
[2026-04-13T06:00:56.458+0000] {subprocess.py:106} INFO - [0m06:00:56  11 of 12 OK created sql incremental model `ods_dm`.`daily_aggregates` .......... [[32mOK[0m in 0.10s]
[2026-04-13T06:00:56.463+0000] {subprocess.py:106} INFO - [0m06:00:56  12 of 12 START sql view model `ods_dm`.`popular_source` ........................ [RUN]
[2026-04-13T06:00:56.526+0000] {subprocess.py:106} INFO - [0m06:00:56  12 of 12 OK created sql view model `ods_dm`.`popular_source` ................... [[32mOK[0m in 0.06s]
[2026-04-13T06:00:56.534+0000] {subprocess.py:106} INFO - [0m06:00:56
[2026-04-13T06:00:56.535+0000] {subprocess.py:106} INFO - [0m06:00:56  Finished running 10 incremental models, 2 view models in 0 hours 0 minutes and 3.10 seconds (3.10s).
[2026-04-13T06:00:56.566+0000] {subprocess.py:106} INFO - [0m06:00:56
[2026-04-13T06:00:56.567+0000] {subprocess.py:106} INFO - [0m06:00:56  [32mCompleted successfully[0m
[2026-04-13T06:00:56.568+0000] {subprocess.py:106} INFO - [0m06:00:56
[2026-04-13T06:00:56.569+0000] {subprocess.py:106} INFO - [0m06:00:56  Done. PASS=12 WARN=0 ERROR=0 SKIP=0 TOTAL=12
[2026-04-13T06:00:57.703+0000] {subprocess.py:110} INFO - Command exited with return code 0
[2026-04-13T06:00:57.736+0000] {taskinstance.py:341} INFO - ::group::Post task execution logs
[2026-04-13T06:00:57.737+0000] {taskinstance.py:353} INFO - Marking task as SUCCESS. dag_id=layers_update, task_id=run_dbt, run_id=manual__2026-04-13T06:00:45.966542+00:00, execution_date=20260413T060045, start_date=20260413T060047, end_date=20260413T060057
[2026-04-13T06:00:57.784+0000] {local_task_job_runner.py:266} INFO - Task exited with return code 0
[2026-04-13T06:00:57.812+0000] {taskinstance.py:3901} INFO - 1 downstream tasks scheduled from follow-on schedule check
[2026-04-13T06:00:57.817+0000] {local_task_job_runner.py:245} INFO - ::endgroup::
