[2026-04-21T08:22:46.022+0000] {local_task_job_runner.py:123} INFO - ::group::Pre task execution logs
[2026-04-21T08:22:46.043+0000] {taskinstance.py:2614} INFO - Dependencies all met for dep_context=non-requeueable deps ti=<TaskInstance: layers_update.run_dbt manual__2026-04-21T08:22:43.692193+00:00 [queued]>
[2026-04-21T08:22:46.053+0000] {taskinstance.py:2614} INFO - Dependencies all met for dep_context=requeueable deps ti=<TaskInstance: layers_update.run_dbt manual__2026-04-21T08:22:43.692193+00:00 [queued]>
[2026-04-21T08:22:46.054+0000] {taskinstance.py:2867} INFO - Starting attempt 1 of 1
[2026-04-21T08:22:46.071+0000] {taskinstance.py:2890} INFO - Executing <Task(BashOperator): run_dbt> on 2026-04-21 08:22:43.692193+00:00
[2026-04-21T08:22:46.079+0000] {warnings.py:112} WARNING - /home/***/.local/lib/python3.12/site-packages/***/task/task_runner/standard_task_runner.py:70: DeprecationWarning: This process (pid=448) is multi-threaded, use of fork() may lead to deadlocks in the child.
  pid = os.fork()

[2026-04-21T08:22:46.082+0000] {standard_task_runner.py:72} INFO - Started process 449 to run task
[2026-04-21T08:22:46.082+0000] {standard_task_runner.py:104} INFO - Running: ['***', 'tasks', 'run', 'layers_update', 'run_dbt', 'manual__2026-04-21T08:22:43.692193+00:00', '--job-id', '59', '--raw', '--subdir', 'DAGS_FOLDER/layers_update.py', '--cfg-path', '/tmp/tmpbu8w9ode']
[2026-04-21T08:22:46.084+0000] {standard_task_runner.py:105} INFO - Job 59: Subtask run_dbt
[2026-04-21T08:22:46.146+0000] {task_command.py:467} INFO - Running <TaskInstance: layers_update.run_dbt manual__2026-04-21T08:22:43.692193+00:00 [running]> on host 685b945180b2
[2026-04-21T08:22:46.256+0000] {taskinstance.py:3134} INFO - Exporting env vars: AIRFLOW_CTX_DAG_OWNER='***' AIRFLOW_CTX_DAG_ID='layers_update' AIRFLOW_CTX_TASK_ID='run_dbt' AIRFLOW_CTX_EXECUTION_DATE='2026-04-21T08:22:43.692193+00:00' AIRFLOW_CTX_TRY_NUMBER='1' AIRFLOW_CTX_DAG_RUN_ID='manual__2026-04-21T08:22:43.692193+00:00'
[2026-04-21T08:22:46.257+0000] {taskinstance.py:732} INFO - ::endgroup::
[2026-04-21T08:22:46.276+0000] {subprocess.py:78} INFO - Tmp dir root location: /tmp
[2026-04-21T08:22:46.277+0000] {subprocess.py:88} INFO - Running command: ['/usr/bin/bash', '-c', 'dbt run']
[2026-04-21T08:22:46.290+0000] {subprocess.py:99} INFO - Output:
[2026-04-21T08:22:50.601+0000] {subprocess.py:106} INFO - [0m08:22:50  Running with dbt=1.7.0
[2026-04-21T08:22:51.033+0000] {subprocess.py:106} INFO - [0m08:22:51  Registered adapter: clickhouse=1.7.0
[2026-04-21T08:22:52.142+0000] {subprocess.py:106} INFO - [0m08:22:52  [[33mWARNING[0m]: Configuration paths exist in your dbt_project.yml file which do not apply to any resources.
[2026-04-21T08:22:52.143+0000] {subprocess.py:106} INFO - There are 1 unused configuration paths:
[2026-04-21T08:22:52.146+0000] {subprocess.py:106} INFO - - models.clickhouse_etl.raw
[2026-04-21T08:22:52.186+0000] {subprocess.py:106} INFO - [0m08:22:52  Found 11 models, 15 tests, 4 sources, 0 exposures, 0 metrics, 538 macros, 0 groups, 0 semantic models
[2026-04-21T08:22:52.190+0000] {subprocess.py:106} INFO - [0m08:22:52
[2026-04-21T08:22:52.727+0000] {subprocess.py:106} INFO - [0m08:22:52  Concurrency: 1 threads (target='dev')
[2026-04-21T08:22:52.729+0000] {subprocess.py:106} INFO - [0m08:22:52
[2026-04-21T08:22:52.751+0000] {subprocess.py:106} INFO - [0m08:22:52  1 of 11 START sql incremental model `ods`.`browser_data` ....................... [RUN]
[2026-04-21T08:22:53.090+0000] {subprocess.py:106} INFO - [0m08:22:53  1 of 11 OK created sql incremental model `ods`.`browser_data` .................. [[32mOK[0m in 0.34s]
[2026-04-21T08:22:53.097+0000] {subprocess.py:106} INFO - [0m08:22:53  2 of 11 START sql incremental model `ods`.`device_data` ........................ [RUN]
[2026-04-21T08:22:53.323+0000] {subprocess.py:106} INFO - [0m08:22:53  2 of 11 OK created sql incremental model `ods`.`device_data` ................... [[32mOK[0m in 0.22s]
[2026-04-21T08:22:53.327+0000] {subprocess.py:106} INFO - [0m08:22:53  3 of 11 START sql incremental model `ods`.`geo_data` ........................... [RUN]
[2026-04-21T08:22:53.555+0000] {subprocess.py:106} INFO - [0m08:22:53  3 of 11 OK created sql incremental model `ods`.`geo_data` ...................... [[32mOK[0m in 0.22s]
[2026-04-21T08:22:53.558+0000] {subprocess.py:106} INFO - [0m08:22:53  4 of 11 START sql incremental model `ods`.`location_data` ...................... [RUN]
[2026-04-21T08:22:53.775+0000] {subprocess.py:106} INFO - [0m08:22:53  4 of 11 OK created sql incremental model `ods`.`location_data` ................. [[32mOK[0m in 0.22s]
[2026-04-21T08:22:53.781+0000] {subprocess.py:106} INFO - [0m08:22:53  5 of 11 START sql incremental model `dds`.`dim_browser` ........................ [RUN]
[2026-04-21T08:22:54.067+0000] {subprocess.py:106} INFO - [0m08:22:54  5 of 11 OK created sql incremental model `dds`.`dim_browser` ................... [[32mOK[0m in 0.28s]
[2026-04-21T08:22:54.070+0000] {subprocess.py:106} INFO - [0m08:22:54  6 of 11 START sql incremental model `dds`.`dim_device` ......................... [RUN]
[2026-04-21T08:22:54.283+0000] {subprocess.py:106} INFO - [0m08:22:54  6 of 11 OK created sql incremental model `dds`.`dim_device` .................... [[32mOK[0m in 0.21s]
[2026-04-21T08:22:54.287+0000] {subprocess.py:106} INFO - [0m08:22:54  7 of 11 START sql incremental model `dds`.`fct_click` .......................... [RUN]
[2026-04-21T08:22:54.592+0000] {subprocess.py:106} INFO - [0m08:22:54  7 of 11 OK created sql incremental model `dds`.`fct_click` ..................... [[32mOK[0m in 0.30s]
[2026-04-21T08:22:54.598+0000] {subprocess.py:106} INFO - [0m08:22:54  8 of 11 START sql incremental model `dds`.`dim_geo` ............................ [RUN]
[2026-04-21T08:22:54.825+0000] {subprocess.py:106} INFO - [0m08:22:54  8 of 11 OK created sql incremental model `dds`.`dim_geo` ....................... [[32mOK[0m in 0.22s]
[2026-04-21T08:22:54.829+0000] {subprocess.py:106} INFO - [0m08:22:54  9 of 11 START sql incremental model `dds`.`dim_location` ....................... [RUN]
[2026-04-21T08:22:55.041+0000] {subprocess.py:106} INFO - [0m08:22:55  9 of 11 OK created sql incremental model `dds`.`dim_location` .................. [[32mOK[0m in 0.21s]
[2026-04-21T08:22:55.051+0000] {subprocess.py:106} INFO - [0m08:22:55  10 of 11 START sql incremental model `dm`.`dashboard` .......................... [RUN]
[2026-04-21T08:22:55.287+0000] {subprocess.py:106} INFO - [0m08:22:55  10 of 11 OK created sql incremental model `dm`.`dashboard` ..................... [[32mOK[0m in 0.24s]
[2026-04-21T08:22:55.290+0000] {subprocess.py:106} INFO - [0m08:22:55  11 of 11 START sql view model `dm`.`dashboard_recent_data` ..................... [RUN]
[2026-04-21T08:22:55.455+0000] {subprocess.py:106} INFO - [0m08:22:55  11 of 11 OK created sql view model `dm`.`dashboard_recent_data` ................ [[32mOK[0m in 0.16s]
[2026-04-21T08:22:55.463+0000] {subprocess.py:106} INFO - [0m08:22:55
[2026-04-21T08:22:55.464+0000] {subprocess.py:106} INFO - [0m08:22:55  Finished running 10 incremental models, 1 view model in 0 hours 0 minutes and 3.27 seconds (3.27s).
[2026-04-21T08:22:55.491+0000] {subprocess.py:106} INFO - [0m08:22:55
[2026-04-21T08:22:55.492+0000] {subprocess.py:106} INFO - [0m08:22:55  [32mCompleted successfully[0m
[2026-04-21T08:22:55.493+0000] {subprocess.py:106} INFO - [0m08:22:55
[2026-04-21T08:22:55.494+0000] {subprocess.py:106} INFO - [0m08:22:55  Done. PASS=11 WARN=0 ERROR=0 SKIP=0 TOTAL=11
[2026-04-21T08:22:56.650+0000] {subprocess.py:110} INFO - Command exited with return code 0
[2026-04-21T08:22:56.684+0000] {taskinstance.py:341} INFO - ::group::Post task execution logs
[2026-04-21T08:22:56.685+0000] {taskinstance.py:353} INFO - Marking task as SUCCESS. dag_id=layers_update, task_id=run_dbt, run_id=manual__2026-04-21T08:22:43.692193+00:00, execution_date=20260421T082243, start_date=20260421T082246, end_date=20260421T082256
[2026-04-21T08:22:56.738+0000] {local_task_job_runner.py:266} INFO - Task exited with return code 0
[2026-04-21T08:22:56.765+0000] {taskinstance.py:3901} INFO - 1 downstream tasks scheduled from follow-on schedule check
[2026-04-21T08:22:56.770+0000] {local_task_job_runner.py:245} INFO - ::endgroup::
