[2026-04-15T16:11:04.226+0000] {local_task_job_runner.py:123} INFO - ::group::Pre task execution logs
[2026-04-15T16:11:04.249+0000] {taskinstance.py:2614} INFO - Dependencies all met for dep_context=non-requeueable deps ti=<TaskInstance: kafka_producer.send_jsonl_to_kafka manual__2026-04-15T16:11:03.138085+00:00 [queued]>
[2026-04-15T16:11:04.257+0000] {taskinstance.py:2614} INFO - Dependencies all met for dep_context=requeueable deps ti=<TaskInstance: kafka_producer.send_jsonl_to_kafka manual__2026-04-15T16:11:03.138085+00:00 [queued]>
[2026-04-15T16:11:04.261+0000] {taskinstance.py:2867} INFO - Starting attempt 1 of 1
[2026-04-15T16:11:04.281+0000] {taskinstance.py:2890} INFO - Executing <Task(PythonOperator): send_jsonl_to_kafka> on 2026-04-15 16:11:03.138085+00:00
[2026-04-15T16:11:04.290+0000] {warnings.py:112} WARNING - /home/***/.local/lib/python3.12/site-packages/***/task/task_runner/standard_task_runner.py:70: DeprecationWarning: This process (pid=116) is multi-threaded, use of fork() may lead to deadlocks in the child.
  pid = os.fork()

[2026-04-15T16:11:04.294+0000] {standard_task_runner.py:104} INFO - Running: ['***', 'tasks', 'run', 'kafka_producer', 'send_jsonl_to_kafka', 'manual__2026-04-15T16:11:03.138085+00:00', '--job-id', '12', '--raw', '--subdir', 'DAGS_FOLDER/kafka_load.py', '--cfg-path', '/tmp/tmpl3grn_uh']
[2026-04-15T16:11:04.295+0000] {standard_task_runner.py:72} INFO - Started process 117 to run task
[2026-04-15T16:11:04.296+0000] {standard_task_runner.py:105} INFO - Job 12: Subtask send_jsonl_to_kafka
[2026-04-15T16:11:04.371+0000] {task_command.py:467} INFO - Running <TaskInstance: kafka_producer.send_jsonl_to_kafka manual__2026-04-15T16:11:03.138085+00:00 [running]> on host 501efe15e1f8
[2026-04-15T16:11:04.512+0000] {taskinstance.py:3134} INFO - Exporting env vars: AIRFLOW_CTX_DAG_OWNER='***' AIRFLOW_CTX_DAG_ID='kafka_producer' AIRFLOW_CTX_TASK_ID='send_jsonl_to_kafka' AIRFLOW_CTX_EXECUTION_DATE='2026-04-15T16:11:03.138085+00:00' AIRFLOW_CTX_TRY_NUMBER='1' AIRFLOW_CTX_DAG_RUN_ID='manual__2026-04-15T16:11:03.138085+00:00'
[2026-04-15T16:11:04.514+0000] {taskinstance.py:732} INFO - ::endgroup::
[2026-04-15T16:11:04.554+0000] {kafka_load.py:28} INFO - Обрабатывается файл: browser_events.jsonl
[2026-04-15T16:11:04.562+0000] {kafka_load.py:40} INFO - Отправлено 100 сообщений
[2026-04-15T16:11:04.565+0000] {kafka_load.py:40} INFO - Отправлено 200 сообщений
[2026-04-15T16:11:04.567+0000] {kafka_load.py:40} INFO - Отправлено 300 сообщений
[2026-04-15T16:11:04.569+0000] {kafka_load.py:40} INFO - Отправлено 400 сообщений
[2026-04-15T16:11:04.572+0000] {kafka_load.py:40} INFO - Отправлено 500 сообщений
[2026-04-15T16:11:04.578+0000] {kafka_load.py:40} INFO - Отправлено 600 сообщений
[2026-04-15T16:11:04.580+0000] {kafka_load.py:40} INFO - Отправлено 700 сообщений
[2026-04-15T16:11:04.583+0000] {kafka_load.py:40} INFO - Отправлено 800 сообщений
[2026-04-15T16:11:04.585+0000] {kafka_load.py:40} INFO - Отправлено 900 сообщений
[2026-04-15T16:11:04.589+0000] {kafka_load.py:40} INFO - Отправлено 1000 сообщений
[2026-04-15T16:11:04.590+0000] {kafka_load.py:51} INFO - Обработка файла browser_events.jsonl завершена
[2026-04-15T16:11:04.591+0000] {kafka_load.py:28} INFO - Обрабатывается файл: device_events.jsonl
[2026-04-15T16:11:04.597+0000] {kafka_load.py:40} INFO - Отправлено 100 сообщений
[2026-04-15T16:11:04.599+0000] {kafka_load.py:40} INFO - Отправлено 200 сообщений
[2026-04-15T16:11:04.602+0000] {kafka_load.py:40} INFO - Отправлено 300 сообщений
[2026-04-15T16:11:04.604+0000] {kafka_load.py:40} INFO - Отправлено 400 сообщений
[2026-04-15T16:11:04.608+0000] {kafka_load.py:40} INFO - Отправлено 500 сообщений
[2026-04-15T16:11:04.621+0000] {kafka_load.py:40} INFO - Отправлено 600 сообщений
[2026-04-15T16:11:04.630+0000] {kafka_load.py:40} INFO - Отправлено 700 сообщений
[2026-04-15T16:11:04.634+0000] {kafka_load.py:40} INFO - Отправлено 800 сообщений
[2026-04-15T16:11:04.640+0000] {kafka_load.py:40} INFO - Отправлено 900 сообщений
[2026-04-15T16:11:04.648+0000] {kafka_load.py:40} INFO - Отправлено 1000 сообщений
[2026-04-15T16:11:04.649+0000] {kafka_load.py:42} ERROR - Ошибка JSON в строке: 1001: Expecting ':' delimiter: line 1 column 19 (char 18)
[2026-04-15T16:11:04.653+0000] {kafka_load.py:51} INFO - Обработка файла device_events.jsonl завершена
[2026-04-15T16:11:04.654+0000] {kafka_load.py:28} INFO - Обрабатывается файл: geo_events.jsonl
[2026-04-15T16:11:04.667+0000] {kafka_load.py:40} INFO - Отправлено 100 сообщений
[2026-04-15T16:11:04.673+0000] {kafka_load.py:40} INFO - Отправлено 200 сообщений
[2026-04-15T16:11:04.683+0000] {kafka_load.py:40} INFO - Отправлено 300 сообщений
[2026-04-15T16:11:04.687+0000] {kafka_load.py:40} INFO - Отправлено 400 сообщений
[2026-04-15T16:11:04.689+0000] {kafka_load.py:40} INFO - Отправлено 500 сообщений
[2026-04-15T16:11:04.696+0000] {kafka_load.py:40} INFO - Отправлено 600 сообщений
[2026-04-15T16:11:04.699+0000] {kafka_load.py:40} INFO - Отправлено 700 сообщений
[2026-04-15T16:11:04.702+0000] {kafka_load.py:40} INFO - Отправлено 800 сообщений
[2026-04-15T16:11:04.704+0000] {kafka_load.py:40} INFO - Отправлено 900 сообщений
[2026-04-15T16:11:04.711+0000] {kafka_load.py:40} INFO - Отправлено 1000 сообщений
[2026-04-15T16:11:04.714+0000] {kafka_load.py:51} INFO - Обработка файла geo_events.jsonl завершена
[2026-04-15T16:11:04.715+0000] {kafka_load.py:28} INFO - Обрабатывается файл: location_events.jsonl
[2026-04-15T16:11:04.718+0000] {kafka_load.py:40} INFO - Отправлено 100 сообщений
[2026-04-15T16:11:04.722+0000] {kafka_load.py:40} INFO - Отправлено 200 сообщений
[2026-04-15T16:11:04.729+0000] {kafka_load.py:40} INFO - Отправлено 300 сообщений
[2026-04-15T16:11:04.732+0000] {kafka_load.py:40} INFO - Отправлено 400 сообщений
[2026-04-15T16:11:04.735+0000] {kafka_load.py:40} INFO - Отправлено 500 сообщений
[2026-04-15T16:11:04.737+0000] {kafka_load.py:40} INFO - Отправлено 600 сообщений
[2026-04-15T16:11:04.740+0000] {kafka_load.py:40} INFO - Отправлено 700 сообщений
[2026-04-15T16:11:04.747+0000] {kafka_load.py:40} INFO - Отправлено 800 сообщений
[2026-04-15T16:11:04.749+0000] {kafka_load.py:40} INFO - Отправлено 900 сообщений
[2026-04-15T16:11:04.752+0000] {kafka_load.py:40} INFO - Отправлено 1000 сообщений
[2026-04-15T16:11:04.753+0000] {kafka_load.py:51} INFO - Обработка файла location_events.jsonl завершена
[2026-04-15T16:11:04.755+0000] {kafka_load.py:54} INFO - Обработка файлов успешно завершена
[2026-04-15T16:11:04.756+0000] {python.py:240} INFO - Done. Returned value was: None
[2026-04-15T16:11:04.773+0000] {taskinstance.py:341} INFO - ::group::Post task execution logs
[2026-04-15T16:11:04.774+0000] {taskinstance.py:353} INFO - Marking task as SUCCESS. dag_id=kafka_producer, task_id=send_jsonl_to_kafka, run_id=manual__2026-04-15T16:11:03.138085+00:00, execution_date=20260415T161103, start_date=20260415T161104, end_date=20260415T161104
[2026-04-15T16:11:04.839+0000] {local_task_job_runner.py:266} INFO - Task exited with return code 0
[2026-04-15T16:11:04.871+0000] {taskinstance.py:3901} INFO - 1 downstream tasks scheduled from follow-on schedule check
[2026-04-15T16:11:04.876+0000] {local_task_job_runner.py:245} INFO - ::endgroup::
