[2026-04-12T15:30:24.427+0000] {local_task_job_runner.py:123} INFO - ::group::Pre task execution logs
[2026-04-12T15:30:24.449+0000] {taskinstance.py:2614} INFO - Dependencies all met for dep_context=non-requeueable deps ti=<TaskInstance: layers_update.run_dbt manual__2026-04-12T15:30:21.939412+00:00 [queued]>
[2026-04-12T15:30:24.463+0000] {taskinstance.py:2614} INFO - Dependencies all met for dep_context=requeueable deps ti=<TaskInstance: layers_update.run_dbt manual__2026-04-12T15:30:21.939412+00:00 [queued]>
[2026-04-12T15:30:24.466+0000] {taskinstance.py:2867} INFO - Starting attempt 1 of 1
[2026-04-12T15:30:24.501+0000] {taskinstance.py:2890} INFO - Executing <Task(BashOperator): run_dbt> on 2026-04-12 15:30:21.939412+00:00
[2026-04-12T15:30:24.522+0000] {warnings.py:112} WARNING - /home/***/.local/lib/python3.12/site-packages/***/task/task_runner/standard_task_runner.py:70: DeprecationWarning: This process (pid=79) is multi-threaded, use of fork() may lead to deadlocks in the child.
  pid = os.fork()

[2026-04-12T15:30:24.523+0000] {standard_task_runner.py:104} INFO - Running: ['***', 'tasks', 'run', 'layers_update', 'run_dbt', 'manual__2026-04-12T15:30:21.939412+00:00', '--job-id', '7', '--raw', '--subdir', 'DAGS_FOLDER/layers_update.py', '--cfg-path', '/tmp/tmps2_ksoop']
[2026-04-12T15:30:24.525+0000] {standard_task_runner.py:72} INFO - Started process 80 to run task
[2026-04-12T15:30:24.525+0000] {standard_task_runner.py:105} INFO - Job 7: Subtask run_dbt
[2026-04-12T15:30:24.626+0000] {task_command.py:467} INFO - Running <TaskInstance: layers_update.run_dbt manual__2026-04-12T15:30:21.939412+00:00 [running]> on host ab365e87f8e7
[2026-04-12T15:30:24.728+0000] {taskinstance.py:3134} INFO - Exporting env vars: AIRFLOW_CTX_DAG_OWNER='***' AIRFLOW_CTX_DAG_ID='layers_update' AIRFLOW_CTX_TASK_ID='run_dbt' AIRFLOW_CTX_EXECUTION_DATE='2026-04-12T15:30:21.939412+00:00' AIRFLOW_CTX_TRY_NUMBER='1' AIRFLOW_CTX_DAG_RUN_ID='manual__2026-04-12T15:30:21.939412+00:00'
[2026-04-12T15:30:24.731+0000] {taskinstance.py:732} INFO - ::endgroup::
[2026-04-12T15:30:24.759+0000] {subprocess.py:78} INFO - Tmp dir root location: /tmp
[2026-04-12T15:30:24.762+0000] {subprocess.py:88} INFO - Running command: ['/usr/bin/bash', '-c', 'dbt run']
[2026-04-12T15:30:24.776+0000] {subprocess.py:99} INFO - Output:
[2026-04-12T15:30:28.551+0000] {subprocess.py:106} INFO - [0m15:30:28  Running with dbt=1.7.0
[2026-04-12T15:30:28.938+0000] {subprocess.py:106} INFO - [0m15:30:28  Registered adapter: clickhouse=1.7.0
[2026-04-12T15:30:30.475+0000] {subprocess.py:106} INFO - [0m15:30:30  [[33mWARNING[0m]: Configuration paths exist in your dbt_project.yml file which do not apply to any resources.
[2026-04-12T15:30:30.476+0000] {subprocess.py:106} INFO - There are 1 unused configuration paths:
[2026-04-12T15:30:30.477+0000] {subprocess.py:106} INFO - - models.clickhouse_etl.raw
[2026-04-12T15:30:30.514+0000] {subprocess.py:106} INFO - [0m15:30:30  Found 12 models, 20 tests, 4 sources, 0 exposures, 0 metrics, 536 macros, 0 groups, 0 semantic models
[2026-04-12T15:30:30.518+0000] {subprocess.py:106} INFO - [0m15:30:30
[2026-04-12T15:30:30.972+0000] {subprocess.py:106} INFO - [0m15:30:30  Concurrency: 1 threads (target='dev')
[2026-04-12T15:30:30.973+0000] {subprocess.py:106} INFO - [0m15:30:30
[2026-04-12T15:30:30.987+0000] {subprocess.py:106} INFO - [0m15:30:30  1 of 12 START sql incremental model `ods_ods`.`browser_data` ................... [RUN]
[2026-04-12T15:30:31.315+0000] {subprocess.py:106} INFO - [0m15:30:31  1 of 12 OK created sql incremental model `ods_ods`.`browser_data` .............. [[32mOK[0m in 0.33s]
[2026-04-12T15:30:31.318+0000] {subprocess.py:106} INFO - [0m15:30:31  2 of 12 START sql incremental model `ods_ods`.`device_data` .................... [RUN]
[2026-04-12T15:30:31.578+0000] {subprocess.py:106} INFO - [0m15:30:31  2 of 12 OK created sql incremental model `ods_ods`.`device_data` ............... [[32mOK[0m in 0.26s]
[2026-04-12T15:30:31.583+0000] {subprocess.py:106} INFO - [0m15:30:31  3 of 12 START sql incremental model `ods_ods`.`geo_data` ....................... [RUN]
[2026-04-12T15:30:31.814+0000] {subprocess.py:106} INFO - [0m15:30:31  3 of 12 OK created sql incremental model `ods_ods`.`geo_data` .................. [[32mOK[0m in 0.23s]
[2026-04-12T15:30:31.818+0000] {subprocess.py:106} INFO - [0m15:30:31  4 of 12 START sql incremental model `ods_ods`.`location_data` .................. [RUN]
[2026-04-12T15:30:32.109+0000] {subprocess.py:106} INFO - [0m15:30:32  4 of 12 OK created sql incremental model `ods_ods`.`location_data` ............. [[32mOK[0m in 0.29s]
[2026-04-12T15:30:32.114+0000] {subprocess.py:106} INFO - [0m15:30:32  5 of 12 START sql incremental model `ods_dds`.`dim_browser` .................... [RUN]
[2026-04-12T15:30:32.362+0000] {subprocess.py:106} INFO - [0m15:30:32  5 of 12 OK created sql incremental model `ods_dds`.`dim_browser` ............... [[32mOK[0m in 0.24s]
[2026-04-12T15:30:32.365+0000] {subprocess.py:106} INFO - [0m15:30:32  6 of 12 START sql incremental model `ods_dds`.`dim_device` ..................... [RUN]
[2026-04-12T15:30:32.588+0000] {subprocess.py:106} INFO - [0m15:30:32  6 of 12 OK created sql incremental model `ods_dds`.`dim_device` ................ [[32mOK[0m in 0.22s]
[2026-04-12T15:30:32.592+0000] {subprocess.py:106} INFO - [0m15:30:32  7 of 12 START sql incremental model `ods_dds`.`fct_click` ...................... [RUN]
[2026-04-12T15:30:32.711+0000] {subprocess.py:106} INFO - [0m15:30:32  7 of 12 ERROR creating sql incremental model `ods_dds`.`fct_click` ............. [[31mERROR[0m in 0.12s]
[2026-04-12T15:30:32.716+0000] {subprocess.py:106} INFO - [0m15:30:32  8 of 12 START sql incremental model `ods_dds`.`dim_geo` ........................ [RUN]
[2026-04-12T15:30:32.944+0000] {subprocess.py:106} INFO - [0m15:30:32  8 of 12 OK created sql incremental model `ods_dds`.`dim_geo` ................... [[32mOK[0m in 0.23s]
[2026-04-12T15:30:32.949+0000] {subprocess.py:106} INFO - [0m15:30:32  9 of 12 START sql incremental model `ods_dds`.`dim_location` ................... [RUN]
[2026-04-12T15:30:33.173+0000] {subprocess.py:106} INFO - [0m15:30:33  9 of 12 OK created sql incremental model `ods_dds`.`dim_location` .............. [[32mOK[0m in 0.22s]
[2026-04-12T15:30:33.176+0000] {subprocess.py:106} INFO - [0m15:30:33  10 of 12 SKIP relation ods_dm.dm_geo_stat ...................................... [[33mSKIP[0m]
[2026-04-12T15:30:33.179+0000] {subprocess.py:106} INFO - [0m15:30:33  11 of 12 SKIP relation ods_dm.dm_daily_aggregates .............................. [[33mSKIP[0m]
[2026-04-12T15:30:33.183+0000] {subprocess.py:106} INFO - [0m15:30:33  12 of 12 SKIP relation ods_dm.dm_popular_sources ............................... [[33mSKIP[0m]
[2026-04-12T15:30:33.190+0000] {subprocess.py:106} INFO - [0m15:30:33
[2026-04-12T15:30:33.192+0000] {subprocess.py:106} INFO - [0m15:30:33  Finished running 10 incremental models, 2 view models in 0 hours 0 minutes and 2.67 seconds (2.67s).
[2026-04-12T15:30:33.226+0000] {subprocess.py:106} INFO - [0m15:30:33
[2026-04-12T15:30:33.228+0000] {subprocess.py:106} INFO - [0m15:30:33  [31mCompleted with 1 error and 0 warnings:[0m
[2026-04-12T15:30:33.230+0000] {subprocess.py:106} INFO - [0m15:30:33
[2026-04-12T15:30:33.231+0000] {subprocess.py:106} INFO - [0m15:30:33    Database Error in model dds_fct_click (models/dds/dds_fct_click.sql)
[2026-04-12T15:30:33.232+0000] {subprocess.py:106} INFO -   Code: 47.
[2026-04-12T15:30:33.233+0000] {subprocess.py:106} INFO -   DB::Exception: Unknown expression identifier `offset` in scope SELECT click_id, offset AS __browser_kafka_offset, 0 AS __device_kafka_offset, 0 AS __geo_kafka_offset FROM ods_ods.browser_data WHERE 1 = 1. Stack trace:
[2026-04-12T15:30:33.234+0000] {subprocess.py:106} INFO - 
[2026-04-12T15:30:33.235+0000] {subprocess.py:106} INFO -   0. DB::Exception::Exception(DB::Exception::MessageMasked&&, int, bool) @ 0x00000000166dc66a
[2026-04-12T15:30:33.235+0000] {subprocess.py:106} INFO -   1. DB::Exception::Exception(String&&, int, String, bool) @ 0x000000000e55bf0e
[2026-04-12T15:30:33.236+0000] {subprocess.py:106} INFO -   2. DB::Exception::Exception(PreformattedMessage&&, int) @ 0x000000000e55b849
[2026-04-12T15:30:33.237+0000] {subprocess.py:106} INFO -   3. DB::Exception::Exception<char const*, String&, String, String, String>(int, FormatStringHelperImpl<std::type_identity<char const*>::type, std::type_identity<String&>::type, std::type_identity<String>::type, std::type_identity<String>::type, std::type_identity<String>::type>, char const*&&, String&, String&&, String&&, String&&) @ 0x000000001aa880cf
[2026-04-12T15:30:33.238+0000] {subprocess.py:106} INFO -   4. DB::QueryAnalyzer::resolveExpressionNode(std::shared_ptr<DB::IQueryTreeNode>&, DB::IdentifierResolveScope&, bool, bool, bool) @ 0x000000001aa6372a
[2026-04-12T15:30:33.238+0000] {subprocess.py:106} INFO -   5. DB::QueryAnalyzer::resolveExpressionNodeList(std::shared_ptr<DB::IQueryTreeNode>&, DB::IdentifierResolveScope&, bool, bool) @ 0x000000001aa60b81
[2026-04-12T15:30:33.239+0000] {subprocess.py:106} INFO -   6. DB::QueryAnalyzer::resolveProjectionExpressionNodeList(std::shared_ptr<DB::IQueryTreeNode>&, DB::IdentifierResolveScope&) @ 0x000000001aa890b2
[2026-04-12T15:30:33.240+0000] {subprocess.py:106} INFO -   7. DB::QueryAnalyzer::resolveQuery(std::shared_ptr<DB::IQueryTreeNode> const&, DB::IdentifierResolveScope&) @ 0x000000001aa57378
[2026-04-12T15:30:33.241+0000] {subprocess.py:106} INFO -   8. DB::QueryAnalyzer::resolveUnion(std::shared_ptr<DB::IQueryTreeNode> const&, DB::IdentifierResolveScope&) @ 0x000000001aa5cc56
[2026-04-12T15:30:33.241+0000] {subprocess.py:106} INFO -   9. DB::QueryAnalyzer::resolveExpressionNode(std::shared_ptr<DB::IQueryTreeNode>&, DB::IdentifierResolveScope&, bool, bool, bool) @ 0x000000001aa61a35
[2026-04-12T15:30:33.242+0000] {subprocess.py:106} INFO -   10. DB::QueryAnalyzer::resolveQueryJoinTreeNode(std::shared_ptr<DB::IQueryTreeNode>&, DB::IdentifierResolveScope&, DB::QueryExpressionsAliasVisitor&) @ 0x000000001aa8a428
[2026-04-12T15:30:33.243+0000] {subprocess.py:106} INFO -   11. DB::QueryAnalyzer::resolveQuery(std::shared_ptr<DB::IQueryTreeNode> const&, DB::IdentifierResolveScope&) @ 0x000000001aa57312
[2026-04-12T15:30:33.243+0000] {subprocess.py:106} INFO -   12. DB::QueryAnalyzer::resolveExpressionNode(std::shared_ptr<DB::IQueryTreeNode>&, DB::IdentifierResolveScope&, bool, bool, bool) @ 0x000000001aa615da
[2026-04-12T15:30:33.244+0000] {subprocess.py:106} INFO -   13. DB::QueryAnalyzer::resolveQueryJoinTreeNode(std::shared_ptr<DB::IQueryTreeNode>&, DB::IdentifierResolveScope&, DB::QueryExpressionsAliasVisitor&) @ 0x000000001aa8a428
[2026-04-12T15:30:33.245+0000] {subprocess.py:106} INFO -   14. DB::QueryAnalyzer::resolveJoin(std::shared_ptr<DB::IQueryTreeNode>&, DB::IdentifierResolveScope&, DB::QueryExpressionsAliasVisitor&) @ 0x000000001aa8ba24
[2026-04-12T15:30:33.246+0000] {subprocess.py:106} INFO -   15. DB::QueryAnalyzer::resolveQueryJoinTreeNode(std::shared_ptr<DB::IQueryTreeNode>&, DB::IdentifierResolveScope&, DB::QueryExpressionsAliasVisitor&) @ 0x000000001aa89ce7
[2026-04-12T15:30:33.247+0000] {subprocess.py:106} INFO -   16. DB::QueryAnalyzer::resolveQuery(std::shared_ptr<DB::IQueryTreeNode> const&, DB::IdentifierResolveScope&) @ 0x000000001aa57312
[2026-04-12T15:30:33.248+0000] {subprocess.py:106} INFO -   17. DB::QueryAnalyzer::resolve(std::shared_ptr<DB::IQueryTreeNode>&, std::shared_ptr<DB::IQueryTreeNode> const&, std::shared_ptr<DB::Context const>) @ 0x000000001aa54ae4
[2026-04-12T15:30:33.249+0000] {subprocess.py:106} INFO -   18. DB::QueryAnalysisPass::run(std::shared_ptr<DB::IQueryTreeNode>&, std::shared_ptr<DB::Context const>) @ 0x000000001aa5409c
[2026-04-12T15:30:33.249+0000] {subprocess.py:106} INFO -   19. DB::QueryTreePassManager::run(std::shared_ptr<DB::IQueryTreeNode>&) @ 0x000000001aaaeac1
[2026-04-12T15:30:33.250+0000] {subprocess.py:106} INFO -   20. DB::buildQueryTreeAndRunPasses(boost::intrusive_ptr<DB::IAST> const&, DB::SelectQueryOptions const&, std::shared_ptr<DB::Context const> const&, std::shared_ptr<DB::IStorage> const&) @ 0x000000001b68d464
[2026-04-12T15:30:33.251+0000] {subprocess.py:106} INFO -   21. DB::InterpreterSelectQueryAnalyzer::InterpreterSelectQueryAnalyzer(boost::intrusive_ptr<DB::IAST> const&, std::shared_ptr<DB::Context const> const&, DB::SelectQueryOptions const&, std::vector<String, std::allocator<String>> const&, DB::ActionsDAG const*) @ 0x000000001b68b90c
[2026-04-12T15:30:33.252+0000] {subprocess.py:106} INFO -   22. DB::InterpreterSelectQueryAnalyzer::getSampleBlock(boost::intrusive_ptr<DB::IAST> const&, std::shared_ptr<DB::Context const> const&, DB::SelectQueryOptions const&) @ 0x000000001b68dfad
[2026-04-12T15:30:33.253+0000] {subprocess.py:106} INFO -   23. DB::InterpreterCreateQuery::getTablePropertiesAndNormalizeCreateQuery(DB::ASTCreateQuery&, DB::LoadingStrictnessLevel) @ 0x000000001b5e722f
[2026-04-12T15:30:33.253+0000] {subprocess.py:106} INFO -   24. DB::InterpreterCreateQuery::createTable(DB::ASTCreateQuery&) @ 0x000000001b5ef6bb
[2026-04-12T15:30:33.254+0000] {subprocess.py:106} INFO -   25. DB::InterpreterCreateQuery::execute() @ 0x000000001b607158
[2026-04-12T15:30:33.255+0000] {subprocess.py:106} INFO -   26. DB::executeQueryImpl(char const*, char const*, std::shared_ptr<DB::Context>, DB::QueryFlags, DB::QueryProcessingStage::Enum, std::unique_ptr<DB::ReadBuffer, std::default_delete<DB::ReadBuffer>>&, boost::intrusive_ptr<DB::IAST>&, std::shared_ptr<DB::ImplicitTransactionControlExecutor>, std::function<void ()>, DB::QueryResultDetails&) @ 0x000000001ba8f03e
[2026-04-12T15:30:33.255+0000] {subprocess.py:106} INFO -   27. DB::executeQuery(String const&, std::shared_ptr<DB::Context>, DB::QueryFlags, DB::QueryProcessingStage::Enum) @ 0x000000001ba891c2
[2026-04-12T15:30:33.256+0000] {subprocess.py:106} INFO -   28. DB::TCPHandler::runImpl() @ 0x000000001d21a30d
[2026-04-12T15:30:33.257+0000] {subprocess.py:106} INFO -   29. DB::TCPHandler::run() @ 0x000000001d23cb24
[2026-04-12T15:30:33.257+0000] {subprocess.py:106} INFO -   30. Poco::Net::TCPServerConnection::start() @ 0x0000000022789647
[2026-04-12T15:30:33.258+0000] {subprocess.py:106} INFO -   31. Poco::Net::TCPServerDispatcher::run() @ 0x0000000022789bc2
[2026-04-12T15:30:33.259+0000] {subprocess.py:106} INFO - [0m15:30:33
[2026-04-12T15:30:33.259+0000] {subprocess.py:106} INFO - [0m15:30:33  Done. PASS=8 WARN=0 ERROR=1 SKIP=3 TOTAL=12
[2026-04-12T15:30:34.328+0000] {subprocess.py:110} INFO - Command exited with return code 1
[2026-04-12T15:30:34.344+0000] {taskinstance.py:3313} ERROR - Task failed with exception
Traceback (most recent call last):
  File "/home/airflow/.local/lib/python3.12/site-packages/airflow/models/taskinstance.py", line 768, in _execute_task
    result = _execute_callable(context=context, **execute_callable_kwargs)
             ^^^^^^^^^^^^^^^^^^^^^^^^^^^^^^^^^^^^^^^^^^^^^^^^^^^^^^^^^^^^^
  File "/home/airflow/.local/lib/python3.12/site-packages/airflow/models/taskinstance.py", line 734, in _execute_callable
    return ExecutionCallableRunner(
           ^^^^^^^^^^^^^^^^^^^^^^^^
  File "/home/airflow/.local/lib/python3.12/site-packages/airflow/utils/operator_helpers.py", line 252, in run
    return self.func(*args, **kwargs)
           ^^^^^^^^^^^^^^^^^^^^^^^^^^
  File "/home/airflow/.local/lib/python3.12/site-packages/airflow/models/baseoperator.py", line 424, in wrapper
    return func(self, *args, **kwargs)
           ^^^^^^^^^^^^^^^^^^^^^^^^^^^
  File "/home/airflow/.local/lib/python3.12/site-packages/airflow/operators/bash.py", line 276, in execute
    raise AirflowException(
airflow.exceptions.AirflowException: Bash command failed. The command returned a non-zero exit code 1.
[2026-04-12T15:30:34.350+0000] {taskinstance.py:1226} INFO - Marking task as FAILED. dag_id=layers_update, task_id=run_dbt, run_id=manual__2026-04-12T15:30:21.939412+00:00, execution_date=20260412T153021, start_date=20260412T153024, end_date=20260412T153034
[2026-04-12T15:30:34.390+0000] {taskinstance.py:341} INFO - ::group::Post task execution logs
[2026-04-12T15:30:34.393+0000] {standard_task_runner.py:124} ERROR - Failed to execute job 7 for task run_dbt (Bash command failed. The command returned a non-zero exit code 1.; 80)
Traceback (most recent call last):
  File "/home/airflow/.local/lib/python3.12/site-packages/airflow/task/task_runner/standard_task_runner.py", line 117, in _start_by_fork
    ret = args.func(args, dag=self.dag)
          ^^^^^^^^^^^^^^^^^^^^^^^^^^^^^
  File "/home/airflow/.local/lib/python3.12/site-packages/airflow/cli/cli_config.py", line 49, in command
    return func(*args, **kwargs)
           ^^^^^^^^^^^^^^^^^^^^^
  File "/home/airflow/.local/lib/python3.12/site-packages/airflow/utils/cli.py", line 116, in wrapper
    return f(*args, **kwargs)
           ^^^^^^^^^^^^^^^^^^
  File "/home/airflow/.local/lib/python3.12/site-packages/airflow/cli/commands/task_command.py", line 483, in task_run
    task_return_code = _run_task_by_selected_method(args, _dag, ti)
                       ^^^^^^^^^^^^^^^^^^^^^^^^^^^^^^^^^^^^^^^^^^^^
  File "/home/airflow/.local/lib/python3.12/site-packages/airflow/cli/commands/task_command.py", line 256, in _run_task_by_selected_method
    return _run_raw_task(args, ti)
           ^^^^^^^^^^^^^^^^^^^^^^^
  File "/home/airflow/.local/lib/python3.12/site-packages/airflow/cli/commands/task_command.py", line 341, in _run_raw_task
    return ti._run_raw_task(
           ^^^^^^^^^^^^^^^^^
  File "/home/airflow/.local/lib/python3.12/site-packages/airflow/utils/session.py", line 97, in wrapper
    return func(*args, session=session, **kwargs)
           ^^^^^^^^^^^^^^^^^^^^^^^^^^^^^^^^^^^^^^
  File "/home/airflow/.local/lib/python3.12/site-packages/airflow/models/taskinstance.py", line 3006, in _run_raw_task
    return _run_raw_task(
           ^^^^^^^^^^^^^^
  File "/home/airflow/.local/lib/python3.12/site-packages/airflow/models/taskinstance.py", line 274, in _run_raw_task
    TaskInstance._execute_task_with_callbacks(
  File "/home/airflow/.local/lib/python3.12/site-packages/airflow/models/taskinstance.py", line 3161, in _execute_task_with_callbacks
    result = self._execute_task(context, task_orig)
             ^^^^^^^^^^^^^^^^^^^^^^^^^^^^^^^^^^^^^^
  File "/home/airflow/.local/lib/python3.12/site-packages/airflow/models/taskinstance.py", line 3185, in _execute_task
    return _execute_task(self, context, task_orig)
           ^^^^^^^^^^^^^^^^^^^^^^^^^^^^^^^^^^^^^^^
  File "/home/airflow/.local/lib/python3.12/site-packages/airflow/models/taskinstance.py", line 768, in _execute_task
    result = _execute_callable(context=context, **execute_callable_kwargs)
             ^^^^^^^^^^^^^^^^^^^^^^^^^^^^^^^^^^^^^^^^^^^^^^^^^^^^^^^^^^^^^
  File "/home/airflow/.local/lib/python3.12/site-packages/airflow/models/taskinstance.py", line 734, in _execute_callable
    return ExecutionCallableRunner(
           ^^^^^^^^^^^^^^^^^^^^^^^^
  File "/home/airflow/.local/lib/python3.12/site-packages/airflow/utils/operator_helpers.py", line 252, in run
    return self.func(*args, **kwargs)
           ^^^^^^^^^^^^^^^^^^^^^^^^^^
  File "/home/airflow/.local/lib/python3.12/site-packages/airflow/models/baseoperator.py", line 424, in wrapper
    return func(self, *args, **kwargs)
           ^^^^^^^^^^^^^^^^^^^^^^^^^^^
  File "/home/airflow/.local/lib/python3.12/site-packages/airflow/operators/bash.py", line 276, in execute
    raise AirflowException(
airflow.exceptions.AirflowException: Bash command failed. The command returned a non-zero exit code 1.
[2026-04-12T15:30:34.425+0000] {local_task_job_runner.py:266} INFO - Task exited with return code 1
[2026-04-12T15:30:34.455+0000] {taskinstance.py:3901} INFO - 0 downstream tasks scheduled from follow-on schedule check
[2026-04-12T15:30:34.460+0000] {local_task_job_runner.py:245} INFO - ::endgroup::
