[2026-04-21T07:45:38.217+0000] {local_task_job_runner.py:123} INFO - ::group::Pre task execution logs
[2026-04-21T07:45:38.238+0000] {taskinstance.py:2614} INFO - Dependencies all met for dep_context=non-requeueable deps ti=<TaskInstance: layers_update.run_dbt manual__2026-04-21T07:45:35.545145+00:00 [queued]>
[2026-04-21T07:45:38.248+0000] {taskinstance.py:2614} INFO - Dependencies all met for dep_context=requeueable deps ti=<TaskInstance: layers_update.run_dbt manual__2026-04-21T07:45:35.545145+00:00 [queued]>
[2026-04-21T07:45:38.249+0000] {taskinstance.py:2867} INFO - Starting attempt 1 of 1
[2026-04-21T07:45:38.271+0000] {taskinstance.py:2890} INFO - Executing <Task(BashOperator): run_dbt> on 2026-04-21 07:45:35.545145+00:00
[2026-04-21T07:45:38.281+0000] {warnings.py:112} WARNING - /home/***/.local/lib/python3.12/site-packages/***/task/task_runner/standard_task_runner.py:70: DeprecationWarning: This process (pid=188) is multi-threaded, use of fork() may lead to deadlocks in the child.
  pid = os.fork()

[2026-04-21T07:45:38.283+0000] {standard_task_runner.py:72} INFO - Started process 189 to run task
[2026-04-21T07:45:38.284+0000] {standard_task_runner.py:104} INFO - Running: ['***', 'tasks', 'run', 'layers_update', 'run_dbt', 'manual__2026-04-21T07:45:35.545145+00:00', '--job-id', '24', '--raw', '--subdir', 'DAGS_FOLDER/layers_update.py', '--cfg-path', '/tmp/tmp8079n6j3']
[2026-04-21T07:45:38.285+0000] {standard_task_runner.py:105} INFO - Job 24: Subtask run_dbt
[2026-04-21T07:45:38.350+0000] {task_command.py:467} INFO - Running <TaskInstance: layers_update.run_dbt manual__2026-04-21T07:45:35.545145+00:00 [running]> on host f8fb5e06f85d
[2026-04-21T07:45:38.487+0000] {taskinstance.py:3134} INFO - Exporting env vars: AIRFLOW_CTX_DAG_OWNER='***' AIRFLOW_CTX_DAG_ID='layers_update' AIRFLOW_CTX_TASK_ID='run_dbt' AIRFLOW_CTX_EXECUTION_DATE='2026-04-21T07:45:35.545145+00:00' AIRFLOW_CTX_TRY_NUMBER='1' AIRFLOW_CTX_DAG_RUN_ID='manual__2026-04-21T07:45:35.545145+00:00'
[2026-04-21T07:45:38.488+0000] {taskinstance.py:732} INFO - ::endgroup::
[2026-04-21T07:45:38.510+0000] {subprocess.py:78} INFO - Tmp dir root location: /tmp
[2026-04-21T07:45:38.511+0000] {subprocess.py:88} INFO - Running command: ['/usr/bin/bash', '-c', 'dbt run']
[2026-04-21T07:45:38.526+0000] {subprocess.py:99} INFO - Output:
[2026-04-21T07:45:42.377+0000] {subprocess.py:106} INFO - [0m07:45:42  Running with dbt=1.7.0
[2026-04-21T07:45:42.773+0000] {subprocess.py:106} INFO - [0m07:45:42  Registered adapter: clickhouse=1.7.0
[2026-04-21T07:45:44.057+0000] {subprocess.py:106} INFO - [0m07:45:44  [[33mWARNING[0m]: Configuration paths exist in your dbt_project.yml file which do not apply to any resources.
[2026-04-21T07:45:44.057+0000] {subprocess.py:106} INFO - There are 1 unused configuration paths:
[2026-04-21T07:45:44.058+0000] {subprocess.py:106} INFO - - models.clickhouse_etl.raw
[2026-04-21T07:45:44.090+0000] {subprocess.py:106} INFO - [0m07:45:44  Found 11 models, 15 tests, 4 sources, 0 exposures, 0 metrics, 538 macros, 0 groups, 0 semantic models
[2026-04-21T07:45:44.093+0000] {subprocess.py:106} INFO - [0m07:45:44
[2026-04-21T07:45:44.537+0000] {subprocess.py:106} INFO - [0m07:45:44  Concurrency: 1 threads (target='dev')
[2026-04-21T07:45:44.538+0000] {subprocess.py:106} INFO - [0m07:45:44
[2026-04-21T07:45:44.552+0000] {subprocess.py:106} INFO - [0m07:45:44  1 of 11 START sql incremental model `ods`.`browser_data` ....................... [RUN]
[2026-04-21T07:45:44.847+0000] {subprocess.py:106} INFO - [0m07:45:44  1 of 11 OK created sql incremental model `ods`.`browser_data` .................. [[32mOK[0m in 0.29s]
[2026-04-21T07:45:44.850+0000] {subprocess.py:106} INFO - [0m07:45:44  2 of 11 START sql incremental model `ods`.`device_data` ........................ [RUN]
[2026-04-21T07:45:45.072+0000] {subprocess.py:106} INFO - [0m07:45:45  2 of 11 OK created sql incremental model `ods`.`device_data` ................... [[32mOK[0m in 0.22s]
[2026-04-21T07:45:45.075+0000] {subprocess.py:106} INFO - [0m07:45:45  3 of 11 START sql incremental model `ods`.`geo_data` ........................... [RUN]
[2026-04-21T07:45:45.254+0000] {subprocess.py:106} INFO - [0m07:45:45  3 of 11 OK created sql incremental model `ods`.`geo_data` ...................... [[32mOK[0m in 0.18s]
[2026-04-21T07:45:45.257+0000] {subprocess.py:106} INFO - [0m07:45:45  4 of 11 START sql incremental model `ods`.`location_data` ...................... [RUN]
[2026-04-21T07:45:45.456+0000] {subprocess.py:106} INFO - [0m07:45:45  4 of 11 OK created sql incremental model `ods`.`location_data` ................. [[32mOK[0m in 0.20s]
[2026-04-21T07:45:45.461+0000] {subprocess.py:106} INFO - [0m07:45:45  5 of 11 START sql incremental model `dds`.`dim_browser` ........................ [RUN]
[2026-04-21T07:45:45.651+0000] {subprocess.py:106} INFO - [0m07:45:45  5 of 11 OK created sql incremental model `dds`.`dim_browser` ................... [[32mOK[0m in 0.19s]
[2026-04-21T07:45:45.654+0000] {subprocess.py:106} INFO - [0m07:45:45  6 of 11 START sql incremental model `dds`.`dim_device` ......................... [RUN]
[2026-04-21T07:45:45.851+0000] {subprocess.py:106} INFO - [0m07:45:45  6 of 11 OK created sql incremental model `dds`.`dim_device` .................... [[32mOK[0m in 0.20s]
[2026-04-21T07:45:45.854+0000] {subprocess.py:106} INFO - [0m07:45:45  7 of 11 START sql incremental model `dds`.`fct_click` .......................... [RUN]
[2026-04-21T07:45:46.076+0000] {subprocess.py:106} INFO - [0m07:45:46  7 of 11 OK created sql incremental model `dds`.`fct_click` ..................... [[32mOK[0m in 0.22s]
[2026-04-21T07:45:46.082+0000] {subprocess.py:106} INFO - [0m07:45:46  8 of 11 START sql incremental model `dds`.`dim_geo` ............................ [RUN]
[2026-04-21T07:45:46.288+0000] {subprocess.py:106} INFO - [0m07:45:46  8 of 11 OK created sql incremental model `dds`.`dim_geo` ....................... [[32mOK[0m in 0.20s]
[2026-04-21T07:45:46.291+0000] {subprocess.py:106} INFO - [0m07:45:46  9 of 11 START sql incremental model `dds`.`dim_location` ....................... [RUN]
[2026-04-21T07:45:46.491+0000] {subprocess.py:106} INFO - [0m07:45:46  9 of 11 OK created sql incremental model `dds`.`dim_location` .................. [[32mOK[0m in 0.20s]
[2026-04-21T07:45:46.499+0000] {subprocess.py:106} INFO - [0m07:45:46  10 of 11 START sql incremental model `dm`.`dashboard` .......................... [RUN]
[2026-04-21T07:45:46.755+0000] {subprocess.py:106} INFO - [0m07:45:46  10 of 11 OK created sql incremental model `dm`.`dashboard` ..................... [[32mOK[0m in 0.25s]
[2026-04-21T07:45:46.760+0000] {subprocess.py:106} INFO - [0m07:45:46  11 of 11 START sql view model `dm`.`dashboard_recent_data` ..................... [RUN]
[2026-04-21T07:45:46.954+0000] {subprocess.py:106} INFO - [0m07:45:46  11 of 11 OK created sql view model `dm`.`dashboard_recent_data` ................ [[32mOK[0m in 0.19s]
[2026-04-21T07:45:46.962+0000] {subprocess.py:106} INFO - [0m07:45:46
[2026-04-21T07:45:46.963+0000] {subprocess.py:106} INFO - [0m07:45:46  Finished running 10 incremental models, 1 view model in 0 hours 0 minutes and 2.87 seconds (2.87s).
[2026-04-21T07:45:47.031+0000] {subprocess.py:106} INFO - [0m07:45:47
[2026-04-21T07:45:47.032+0000] {subprocess.py:106} INFO - [0m07:45:47  [32mCompleted successfully[0m
[2026-04-21T07:45:47.034+0000] {subprocess.py:106} INFO - [0m07:45:47
[2026-04-21T07:45:47.035+0000] {subprocess.py:106} INFO - [0m07:45:47  Done. PASS=11 WARN=0 ERROR=0 SKIP=0 TOTAL=11
[2026-04-21T07:45:48.164+0000] {subprocess.py:110} INFO - Command exited with return code 0
[2026-04-21T07:45:48.197+0000] {taskinstance.py:341} INFO - ::group::Post task execution logs
[2026-04-21T07:45:48.198+0000] {taskinstance.py:353} INFO - Marking task as SUCCESS. dag_id=layers_update, task_id=run_dbt, run_id=manual__2026-04-21T07:45:35.545145+00:00, execution_date=20260421T074535, start_date=20260421T074538, end_date=20260421T074548
[2026-04-21T07:45:48.265+0000] {local_task_job_runner.py:266} INFO - Task exited with return code 0
[2026-04-21T07:45:48.292+0000] {standard_task_runner.py:217} INFO - Process not found (most likely exited), stop collecting metrics
[2026-04-21T07:45:48.294+0000] {taskinstance.py:3901} INFO - 1 downstream tasks scheduled from follow-on schedule check
[2026-04-21T07:45:48.298+0000] {local_task_job_runner.py:245} INFO - ::endgroup::
