[2026-04-16T15:33:44.918+0000] {local_task_job_runner.py:123} INFO - ::group::Pre task execution logs
[2026-04-16T15:33:44.945+0000] {taskinstance.py:2614} INFO - Dependencies all met for dep_context=non-requeueable deps ti=<TaskInstance: kafka_producer.send_jsonl_to_kafka scheduled__2026-04-14T18:30:00+00:00 [queued]>
[2026-04-16T15:33:44.961+0000] {taskinstance.py:2614} INFO - Dependencies all met for dep_context=requeueable deps ti=<TaskInstance: kafka_producer.send_jsonl_to_kafka scheduled__2026-04-14T18:30:00+00:00 [queued]>
[2026-04-16T15:33:44.962+0000] {taskinstance.py:2867} INFO - Starting attempt 1 of 1
[2026-04-16T15:33:45.009+0000] {taskinstance.py:2890} INFO - Executing <Task(PythonOperator): send_jsonl_to_kafka> on 2026-04-14 18:30:00+00:00
[2026-04-16T15:33:45.042+0000] {standard_task_runner.py:104} INFO - Running: ['***', 'tasks', 'run', 'kafka_producer', 'send_jsonl_to_kafka', 'scheduled__2026-04-14T18:30:00+00:00', '--job-id', '18', '--raw', '--subdir', 'DAGS_FOLDER/kafka_load.py', '--cfg-path', '/tmp/tmphd73otpd']
[2026-04-16T15:33:45.060+0000] {standard_task_runner.py:105} INFO - Job 18: Subtask send_jsonl_to_kafka
[2026-04-16T15:33:45.046+0000] {warnings.py:112} WARNING - /home/***/.local/lib/python3.12/site-packages/***/task/task_runner/standard_task_runner.py:70: DeprecationWarning: This process (pid=48) is multi-threaded, use of fork() may lead to deadlocks in the child.
  pid = os.fork()

[2026-04-16T15:33:45.068+0000] {standard_task_runner.py:72} INFO - Started process 49 to run task
[2026-04-16T15:33:45.311+0000] {task_command.py:467} INFO - Running <TaskInstance: kafka_producer.send_jsonl_to_kafka scheduled__2026-04-14T18:30:00+00:00 [running]> on host bfdc81498a94
[2026-04-16T15:33:45.648+0000] {taskinstance.py:3134} INFO - Exporting env vars: AIRFLOW_CTX_DAG_OWNER='***' AIRFLOW_CTX_DAG_ID='kafka_producer' AIRFLOW_CTX_TASK_ID='send_jsonl_to_kafka' AIRFLOW_CTX_EXECUTION_DATE='2026-04-14T18:30:00+00:00' AIRFLOW_CTX_TRY_NUMBER='1' AIRFLOW_CTX_DAG_RUN_ID='scheduled__2026-04-14T18:30:00+00:00'
[2026-04-16T15:33:45.671+0000] {taskinstance.py:732} INFO - ::endgroup::
[2026-04-16T15:33:45.869+0000] {kafka_load.py:28} INFO - Обрабатывается файл: browser_events.jsonl
[2026-04-16T15:33:45.904+0000] {kafka_load.py:40} INFO - Отправлено 100 сообщений
[2026-04-16T15:33:45.924+0000] {kafka_load.py:40} INFO - Отправлено 200 сообщений
[2026-04-16T15:33:45.960+0000] {kafka_load.py:40} INFO - Отправлено 300 сообщений
[2026-04-16T15:33:45.980+0000] {kafka_load.py:40} INFO - Отправлено 400 сообщений
[2026-04-16T15:33:46.007+0000] {kafka_load.py:40} INFO - Отправлено 500 сообщений
[2026-04-16T15:33:46.041+0000] {kafka_load.py:40} INFO - Отправлено 600 сообщений
[2026-04-16T15:33:46.076+0000] {kafka_load.py:40} INFO - Отправлено 700 сообщений
[2026-04-16T15:33:46.107+0000] {kafka_load.py:40} INFO - Отправлено 800 сообщений
[2026-04-16T15:33:46.141+0000] {kafka_load.py:40} INFO - Отправлено 900 сообщений
[2026-04-16T15:33:46.185+0000] {kafka_load.py:40} INFO - Отправлено 1000 сообщений
[2026-04-16T15:33:46.206+0000] {kafka_load.py:53} INFO - Обработка файла browser_events.jsonl завершена
[2026-04-16T15:33:46.222+0000] {kafka_load.py:28} INFO - Обрабатывается файл: device_events.jsonl
[2026-04-16T15:33:46.262+0000] {kafka_load.py:40} INFO - Отправлено 100 сообщений
[2026-04-16T15:33:46.306+0000] {kafka_load.py:40} INFO - Отправлено 200 сообщений
[2026-04-16T15:33:46.330+0000] {kafka_load.py:40} INFO - Отправлено 300 сообщений
[2026-04-16T15:33:46.363+0000] {kafka_load.py:40} INFO - Отправлено 400 сообщений
[2026-04-16T15:33:46.374+0000] {kafka_load.py:40} INFO - Отправлено 500 сообщений
[2026-04-16T15:33:46.395+0000] {kafka_load.py:40} INFO - Отправлено 600 сообщений
[2026-04-16T15:33:46.405+0000] {kafka_load.py:40} INFO - Отправлено 700 сообщений
[2026-04-16T15:33:46.412+0000] {kafka_load.py:40} INFO - Отправлено 800 сообщений
[2026-04-16T15:33:46.439+0000] {kafka_load.py:40} INFO - Отправлено 900 сообщений
[2026-04-16T15:33:46.474+0000] {kafka_load.py:40} INFO - Отправлено 1000 сообщений
[2026-04-16T15:33:46.476+0000] {kafka_load.py:42} ERROR - Ошибка JSON в строке: 1001: Expecting ':' delimiter: line 1 column 19 (char 18)
[2026-04-16T15:33:47.595+0000] {kafka_load.py:53} INFO - Обработка файла device_events.jsonl завершена
[2026-04-16T15:33:47.595+0000] {kafka_load.py:28} INFO - Обрабатывается файл: geo_events.jsonl
[2026-04-16T15:33:47.607+0000] {kafka_load.py:40} INFO - Отправлено 100 сообщений
[2026-04-16T15:33:47.611+0000] {kafka_load.py:40} INFO - Отправлено 200 сообщений
[2026-04-16T15:33:47.616+0000] {kafka_load.py:40} INFO - Отправлено 300 сообщений
[2026-04-16T15:33:47.624+0000] {kafka_load.py:40} INFO - Отправлено 400 сообщений
[2026-04-16T15:33:47.628+0000] {kafka_load.py:40} INFO - Отправлено 500 сообщений
[2026-04-16T15:33:47.637+0000] {kafka_load.py:40} INFO - Отправлено 600 сообщений
[2026-04-16T15:33:47.644+0000] {kafka_load.py:40} INFO - Отправлено 700 сообщений
[2026-04-16T15:33:47.652+0000] {kafka_load.py:40} INFO - Отправлено 800 сообщений
[2026-04-16T15:33:47.669+0000] {kafka_load.py:40} INFO - Отправлено 900 сообщений
[2026-04-16T15:33:47.678+0000] {kafka_load.py:40} INFO - Отправлено 1000 сообщений
[2026-04-16T15:33:47.683+0000] {kafka_load.py:53} INFO - Обработка файла geo_events.jsonl завершена
[2026-04-16T15:33:47.683+0000] {kafka_load.py:28} INFO - Обрабатывается файл: location_events.jsonl
[2026-04-16T15:33:47.691+0000] {kafka_load.py:40} INFO - Отправлено 100 сообщений
[2026-04-16T15:33:47.705+0000] {kafka_load.py:40} INFO - Отправлено 200 сообщений
[2026-04-16T15:33:47.709+0000] {kafka_load.py:40} INFO - Отправлено 300 сообщений
[2026-04-16T15:33:47.721+0000] {kafka_load.py:40} INFO - Отправлено 400 сообщений
[2026-04-16T15:33:47.736+0000] {kafka_load.py:40} INFO - Отправлено 500 сообщений
[2026-04-16T15:33:47.752+0000] {kafka_load.py:40} INFO - Отправлено 600 сообщений
[2026-04-16T15:33:47.761+0000] {kafka_load.py:40} INFO - Отправлено 700 сообщений
[2026-04-16T15:33:47.788+0000] {kafka_load.py:40} INFO - Отправлено 800 сообщений
[2026-04-16T15:33:47.819+0000] {kafka_load.py:40} INFO - Отправлено 900 сообщений
[2026-04-16T15:33:47.876+0000] {kafka_load.py:40} INFO - Отправлено 1000 сообщений
[2026-04-16T15:33:47.880+0000] {kafka_load.py:53} INFO - Обработка файла location_events.jsonl завершена
[2026-04-16T15:33:47.883+0000] {kafka_load.py:56} INFO - Обработка файлов успешно завершена
[2026-04-16T15:33:47.886+0000] {python.py:240} INFO - Done. Returned value was: None
[2026-04-16T15:33:47.964+0000] {taskinstance.py:341} INFO - ::group::Post task execution logs
[2026-04-16T15:33:47.998+0000] {taskinstance.py:353} INFO - Marking task as SUCCESS. dag_id=kafka_producer, task_id=send_jsonl_to_kafka, run_id=scheduled__2026-04-14T18:30:00+00:00, execution_date=20260414T183000, start_date=20260416T153344, end_date=20260416T153347
[2026-04-16T15:33:48.568+0000] {local_task_job_runner.py:266} INFO - Task exited with return code 0
[2026-04-16T15:33:48.773+0000] {taskinstance.py:3901} INFO - 1 downstream tasks scheduled from follow-on schedule check
[2026-04-16T15:33:48.856+0000] {local_task_job_runner.py:245} INFO - ::endgroup::
