[2026-04-16T15:34:03.381+0000] {local_task_job_runner.py:123} INFO - ::group::Pre task execution logs
[2026-04-16T15:34:03.725+0000] {taskinstance.py:2614} INFO - Dependencies all met for dep_context=non-requeueable deps ti=<TaskInstance: layers_update.run_dbt manual__2026-04-16T15:33:50.358674+00:00 [queued]>
[2026-04-16T15:34:03.863+0000] {taskinstance.py:2614} INFO - Dependencies all met for dep_context=requeueable deps ti=<TaskInstance: layers_update.run_dbt manual__2026-04-16T15:33:50.358674+00:00 [queued]>
[2026-04-16T15:34:03.884+0000] {taskinstance.py:2867} INFO - Starting attempt 1 of 1
[2026-04-16T15:34:04.077+0000] {taskinstance.py:2890} INFO - Executing <Task(BashOperator): run_dbt> on 2026-04-16 15:33:50.358674+00:00
[2026-04-16T15:34:04.206+0000] {warnings.py:112} WARNING - /home/***/.local/lib/python3.12/site-packages/***/task/task_runner/standard_task_runner.py:70: DeprecationWarning: This process (pid=58) is multi-threaded, use of fork() may lead to deadlocks in the child.
  pid = os.fork()

[2026-04-16T15:34:04.207+0000] {standard_task_runner.py:104} INFO - Running: ['***', 'tasks', 'run', 'layers_update', 'run_dbt', 'manual__2026-04-16T15:33:50.358674+00:00', '--job-id', '20', '--raw', '--subdir', 'DAGS_FOLDER/layers_update.py', '--cfg-path', '/tmp/tmp620qgsh7']
[2026-04-16T15:34:04.222+0000] {standard_task_runner.py:72} INFO - Started process 59 to run task
[2026-04-16T15:34:04.223+0000] {standard_task_runner.py:105} INFO - Job 20: Subtask run_dbt
[2026-04-16T15:34:04.707+0000] {task_command.py:467} INFO - Running <TaskInstance: layers_update.run_dbt manual__2026-04-16T15:33:50.358674+00:00 [running]> on host bfdc81498a94
[2026-04-16T15:34:05.306+0000] {taskinstance.py:3134} INFO - Exporting env vars: AIRFLOW_CTX_DAG_OWNER='***' AIRFLOW_CTX_DAG_ID='layers_update' AIRFLOW_CTX_TASK_ID='run_dbt' AIRFLOW_CTX_EXECUTION_DATE='2026-04-16T15:33:50.358674+00:00' AIRFLOW_CTX_TRY_NUMBER='1' AIRFLOW_CTX_DAG_RUN_ID='manual__2026-04-16T15:33:50.358674+00:00'
[2026-04-16T15:34:05.426+0000] {taskinstance.py:732} INFO - ::endgroup::
[2026-04-16T15:34:05.513+0000] {subprocess.py:78} INFO - Tmp dir root location: /tmp
[2026-04-16T15:34:05.514+0000] {subprocess.py:88} INFO - Running command: ['/usr/bin/bash', '-c', 'dbt run']
[2026-04-16T15:34:05.548+0000] {subprocess.py:99} INFO - Output:
[2026-04-16T15:34:36.594+0000] {subprocess.py:106} INFO - [0m15:34:36  Running with dbt=1.7.0
[2026-04-16T15:34:37.365+0000] {subprocess.py:106} INFO - [0m15:34:37  Registered adapter: clickhouse=1.7.0
[2026-04-16T15:34:39.659+0000] {subprocess.py:106} INFO - [0m15:34:39  [[33mWARNING[0m]: Configuration paths exist in your dbt_project.yml file which do not apply to any resources.
[2026-04-16T15:34:39.660+0000] {subprocess.py:106} INFO - There are 1 unused configuration paths:
[2026-04-16T15:34:39.661+0000] {subprocess.py:106} INFO - - models.clickhouse_etl.raw
[2026-04-16T15:34:39.710+0000] {subprocess.py:106} INFO - [0m15:34:39  Found 11 models, 15 tests, 4 sources, 0 exposures, 0 metrics, 538 macros, 0 groups, 0 semantic models
[2026-04-16T15:34:39.716+0000] {subprocess.py:106} INFO - [0m15:34:39
[2026-04-16T15:34:40.906+0000] {subprocess.py:106} INFO - [0m15:34:40  Concurrency: 1 threads (target='dev')
[2026-04-16T15:34:40.911+0000] {subprocess.py:106} INFO - [0m15:34:40
[2026-04-16T15:34:40.929+0000] {subprocess.py:106} INFO - [0m15:34:40  1 of 11 START sql incremental model `ods`.`browser_data` ....................... [RUN]
[2026-04-16T15:34:41.396+0000] {subprocess.py:106} INFO - [0m15:34:41  1 of 11 OK created sql incremental model `ods`.`browser_data` .................. [[32mOK[0m in 0.46s]
[2026-04-16T15:34:41.401+0000] {subprocess.py:106} INFO - [0m15:34:41  2 of 11 START sql incremental model `ods`.`device_data` ........................ [RUN]
[2026-04-16T15:34:41.634+0000] {subprocess.py:106} INFO - [0m15:34:41  2 of 11 OK created sql incremental model `ods`.`device_data` ................... [[32mOK[0m in 0.23s]
[2026-04-16T15:34:41.638+0000] {subprocess.py:106} INFO - [0m15:34:41  3 of 11 START sql incremental model `ods`.`geo_data` ........................... [RUN]
[2026-04-16T15:34:41.931+0000] {subprocess.py:106} INFO - [0m15:34:41  3 of 11 OK created sql incremental model `ods`.`geo_data` ...................... [[32mOK[0m in 0.29s]
[2026-04-16T15:34:41.939+0000] {subprocess.py:106} INFO - [0m15:34:41  4 of 11 START sql incremental model `ods`.`location_data` ...................... [RUN]
[2026-04-16T15:34:42.566+0000] {subprocess.py:106} INFO - [0m15:34:42  4 of 11 OK created sql incremental model `ods`.`location_data` ................. [[32mOK[0m in 0.62s]
[2026-04-16T15:34:42.570+0000] {subprocess.py:106} INFO - [0m15:34:42  5 of 11 START sql incremental model `dds`.`dim_browser` ........................ [RUN]
[2026-04-16T15:34:42.841+0000] {subprocess.py:106} INFO - [0m15:34:42  5 of 11 OK created sql incremental model `dds`.`dim_browser` ................... [[32mOK[0m in 0.27s]
[2026-04-16T15:34:42.852+0000] {subprocess.py:106} INFO - [0m15:34:42  6 of 11 START sql incremental model `dds`.`dim_device` ......................... [RUN]
[2026-04-16T15:34:43.124+0000] {subprocess.py:106} INFO - [0m15:34:43  6 of 11 OK created sql incremental model `dds`.`dim_device` .................... [[32mOK[0m in 0.27s]
[2026-04-16T15:34:43.128+0000] {subprocess.py:106} INFO - [0m15:34:43  7 of 11 START sql incremental model `dds`.`fct_click` .......................... [RUN]
[2026-04-16T15:34:43.397+0000] {subprocess.py:106} INFO - [0m15:34:43  7 of 11 OK created sql incremental model `dds`.`fct_click` ..................... [[32mOK[0m in 0.27s]
[2026-04-16T15:34:43.402+0000] {subprocess.py:106} INFO - [0m15:34:43  8 of 11 START sql incremental model `dds`.`dim_geo` ............................ [RUN]
[2026-04-16T15:34:43.640+0000] {subprocess.py:106} INFO - [0m15:34:43  8 of 11 OK created sql incremental model `dds`.`dim_geo` ....................... [[32mOK[0m in 0.23s]
[2026-04-16T15:34:43.645+0000] {subprocess.py:106} INFO - [0m15:34:43  9 of 11 START sql incremental model `dds`.`dim_location` ....................... [RUN]
[2026-04-16T15:34:43.918+0000] {subprocess.py:106} INFO - [0m15:34:43  9 of 11 OK created sql incremental model `dds`.`dim_location` .................. [[32mOK[0m in 0.26s]
[2026-04-16T15:34:43.924+0000] {subprocess.py:106} INFO - [0m15:34:43  10 of 11 START sql incremental model `dm`.`dashboard` .......................... [RUN]
[2026-04-16T15:34:44.255+0000] {subprocess.py:106} INFO - [0m15:34:44  10 of 11 OK created sql incremental model `dm`.`dashboard` ..................... [[32mOK[0m in 0.32s]
[2026-04-16T15:34:44.260+0000] {subprocess.py:106} INFO - [0m15:34:44  11 of 11 START sql view model `dm`.`dashboard_recent_data` ..................... [RUN]
[2026-04-16T15:34:44.744+0000] {subprocess.py:106} INFO - [0m15:34:44  11 of 11 OK created sql view model `dm`.`dashboard_recent_data` ................ [[32mOK[0m in 0.48s]
[2026-04-16T15:34:44.753+0000] {subprocess.py:106} INFO - [0m15:34:44
[2026-04-16T15:34:44.762+0000] {subprocess.py:106} INFO - [0m15:34:44  Finished running 10 incremental models, 1 view model in 0 hours 0 minutes and 5.04 seconds (5.04s).
[2026-04-16T15:34:44.820+0000] {subprocess.py:106} INFO - [0m15:34:44
[2026-04-16T15:34:44.822+0000] {subprocess.py:106} INFO - [0m15:34:44  [32mCompleted successfully[0m
[2026-04-16T15:34:44.823+0000] {subprocess.py:106} INFO - [0m15:34:44
[2026-04-16T15:34:44.824+0000] {subprocess.py:106} INFO - [0m15:34:44  Done. PASS=11 WARN=0 ERROR=0 SKIP=0 TOTAL=11
[2026-04-16T15:34:46.367+0000] {subprocess.py:110} INFO - Command exited with return code 0
[2026-04-16T15:34:46.495+0000] {taskinstance.py:341} INFO - ::group::Post task execution logs
[2026-04-16T15:34:46.497+0000] {taskinstance.py:353} INFO - Marking task as SUCCESS. dag_id=layers_update, task_id=run_dbt, run_id=manual__2026-04-16T15:33:50.358674+00:00, execution_date=20260416T153350, start_date=20260416T153403, end_date=20260416T153446
[2026-04-16T15:34:46.660+0000] {local_task_job_runner.py:266} INFO - Task exited with return code 0
[2026-04-16T15:34:46.748+0000] {taskinstance.py:3901} INFO - 1 downstream tasks scheduled from follow-on schedule check
[2026-04-16T15:34:46.758+0000] {local_task_job_runner.py:245} INFO - ::endgroup::
