[2026-04-09T06:56:28.153+0000] {local_task_job_runner.py:123} INFO - ::group::Pre task execution logs
[2026-04-09T06:56:28.176+0000] {taskinstance.py:2614} INFO - Dependencies all met for dep_context=non-requeueable deps ti=<TaskInstance: kafka_producer.send_jsonl_to_kafka manual__2026-04-09T06:56:26.461489+00:00 [queued]>
[2026-04-09T06:56:28.185+0000] {taskinstance.py:2614} INFO - Dependencies all met for dep_context=requeueable deps ti=<TaskInstance: kafka_producer.send_jsonl_to_kafka manual__2026-04-09T06:56:26.461489+00:00 [queued]>
[2026-04-09T06:56:28.185+0000] {taskinstance.py:2867} INFO - Starting attempt 1 of 1
[2026-04-09T06:56:28.203+0000] {taskinstance.py:2890} INFO - Executing <Task(PythonOperator): send_jsonl_to_kafka> on 2026-04-09 06:56:26.461489+00:00
[2026-04-09T06:56:28.211+0000] {warnings.py:112} WARNING - /home/***/.local/lib/python3.12/site-packages/***/task/task_runner/standard_task_runner.py:70: DeprecationWarning: This process (pid=100) is multi-threaded, use of fork() may lead to deadlocks in the child.
  pid = os.fork()

[2026-04-09T06:56:28.214+0000] {standard_task_runner.py:72} INFO - Started process 101 to run task
[2026-04-09T06:56:28.214+0000] {standard_task_runner.py:104} INFO - Running: ['***', 'tasks', 'run', 'kafka_producer', 'send_jsonl_to_kafka', 'manual__2026-04-09T06:56:26.461489+00:00', '--job-id', '19', '--raw', '--subdir', 'DAGS_FOLDER/kafka_load.py', '--cfg-path', '/tmp/tmpkyqb7jus']
[2026-04-09T06:56:28.216+0000] {standard_task_runner.py:105} INFO - Job 19: Subtask send_jsonl_to_kafka
[2026-04-09T06:56:28.290+0000] {task_command.py:467} INFO - Running <TaskInstance: kafka_producer.send_jsonl_to_kafka manual__2026-04-09T06:56:26.461489+00:00 [running]> on host 04d8aaa2cd66
[2026-04-09T06:56:28.392+0000] {taskinstance.py:3134} INFO - Exporting env vars: AIRFLOW_CTX_DAG_OWNER='***' AIRFLOW_CTX_DAG_ID='kafka_producer' AIRFLOW_CTX_TASK_ID='send_jsonl_to_kafka' AIRFLOW_CTX_EXECUTION_DATE='2026-04-09T06:56:26.461489+00:00' AIRFLOW_CTX_TRY_NUMBER='1' AIRFLOW_CTX_DAG_RUN_ID='manual__2026-04-09T06:56:26.461489+00:00'
[2026-04-09T06:56:28.393+0000] {taskinstance.py:732} INFO - ::endgroup::
[2026-04-09T06:56:28.421+0000] {logging_mixin.py:190} INFO - 📄 Обработка файла: browser_events.jsonl
[2026-04-09T06:56:28.427+0000] {logging_mixin.py:190} INFO -   📨 Отправлено 100 сообщений
[2026-04-09T06:56:28.431+0000] {logging_mixin.py:190} INFO -   📨 Отправлено 200 сообщений
[2026-04-09T06:56:28.434+0000] {logging_mixin.py:190} INFO -   📨 Отправлено 300 сообщений
[2026-04-09T06:56:28.439+0000] {logging_mixin.py:190} INFO -   📨 Отправлено 400 сообщений
[2026-04-09T06:56:28.444+0000] {logging_mixin.py:190} INFO -   📨 Отправлено 500 сообщений
[2026-04-09T06:56:28.448+0000] {logging_mixin.py:190} INFO -   📨 Отправлено 600 сообщений
[2026-04-09T06:56:28.454+0000] {logging_mixin.py:190} INFO -   📨 Отправлено 700 сообщений
[2026-04-09T06:56:28.458+0000] {logging_mixin.py:190} INFO -   📨 Отправлено 800 сообщений
[2026-04-09T06:56:28.462+0000] {logging_mixin.py:190} INFO -   📨 Отправлено 900 сообщений
[2026-04-09T06:56:28.465+0000] {logging_mixin.py:190} INFO -   📨 Отправлено 1000 сообщений
[2026-04-09T06:56:28.467+0000] {logging_mixin.py:190} INFO -   ✅ Файл browser_events.jsonl обработан
[2026-04-09T06:56:28.468+0000] {logging_mixin.py:190} INFO - 📄 Обработка файла: device_events.jsonl
[2026-04-09T06:56:28.475+0000] {logging_mixin.py:190} INFO -   📨 Отправлено 100 сообщений
[2026-04-09T06:56:28.479+0000] {logging_mixin.py:190} INFO -   📨 Отправлено 200 сообщений
[2026-04-09T06:56:28.487+0000] {logging_mixin.py:190} INFO -   📨 Отправлено 300 сообщений
[2026-04-09T06:56:28.490+0000] {logging_mixin.py:190} INFO -   📨 Отправлено 400 сообщений
[2026-04-09T06:56:28.496+0000] {logging_mixin.py:190} INFO -   📨 Отправлено 500 сообщений
[2026-04-09T06:56:28.500+0000] {logging_mixin.py:190} INFO -   📨 Отправлено 600 сообщений
[2026-04-09T06:56:28.508+0000] {logging_mixin.py:190} INFO -   📨 Отправлено 700 сообщений
[2026-04-09T06:56:28.511+0000] {logging_mixin.py:190} INFO -   📨 Отправлено 800 сообщений
[2026-04-09T06:56:28.517+0000] {logging_mixin.py:190} INFO -   📨 Отправлено 900 сообщений
[2026-04-09T06:56:28.520+0000] {logging_mixin.py:190} INFO -   📨 Отправлено 1000 сообщений
[2026-04-09T06:56:28.521+0000] {logging_mixin.py:190} INFO -   ✅ Файл device_events.jsonl обработан
[2026-04-09T06:56:28.522+0000] {logging_mixin.py:190} INFO - 📄 Обработка файла: geo_events.jsonl
[2026-04-09T06:56:28.530+0000] {logging_mixin.py:190} INFO -   📨 Отправлено 100 сообщений
[2026-04-09T06:56:28.535+0000] {logging_mixin.py:190} INFO -   📨 Отправлено 200 сообщений
[2026-04-09T06:56:28.538+0000] {logging_mixin.py:190} INFO -   📨 Отправлено 300 сообщений
[2026-04-09T06:56:28.542+0000] {logging_mixin.py:190} INFO -   📨 Отправлено 400 сообщений
[2026-04-09T06:56:28.546+0000] {logging_mixin.py:190} INFO -   📨 Отправлено 500 сообщений
[2026-04-09T06:56:28.557+0000] {logging_mixin.py:190} INFO -   📨 Отправлено 600 сообщений
[2026-04-09T06:56:28.563+0000] {logging_mixin.py:190} INFO -   📨 Отправлено 700 сообщений
[2026-04-09T06:56:28.566+0000] {logging_mixin.py:190} INFO -   📨 Отправлено 800 сообщений
[2026-04-09T06:56:28.569+0000] {logging_mixin.py:190} INFO -   📨 Отправлено 900 сообщений
[2026-04-09T06:56:28.571+0000] {logging_mixin.py:190} INFO -   📨 Отправлено 1000 сообщений
[2026-04-09T06:56:28.572+0000] {logging_mixin.py:190} INFO -   ✅ Файл geo_events.jsonl обработан
[2026-04-09T06:56:28.573+0000] {logging_mixin.py:190} INFO - 📄 Обработка файла: location_events.jsonl
[2026-04-09T06:56:28.579+0000] {logging_mixin.py:190} INFO -   📨 Отправлено 100 сообщений
[2026-04-09T06:56:28.584+0000] {logging_mixin.py:190} INFO -   📨 Отправлено 200 сообщений
[2026-04-09T06:56:28.586+0000] {logging_mixin.py:190} INFO -   📨 Отправлено 300 сообщений
[2026-04-09T06:56:28.590+0000] {logging_mixin.py:190} INFO -   📨 Отправлено 400 сообщений
[2026-04-09T06:56:28.595+0000] {logging_mixin.py:190} INFO -   📨 Отправлено 500 сообщений
[2026-04-09T06:56:28.600+0000] {logging_mixin.py:190} INFO -   📨 Отправлено 600 сообщений
[2026-04-09T06:56:28.603+0000] {logging_mixin.py:190} INFO -   📨 Отправлено 700 сообщений
[2026-04-09T06:56:28.607+0000] {logging_mixin.py:190} INFO -   📨 Отправлено 800 сообщений
[2026-04-09T06:56:28.615+0000] {logging_mixin.py:190} INFO -   📨 Отправлено 900 сообщений
[2026-04-09T06:56:28.619+0000] {logging_mixin.py:190} INFO -   📨 Отправлено 1000 сообщений
[2026-04-09T06:56:28.620+0000] {logging_mixin.py:190} INFO -   ✅ Файл location_events.jsonl обработан
[2026-04-09T06:56:28.623+0000] {logging_mixin.py:190} INFO - 
✅ Итого: 4 файлов, 4000 сообщений отправлено в топик location_events
[2026-04-09T06:56:28.624+0000] {python.py:240} INFO - Done. Returned value was: None
[2026-04-09T06:56:28.638+0000] {taskinstance.py:341} INFO - ::group::Post task execution logs
[2026-04-09T06:56:28.639+0000] {taskinstance.py:353} INFO - Marking task as SUCCESS. dag_id=kafka_producer, task_id=send_jsonl_to_kafka, run_id=manual__2026-04-09T06:56:26.461489+00:00, execution_date=20260409T065626, start_date=20260409T065628, end_date=20260409T065628
[2026-04-09T06:56:28.714+0000] {local_task_job_runner.py:266} INFO - Task exited with return code 0
[2026-04-09T06:56:28.749+0000] {taskinstance.py:3901} INFO - 1 downstream tasks scheduled from follow-on schedule check
[2026-04-09T06:56:28.754+0000] {local_task_job_runner.py:245} INFO - ::endgroup::
