[2026-03-27T09:14:38.648+0000] {local_task_job_runner.py:123} INFO - ::group::Pre task execution logs
[2026-03-27T09:14:38.670+0000] {taskinstance.py:2614} INFO - Dependencies all met for dep_context=non-requeueable deps ti=<TaskInstance: kafka_producer.send_jsonl_to_kafka manual__2026-03-27T09:14:36.075655+00:00 [queued]>
[2026-03-27T09:14:38.681+0000] {taskinstance.py:2614} INFO - Dependencies all met for dep_context=requeueable deps ti=<TaskInstance: kafka_producer.send_jsonl_to_kafka manual__2026-03-27T09:14:36.075655+00:00 [queued]>
[2026-03-27T09:14:38.682+0000] {taskinstance.py:2867} INFO - Starting attempt 1 of 1
[2026-03-27T09:14:38.699+0000] {taskinstance.py:2890} INFO - Executing <Task(PythonOperator): send_jsonl_to_kafka> on 2026-03-27 09:14:36.075655+00:00
[2026-03-27T09:14:38.709+0000] {warnings.py:112} WARNING - /home/***/.local/lib/python3.12/site-packages/***/task/task_runner/standard_task_runner.py:70: DeprecationWarning: This process (pid=48) is multi-threaded, use of fork() may lead to deadlocks in the child.
  pid = os.fork()

[2026-03-27T09:14:38.712+0000] {standard_task_runner.py:72} INFO - Started process 49 to run task
[2026-03-27T09:14:38.711+0000] {standard_task_runner.py:104} INFO - Running: ['***', 'tasks', 'run', 'kafka_producer', 'send_jsonl_to_kafka', 'manual__2026-03-27T09:14:36.075655+00:00', '--job-id', '2', '--raw', '--subdir', 'DAGS_FOLDER/kafka_load.py', '--cfg-path', '/tmp/tmpijrymxkb']
[2026-03-27T09:14:38.713+0000] {standard_task_runner.py:105} INFO - Job 2: Subtask send_jsonl_to_kafka
[2026-03-27T09:14:38.784+0000] {task_command.py:467} INFO - Running <TaskInstance: kafka_producer.send_jsonl_to_kafka manual__2026-03-27T09:14:36.075655+00:00 [running]> on host 1c682eb9f071
[2026-03-27T09:14:38.896+0000] {taskinstance.py:3134} INFO - Exporting env vars: AIRFLOW_CTX_DAG_OWNER='***' AIRFLOW_CTX_DAG_ID='kafka_producer' AIRFLOW_CTX_TASK_ID='send_jsonl_to_kafka' AIRFLOW_CTX_EXECUTION_DATE='2026-03-27T09:14:36.075655+00:00' AIRFLOW_CTX_TRY_NUMBER='1' AIRFLOW_CTX_DAG_RUN_ID='manual__2026-03-27T09:14:36.075655+00:00'
[2026-03-27T09:14:38.898+0000] {taskinstance.py:732} INFO - ::endgroup::
[2026-03-27T09:14:38.960+0000] {logging_mixin.py:190} INFO - 📄 Обработка файла: browser_events.jsonl
[2026-03-27T09:14:38.967+0000] {logging_mixin.py:190} INFO -   📨 Отправлено 100 сообщений
[2026-03-27T09:14:38.971+0000] {logging_mixin.py:190} INFO -   📨 Отправлено 200 сообщений
[2026-03-27T09:14:38.976+0000] {logging_mixin.py:190} INFO -   📨 Отправлено 300 сообщений
[2026-03-27T09:14:38.982+0000] {logging_mixin.py:190} INFO -   📨 Отправлено 400 сообщений
[2026-03-27T09:14:38.986+0000] {logging_mixin.py:190} INFO -   📨 Отправлено 500 сообщений
[2026-03-27T09:14:38.990+0000] {logging_mixin.py:190} INFO -   📨 Отправлено 600 сообщений
[2026-03-27T09:14:38.997+0000] {logging_mixin.py:190} INFO -   📨 Отправлено 700 сообщений
[2026-03-27T09:14:39.001+0000] {logging_mixin.py:190} INFO -   📨 Отправлено 800 сообщений
[2026-03-27T09:14:39.005+0000] {logging_mixin.py:190} INFO -   📨 Отправлено 900 сообщений
[2026-03-27T09:14:39.011+0000] {logging_mixin.py:190} INFO -   📨 Отправлено 1000 сообщений
[2026-03-27T09:14:39.014+0000] {logging_mixin.py:190} INFO -   ✅ Файл browser_events.jsonl обработан
[2026-03-27T09:14:39.016+0000] {logging_mixin.py:190} INFO - 📄 Обработка файла: device_events.jsonl
[2026-03-27T09:14:39.025+0000] {logging_mixin.py:190} INFO -   📨 Отправлено 100 сообщений
[2026-03-27T09:14:39.028+0000] {logging_mixin.py:190} INFO -   📨 Отправлено 200 сообщений
[2026-03-27T09:14:39.031+0000] {logging_mixin.py:190} INFO -   📨 Отправлено 300 сообщений
[2026-03-27T09:14:39.034+0000] {logging_mixin.py:190} INFO -   📨 Отправлено 400 сообщений
[2026-03-27T09:14:39.037+0000] {logging_mixin.py:190} INFO -   📨 Отправлено 500 сообщений
[2026-03-27T09:14:39.041+0000] {logging_mixin.py:190} INFO -   📨 Отправлено 600 сообщений
[2026-03-27T09:14:39.044+0000] {logging_mixin.py:190} INFO -   📨 Отправлено 700 сообщений
[2026-03-27T09:14:39.046+0000] {logging_mixin.py:190} INFO -   📨 Отправлено 800 сообщений
[2026-03-27T09:14:39.049+0000] {logging_mixin.py:190} INFO -   📨 Отправлено 900 сообщений
[2026-03-27T09:14:39.051+0000] {logging_mixin.py:190} INFO -   📨 Отправлено 1000 сообщений
[2026-03-27T09:14:39.052+0000] {logging_mixin.py:190} INFO -   ✅ Файл device_events.jsonl обработан
[2026-03-27T09:14:39.052+0000] {logging_mixin.py:190} INFO - 📄 Обработка файла: geo_events.jsonl
[2026-03-27T09:14:39.058+0000] {logging_mixin.py:190} INFO -   📨 Отправлено 100 сообщений
[2026-03-27T09:14:39.061+0000] {logging_mixin.py:190} INFO -   📨 Отправлено 200 сообщений
[2026-03-27T09:14:39.064+0000] {logging_mixin.py:190} INFO -   📨 Отправлено 300 сообщений
[2026-03-27T09:14:39.068+0000] {logging_mixin.py:190} INFO -   📨 Отправлено 400 сообщений
[2026-03-27T09:14:39.071+0000] {logging_mixin.py:190} INFO -   📨 Отправлено 500 сообщений
[2026-03-27T09:14:39.073+0000] {logging_mixin.py:190} INFO -   📨 Отправлено 600 сообщений
[2026-03-27T09:14:39.076+0000] {logging_mixin.py:190} INFO -   📨 Отправлено 700 сообщений
[2026-03-27T09:14:39.079+0000] {logging_mixin.py:190} INFO -   📨 Отправлено 800 сообщений
[2026-03-27T09:14:39.082+0000] {logging_mixin.py:190} INFO -   📨 Отправлено 900 сообщений
[2026-03-27T09:14:39.085+0000] {logging_mixin.py:190} INFO -   📨 Отправлено 1000 сообщений
[2026-03-27T09:14:39.086+0000] {logging_mixin.py:190} INFO -   ✅ Файл geo_events.jsonl обработан
[2026-03-27T09:14:39.087+0000] {logging_mixin.py:190} INFO - 📄 Обработка файла: location_events.jsonl
[2026-03-27T09:14:39.097+0000] {logging_mixin.py:190} INFO -   📨 Отправлено 100 сообщений
[2026-03-27T09:14:39.102+0000] {logging_mixin.py:190} INFO -   📨 Отправлено 200 сообщений
[2026-03-27T09:14:39.108+0000] {logging_mixin.py:190} INFO -   📨 Отправлено 300 сообщений
[2026-03-27T09:14:39.111+0000] {logging_mixin.py:190} INFO -   📨 Отправлено 400 сообщений
[2026-03-27T09:14:39.115+0000] {logging_mixin.py:190} INFO -   📨 Отправлено 500 сообщений
[2026-03-27T09:14:39.119+0000] {logging_mixin.py:190} INFO -   📨 Отправлено 600 сообщений
[2026-03-27T09:14:39.122+0000] {logging_mixin.py:190} INFO -   📨 Отправлено 700 сообщений
[2026-03-27T09:14:39.125+0000] {logging_mixin.py:190} INFO -   📨 Отправлено 800 сообщений
[2026-03-27T09:14:39.128+0000] {logging_mixin.py:190} INFO -   📨 Отправлено 900 сообщений
[2026-03-27T09:14:39.132+0000] {logging_mixin.py:190} INFO -   📨 Отправлено 1000 сообщений
[2026-03-27T09:14:39.133+0000] {logging_mixin.py:190} INFO -   ✅ Файл location_events.jsonl обработан
[2026-03-27T09:14:39.432+0000] {logging_mixin.py:190} INFO - 
✅ Итого: 4 файлов, 4000 сообщений отправлено в топик 'browser_events'
[2026-03-27T09:14:39.434+0000] {python.py:240} INFO - Done. Returned value was: None
[2026-03-27T09:14:39.449+0000] {taskinstance.py:341} INFO - ::group::Post task execution logs
[2026-03-27T09:14:39.450+0000] {taskinstance.py:353} INFO - Marking task as SUCCESS. dag_id=kafka_producer, task_id=send_jsonl_to_kafka, run_id=manual__2026-03-27T09:14:36.075655+00:00, execution_date=20260327T091436, start_date=20260327T091438, end_date=20260327T091439
[2026-03-27T09:14:39.534+0000] {local_task_job_runner.py:266} INFO - Task exited with return code 0
[2026-03-27T09:14:39.557+0000] {taskinstance.py:3901} INFO - 0 downstream tasks scheduled from follow-on schedule check
[2026-03-27T09:14:39.559+0000] {local_task_job_runner.py:245} INFO - ::endgroup::
