[2026-04-12T15:26:29.556+0000] {local_task_job_runner.py:123} INFO - ::group::Pre task execution logs
[2026-04-12T15:26:29.578+0000] {taskinstance.py:2614} INFO - Dependencies all met for dep_context=non-requeueable deps ti=<TaskInstance: layers_update.run_dbt manual__2026-04-12T15:26:23.349558+00:00 [queued]>
[2026-04-12T15:26:29.591+0000] {taskinstance.py:2614} INFO - Dependencies all met for dep_context=requeueable deps ti=<TaskInstance: layers_update.run_dbt manual__2026-04-12T15:26:23.349558+00:00 [queued]>
[2026-04-12T15:26:29.592+0000] {taskinstance.py:2867} INFO - Starting attempt 1 of 1
[2026-04-12T15:26:29.613+0000] {taskinstance.py:2890} INFO - Executing <Task(BashOperator): run_dbt> on 2026-04-12 15:26:23.349558+00:00
[2026-04-12T15:26:29.621+0000] {warnings.py:112} WARNING - /home/***/.local/lib/python3.12/site-packages/***/task/task_runner/standard_task_runner.py:70: DeprecationWarning: This process (pid=58) is multi-threaded, use of fork() may lead to deadlocks in the child.
  pid = os.fork()

[2026-04-12T15:26:29.624+0000] {standard_task_runner.py:72} INFO - Started process 59 to run task
[2026-04-12T15:26:29.625+0000] {standard_task_runner.py:104} INFO - Running: ['***', 'tasks', 'run', 'layers_update', 'run_dbt', 'manual__2026-04-12T15:26:23.349558+00:00', '--job-id', '4', '--raw', '--subdir', 'DAGS_FOLDER/layers_update.py', '--cfg-path', '/tmp/tmp1eu8vhxf']
[2026-04-12T15:26:29.627+0000] {standard_task_runner.py:105} INFO - Job 4: Subtask run_dbt
[2026-04-12T15:26:29.688+0000] {task_command.py:467} INFO - Running <TaskInstance: layers_update.run_dbt manual__2026-04-12T15:26:23.349558+00:00 [running]> on host ab365e87f8e7
[2026-04-12T15:26:29.802+0000] {taskinstance.py:3134} INFO - Exporting env vars: AIRFLOW_CTX_DAG_OWNER='***' AIRFLOW_CTX_DAG_ID='layers_update' AIRFLOW_CTX_TASK_ID='run_dbt' AIRFLOW_CTX_EXECUTION_DATE='2026-04-12T15:26:23.349558+00:00' AIRFLOW_CTX_TRY_NUMBER='1' AIRFLOW_CTX_DAG_RUN_ID='manual__2026-04-12T15:26:23.349558+00:00'
[2026-04-12T15:26:29.803+0000] {taskinstance.py:732} INFO - ::endgroup::
[2026-04-12T15:26:29.827+0000] {subprocess.py:78} INFO - Tmp dir root location: /tmp
[2026-04-12T15:26:29.828+0000] {subprocess.py:88} INFO - Running command: ['/usr/bin/bash', '-c', 'dbt run']
[2026-04-12T15:26:29.843+0000] {subprocess.py:99} INFO - Output:
[2026-04-12T15:26:34.035+0000] {subprocess.py:106} INFO - [0m15:26:34  Running with dbt=1.7.0
[2026-04-12T15:26:34.448+0000] {subprocess.py:106} INFO - [0m15:26:34  Registered adapter: clickhouse=1.7.0
[2026-04-12T15:26:36.344+0000] {subprocess.py:106} INFO - [0m15:26:36  [[33mWARNING[0m]: Configuration paths exist in your dbt_project.yml file which do not apply to any resources.
[2026-04-12T15:26:36.345+0000] {subprocess.py:106} INFO - There are 1 unused configuration paths:
[2026-04-12T15:26:36.346+0000] {subprocess.py:106} INFO - - models.clickhouse_etl.raw
[2026-04-12T15:26:36.378+0000] {subprocess.py:106} INFO - [0m15:26:36  Found 12 models, 20 tests, 4 sources, 0 exposures, 0 metrics, 536 macros, 0 groups, 0 semantic models
[2026-04-12T15:26:36.383+0000] {subprocess.py:106} INFO - [0m15:26:36
[2026-04-12T15:26:37.019+0000] {subprocess.py:106} INFO - [0m15:26:37  Concurrency: 1 threads (target='dev')
[2026-04-12T15:26:37.020+0000] {subprocess.py:106} INFO - [0m15:26:37
[2026-04-12T15:26:37.031+0000] {subprocess.py:106} INFO - [0m15:26:37  1 of 12 START sql incremental model `ods_ods`.`browser_data` ................... [RUN]
[2026-04-12T15:26:37.244+0000] {subprocess.py:106} INFO - [0m15:26:37  1 of 12 ERROR creating sql incremental model `ods_ods`.`browser_data` .......... [[31mERROR[0m in 0.21s]
[2026-04-12T15:26:37.249+0000] {subprocess.py:106} INFO - [0m15:26:37  2 of 12 START sql incremental model `ods_ods`.`device_data` .................... [RUN]
[2026-04-12T15:26:37.360+0000] {subprocess.py:106} INFO - [0m15:26:37  2 of 12 ERROR creating sql incremental model `ods_ods`.`device_data` ........... [[31mERROR[0m in 0.11s]
[2026-04-12T15:26:37.365+0000] {subprocess.py:106} INFO - [0m15:26:37  3 of 12 START sql incremental model `ods_ods`.`geo_data` ....................... [RUN]
[2026-04-12T15:26:37.481+0000] {subprocess.py:106} INFO - [0m15:26:37  3 of 12 ERROR creating sql incremental model `ods_ods`.`geo_data` .............. [[31mERROR[0m in 0.11s]
[2026-04-12T15:26:37.485+0000] {subprocess.py:106} INFO - [0m15:26:37  4 of 12 START sql incremental model `ods_ods`.`location_data` .................. [RUN]
[2026-04-12T15:26:37.592+0000] {subprocess.py:106} INFO - [0m15:26:37  4 of 12 ERROR creating sql incremental model `ods_ods`.`location_data` ......... [[31mERROR[0m in 0.11s]
[2026-04-12T15:26:37.596+0000] {subprocess.py:106} INFO - [0m15:26:37  5 of 12 SKIP relation ods_dds.dds_browser ...................................... [[33mSKIP[0m]
[2026-04-12T15:26:37.599+0000] {subprocess.py:106} INFO - [0m15:26:37  6 of 12 SKIP relation ods_dds.dds_device ....................................... [[33mSKIP[0m]
[2026-04-12T15:26:37.603+0000] {subprocess.py:106} INFO - [0m15:26:37  7 of 12 SKIP relation ods_dds.dds_fct_click .................................... [[33mSKIP[0m]
[2026-04-12T15:26:37.606+0000] {subprocess.py:106} INFO - [0m15:26:37  8 of 12 SKIP relation ods_dds.dds_geo .......................................... [[33mSKIP[0m]
[2026-04-12T15:26:37.609+0000] {subprocess.py:106} INFO - [0m15:26:37  9 of 12 SKIP relation ods_dds.dds_location ..................................... [[33mSKIP[0m]
[2026-04-12T15:26:37.615+0000] {subprocess.py:106} INFO - [0m15:26:37  10 of 12 SKIP relation ods_dm.dm_geo_stat ...................................... [[33mSKIP[0m]
[2026-04-12T15:26:37.618+0000] {subprocess.py:106} INFO - [0m15:26:37  11 of 12 SKIP relation ods_dm.dm_daily_aggregates .............................. [[33mSKIP[0m]
[2026-04-12T15:26:37.621+0000] {subprocess.py:106} INFO - [0m15:26:37  12 of 12 SKIP relation ods_dm.dm_popular_sources ............................... [[33mSKIP[0m]
[2026-04-12T15:26:37.629+0000] {subprocess.py:106} INFO - [0m15:26:37
[2026-04-12T15:26:37.630+0000] {subprocess.py:106} INFO - [0m15:26:37  Finished running 10 incremental models, 2 view models in 0 hours 0 minutes and 1.25 seconds (1.25s).
[2026-04-12T15:26:37.658+0000] {subprocess.py:106} INFO - [0m15:26:37
[2026-04-12T15:26:37.659+0000] {subprocess.py:106} INFO - [0m15:26:37  [31mCompleted with 4 errors and 0 warnings:[0m
[2026-04-12T15:26:37.660+0000] {subprocess.py:106} INFO - [0m15:26:37
[2026-04-12T15:26:37.661+0000] {subprocess.py:106} INFO - [0m15:26:37    Database Error in model ods_browser (models/ods/ods_browser.sql)
[2026-04-12T15:26:37.662+0000] {subprocess.py:106} INFO -   Code: 46.
[2026-04-12T15:26:37.662+0000] {subprocess.py:106} INFO -   DB::Exception: Function with name `JSONIsValid` does not exist. In scope SELECT CAST(JSONExtractString(message, 'event_id'), 'UUID') AS event_id, CAST(JSONExtractString(message, 'event_timestamp'), 'DateTime64(6, \'Europe/Moscow\')') AS event_timestamp, CAST(JSONExtractString(message, 'event_type'), 'String') AS event_type, CAST(JSONExtractString(message, 'click_id'), 'UUID') AS click_id, CAST(JSONExtractString(message, 'browser_name'), 'String') AS browser_name, CAST(JSONExtractString(message, 'browser_user_agent'), 'String') AS browser_user_agent, CAST(JSONExtractString(message, 'browser_language'), 'String') AS browser_language, offset AS kafka_offset, partition AS kafka_partition, timestamp_kafka AS kafka_timestamp, load_time AS raw_load_time, now() AS ods_load_time FROM raw.browser_data WHERE (JSONIsValid(message) = 1) AND (JSONExtractString(message, 'event_id') != ''). Maybe you meant: ['JSON_VALUE','h3IsValid']. Stack trace:
[2026-04-12T15:26:37.663+0000] {subprocess.py:106} INFO - 
[2026-04-12T15:26:37.664+0000] {subprocess.py:106} INFO -   0. DB::Exception::Exception(DB::Exception::MessageMasked&&, int, bool) @ 0x00000000166dc66a
[2026-04-12T15:26:37.664+0000] {subprocess.py:106} INFO -   1. DB::Exception::Exception(String&&, int, String, bool) @ 0x000000000e55bf0e
[2026-04-12T15:26:37.665+0000] {subprocess.py:106} INFO -   2. DB::Exception::Exception(PreformattedMessage&&, int) @ 0x000000000e55b849
[2026-04-12T15:26:37.666+0000] {subprocess.py:106} INFO -   3. DB::Exception::Exception<String, String, String>(int, FormatStringHelperImpl<std::type_identity<String>::type, std::type_identity<String>::type, std::type_identity<String>::type>, String&&, String&&, String&&) @ 0x000000000e670376
[2026-04-12T15:26:37.666+0000] {subprocess.py:106} INFO -   4. DB::QueryAnalyzer::resolveFunction(std::shared_ptr<DB::IQueryTreeNode>&, DB::IdentifierResolveScope&) @ 0x000000001ad2a474
[2026-04-12T15:26:37.667+0000] {subprocess.py:106} INFO -   5. DB::QueryAnalyzer::resolveExpressionNode(std::shared_ptr<DB::IQueryTreeNode>&, DB::IdentifierResolveScope&, bool, bool, bool) @ 0x000000001aa616e5
[2026-04-12T15:26:37.668+0000] {subprocess.py:106} INFO -   6. DB::QueryAnalyzer::resolveExpressionNodeList(std::shared_ptr<DB::IQueryTreeNode>&, DB::IdentifierResolveScope&, bool, bool) @ 0x000000001aa60b81
[2026-04-12T15:26:37.668+0000] {subprocess.py:106} INFO -   7. DB::QueryAnalyzer::resolveFunction(std::shared_ptr<DB::IQueryTreeNode>&, DB::IdentifierResolveScope&) @ 0x000000001ad1f47d
[2026-04-12T15:26:37.669+0000] {subprocess.py:106} INFO -   8. DB::QueryAnalyzer::resolveExpressionNode(std::shared_ptr<DB::IQueryTreeNode>&, DB::IdentifierResolveScope&, bool, bool, bool) @ 0x000000001aa616e5
[2026-04-12T15:26:37.669+0000] {subprocess.py:106} INFO -   9. DB::QueryAnalyzer::resolveExpressionNodeList(std::shared_ptr<DB::IQueryTreeNode>&, DB::IdentifierResolveScope&, bool, bool) @ 0x000000001aa60b81
[2026-04-12T15:26:37.670+0000] {subprocess.py:106} INFO -   10. DB::QueryAnalyzer::resolveFunction(std::shared_ptr<DB::IQueryTreeNode>&, DB::IdentifierResolveScope&) @ 0x000000001ad1f47d
[2026-04-12T15:26:37.670+0000] {subprocess.py:106} INFO -   11. DB::QueryAnalyzer::resolveExpressionNode(std::shared_ptr<DB::IQueryTreeNode>&, DB::IdentifierResolveScope&, bool, bool, bool) @ 0x000000001aa616e5
[2026-04-12T15:26:37.671+0000] {subprocess.py:106} INFO -   12. DB::QueryAnalyzer::resolveQuery(std::shared_ptr<DB::IQueryTreeNode> const&, DB::IdentifierResolveScope&) @ 0x000000001aa575d3
[2026-04-12T15:26:37.671+0000] {subprocess.py:106} INFO -   13. DB::QueryAnalyzer::resolve(std::shared_ptr<DB::IQueryTreeNode>&, std::shared_ptr<DB::IQueryTreeNode> const&, std::shared_ptr<DB::Context const>) @ 0x000000001aa54ae4
[2026-04-12T15:26:37.672+0000] {subprocess.py:106} INFO -   14. DB::QueryAnalysisPass::run(std::shared_ptr<DB::IQueryTreeNode>&, std::shared_ptr<DB::Context const>) @ 0x000000001aa5409c
[2026-04-12T15:26:37.673+0000] {subprocess.py:106} INFO -   15. DB::QueryTreePassManager::run(std::shared_ptr<DB::IQueryTreeNode>&) @ 0x000000001aaaeac1
[2026-04-12T15:26:37.674+0000] {subprocess.py:106} INFO -   16. DB::buildQueryTreeAndRunPasses(boost::intrusive_ptr<DB::IAST> const&, DB::SelectQueryOptions const&, std::shared_ptr<DB::Context const> const&, std::shared_ptr<DB::IStorage> const&) @ 0x000000001b68d464
[2026-04-12T15:26:37.674+0000] {subprocess.py:106} INFO -   17. DB::InterpreterSelectQueryAnalyzer::InterpreterSelectQueryAnalyzer(boost::intrusive_ptr<DB::IAST> const&, std::shared_ptr<DB::Context const> const&, DB::SelectQueryOptions const&, std::vector<String, std::allocator<String>> const&, DB::ActionsDAG const*) @ 0x000000001b68b90c
[2026-04-12T15:26:37.675+0000] {subprocess.py:106} INFO -   18. DB::InterpreterSelectQueryAnalyzer::getSampleBlock(boost::intrusive_ptr<DB::IAST> const&, std::shared_ptr<DB::Context const> const&, DB::SelectQueryOptions const&) @ 0x000000001b68dfad
[2026-04-12T15:26:37.675+0000] {subprocess.py:106} INFO -   19. DB::InterpreterCreateQuery::getTablePropertiesAndNormalizeCreateQuery(DB::ASTCreateQuery&, DB::LoadingStrictnessLevel) @ 0x000000001b5e722f
[2026-04-12T15:26:37.676+0000] {subprocess.py:106} INFO -   20. DB::InterpreterCreateQuery::createTable(DB::ASTCreateQuery&) @ 0x000000001b5ef6bb
[2026-04-12T15:26:37.677+0000] {subprocess.py:106} INFO -   21. DB::InterpreterCreateQuery::execute() @ 0x000000001b607158
[2026-04-12T15:26:37.677+0000] {subprocess.py:106} INFO -   22. DB::executeQueryImpl(char const*, char const*, std::shared_ptr<DB::Context>, DB::QueryFlags, DB::QueryProcessingStage::Enum, std::unique_ptr<DB::ReadBuffer, std::default_delete<DB::ReadBuffer>>&, boost::intrusive_ptr<DB::IAST>&, std::shared_ptr<DB::ImplicitTransactionControlExecutor>, std::function<void ()>, DB::QueryResultDetails&) @ 0x000000001ba8f03e
[2026-04-12T15:26:37.678+0000] {subprocess.py:106} INFO -   23. DB::executeQuery(String const&, std::shared_ptr<DB::Context>, DB::QueryFlags, DB::QueryProcessingStage::Enum) @ 0x000000001ba891c2
[2026-04-12T15:26:37.679+0000] {subprocess.py:106} INFO -   24. DB::TCPHandler::runImpl() @ 0x000000001d21a30d
[2026-04-12T15:26:37.680+0000] {subprocess.py:106} INFO -   25. DB::TCPHandler::run() @ 0x000000001d23cb24
[2026-04-12T15:26:37.681+0000] {subprocess.py:106} INFO -   26. Poco::Net::TCPServerConnection::start() @ 0x0000000022789647
[2026-04-12T15:26:37.682+0000] {subprocess.py:106} INFO -   27. Poco::Net::TCPServerDispatcher::run() @ 0x0000000022789bc2
[2026-04-12T15:26:37.683+0000] {subprocess.py:106} INFO -   28. Poco::PooledThread::run() @ 0x0000000022748345
[2026-04-12T15:26:37.684+0000] {subprocess.py:106} INFO -   29. Poco::ThreadImpl::runnableEntry(void*) @ 0x00000000227468cf
[2026-04-12T15:26:37.684+0000] {subprocess.py:106} INFO -   30. ? @ 0x0000000000094ac3
[2026-04-12T15:26:37.685+0000] {subprocess.py:106} INFO -   31. __clone @ 0x0000000000125a84
[2026-04-12T15:26:37.685+0000] {subprocess.py:106} INFO - [0m15:26:37
[2026-04-12T15:26:37.686+0000] {subprocess.py:106} INFO - [0m15:26:37    Database Error in model ods_device (models/ods/ods_device.sql)
[2026-04-12T15:26:37.687+0000] {subprocess.py:106} INFO -   Code: 46.
[2026-04-12T15:26:37.687+0000] {subprocess.py:106} INFO -   DB::Exception: Function with name `JSONIsValid` does not exist. In scope SELECT CAST(JSONExtractString(message, 'click_id'), 'UUID') AS click_id, CAST(JSONExtractString(message, 'os'), 'String') AS os, CAST(JSONExtractString(message, 'os_name'), 'String') AS os_name, CAST(JSONExtractString(message, 'os_timezone'), 'String') AS os_timezone, CAST(JSONExtractString(message, 'device_type'), 'String') AS device_type, CAST(JSONExtractString(message, 'device_is_mobile'), 'Bool') AS device_is_mobile, CAST(JSONExtractString(message, 'user_custom_id'), 'String') AS user_custom_id, CAST(JSONExtractString(message, 'user_domain_id'), 'UUID') AS user_domain_id, offset AS kafka_offset, partition AS kafka_partition, timestamp_kafka AS kafka_timestamp, load_time AS raw_load_time, now() AS ods_load_time FROM raw.device_data WHERE (JSONIsValid(message) = 1) AND (JSONExtractString(message, 'click_id') != ''). Maybe you meant: ['JSON_VALUE','h3IsValid']. Stack trace:
[2026-04-12T15:26:37.688+0000] {subprocess.py:106} INFO - 
[2026-04-12T15:26:37.689+0000] {subprocess.py:106} INFO -   0. DB::Exception::Exception(DB::Exception::MessageMasked&&, int, bool) @ 0x00000000166dc66a
[2026-04-12T15:26:37.690+0000] {subprocess.py:106} INFO -   1. DB::Exception::Exception(String&&, int, String, bool) @ 0x000000000e55bf0e
[2026-04-12T15:26:37.691+0000] {subprocess.py:106} INFO -   2. DB::Exception::Exception(PreformattedMessage&&, int) @ 0x000000000e55b849
[2026-04-12T15:26:37.691+0000] {subprocess.py:106} INFO -   3. DB::Exception::Exception<String, String, String>(int, FormatStringHelperImpl<std::type_identity<String>::type, std::type_identity<String>::type, std::type_identity<String>::type>, String&&, String&&, String&&) @ 0x000000000e670376
[2026-04-12T15:26:37.692+0000] {subprocess.py:106} INFO -   4. DB::QueryAnalyzer::resolveFunction(std::shared_ptr<DB::IQueryTreeNode>&, DB::IdentifierResolveScope&) @ 0x000000001ad2a474
[2026-04-12T15:26:37.693+0000] {subprocess.py:106} INFO -   5. DB::QueryAnalyzer::resolveExpressionNode(std::shared_ptr<DB::IQueryTreeNode>&, DB::IdentifierResolveScope&, bool, bool, bool) @ 0x000000001aa616e5
[2026-04-12T15:26:37.693+0000] {subprocess.py:106} INFO -   6. DB::QueryAnalyzer::resolveExpressionNodeList(std::shared_ptr<DB::IQueryTreeNode>&, DB::IdentifierResolveScope&, bool, bool) @ 0x000000001aa60b81
[2026-04-12T15:26:37.694+0000] {subprocess.py:106} INFO -   7. DB::QueryAnalyzer::resolveFunction(std::shared_ptr<DB::IQueryTreeNode>&, DB::IdentifierResolveScope&) @ 0x000000001ad1f47d
[2026-04-12T15:26:37.694+0000] {subprocess.py:106} INFO -   8. DB::QueryAnalyzer::resolveExpressionNode(std::shared_ptr<DB::IQueryTreeNode>&, DB::IdentifierResolveScope&, bool, bool, bool) @ 0x000000001aa616e5
[2026-04-12T15:26:37.695+0000] {subprocess.py:106} INFO -   9. DB::QueryAnalyzer::resolveExpressionNodeList(std::shared_ptr<DB::IQueryTreeNode>&, DB::IdentifierResolveScope&, bool, bool) @ 0x000000001aa60b81
[2026-04-12T15:26:37.695+0000] {subprocess.py:106} INFO -   10. DB::QueryAnalyzer::resolveFunction(std::shared_ptr<DB::IQueryTreeNode>&, DB::IdentifierResolveScope&) @ 0x000000001ad1f47d
[2026-04-12T15:26:37.696+0000] {subprocess.py:106} INFO -   11. DB::QueryAnalyzer::resolveExpressionNode(std::shared_ptr<DB::IQueryTreeNode>&, DB::IdentifierResolveScope&, bool, bool, bool) @ 0x000000001aa616e5
[2026-04-12T15:26:37.697+0000] {subprocess.py:106} INFO -   12. DB::QueryAnalyzer::resolveQuery(std::shared_ptr<DB::IQueryTreeNode> const&, DB::IdentifierResolveScope&) @ 0x000000001aa575d3
[2026-04-12T15:26:37.697+0000] {subprocess.py:106} INFO -   13. DB::QueryAnalyzer::resolve(std::shared_ptr<DB::IQueryTreeNode>&, std::shared_ptr<DB::IQueryTreeNode> const&, std::shared_ptr<DB::Context const>) @ 0x000000001aa54ae4
[2026-04-12T15:26:37.698+0000] {subprocess.py:106} INFO -   14. DB::QueryAnalysisPass::run(std::shared_ptr<DB::IQueryTreeNode>&, std::shared_ptr<DB::Context const>) @ 0x000000001aa5409c
[2026-04-12T15:26:37.698+0000] {subprocess.py:106} INFO -   15. DB::QueryTreePassManager::run(std::shared_ptr<DB::IQueryTreeNode>&) @ 0x000000001aaaeac1
[2026-04-12T15:26:37.699+0000] {subprocess.py:106} INFO -   16. DB::buildQueryTreeAndRunPasses(boost::intrusive_ptr<DB::IAST> const&, DB::SelectQueryOptions const&, std::shared_ptr<DB::Context const> const&, std::shared_ptr<DB::IStorage> const&) @ 0x000000001b68d464
[2026-04-12T15:26:37.699+0000] {subprocess.py:106} INFO -   17. DB::InterpreterSelectQueryAnalyzer::InterpreterSelectQueryAnalyzer(boost::intrusive_ptr<DB::IAST> const&, std::shared_ptr<DB::Context const> const&, DB::SelectQueryOptions const&, std::vector<String, std::allocator<String>> const&, DB::ActionsDAG const*) @ 0x000000001b68b90c
[2026-04-12T15:26:37.700+0000] {subprocess.py:106} INFO -   18. DB::InterpreterSelectQueryAnalyzer::getSampleBlock(boost::intrusive_ptr<DB::IAST> const&, std::shared_ptr<DB::Context const> const&, DB::SelectQueryOptions const&) @ 0x000000001b68dfad
[2026-04-12T15:26:37.701+0000] {subprocess.py:106} INFO -   19. DB::InterpreterCreateQuery::getTablePropertiesAndNormalizeCreateQuery(DB::ASTCreateQuery&, DB::LoadingStrictnessLevel) @ 0x000000001b5e722f
[2026-04-12T15:26:37.701+0000] {subprocess.py:106} INFO -   20. DB::InterpreterCreateQuery::createTable(DB::ASTCreateQuery&) @ 0x000000001b5ef6bb
[2026-04-12T15:26:37.702+0000] {subprocess.py:106} INFO -   21. DB::InterpreterCreateQuery::execute() @ 0x000000001b607158
[2026-04-12T15:26:37.703+0000] {subprocess.py:106} INFO -   22. DB::executeQueryImpl(char const*, char const*, std::shared_ptr<DB::Context>, DB::QueryFlags, DB::QueryProcessingStage::Enum, std::unique_ptr<DB::ReadBuffer, std::default_delete<DB::ReadBuffer>>&, boost::intrusive_ptr<DB::IAST>&, std::shared_ptr<DB::ImplicitTransactionControlExecutor>, std::function<void ()>, DB::QueryResultDetails&) @ 0x000000001ba8f03e
[2026-04-12T15:26:37.703+0000] {subprocess.py:106} INFO -   23. DB::executeQuery(String const&, std::shared_ptr<DB::Context>, DB::QueryFlags, DB::QueryProcessingStage::Enum) @ 0x000000001ba891c2
[2026-04-12T15:26:37.704+0000] {subprocess.py:106} INFO -   24. DB::TCPHandler::runImpl() @ 0x000000001d21a30d
[2026-04-12T15:26:37.704+0000] {subprocess.py:106} INFO -   25. DB::TCPHandler::run() @ 0x000000001d23cb24
[2026-04-12T15:26:37.705+0000] {subprocess.py:106} INFO -   26. Poco::Net::TCPServerConnection::start() @ 0x0000000022789647
[2026-04-12T15:26:37.706+0000] {subprocess.py:106} INFO -   27. Poco::Net::TCPServerDispatcher::run() @ 0x0000000022789bc2
[2026-04-12T15:26:37.706+0000] {subprocess.py:106} INFO -   28. Poco::PooledThread::run() @ 0x0000000022748345
[2026-04-12T15:26:37.707+0000] {subprocess.py:106} INFO -   29. Poco::ThreadImpl::runnableEntry(void*) @ 0x00000000227468cf
[2026-04-12T15:26:37.707+0000] {subprocess.py:106} INFO -   30. ? @ 0x0000000000094ac3
[2026-04-12T15:26:37.708+0000] {subprocess.py:106} INFO -   31. __clone @ 0x0000000000125a84
[2026-04-12T15:26:37.708+0000] {subprocess.py:106} INFO - [0m15:26:37
[2026-04-12T15:26:37.709+0000] {subprocess.py:106} INFO - [0m15:26:37    Database Error in model ods_geo (models/ods/ods_geo.sql)
[2026-04-12T15:26:37.709+0000] {subprocess.py:106} INFO -   Code: 46.
[2026-04-12T15:26:37.710+0000] {subprocess.py:106} INFO -   DB::Exception: Function with name `JSONIsValid` does not exist. In scope SELECT CAST(JSONExtractString(message, 'click_id'), 'UUID') AS click_id, CAST(JSONExtractString(message, 'geo_latitude'), 'Decimal(8, 5)') AS geo_latitude, CAST(JSONExtractString(message, 'geo_longitude'), 'Decimal(8, 5)') AS geo_longitude, CAST(JSONExtractString(message, 'geo_country'), 'FixedString(2)') AS geo_country, CAST(JSONExtractString(message, 'geo_timezone'), 'String') AS geo_timezone, CAST(JSONExtractString(message, 'geo_region_name'), 'String') AS geo_region_name, CAST(JSONExtractString(message, 'ip_address'), 'IPv4') AS ip_address, offset AS kafka_offset, partition AS kafka_partition, timestamp_kafka AS kafka_timestamp, load_time AS raw_load_time, now() AS ods_load_time FROM raw.geo_data WHERE (JSONIsValid(message) = 1) AND (JSONExtractString(message, 'click_id') != ''). Maybe you meant: ['JSON_VALUE','h3IsValid']. Stack trace:
[2026-04-12T15:26:37.710+0000] {subprocess.py:106} INFO - 
[2026-04-12T15:26:37.711+0000] {subprocess.py:106} INFO -   0. DB::Exception::Exception(DB::Exception::MessageMasked&&, int, bool) @ 0x00000000166dc66a
[2026-04-12T15:26:37.711+0000] {subprocess.py:106} INFO -   1. DB::Exception::Exception(String&&, int, String, bool) @ 0x000000000e55bf0e
[2026-04-12T15:26:37.712+0000] {subprocess.py:106} INFO -   2. DB::Exception::Exception(PreformattedMessage&&, int) @ 0x000000000e55b849
[2026-04-12T15:26:37.712+0000] {subprocess.py:106} INFO -   3. DB::Exception::Exception<String, String, String>(int, FormatStringHelperImpl<std::type_identity<String>::type, std::type_identity<String>::type, std::type_identity<String>::type>, String&&, String&&, String&&) @ 0x000000000e670376
[2026-04-12T15:26:37.713+0000] {subprocess.py:106} INFO -   4. DB::QueryAnalyzer::resolveFunction(std::shared_ptr<DB::IQueryTreeNode>&, DB::IdentifierResolveScope&) @ 0x000000001ad2a474
[2026-04-12T15:26:37.713+0000] {subprocess.py:106} INFO -   5. DB::QueryAnalyzer::resolveExpressionNode(std::shared_ptr<DB::IQueryTreeNode>&, DB::IdentifierResolveScope&, bool, bool, bool) @ 0x000000001aa616e5
[2026-04-12T15:26:37.714+0000] {subprocess.py:106} INFO -   6. DB::QueryAnalyzer::resolveExpressionNodeList(std::shared_ptr<DB::IQueryTreeNode>&, DB::IdentifierResolveScope&, bool, bool) @ 0x000000001aa60b81
[2026-04-12T15:26:37.714+0000] {subprocess.py:106} INFO -   7. DB::QueryAnalyzer::resolveFunction(std::shared_ptr<DB::IQueryTreeNode>&, DB::IdentifierResolveScope&) @ 0x000000001ad1f47d
[2026-04-12T15:26:37.715+0000] {subprocess.py:106} INFO -   8. DB::QueryAnalyzer::resolveExpressionNode(std::shared_ptr<DB::IQueryTreeNode>&, DB::IdentifierResolveScope&, bool, bool, bool) @ 0x000000001aa616e5
[2026-04-12T15:26:37.715+0000] {subprocess.py:106} INFO -   9. DB::QueryAnalyzer::resolveExpressionNodeList(std::shared_ptr<DB::IQueryTreeNode>&, DB::IdentifierResolveScope&, bool, bool) @ 0x000000001aa60b81
[2026-04-12T15:26:37.716+0000] {subprocess.py:106} INFO -   10. DB::QueryAnalyzer::resolveFunction(std::shared_ptr<DB::IQueryTreeNode>&, DB::IdentifierResolveScope&) @ 0x000000001ad1f47d
[2026-04-12T15:26:37.717+0000] {subprocess.py:106} INFO -   11. DB::QueryAnalyzer::resolveExpressionNode(std::shared_ptr<DB::IQueryTreeNode>&, DB::IdentifierResolveScope&, bool, bool, bool) @ 0x000000001aa616e5
[2026-04-12T15:26:37.717+0000] {subprocess.py:106} INFO -   12. DB::QueryAnalyzer::resolveQuery(std::shared_ptr<DB::IQueryTreeNode> const&, DB::IdentifierResolveScope&) @ 0x000000001aa575d3
[2026-04-12T15:26:37.718+0000] {subprocess.py:106} INFO -   13. DB::QueryAnalyzer::resolve(std::shared_ptr<DB::IQueryTreeNode>&, std::shared_ptr<DB::IQueryTreeNode> const&, std::shared_ptr<DB::Context const>) @ 0x000000001aa54ae4
[2026-04-12T15:26:37.718+0000] {subprocess.py:106} INFO -   14. DB::QueryAnalysisPass::run(std::shared_ptr<DB::IQueryTreeNode>&, std::shared_ptr<DB::Context const>) @ 0x000000001aa5409c
[2026-04-12T15:26:37.719+0000] {subprocess.py:106} INFO -   15. DB::QueryTreePassManager::run(std::shared_ptr<DB::IQueryTreeNode>&) @ 0x000000001aaaeac1
[2026-04-12T15:26:37.719+0000] {subprocess.py:106} INFO -   16. DB::buildQueryTreeAndRunPasses(boost::intrusive_ptr<DB::IAST> const&, DB::SelectQueryOptions const&, std::shared_ptr<DB::Context const> const&, std::shared_ptr<DB::IStorage> const&) @ 0x000000001b68d464
[2026-04-12T15:26:37.720+0000] {subprocess.py:106} INFO -   17. DB::InterpreterSelectQueryAnalyzer::InterpreterSelectQueryAnalyzer(boost::intrusive_ptr<DB::IAST> const&, std::shared_ptr<DB::Context const> const&, DB::SelectQueryOptions const&, std::vector<String, std::allocator<String>> const&, DB::ActionsDAG const*) @ 0x000000001b68b90c
[2026-04-12T15:26:37.721+0000] {subprocess.py:106} INFO -   18. DB::InterpreterSelectQueryAnalyzer::getSampleBlock(boost::intrusive_ptr<DB::IAST> const&, std::shared_ptr<DB::Context const> const&, DB::SelectQueryOptions const&) @ 0x000000001b68dfad
[2026-04-12T15:26:37.721+0000] {subprocess.py:106} INFO -   19. DB::InterpreterCreateQuery::getTablePropertiesAndNormalizeCreateQuery(DB::ASTCreateQuery&, DB::LoadingStrictnessLevel) @ 0x000000001b5e722f
[2026-04-12T15:26:37.722+0000] {subprocess.py:106} INFO -   20. DB::InterpreterCreateQuery::createTable(DB::ASTCreateQuery&) @ 0x000000001b5ef6bb
[2026-04-12T15:26:37.722+0000] {subprocess.py:106} INFO -   21. DB::InterpreterCreateQuery::execute() @ 0x000000001b607158
[2026-04-12T15:26:37.723+0000] {subprocess.py:106} INFO -   22. DB::executeQueryImpl(char const*, char const*, std::shared_ptr<DB::Context>, DB::QueryFlags, DB::QueryProcessingStage::Enum, std::unique_ptr<DB::ReadBuffer, std::default_delete<DB::ReadBuffer>>&, boost::intrusive_ptr<DB::IAST>&, std::shared_ptr<DB::ImplicitTransactionControlExecutor>, std::function<void ()>, DB::QueryResultDetails&) @ 0x000000001ba8f03e
[2026-04-12T15:26:37.724+0000] {subprocess.py:106} INFO -   23. DB::executeQuery(String const&, std::shared_ptr<DB::Context>, DB::QueryFlags, DB::QueryProcessingStage::Enum) @ 0x000000001ba891c2
[2026-04-12T15:26:37.724+0000] {subprocess.py:106} INFO -   24. DB::TCPHandler::runImpl() @ 0x000000001d21a30d
[2026-04-12T15:26:37.725+0000] {subprocess.py:106} INFO -   25. DB::TCPHandler::run() @ 0x000000001d23cb24
[2026-04-12T15:26:37.725+0000] {subprocess.py:106} INFO -   26. Poco::Net::TCPServerConnection::start() @ 0x0000000022789647
[2026-04-12T15:26:37.726+0000] {subprocess.py:106} INFO -   27. Poco::Net::TCPServerDispatcher::run() @ 0x0000000022789bc2
[2026-04-12T15:26:37.727+0000] {subprocess.py:106} INFO -   28. Poco::PooledThread::run() @ 0x0000000022748345
[2026-04-12T15:26:37.727+0000] {subprocess.py:106} INFO -   29. Poco::ThreadImpl::runnableEntry(void*) @ 0x00000000227468cf
[2026-04-12T15:26:37.728+0000] {subprocess.py:106} INFO -   30. ? @ 0x0000000000094ac3
[2026-04-12T15:26:37.728+0000] {subprocess.py:106} INFO -   31. __clone @ 0x0000000000125a84
[2026-04-12T15:26:37.729+0000] {subprocess.py:106} INFO - [0m15:26:37
[2026-04-12T15:26:37.730+0000] {subprocess.py:106} INFO - [0m15:26:37    Database Error in model ods_location (models/ods/ods_location.sql)
[2026-04-12T15:26:37.730+0000] {subprocess.py:106} INFO -   Code: 46.
[2026-04-12T15:26:37.731+0000] {subprocess.py:106} INFO -   DB::Exception: Function with name `JSONIsValid` does not exist. In scope SELECT CAST(JSONExtractString(message, 'event_id'), 'UUID') AS event_id, CAST(JSONExtractString(message, 'page_url'), 'String') AS page_url, CAST(JSONExtractString(message, 'page_url_path'), 'String') AS page_url_path, CAST(JSONExtractString(message, 'referer_url'), 'String') AS referer_url, CAST(JSONExtractString(message, 'referer_medium'), 'String') AS referer_medium, CAST(JSONExtractString(message, 'utm_medium'), 'String') AS utm_medium, CAST(JSONExtractString(message, 'utm_source'), 'String') AS utm_source, CAST(JSONExtractString(message, 'utm_content'), 'String') AS utm_content, CAST(JSONExtractString(message, 'utm_campaign'), 'String') AS utm_campaign, offset AS kafka_offset, partition AS kafka_partition, timestamp_kafka AS kafka_timestamp, load_time AS raw_load_time, now() AS ods_load_time FROM raw.location_data WHERE (JSONIsValid(message) = 1) AND (JSONExtractString(message, 'event_id') != ''). Maybe you meant: ['JSON_VALUE','h3IsValid']. Stack trace:
[2026-04-12T15:26:37.732+0000] {subprocess.py:106} INFO - 
[2026-04-12T15:26:37.732+0000] {subprocess.py:106} INFO -   0. DB::Exception::Exception(DB::Exception::MessageMasked&&, int, bool) @ 0x00000000166dc66a
[2026-04-12T15:26:37.733+0000] {subprocess.py:106} INFO -   1. DB::Exception::Exception(String&&, int, String, bool) @ 0x000000000e55bf0e
[2026-04-12T15:26:37.734+0000] {subprocess.py:106} INFO -   2. DB::Exception::Exception(PreformattedMessage&&, int) @ 0x000000000e55b849
[2026-04-12T15:26:37.735+0000] {subprocess.py:106} INFO -   3. DB::Exception::Exception<String, String, String>(int, FormatStringHelperImpl<std::type_identity<String>::type, std::type_identity<String>::type, std::type_identity<String>::type>, String&&, String&&, String&&) @ 0x000000000e670376
[2026-04-12T15:26:37.737+0000] {subprocess.py:106} INFO -   4. DB::QueryAnalyzer::resolveFunction(std::shared_ptr<DB::IQueryTreeNode>&, DB::IdentifierResolveScope&) @ 0x000000001ad2a474
[2026-04-12T15:26:37.737+0000] {subprocess.py:106} INFO -   5. DB::QueryAnalyzer::resolveExpressionNode(std::shared_ptr<DB::IQueryTreeNode>&, DB::IdentifierResolveScope&, bool, bool, bool) @ 0x000000001aa616e5
[2026-04-12T15:26:37.738+0000] {subprocess.py:106} INFO -   6. DB::QueryAnalyzer::resolveExpressionNodeList(std::shared_ptr<DB::IQueryTreeNode>&, DB::IdentifierResolveScope&, bool, bool) @ 0x000000001aa60b81
[2026-04-12T15:26:37.739+0000] {subprocess.py:106} INFO -   7. DB::QueryAnalyzer::resolveFunction(std::shared_ptr<DB::IQueryTreeNode>&, DB::IdentifierResolveScope&) @ 0x000000001ad1f47d
[2026-04-12T15:26:37.739+0000] {subprocess.py:106} INFO -   8. DB::QueryAnalyzer::resolveExpressionNode(std::shared_ptr<DB::IQueryTreeNode>&, DB::IdentifierResolveScope&, bool, bool, bool) @ 0x000000001aa616e5
[2026-04-12T15:26:37.740+0000] {subprocess.py:106} INFO -   9. DB::QueryAnalyzer::resolveExpressionNodeList(std::shared_ptr<DB::IQueryTreeNode>&, DB::IdentifierResolveScope&, bool, bool) @ 0x000000001aa60b81
[2026-04-12T15:26:37.740+0000] {subprocess.py:106} INFO -   10. DB::QueryAnalyzer::resolveFunction(std::shared_ptr<DB::IQueryTreeNode>&, DB::IdentifierResolveScope&) @ 0x000000001ad1f47d
[2026-04-12T15:26:37.741+0000] {subprocess.py:106} INFO -   11. DB::QueryAnalyzer::resolveExpressionNode(std::shared_ptr<DB::IQueryTreeNode>&, DB::IdentifierResolveScope&, bool, bool, bool) @ 0x000000001aa616e5
[2026-04-12T15:26:37.742+0000] {subprocess.py:106} INFO -   12. DB::QueryAnalyzer::resolveQuery(std::shared_ptr<DB::IQueryTreeNode> const&, DB::IdentifierResolveScope&) @ 0x000000001aa575d3
[2026-04-12T15:26:37.742+0000] {subprocess.py:106} INFO -   13. DB::QueryAnalyzer::resolve(std::shared_ptr<DB::IQueryTreeNode>&, std::shared_ptr<DB::IQueryTreeNode> const&, std::shared_ptr<DB::Context const>) @ 0x000000001aa54ae4
[2026-04-12T15:26:37.743+0000] {subprocess.py:106} INFO -   14. DB::QueryAnalysisPass::run(std::shared_ptr<DB::IQueryTreeNode>&, std::shared_ptr<DB::Context const>) @ 0x000000001aa5409c
[2026-04-12T15:26:37.744+0000] {subprocess.py:106} INFO -   15. DB::QueryTreePassManager::run(std::shared_ptr<DB::IQueryTreeNode>&) @ 0x000000001aaaeac1
[2026-04-12T15:26:37.744+0000] {subprocess.py:106} INFO -   16. DB::buildQueryTreeAndRunPasses(boost::intrusive_ptr<DB::IAST> const&, DB::SelectQueryOptions const&, std::shared_ptr<DB::Context const> const&, std::shared_ptr<DB::IStorage> const&) @ 0x000000001b68d464
[2026-04-12T15:26:37.745+0000] {subprocess.py:106} INFO -   17. DB::InterpreterSelectQueryAnalyzer::InterpreterSelectQueryAnalyzer(boost::intrusive_ptr<DB::IAST> const&, std::shared_ptr<DB::Context const> const&, DB::SelectQueryOptions const&, std::vector<String, std::allocator<String>> const&, DB::ActionsDAG const*) @ 0x000000001b68b90c
[2026-04-12T15:26:37.746+0000] {subprocess.py:106} INFO -   18. DB::InterpreterSelectQueryAnalyzer::getSampleBlock(boost::intrusive_ptr<DB::IAST> const&, std::shared_ptr<DB::Context const> const&, DB::SelectQueryOptions const&) @ 0x000000001b68dfad
[2026-04-12T15:26:37.746+0000] {subprocess.py:106} INFO -   19. DB::InterpreterCreateQuery::getTablePropertiesAndNormalizeCreateQuery(DB::ASTCreateQuery&, DB::LoadingStrictnessLevel) @ 0x000000001b5e722f
[2026-04-12T15:26:37.747+0000] {subprocess.py:106} INFO -   20. DB::InterpreterCreateQuery::createTable(DB::ASTCreateQuery&) @ 0x000000001b5ef6bb
[2026-04-12T15:26:37.748+0000] {subprocess.py:106} INFO -   21. DB::InterpreterCreateQuery::execute() @ 0x000000001b607158
[2026-04-12T15:26:37.748+0000] {subprocess.py:106} INFO -   22. DB::executeQueryImpl(char const*, char const*, std::shared_ptr<DB::Context>, DB::QueryFlags, DB::QueryProcessingStage::Enum, std::unique_ptr<DB::ReadBuffer, std::default_delete<DB::ReadBuffer>>&, boost::intrusive_ptr<DB::IAST>&, std::shared_ptr<DB::ImplicitTransactionControlExecutor>, std::function<void ()>, DB::QueryResultDetails&) @ 0x000000001ba8f03e
[2026-04-12T15:26:37.749+0000] {subprocess.py:106} INFO -   23. DB::executeQuery(String const&, std::shared_ptr<DB::Context>, DB::QueryFlags, DB::QueryProcessingStage::Enum) @ 0x000000001ba891c2
[2026-04-12T15:26:37.749+0000] {subprocess.py:106} INFO -   24. DB::TCPHandler::runImpl() @ 0x000000001d21a30d
[2026-04-12T15:26:37.750+0000] {subprocess.py:106} INFO -   25. DB::TCPHandler::run() @ 0x000000001d23cb24
[2026-04-12T15:26:37.751+0000] {subprocess.py:106} INFO -   26. Poco::Net::TCPServerConnection::start() @ 0x0000000022789647
[2026-04-12T15:26:37.751+0000] {subprocess.py:106} INFO -   27. Poco::Net::TCPServerDispatcher::run() @ 0x0000000022789bc2
[2026-04-12T15:26:37.752+0000] {subprocess.py:106} INFO -   28. Poco::PooledThread::run() @ 0x0000000022748345
[2026-04-12T15:26:37.753+0000] {subprocess.py:106} INFO -   29. Poco::ThreadImpl::runnableEntry(void*) @ 0x00000000227468cf
[2026-04-12T15:26:37.753+0000] {subprocess.py:106} INFO -   30. ? @ 0x0000000000094ac3
[2026-04-12T15:26:37.754+0000] {subprocess.py:106} INFO -   31. __clone @ 0x0000000000125a84
[2026-04-12T15:26:37.754+0000] {subprocess.py:106} INFO - [0m15:26:37
[2026-04-12T15:26:37.755+0000] {subprocess.py:106} INFO - [0m15:26:37  Done. PASS=0 WARN=0 ERROR=4 SKIP=8 TOTAL=12
[2026-04-12T15:26:38.799+0000] {subprocess.py:110} INFO - Command exited with return code 1
[2026-04-12T15:26:38.814+0000] {taskinstance.py:3313} ERROR - Task failed with exception
Traceback (most recent call last):
  File "/home/airflow/.local/lib/python3.12/site-packages/airflow/models/taskinstance.py", line 768, in _execute_task
    result = _execute_callable(context=context, **execute_callable_kwargs)
             ^^^^^^^^^^^^^^^^^^^^^^^^^^^^^^^^^^^^^^^^^^^^^^^^^^^^^^^^^^^^^
  File "/home/airflow/.local/lib/python3.12/site-packages/airflow/models/taskinstance.py", line 734, in _execute_callable
    return ExecutionCallableRunner(
           ^^^^^^^^^^^^^^^^^^^^^^^^
  File "/home/airflow/.local/lib/python3.12/site-packages/airflow/utils/operator_helpers.py", line 252, in run
    return self.func(*args, **kwargs)
           ^^^^^^^^^^^^^^^^^^^^^^^^^^
  File "/home/airflow/.local/lib/python3.12/site-packages/airflow/models/baseoperator.py", line 424, in wrapper
    return func(self, *args, **kwargs)
           ^^^^^^^^^^^^^^^^^^^^^^^^^^^
  File "/home/airflow/.local/lib/python3.12/site-packages/airflow/operators/bash.py", line 276, in execute
    raise AirflowException(
airflow.exceptions.AirflowException: Bash command failed. The command returned a non-zero exit code 1.
[2026-04-12T15:26:38.819+0000] {taskinstance.py:1226} INFO - Marking task as FAILED. dag_id=layers_update, task_id=run_dbt, run_id=manual__2026-04-12T15:26:23.349558+00:00, execution_date=20260412T152623, start_date=20260412T152629, end_date=20260412T152638
[2026-04-12T15:26:38.855+0000] {taskinstance.py:341} INFO - ::group::Post task execution logs
[2026-04-12T15:26:38.856+0000] {standard_task_runner.py:124} ERROR - Failed to execute job 4 for task run_dbt (Bash command failed. The command returned a non-zero exit code 1.; 59)
Traceback (most recent call last):
  File "/home/airflow/.local/lib/python3.12/site-packages/airflow/task/task_runner/standard_task_runner.py", line 117, in _start_by_fork
    ret = args.func(args, dag=self.dag)
          ^^^^^^^^^^^^^^^^^^^^^^^^^^^^^
  File "/home/airflow/.local/lib/python3.12/site-packages/airflow/cli/cli_config.py", line 49, in command
    return func(*args, **kwargs)
           ^^^^^^^^^^^^^^^^^^^^^
  File "/home/airflow/.local/lib/python3.12/site-packages/airflow/utils/cli.py", line 116, in wrapper
    return f(*args, **kwargs)
           ^^^^^^^^^^^^^^^^^^
  File "/home/airflow/.local/lib/python3.12/site-packages/airflow/cli/commands/task_command.py", line 483, in task_run
    task_return_code = _run_task_by_selected_method(args, _dag, ti)
                       ^^^^^^^^^^^^^^^^^^^^^^^^^^^^^^^^^^^^^^^^^^^^
  File "/home/airflow/.local/lib/python3.12/site-packages/airflow/cli/commands/task_command.py", line 256, in _run_task_by_selected_method
    return _run_raw_task(args, ti)
           ^^^^^^^^^^^^^^^^^^^^^^^
  File "/home/airflow/.local/lib/python3.12/site-packages/airflow/cli/commands/task_command.py", line 341, in _run_raw_task
    return ti._run_raw_task(
           ^^^^^^^^^^^^^^^^^
  File "/home/airflow/.local/lib/python3.12/site-packages/airflow/utils/session.py", line 97, in wrapper
    return func(*args, session=session, **kwargs)
           ^^^^^^^^^^^^^^^^^^^^^^^^^^^^^^^^^^^^^^
  File "/home/airflow/.local/lib/python3.12/site-packages/airflow/models/taskinstance.py", line 3006, in _run_raw_task
    return _run_raw_task(
           ^^^^^^^^^^^^^^
  File "/home/airflow/.local/lib/python3.12/site-packages/airflow/models/taskinstance.py", line 274, in _run_raw_task
    TaskInstance._execute_task_with_callbacks(
  File "/home/airflow/.local/lib/python3.12/site-packages/airflow/models/taskinstance.py", line 3161, in _execute_task_with_callbacks
    result = self._execute_task(context, task_orig)
             ^^^^^^^^^^^^^^^^^^^^^^^^^^^^^^^^^^^^^^
  File "/home/airflow/.local/lib/python3.12/site-packages/airflow/models/taskinstance.py", line 3185, in _execute_task
    return _execute_task(self, context, task_orig)
           ^^^^^^^^^^^^^^^^^^^^^^^^^^^^^^^^^^^^^^^
  File "/home/airflow/.local/lib/python3.12/site-packages/airflow/models/taskinstance.py", line 768, in _execute_task
    result = _execute_callable(context=context, **execute_callable_kwargs)
             ^^^^^^^^^^^^^^^^^^^^^^^^^^^^^^^^^^^^^^^^^^^^^^^^^^^^^^^^^^^^^
  File "/home/airflow/.local/lib/python3.12/site-packages/airflow/models/taskinstance.py", line 734, in _execute_callable
    return ExecutionCallableRunner(
           ^^^^^^^^^^^^^^^^^^^^^^^^
  File "/home/airflow/.local/lib/python3.12/site-packages/airflow/utils/operator_helpers.py", line 252, in run
    return self.func(*args, **kwargs)
           ^^^^^^^^^^^^^^^^^^^^^^^^^^
  File "/home/airflow/.local/lib/python3.12/site-packages/airflow/models/baseoperator.py", line 424, in wrapper
    return func(self, *args, **kwargs)
           ^^^^^^^^^^^^^^^^^^^^^^^^^^^
  File "/home/airflow/.local/lib/python3.12/site-packages/airflow/operators/bash.py", line 276, in execute
    raise AirflowException(
airflow.exceptions.AirflowException: Bash command failed. The command returned a non-zero exit code 1.
[2026-04-12T15:26:38.879+0000] {local_task_job_runner.py:266} INFO - Task exited with return code 1
[2026-04-12T15:26:38.922+0000] {taskinstance.py:3901} INFO - 0 downstream tasks scheduled from follow-on schedule check
[2026-04-12T15:26:38.929+0000] {local_task_job_runner.py:245} INFO - ::endgroup::
