[2026-04-15T15:25:10.816+0000] {local_task_job_runner.py:123} INFO - ::group::Pre task execution logs
[2026-04-15T15:25:10.839+0000] {taskinstance.py:2614} INFO - Dependencies all met for dep_context=non-requeueable deps ti=<TaskInstance: layers_update.run_dbt manual__2026-04-15T15:25:03.054611+00:00 [queued]>
[2026-04-15T15:25:10.848+0000] {taskinstance.py:2614} INFO - Dependencies all met for dep_context=requeueable deps ti=<TaskInstance: layers_update.run_dbt manual__2026-04-15T15:25:03.054611+00:00 [queued]>
[2026-04-15T15:25:10.849+0000] {taskinstance.py:2867} INFO - Starting attempt 1 of 1
[2026-04-15T15:25:10.868+0000] {taskinstance.py:2890} INFO - Executing <Task(BashOperator): run_dbt> on 2026-04-15 15:25:03.054611+00:00
[2026-04-15T15:25:10.876+0000] {warnings.py:112} WARNING - /home/***/.local/lib/python3.12/site-packages/***/task/task_runner/standard_task_runner.py:70: DeprecationWarning: This process (pid=57) is multi-threaded, use of fork() may lead to deadlocks in the child.
  pid = os.fork()

[2026-04-15T15:25:10.879+0000] {standard_task_runner.py:72} INFO - Started process 58 to run task
[2026-04-15T15:25:10.879+0000] {standard_task_runner.py:104} INFO - Running: ['***', 'tasks', 'run', 'layers_update', 'run_dbt', 'manual__2026-04-15T15:25:03.054611+00:00', '--job-id', '4', '--raw', '--subdir', 'DAGS_FOLDER/layers_update.py', '--cfg-path', '/tmp/tmpxgbrgigy']
[2026-04-15T15:25:10.881+0000] {standard_task_runner.py:105} INFO - Job 4: Subtask run_dbt
[2026-04-15T15:25:10.949+0000] {task_command.py:467} INFO - Running <TaskInstance: layers_update.run_dbt manual__2026-04-15T15:25:03.054611+00:00 [running]> on host c78d555ea858
[2026-04-15T15:25:11.056+0000] {taskinstance.py:3134} INFO - Exporting env vars: AIRFLOW_CTX_DAG_OWNER='***' AIRFLOW_CTX_DAG_ID='layers_update' AIRFLOW_CTX_TASK_ID='run_dbt' AIRFLOW_CTX_EXECUTION_DATE='2026-04-15T15:25:03.054611+00:00' AIRFLOW_CTX_TRY_NUMBER='1' AIRFLOW_CTX_DAG_RUN_ID='manual__2026-04-15T15:25:03.054611+00:00'
[2026-04-15T15:25:11.057+0000] {taskinstance.py:732} INFO - ::endgroup::
[2026-04-15T15:25:11.081+0000] {subprocess.py:78} INFO - Tmp dir root location: /tmp
[2026-04-15T15:25:11.081+0000] {subprocess.py:88} INFO - Running command: ['/usr/bin/bash', '-c', 'dbt run']
[2026-04-15T15:25:11.093+0000] {subprocess.py:99} INFO - Output:
[2026-04-15T15:25:16.475+0000] {subprocess.py:106} INFO - [0m15:25:16  Running with dbt=1.7.0
[2026-04-15T15:25:16.980+0000] {subprocess.py:106} INFO - [0m15:25:16  Registered adapter: clickhouse=1.7.0
[2026-04-15T15:25:17.063+0000] {subprocess.py:106} INFO - [0m15:25:17  Unable to do partial parsing because profile has changed
[2026-04-15T15:25:20.541+0000] {subprocess.py:106} INFO - [0m15:25:20  [[33mWARNING[0m]: Configuration paths exist in your dbt_project.yml file which do not apply to any resources.
[2026-04-15T15:25:20.542+0000] {subprocess.py:106} INFO - There are 1 unused configuration paths:
[2026-04-15T15:25:20.543+0000] {subprocess.py:106} INFO - - models.clickhouse_etl.raw
[2026-04-15T15:25:20.593+0000] {subprocess.py:106} INFO - [0m15:25:20  Found 11 models, 15 tests, 4 sources, 0 exposures, 0 metrics, 537 macros, 0 groups, 0 semantic models
[2026-04-15T15:25:20.598+0000] {subprocess.py:106} INFO - [0m15:25:20
[2026-04-15T15:25:21.248+0000] {subprocess.py:106} INFO - [0m15:25:21  Concurrency: 1 threads (target='dev')
[2026-04-15T15:25:21.249+0000] {subprocess.py:106} INFO - [0m15:25:21
[2026-04-15T15:25:21.262+0000] {subprocess.py:106} INFO - [0m15:25:21  1 of 11 START sql incremental model `_ods`.`browser_data` ...................... [RUN]
[2026-04-15T15:25:21.655+0000] {subprocess.py:106} INFO - [0m15:25:21  1 of 11 OK created sql incremental model `_ods`.`browser_data` ................. [[32mOK[0m in 0.39s]
[2026-04-15T15:25:21.658+0000] {subprocess.py:106} INFO - [0m15:25:21  2 of 11 START sql incremental model `_ods`.`device_data` ....................... [RUN]
[2026-04-15T15:25:21.875+0000] {subprocess.py:106} INFO - [0m15:25:21  2 of 11 OK created sql incremental model `_ods`.`device_data` .................. [[32mOK[0m in 0.21s]
[2026-04-15T15:25:21.879+0000] {subprocess.py:106} INFO - [0m15:25:21  3 of 11 START sql incremental model `_ods`.`geo_data` .......................... [RUN]
[2026-04-15T15:25:22.117+0000] {subprocess.py:106} INFO - [0m15:25:22  3 of 11 OK created sql incremental model `_ods`.`geo_data` ..................... [[32mOK[0m in 0.24s]
[2026-04-15T15:25:22.121+0000] {subprocess.py:106} INFO - [0m15:25:22  4 of 11 START sql incremental model `_ods`.`location_data` ..................... [RUN]
[2026-04-15T15:25:22.348+0000] {subprocess.py:106} INFO - [0m15:25:22  4 of 11 OK created sql incremental model `_ods`.`location_data` ................ [[32mOK[0m in 0.22s]
[2026-04-15T15:25:22.352+0000] {subprocess.py:106} INFO - [0m15:25:22  5 of 11 START sql incremental model `_dds`.`dim_browser` ....................... [RUN]
[2026-04-15T15:25:22.636+0000] {subprocess.py:106} INFO - [0m15:25:22  5 of 11 OK created sql incremental model `_dds`.`dim_browser` .................. [[32mOK[0m in 0.28s]
[2026-04-15T15:25:22.639+0000] {subprocess.py:106} INFO - [0m15:25:22  6 of 11 START sql incremental model `_dds`.`dim_device` ........................ [RUN]
[2026-04-15T15:25:22.654+0000] {subprocess.py:106} INFO - [0m15:25:22  Generated UUID: e070002d-7419-434b-ac54-6cf21839d46c
[2026-04-15T15:25:22.892+0000] {subprocess.py:106} INFO - [0m15:25:22  6 of 11 OK created sql incremental model `_dds`.`dim_device` ................... [[32mOK[0m in 0.25s]
[2026-04-15T15:25:22.900+0000] {subprocess.py:106} INFO - [0m15:25:22  7 of 11 START sql incremental model `_dds`.`fct_click` ......................... [RUN]
[2026-04-15T15:25:23.177+0000] {subprocess.py:106} INFO - [0m15:25:23  7 of 11 OK created sql incremental model `_dds`.`fct_click` .................... [[32mOK[0m in 0.27s]
[2026-04-15T15:25:23.179+0000] {subprocess.py:106} INFO - [0m15:25:23  8 of 11 START sql incremental model `_dds`.`dim_geo` ........................... [RUN]
[2026-04-15T15:25:23.483+0000] {subprocess.py:106} INFO - [0m15:25:23  8 of 11 OK created sql incremental model `_dds`.`dim_geo` ...................... [[32mOK[0m in 0.30s]
[2026-04-15T15:25:23.489+0000] {subprocess.py:106} INFO - [0m15:25:23  9 of 11 START sql incremental model `_dds`.`dim_location` ...................... [RUN]
[2026-04-15T15:25:23.795+0000] {subprocess.py:106} INFO - [0m15:25:23  9 of 11 OK created sql incremental model `_dds`.`dim_location` ................. [[32mOK[0m in 0.30s]
[2026-04-15T15:25:23.800+0000] {subprocess.py:106} INFO - [0m15:25:23  10 of 11 START sql incremental model `_dm`.`dashboard` ......................... [RUN]
[2026-04-15T15:25:24.028+0000] {subprocess.py:106} INFO - [0m15:25:24  10 of 11 OK created sql incremental model `_dm`.`dashboard` .................... [[32mOK[0m in 0.22s]
[2026-04-15T15:25:24.032+0000] {subprocess.py:106} INFO - [0m15:25:24  11 of 11 START sql view model `_dm`.`dashboard_recent_data` .................... [RUN]
[2026-04-15T15:25:24.110+0000] {subprocess.py:106} INFO - [0m15:25:24  11 of 11 OK created sql view model `_dm`.`dashboard_recent_data` ............... [[32mOK[0m in 0.08s]
[2026-04-15T15:25:24.119+0000] {subprocess.py:106} INFO - [0m15:25:24
[2026-04-15T15:25:24.120+0000] {subprocess.py:106} INFO - [0m15:25:24  Finished running 10 incremental models, 1 view model in 0 hours 0 minutes and 3.52 seconds (3.52s).
[2026-04-15T15:25:24.152+0000] {subprocess.py:106} INFO - [0m15:25:24
[2026-04-15T15:25:24.153+0000] {subprocess.py:106} INFO - [0m15:25:24  [32mCompleted successfully[0m
[2026-04-15T15:25:24.153+0000] {subprocess.py:106} INFO - [0m15:25:24
[2026-04-15T15:25:24.154+0000] {subprocess.py:106} INFO - [0m15:25:24  Done. PASS=11 WARN=0 ERROR=0 SKIP=0 TOTAL=11
[2026-04-15T15:25:25.392+0000] {subprocess.py:110} INFO - Command exited with return code 0
[2026-04-15T15:25:25.430+0000] {taskinstance.py:341} INFO - ::group::Post task execution logs
[2026-04-15T15:25:25.435+0000] {taskinstance.py:353} INFO - Marking task as SUCCESS. dag_id=layers_update, task_id=run_dbt, run_id=manual__2026-04-15T15:25:03.054611+00:00, execution_date=20260415T152503, start_date=20260415T152510, end_date=20260415T152525
[2026-04-15T15:25:25.500+0000] {local_task_job_runner.py:266} INFO - Task exited with return code 0
[2026-04-15T15:25:25.513+0000] {local_task_job_runner.py:245} INFO - ::endgroup::
