[2026-03-29T12:47:05.548+0000] {local_task_job_runner.py:123} INFO - ::group::Pre task execution logs
[2026-03-29T12:47:05.575+0000] {taskinstance.py:2614} INFO - Dependencies all met for dep_context=non-requeueable deps ti=<TaskInstance: kafka_producer.send_jsonl_to_kafka manual__2026-03-29T12:46:59.973521+00:00 [queued]>
[2026-03-29T12:47:05.585+0000] {taskinstance.py:2614} INFO - Dependencies all met for dep_context=requeueable deps ti=<TaskInstance: kafka_producer.send_jsonl_to_kafka manual__2026-03-29T12:46:59.973521+00:00 [queued]>
[2026-03-29T12:47:06.176+0000] {taskinstance.py:2867} INFO - Starting attempt 1 of 1
[2026-03-29T12:47:08.307+0000] {taskinstance.py:2890} INFO - Executing <Task(PythonOperator): send_jsonl_to_kafka> on 2026-03-29 12:46:59.973521+00:00
[2026-03-29T12:47:08.331+0000] {warnings.py:112} WARNING - /home/***/.local/lib/python3.12/site-packages/***/task/task_runner/standard_task_runner.py:70: DeprecationWarning: This process (pid=48) is multi-threaded, use of fork() may lead to deadlocks in the child.
  pid = os.fork()

[2026-03-29T12:47:08.334+0000] {standard_task_runner.py:104} INFO - Running: ['***', 'tasks', 'run', 'kafka_producer', 'send_jsonl_to_kafka', 'manual__2026-03-29T12:46:59.973521+00:00', '--job-id', '2', '--raw', '--subdir', 'DAGS_FOLDER/kafka_load.py', '--cfg-path', '/tmp/tmpih9dgg04']
[2026-03-29T12:47:08.343+0000] {standard_task_runner.py:72} INFO - Started process 49 to run task
[2026-03-29T12:47:08.344+0000] {standard_task_runner.py:105} INFO - Job 2: Subtask send_jsonl_to_kafka
[2026-03-29T12:47:08.571+0000] {task_command.py:467} INFO - Running <TaskInstance: kafka_producer.send_jsonl_to_kafka manual__2026-03-29T12:46:59.973521+00:00 [running]> on host 04d8aaa2cd66
[2026-03-29T12:47:08.772+0000] {taskinstance.py:3134} INFO - Exporting env vars: AIRFLOW_CTX_DAG_OWNER='***' AIRFLOW_CTX_DAG_ID='kafka_producer' AIRFLOW_CTX_TASK_ID='send_jsonl_to_kafka' AIRFLOW_CTX_EXECUTION_DATE='2026-03-29T12:46:59.973521+00:00' AIRFLOW_CTX_TRY_NUMBER='1' AIRFLOW_CTX_DAG_RUN_ID='manual__2026-03-29T12:46:59.973521+00:00'
[2026-03-29T12:47:08.773+0000] {taskinstance.py:732} INFO - ::endgroup::
[2026-03-29T12:47:08.842+0000] {logging_mixin.py:190} INFO - 📄 Обработка файла: browser_events.jsonl
[2026-03-29T12:47:08.848+0000] {logging_mixin.py:190} INFO -   📨 Отправлено 100 сообщений
[2026-03-29T12:47:08.854+0000] {logging_mixin.py:190} INFO -   📨 Отправлено 200 сообщений
[2026-03-29T12:47:08.860+0000] {logging_mixin.py:190} INFO -   📨 Отправлено 300 сообщений
[2026-03-29T12:47:08.862+0000] {logging_mixin.py:190} INFO -   📨 Отправлено 400 сообщений
[2026-03-29T12:47:08.865+0000] {logging_mixin.py:190} INFO -   📨 Отправлено 500 сообщений
[2026-03-29T12:47:08.869+0000] {logging_mixin.py:190} INFO -   📨 Отправлено 600 сообщений
[2026-03-29T12:47:08.871+0000] {logging_mixin.py:190} INFO -   📨 Отправлено 700 сообщений
[2026-03-29T12:47:08.874+0000] {logging_mixin.py:190} INFO -   📨 Отправлено 800 сообщений
[2026-03-29T12:47:08.876+0000] {logging_mixin.py:190} INFO -   📨 Отправлено 900 сообщений
[2026-03-29T12:47:08.879+0000] {logging_mixin.py:190} INFO -   📨 Отправлено 1000 сообщений
[2026-03-29T12:47:08.880+0000] {logging_mixin.py:190} INFO -   ✅ Файл browser_events.jsonl обработан
[2026-03-29T12:47:08.881+0000] {logging_mixin.py:190} INFO - 📄 Обработка файла: device_events.jsonl
[2026-03-29T12:47:08.889+0000] {logging_mixin.py:190} INFO -   📨 Отправлено 100 сообщений
[2026-03-29T12:47:08.895+0000] {logging_mixin.py:190} INFO -   📨 Отправлено 200 сообщений
[2026-03-29T12:47:08.905+0000] {logging_mixin.py:190} INFO -   📨 Отправлено 300 сообщений
[2026-03-29T12:47:08.909+0000] {logging_mixin.py:190} INFO -   📨 Отправлено 400 сообщений
[2026-03-29T12:47:08.914+0000] {logging_mixin.py:190} INFO -   📨 Отправлено 500 сообщений
[2026-03-29T12:47:08.917+0000] {logging_mixin.py:190} INFO -   📨 Отправлено 600 сообщений
[2026-03-29T12:47:08.922+0000] {logging_mixin.py:190} INFO -   📨 Отправлено 700 сообщений
[2026-03-29T12:47:08.925+0000] {logging_mixin.py:190} INFO -   📨 Отправлено 800 сообщений
[2026-03-29T12:47:08.936+0000] {logging_mixin.py:190} INFO -   📨 Отправлено 900 сообщений
[2026-03-29T12:47:08.956+0000] {logging_mixin.py:190} INFO -   📨 Отправлено 1000 сообщений
[2026-03-29T12:47:08.957+0000] {logging_mixin.py:190} INFO -   ✅ Файл device_events.jsonl обработан
[2026-03-29T12:47:08.958+0000] {logging_mixin.py:190} INFO - 📄 Обработка файла: geo_events.jsonl
[2026-03-29T12:47:08.974+0000] {logging_mixin.py:190} INFO -   📨 Отправлено 100 сообщений
[2026-03-29T12:47:08.977+0000] {logging_mixin.py:190} INFO -   📨 Отправлено 200 сообщений
[2026-03-29T12:47:08.987+0000] {logging_mixin.py:190} INFO -   📨 Отправлено 300 сообщений
[2026-03-29T12:47:08.990+0000] {logging_mixin.py:190} INFO -   📨 Отправлено 400 сообщений
[2026-03-29T12:47:08.994+0000] {logging_mixin.py:190} INFO -   📨 Отправлено 500 сообщений
[2026-03-29T12:47:08.996+0000] {logging_mixin.py:190} INFO -   📨 Отправлено 600 сообщений
[2026-03-29T12:47:08.999+0000] {logging_mixin.py:190} INFO -   📨 Отправлено 700 сообщений
[2026-03-29T12:47:09.005+0000] {logging_mixin.py:190} INFO -   📨 Отправлено 800 сообщений
[2026-03-29T12:47:09.008+0000] {logging_mixin.py:190} INFO -   📨 Отправлено 900 сообщений
[2026-03-29T12:47:09.023+0000] {logging_mixin.py:190} INFO -   📨 Отправлено 1000 сообщений
[2026-03-29T12:47:09.025+0000] {logging_mixin.py:190} INFO -   ✅ Файл geo_events.jsonl обработан
[2026-03-29T12:47:09.026+0000] {logging_mixin.py:190} INFO - 📄 Обработка файла: location_events.jsonl
[2026-03-29T12:47:09.033+0000] {logging_mixin.py:190} INFO -   📨 Отправлено 100 сообщений
[2026-03-29T12:47:09.051+0000] {logging_mixin.py:190} INFO -   📨 Отправлено 200 сообщений
[2026-03-29T12:47:09.074+0000] {logging_mixin.py:190} INFO -   📨 Отправлено 300 сообщений
[2026-03-29T12:47:09.078+0000] {logging_mixin.py:190} INFO -   📨 Отправлено 400 сообщений
[2026-03-29T12:47:09.094+0000] {logging_mixin.py:190} INFO -   📨 Отправлено 500 сообщений
[2026-03-29T12:47:09.110+0000] {logging_mixin.py:190} INFO -   📨 Отправлено 600 сообщений
[2026-03-29T12:47:09.114+0000] {logging_mixin.py:190} INFO -   📨 Отправлено 700 сообщений
[2026-03-29T12:47:09.123+0000] {logging_mixin.py:190} INFO -   📨 Отправлено 800 сообщений
[2026-03-29T12:47:09.126+0000] {logging_mixin.py:190} INFO -   📨 Отправлено 900 сообщений
[2026-03-29T12:47:09.138+0000] {logging_mixin.py:190} INFO -   📨 Отправлено 1000 сообщений
[2026-03-29T12:47:09.139+0000] {logging_mixin.py:190} INFO -   ✅ Файл location_events.jsonl обработан
[2026-03-29T12:47:09.155+0000] {logging_mixin.py:190} INFO - 
✅ Итого: 4 файлов, 4000 сообщений отправлено в топик 'browser_events'
[2026-03-29T12:47:09.158+0000] {python.py:240} INFO - Done. Returned value was: None
[2026-03-29T12:47:09.178+0000] {taskinstance.py:341} INFO - ::group::Post task execution logs
[2026-03-29T12:47:09.179+0000] {taskinstance.py:353} INFO - Marking task as SUCCESS. dag_id=kafka_producer, task_id=send_jsonl_to_kafka, run_id=manual__2026-03-29T12:46:59.973521+00:00, execution_date=20260329T124659, start_date=20260329T124705, end_date=20260329T124709
[2026-03-29T12:47:09.256+0000] {local_task_job_runner.py:266} INFO - Task exited with return code 0
[2026-03-29T12:47:09.277+0000] {taskinstance.py:3901} INFO - 0 downstream tasks scheduled from follow-on schedule check
[2026-03-29T12:47:09.281+0000] {local_task_job_runner.py:245} INFO - ::endgroup::
