[2026-04-21T07:41:25.235+0000] {local_task_job_runner.py:123} INFO - ::group::Pre task execution logs
[2026-04-21T07:41:25.262+0000] {taskinstance.py:2614} INFO - Dependencies all met for dep_context=non-requeueable deps ti=<TaskInstance: kafka_producer.get_data manual__2026-04-21T07:41:23.679499+00:00 [queued]>
[2026-04-21T07:41:25.274+0000] {taskinstance.py:2614} INFO - Dependencies all met for dep_context=requeueable deps ti=<TaskInstance: kafka_producer.get_data manual__2026-04-21T07:41:23.679499+00:00 [queued]>
[2026-04-21T07:41:25.275+0000] {taskinstance.py:2867} INFO - Starting attempt 1 of 1
[2026-04-21T07:41:25.297+0000] {taskinstance.py:2890} INFO - Executing <Task(PythonOperator): get_data> on 2026-04-21 07:41:23.679499+00:00
[2026-04-21T07:41:25.312+0000] {warnings.py:112} WARNING - /home/***/.local/lib/python3.12/site-packages/***/task/task_runner/standard_task_runner.py:70: DeprecationWarning: This process (pid=113) is multi-threaded, use of fork() may lead to deadlocks in the child.
  pid = os.fork()

[2026-04-21T07:41:25.315+0000] {standard_task_runner.py:72} INFO - Started process 114 to run task
[2026-04-21T07:41:25.321+0000] {standard_task_runner.py:104} INFO - Running: ['***', 'tasks', 'run', 'kafka_producer', 'get_data', 'manual__2026-04-21T07:41:23.679499+00:00', '--job-id', '12', '--raw', '--subdir', 'DAGS_FOLDER/kafka_load.py', '--cfg-path', '/tmp/tmpxl719uxb']
[2026-04-21T07:41:25.323+0000] {standard_task_runner.py:105} INFO - Job 12: Subtask get_data
[2026-04-21T07:41:25.387+0000] {task_command.py:467} INFO - Running <TaskInstance: kafka_producer.get_data manual__2026-04-21T07:41:23.679499+00:00 [running]> on host f8fb5e06f85d
[2026-04-21T07:41:25.504+0000] {taskinstance.py:3134} INFO - Exporting env vars: AIRFLOW_CTX_DAG_OWNER='***' AIRFLOW_CTX_DAG_ID='kafka_producer' AIRFLOW_CTX_TASK_ID='get_data' AIRFLOW_CTX_EXECUTION_DATE='2026-04-21T07:41:23.679499+00:00' AIRFLOW_CTX_TRY_NUMBER='1' AIRFLOW_CTX_DAG_RUN_ID='manual__2026-04-21T07:41:23.679499+00:00'
[2026-04-21T07:41:25.506+0000] {taskinstance.py:732} INFO - ::endgroup::
[2026-04-21T07:41:25.536+0000] {kafka_load.py:63} ERROR - Выполнение цепочки DAG прервано из-за кричической ошибки при загрузке данных в Kafka: [Errno 6] No such device or address
[2026-04-21T07:41:25.537+0000] {python.py:240} INFO - Done. Returned value was: None
[2026-04-21T07:41:25.550+0000] {taskinstance.py:341} INFO - ::group::Post task execution logs
[2026-04-21T07:41:25.551+0000] {taskinstance.py:353} INFO - Marking task as SUCCESS. dag_id=kafka_producer, task_id=get_data, run_id=manual__2026-04-21T07:41:23.679499+00:00, execution_date=20260421T074123, start_date=20260421T074125, end_date=20260421T074125
[2026-04-21T07:41:25.613+0000] {local_task_job_runner.py:266} INFO - Task exited with return code 0
[2026-04-21T07:41:25.635+0000] {taskinstance.py:3901} INFO - 0 downstream tasks scheduled from follow-on schedule check
[2026-04-21T07:41:25.643+0000] {local_task_job_runner.py:245} INFO - ::endgroup::
