[2026-04-15T15:29:47.950+0000] {local_task_job_runner.py:123} INFO - ::group::Pre task execution logs
[2026-04-15T15:29:47.972+0000] {taskinstance.py:2614} INFO - Dependencies all met for dep_context=non-requeueable deps ti=<TaskInstance: layers_update.run_dbt manual__2026-04-15T15:29:30.294136+00:00 [queued]>
[2026-04-15T15:29:47.981+0000] {taskinstance.py:2614} INFO - Dependencies all met for dep_context=requeueable deps ti=<TaskInstance: layers_update.run_dbt manual__2026-04-15T15:29:30.294136+00:00 [queued]>
[2026-04-15T15:29:48.648+0000] {taskinstance.py:2867} INFO - Starting attempt 1 of 1
[2026-04-15T15:29:49.357+0000] {taskinstance.py:2890} INFO - Executing <Task(BashOperator): run_dbt> on 2026-04-15 15:29:30.294136+00:00
[2026-04-15T15:29:49.371+0000] {warnings.py:112} WARNING - /home/***/.local/lib/python3.12/site-packages/***/task/task_runner/standard_task_runner.py:70: DeprecationWarning: This process (pid=58) is multi-threaded, use of fork() may lead to deadlocks in the child.
  pid = os.fork()

[2026-04-15T15:29:49.377+0000] {standard_task_runner.py:72} INFO - Started process 59 to run task
[2026-04-15T15:29:49.378+0000] {standard_task_runner.py:104} INFO - Running: ['***', 'tasks', 'run', 'layers_update', 'run_dbt', 'manual__2026-04-15T15:29:30.294136+00:00', '--job-id', '4', '--raw', '--subdir', 'DAGS_FOLDER/layers_update.py', '--cfg-path', '/tmp/tmpoo1do2bo']
[2026-04-15T15:29:49.380+0000] {standard_task_runner.py:105} INFO - Job 4: Subtask run_dbt
[2026-04-15T15:29:50.184+0000] {task_command.py:467} INFO - Running <TaskInstance: layers_update.run_dbt manual__2026-04-15T15:29:30.294136+00:00 [running]> on host 601f81cefde9
[2026-04-15T15:29:50.327+0000] {taskinstance.py:3134} INFO - Exporting env vars: AIRFLOW_CTX_DAG_OWNER='***' AIRFLOW_CTX_DAG_ID='layers_update' AIRFLOW_CTX_TASK_ID='run_dbt' AIRFLOW_CTX_EXECUTION_DATE='2026-04-15T15:29:30.294136+00:00' AIRFLOW_CTX_TRY_NUMBER='1' AIRFLOW_CTX_DAG_RUN_ID='manual__2026-04-15T15:29:30.294136+00:00'
[2026-04-15T15:29:50.328+0000] {taskinstance.py:732} INFO - ::endgroup::
[2026-04-15T15:29:50.347+0000] {subprocess.py:78} INFO - Tmp dir root location: /tmp
[2026-04-15T15:29:50.347+0000] {subprocess.py:88} INFO - Running command: ['/usr/bin/bash', '-c', 'dbt run']
[2026-04-15T15:29:50.360+0000] {subprocess.py:99} INFO - Output:
[2026-04-15T15:29:54.340+0000] {subprocess.py:106} INFO - [0m15:29:54  Running with dbt=1.7.0
[2026-04-15T15:29:54.730+0000] {subprocess.py:106} INFO - [0m15:29:54  Registered adapter: clickhouse=1.7.0
[2026-04-15T15:29:54.798+0000] {subprocess.py:106} INFO - [0m15:29:54  Unable to do partial parsing because profile has changed
[2026-04-15T15:29:58.267+0000] {subprocess.py:106} INFO - [0m15:29:58  [[33mWARNING[0m]: Configuration paths exist in your dbt_project.yml file which do not apply to any resources.
[2026-04-15T15:29:58.268+0000] {subprocess.py:106} INFO - There are 1 unused configuration paths:
[2026-04-15T15:29:58.268+0000] {subprocess.py:106} INFO - - models.clickhouse_etl.raw
[2026-04-15T15:29:58.311+0000] {subprocess.py:106} INFO - [0m15:29:58  Found 11 models, 15 tests, 4 sources, 0 exposures, 0 metrics, 537 macros, 0 groups, 0 semantic models
[2026-04-15T15:29:58.316+0000] {subprocess.py:106} INFO - [0m15:29:58
[2026-04-15T15:29:58.959+0000] {subprocess.py:106} INFO - [0m15:29:58  Concurrency: 1 threads (target='dev')
[2026-04-15T15:29:58.960+0000] {subprocess.py:106} INFO - [0m15:29:58
[2026-04-15T15:29:58.972+0000] {subprocess.py:106} INFO - [0m15:29:58  1 of 11 START sql incremental model `default_ods`.`browser_data` ............... [RUN]
[2026-04-15T15:29:59.362+0000] {subprocess.py:106} INFO - [0m15:29:59  1 of 11 OK created sql incremental model `default_ods`.`browser_data` .......... [[32mOK[0m in 0.39s]
[2026-04-15T15:29:59.366+0000] {subprocess.py:106} INFO - [0m15:29:59  2 of 11 START sql incremental model `default_ods`.`device_data` ................ [RUN]
[2026-04-15T15:29:59.614+0000] {subprocess.py:106} INFO - [0m15:29:59  2 of 11 OK created sql incremental model `default_ods`.`device_data` ........... [[32mOK[0m in 0.24s]
[2026-04-15T15:29:59.620+0000] {subprocess.py:106} INFO - [0m15:29:59  3 of 11 START sql incremental model `default_ods`.`geo_data` ................... [RUN]
[2026-04-15T15:29:59.849+0000] {subprocess.py:106} INFO - [0m15:29:59  3 of 11 OK created sql incremental model `default_ods`.`geo_data` .............. [[32mOK[0m in 0.23s]
[2026-04-15T15:29:59.853+0000] {subprocess.py:106} INFO - [0m15:29:59  4 of 11 START sql incremental model `default_ods`.`location_data` .............. [RUN]
[2026-04-15T15:30:00.110+0000] {subprocess.py:106} INFO - [0m15:30:00  4 of 11 OK created sql incremental model `default_ods`.`location_data` ......... [[32mOK[0m in 0.26s]
[2026-04-15T15:30:00.114+0000] {subprocess.py:106} INFO - [0m15:30:00  5 of 11 START sql incremental model `default_dds`.`dim_browser` ................ [RUN]
[2026-04-15T15:30:00.340+0000] {subprocess.py:106} INFO - [0m15:30:00  5 of 11 OK created sql incremental model `default_dds`.`dim_browser` ........... [[32mOK[0m in 0.22s]
[2026-04-15T15:30:00.346+0000] {subprocess.py:106} INFO - [0m15:30:00  6 of 11 START sql incremental model `default_dds`.`dim_device` ................. [RUN]
[2026-04-15T15:30:00.368+0000] {subprocess.py:106} INFO - [0m15:30:00  Generated UUID: 7ad8676d-fc70-4d64-a658-72e70662fe8e
[2026-04-15T15:30:00.611+0000] {subprocess.py:106} INFO - [0m15:30:00  6 of 11 OK created sql incremental model `default_dds`.`dim_device` ............ [[32mOK[0m in 0.26s]
[2026-04-15T15:30:00.614+0000] {subprocess.py:106} INFO - [0m15:30:00  7 of 11 START sql incremental model `default_dds`.`fct_click` .................. [RUN]
[2026-04-15T15:30:00.855+0000] {subprocess.py:106} INFO - [0m15:30:00  7 of 11 OK created sql incremental model `default_dds`.`fct_click` ............. [[32mOK[0m in 0.24s]
[2026-04-15T15:30:00.861+0000] {subprocess.py:106} INFO - [0m15:30:00  8 of 11 START sql incremental model `default_dds`.`dim_geo` .................... [RUN]
[2026-04-15T15:30:01.097+0000] {subprocess.py:106} INFO - [0m15:30:01  8 of 11 OK created sql incremental model `default_dds`.`dim_geo` ............... [[32mOK[0m in 0.23s]
[2026-04-15T15:30:01.100+0000] {subprocess.py:106} INFO - [0m15:30:01  9 of 11 START sql incremental model `default_dds`.`dim_location` ............... [RUN]
[2026-04-15T15:30:01.332+0000] {subprocess.py:106} INFO - [0m15:30:01  9 of 11 OK created sql incremental model `default_dds`.`dim_location` .......... [[32mOK[0m in 0.23s]
[2026-04-15T15:30:01.336+0000] {subprocess.py:106} INFO - [0m15:30:01  10 of 11 START sql incremental model `default_dm`.`dashboard` .................. [RUN]
[2026-04-15T15:30:01.557+0000] {subprocess.py:106} INFO - [0m15:30:01  10 of 11 OK created sql incremental model `default_dm`.`dashboard` ............. [[32mOK[0m in 0.22s]
[2026-04-15T15:30:01.561+0000] {subprocess.py:106} INFO - [0m15:30:01  11 of 11 START sql view model `default_dm`.`dashboard_recent_data` ............. [RUN]
[2026-04-15T15:30:01.642+0000] {subprocess.py:106} INFO - [0m15:30:01  11 of 11 OK created sql view model `default_dm`.`dashboard_recent_data` ........ [[32mOK[0m in 0.08s]
[2026-04-15T15:30:01.655+0000] {subprocess.py:106} INFO - [0m15:30:01
[2026-04-15T15:30:01.658+0000] {subprocess.py:106} INFO - [0m15:30:01  Finished running 10 incremental models, 1 view model in 0 hours 0 minutes and 3.34 seconds (3.34s).
[2026-04-15T15:30:01.717+0000] {subprocess.py:106} INFO - [0m15:30:01
[2026-04-15T15:30:01.719+0000] {subprocess.py:106} INFO - [0m15:30:01  [32mCompleted successfully[0m
[2026-04-15T15:30:01.719+0000] {subprocess.py:106} INFO - [0m15:30:01
[2026-04-15T15:30:01.720+0000] {subprocess.py:106} INFO - [0m15:30:01  Done. PASS=11 WARN=0 ERROR=0 SKIP=0 TOTAL=11
[2026-04-15T15:30:03.294+0000] {subprocess.py:110} INFO - Command exited with return code 0
[2026-04-15T15:30:03.332+0000] {taskinstance.py:341} INFO - ::group::Post task execution logs
[2026-04-15T15:30:03.333+0000] {taskinstance.py:353} INFO - Marking task as SUCCESS. dag_id=layers_update, task_id=run_dbt, run_id=manual__2026-04-15T15:29:30.294136+00:00, execution_date=20260415T152930, start_date=20260415T152947, end_date=20260415T153003
[2026-04-15T15:30:03.416+0000] {local_task_job_runner.py:266} INFO - Task exited with return code 0
[2026-04-15T15:30:03.446+0000] {taskinstance.py:3901} INFO - 1 downstream tasks scheduled from follow-on schedule check
[2026-04-15T15:30:03.448+0000] {local_task_job_runner.py:245} INFO - ::endgroup::
