[2026-04-15T17:12:59.163+0000] {local_task_job_runner.py:123} INFO - ::group::Pre task execution logs
[2026-04-15T17:12:59.185+0000] {taskinstance.py:2614} INFO - Dependencies all met for dep_context=non-requeueable deps ti=<TaskInstance: layers_update.run_dbt manual__2026-04-15T17:12:52.509651+00:00 [queued]>
[2026-04-15T17:12:59.195+0000] {taskinstance.py:2614} INFO - Dependencies all met for dep_context=requeueable deps ti=<TaskInstance: layers_update.run_dbt manual__2026-04-15T17:12:52.509651+00:00 [queued]>
[2026-04-15T17:12:59.196+0000] {taskinstance.py:2867} INFO - Starting attempt 1 of 1
[2026-04-15T17:12:59.214+0000] {taskinstance.py:2890} INFO - Executing <Task(BashOperator): run_dbt> on 2026-04-15 17:12:52.509651+00:00
[2026-04-15T17:12:59.222+0000] {warnings.py:112} WARNING - /home/***/.local/lib/python3.12/site-packages/***/task/task_runner/standard_task_runner.py:70: DeprecationWarning: This process (pid=59) is multi-threaded, use of fork() may lead to deadlocks in the child.
  pid = os.fork()

[2026-04-15T17:12:59.229+0000] {standard_task_runner.py:72} INFO - Started process 60 to run task
[2026-04-15T17:12:59.231+0000] {standard_task_runner.py:104} INFO - Running: ['***', 'tasks', 'run', 'layers_update', 'run_dbt', 'manual__2026-04-15T17:12:52.509651+00:00', '--job-id', '4', '--raw', '--subdir', 'DAGS_FOLDER/layers_update.py', '--cfg-path', '/tmp/tmpmw_nhtvn']
[2026-04-15T17:12:59.234+0000] {standard_task_runner.py:105} INFO - Job 4: Subtask run_dbt
[2026-04-15T17:12:59.303+0000] {task_command.py:467} INFO - Running <TaskInstance: layers_update.run_dbt manual__2026-04-15T17:12:52.509651+00:00 [running]> on host bfdc81498a94
[2026-04-15T17:12:59.422+0000] {taskinstance.py:3134} INFO - Exporting env vars: AIRFLOW_CTX_DAG_OWNER='***' AIRFLOW_CTX_DAG_ID='layers_update' AIRFLOW_CTX_TASK_ID='run_dbt' AIRFLOW_CTX_EXECUTION_DATE='2026-04-15T17:12:52.509651+00:00' AIRFLOW_CTX_TRY_NUMBER='1' AIRFLOW_CTX_DAG_RUN_ID='manual__2026-04-15T17:12:52.509651+00:00'
[2026-04-15T17:12:59.424+0000] {taskinstance.py:732} INFO - ::endgroup::
[2026-04-15T17:12:59.445+0000] {subprocess.py:78} INFO - Tmp dir root location: /tmp
[2026-04-15T17:12:59.446+0000] {subprocess.py:88} INFO - Running command: ['/usr/bin/bash', '-c', 'dbt run']
[2026-04-15T17:12:59.458+0000] {subprocess.py:99} INFO - Output:
[2026-04-15T17:13:03.374+0000] {subprocess.py:106} INFO - [0m17:13:03  Running with dbt=1.7.0
[2026-04-15T17:13:03.757+0000] {subprocess.py:106} INFO - [0m17:13:03  Registered adapter: clickhouse=1.7.0
[2026-04-15T17:13:05.052+0000] {subprocess.py:106} INFO - [0m17:13:05  [[33mWARNING[0m]: Configuration paths exist in your dbt_project.yml file which do not apply to any resources.
[2026-04-15T17:13:05.053+0000] {subprocess.py:106} INFO - There are 1 unused configuration paths:
[2026-04-15T17:13:05.054+0000] {subprocess.py:106} INFO - - models.clickhouse_etl.raw
[2026-04-15T17:13:05.095+0000] {subprocess.py:106} INFO - [0m17:13:05  Found 11 models, 15 tests, 4 sources, 0 exposures, 0 metrics, 538 macros, 0 groups, 0 semantic models
[2026-04-15T17:13:05.098+0000] {subprocess.py:106} INFO - [0m17:13:05
[2026-04-15T17:13:05.632+0000] {subprocess.py:106} INFO - [0m17:13:05  Concurrency: 1 threads (target='dev')
[2026-04-15T17:13:05.633+0000] {subprocess.py:106} INFO - [0m17:13:05
[2026-04-15T17:13:05.644+0000] {subprocess.py:106} INFO - [0m17:13:05  1 of 11 START sql incremental model `ods`.`browser_data` ....................... [RUN]
[2026-04-15T17:13:06.134+0000] {subprocess.py:106} INFO - [0m17:13:06  1 of 11 OK created sql incremental model `ods`.`browser_data` .................. [[32mOK[0m in 0.49s]
[2026-04-15T17:13:06.139+0000] {subprocess.py:106} INFO - [0m17:13:06  2 of 11 START sql incremental model `ods`.`device_data` ........................ [RUN]
[2026-04-15T17:13:06.366+0000] {subprocess.py:106} INFO - [0m17:13:06  2 of 11 OK created sql incremental model `ods`.`device_data` ................... [[32mOK[0m in 0.23s]
[2026-04-15T17:13:06.369+0000] {subprocess.py:106} INFO - [0m17:13:06  3 of 11 START sql incremental model `ods`.`geo_data` ........................... [RUN]
[2026-04-15T17:13:06.611+0000] {subprocess.py:106} INFO - [0m17:13:06  3 of 11 OK created sql incremental model `ods`.`geo_data` ...................... [[32mOK[0m in 0.24s]
[2026-04-15T17:13:06.614+0000] {subprocess.py:106} INFO - [0m17:13:06  4 of 11 START sql incremental model `ods`.`location_data` ...................... [RUN]
[2026-04-15T17:13:06.866+0000] {subprocess.py:106} INFO - [0m17:13:06  4 of 11 OK created sql incremental model `ods`.`location_data` ................. [[32mOK[0m in 0.25s]
[2026-04-15T17:13:06.872+0000] {subprocess.py:106} INFO - [0m17:13:06  5 of 11 START sql incremental model `dds`.`dim_browser` ........................ [RUN]
[2026-04-15T17:13:07.109+0000] {subprocess.py:106} INFO - [0m17:13:07  5 of 11 OK created sql incremental model `dds`.`dim_browser` ................... [[32mOK[0m in 0.23s]
[2026-04-15T17:13:07.114+0000] {subprocess.py:106} INFO - [0m17:13:07  6 of 11 START sql incremental model `dds`.`dim_device` ......................... [RUN]
[2026-04-15T17:13:07.351+0000] {subprocess.py:106} INFO - [0m17:13:07  6 of 11 OK created sql incremental model `dds`.`dim_device` .................... [[32mOK[0m in 0.24s]
[2026-04-15T17:13:07.354+0000] {subprocess.py:106} INFO - [0m17:13:07  7 of 11 START sql incremental model `dds`.`fct_click` .......................... [RUN]
[2026-04-15T17:13:07.589+0000] {subprocess.py:106} INFO - [0m17:13:07  7 of 11 OK created sql incremental model `dds`.`fct_click` ..................... [[32mOK[0m in 0.23s]
[2026-04-15T17:13:07.593+0000] {subprocess.py:106} INFO - [0m17:13:07  8 of 11 START sql incremental model `dds`.`dim_geo` ............................ [RUN]
[2026-04-15T17:13:07.810+0000] {subprocess.py:106} INFO - [0m17:13:07  8 of 11 OK created sql incremental model `dds`.`dim_geo` ....................... [[32mOK[0m in 0.21s]
[2026-04-15T17:13:07.813+0000] {subprocess.py:106} INFO - [0m17:13:07  9 of 11 START sql incremental model `dds`.`dim_location` ....................... [RUN]
[2026-04-15T17:13:08.058+0000] {subprocess.py:106} INFO - [0m17:13:08  9 of 11 OK created sql incremental model `dds`.`dim_location` .................. [[32mOK[0m in 0.24s]
[2026-04-15T17:13:08.088+0000] {subprocess.py:106} INFO - [0m17:13:08  10 of 11 START sql incremental model `dm`.`dashboard` .......................... [RUN]
[2026-04-15T17:13:08.402+0000] {subprocess.py:106} INFO - [0m17:13:08  10 of 11 OK created sql incremental model `dm`.`dashboard` ..................... [[32mOK[0m in 0.31s]
[2026-04-15T17:13:08.409+0000] {subprocess.py:106} INFO - [0m17:13:08  11 of 11 START sql view model `dm`.`dashboard_recent_data` ..................... [RUN]
[2026-04-15T17:13:08.515+0000] {subprocess.py:106} INFO - [0m17:13:08  11 of 11 OK created sql view model `dm`.`dashboard_recent_data` ................ [[32mOK[0m in 0.10s]
[2026-04-15T17:13:08.522+0000] {subprocess.py:106} INFO - [0m17:13:08
[2026-04-15T17:13:08.523+0000] {subprocess.py:106} INFO - [0m17:13:08  Finished running 10 incremental models, 1 view model in 0 hours 0 minutes and 3.42 seconds (3.42s).
[2026-04-15T17:13:08.553+0000] {subprocess.py:106} INFO - [0m17:13:08
[2026-04-15T17:13:08.554+0000] {subprocess.py:106} INFO - [0m17:13:08  [32mCompleted successfully[0m
[2026-04-15T17:13:08.555+0000] {subprocess.py:106} INFO - [0m17:13:08
[2026-04-15T17:13:08.556+0000] {subprocess.py:106} INFO - [0m17:13:08  Done. PASS=11 WARN=0 ERROR=0 SKIP=0 TOTAL=11
[2026-04-15T17:13:09.851+0000] {subprocess.py:110} INFO - Command exited with return code 0
[2026-04-15T17:13:09.891+0000] {taskinstance.py:341} INFO - ::group::Post task execution logs
[2026-04-15T17:13:09.892+0000] {taskinstance.py:353} INFO - Marking task as SUCCESS. dag_id=layers_update, task_id=run_dbt, run_id=manual__2026-04-15T17:12:52.509651+00:00, execution_date=20260415T171252, start_date=20260415T171259, end_date=20260415T171309
[2026-04-15T17:13:09.958+0000] {local_task_job_runner.py:266} INFO - Task exited with return code 0
[2026-04-15T17:13:09.986+0000] {taskinstance.py:3901} INFO - 1 downstream tasks scheduled from follow-on schedule check
[2026-04-15T17:13:09.990+0000] {local_task_job_runner.py:245} INFO - ::endgroup::
