[2026-04-09T06:56:40.272+0000] {local_task_job_runner.py:123} INFO - ::group::Pre task execution logs
[2026-04-09T06:56:40.312+0000] {taskinstance.py:2614} INFO - Dependencies all met for dep_context=non-requeueable deps ti=<TaskInstance: kafka_producer.execute_update_layers scheduled__2026-04-07T18:30:00+00:00 [queued]>
[2026-04-09T06:56:40.326+0000] {taskinstance.py:2614} INFO - Dependencies all met for dep_context=requeueable deps ti=<TaskInstance: kafka_producer.execute_update_layers scheduled__2026-04-07T18:30:00+00:00 [queued]>
[2026-04-09T06:56:40.328+0000] {taskinstance.py:2867} INFO - Starting attempt 1 of 1
[2026-04-09T06:56:40.349+0000] {taskinstance.py:2890} INFO - Executing <Task(TriggerDagRunOperator): execute_update_layers> on 2026-04-07 18:30:00+00:00
[2026-04-09T06:56:40.360+0000] {warnings.py:112} WARNING - /home/***/.local/lib/python3.12/site-packages/***/task/task_runner/standard_task_runner.py:70: DeprecationWarning: This process (pid=117) is multi-threaded, use of fork() may lead to deadlocks in the child.
  pid = os.fork()

[2026-04-09T06:56:40.366+0000] {standard_task_runner.py:72} INFO - Started process 118 to run task
[2026-04-09T06:56:40.366+0000] {standard_task_runner.py:104} INFO - Running: ['***', 'tasks', 'run', 'kafka_producer', 'execute_update_layers', 'scheduled__2026-04-07T18:30:00+00:00', '--job-id', '22', '--raw', '--subdir', 'DAGS_FOLDER/kafka_load.py', '--cfg-path', '/tmp/tmpg4kro9n2']
[2026-04-09T06:56:40.368+0000] {standard_task_runner.py:105} INFO - Job 22: Subtask execute_update_layers
[2026-04-09T06:56:40.500+0000] {task_command.py:467} INFO - Running <TaskInstance: kafka_producer.execute_update_layers scheduled__2026-04-07T18:30:00+00:00 [running]> on host 04d8aaa2cd66
[2026-04-09T06:56:40.635+0000] {taskinstance.py:3134} INFO - Exporting env vars: AIRFLOW_CTX_DAG_OWNER='***' AIRFLOW_CTX_DAG_ID='kafka_producer' AIRFLOW_CTX_TASK_ID='execute_update_layers' AIRFLOW_CTX_EXECUTION_DATE='2026-04-07T18:30:00+00:00' AIRFLOW_CTX_TRY_NUMBER='1' AIRFLOW_CTX_DAG_RUN_ID='scheduled__2026-04-07T18:30:00+00:00'
[2026-04-09T06:56:40.638+0000] {taskinstance.py:732} INFO - ::endgroup::
[2026-04-09T06:56:43.182+0000] {taskinstance.py:341} INFO - ::group::Post task execution logs
[2026-04-09T06:56:43.183+0000] {taskinstance.py:353} INFO - Marking task as SUCCESS. dag_id=kafka_producer, task_id=execute_update_layers, run_id=scheduled__2026-04-07T18:30:00+00:00, execution_date=20260407T183000, start_date=20260409T065640, end_date=20260409T065643
[2026-04-09T06:56:43.248+0000] {local_task_job_runner.py:266} INFO - Task exited with return code 0
[2026-04-09T06:56:43.270+0000] {taskinstance.py:3901} INFO - 0 downstream tasks scheduled from follow-on schedule check
[2026-04-09T06:56:43.274+0000] {local_task_job_runner.py:245} INFO - ::endgroup::
[2026-04-09T07:52:47.254+0000] {local_task_job_runner.py:123} INFO - ::group::Pre task execution logs
[2026-04-09T07:52:47.281+0000] {taskinstance.py:2614} INFO - Dependencies all met for dep_context=non-requeueable deps ti=<TaskInstance: kafka_producer.execute_update_layers scheduled__2026-04-07T18:30:00+00:00 [queued]>
[2026-04-09T07:52:47.313+0000] {taskinstance.py:2614} INFO - Dependencies all met for dep_context=requeueable deps ti=<TaskInstance: kafka_producer.execute_update_layers scheduled__2026-04-07T18:30:00+00:00 [queued]>
[2026-04-09T07:52:47.313+0000] {taskinstance.py:2867} INFO - Starting attempt 1 of 1
[2026-04-09T07:52:47.338+0000] {taskinstance.py:2890} INFO - Executing <Task(TriggerDagRunOperator): execute_update_layers> on 2026-04-07 18:30:00+00:00
[2026-04-09T07:52:47.351+0000] {warnings.py:112} WARNING - /home/***/.local/lib/python3.12/site-packages/***/task/task_runner/standard_task_runner.py:70: DeprecationWarning: This process (pid=121) is multi-threaded, use of fork() may lead to deadlocks in the child.
  pid = os.fork()

[2026-04-09T07:52:47.357+0000] {standard_task_runner.py:72} INFO - Started process 122 to run task
[2026-04-09T07:52:47.358+0000] {standard_task_runner.py:104} INFO - Running: ['***', 'tasks', 'run', 'kafka_producer', 'execute_update_layers', 'scheduled__2026-04-07T18:30:00+00:00', '--job-id', '48', '--raw', '--subdir', 'DAGS_FOLDER/kafka_load.py', '--cfg-path', '/tmp/tmpvp0och24']
[2026-04-09T07:52:47.359+0000] {standard_task_runner.py:105} INFO - Job 48: Subtask execute_update_layers
[2026-04-09T07:52:47.491+0000] {task_command.py:467} INFO - Running <TaskInstance: kafka_producer.execute_update_layers scheduled__2026-04-07T18:30:00+00:00 [running]> on host 2d41fd9e80ad
[2026-04-09T07:52:47.718+0000] {taskinstance.py:3134} INFO - Exporting env vars: AIRFLOW_CTX_DAG_OWNER='***' AIRFLOW_CTX_DAG_ID='kafka_producer' AIRFLOW_CTX_TASK_ID='execute_update_layers' AIRFLOW_CTX_EXECUTION_DATE='2026-04-07T18:30:00+00:00' AIRFLOW_CTX_TRY_NUMBER='1' AIRFLOW_CTX_DAG_RUN_ID='scheduled__2026-04-07T18:30:00+00:00'
[2026-04-09T07:52:47.722+0000] {taskinstance.py:732} INFO - ::endgroup::
[2026-04-09T07:52:50.986+0000] {taskinstance.py:341} INFO - ::group::Post task execution logs
[2026-04-09T07:52:50.987+0000] {taskinstance.py:353} INFO - Marking task as SUCCESS. dag_id=kafka_producer, task_id=execute_update_layers, run_id=scheduled__2026-04-07T18:30:00+00:00, execution_date=20260407T183000, start_date=20260409T075247, end_date=20260409T075250
[2026-04-09T07:52:51.074+0000] {local_task_job_runner.py:266} INFO - Task exited with return code 0
[2026-04-09T07:52:51.094+0000] {local_task_job_runner.py:245} INFO - ::endgroup::
[2026-04-09T15:10:05.619+0000] {local_task_job_runner.py:123} INFO - ::group::Pre task execution logs
[2026-04-09T15:10:05.648+0000] {taskinstance.py:2614} INFO - Dependencies all met for dep_context=non-requeueable deps ti=<TaskInstance: kafka_producer.execute_update_layers scheduled__2026-04-07T18:30:00+00:00 [queued]>
[2026-04-09T15:10:05.661+0000] {taskinstance.py:2614} INFO - Dependencies all met for dep_context=requeueable deps ti=<TaskInstance: kafka_producer.execute_update_layers scheduled__2026-04-07T18:30:00+00:00 [queued]>
[2026-04-09T15:10:05.661+0000] {taskinstance.py:2867} INFO - Starting attempt 1 of 1
[2026-04-09T15:10:05.680+0000] {taskinstance.py:2890} INFO - Executing <Task(TriggerDagRunOperator): execute_update_layers> on 2026-04-07 18:30:00+00:00
[2026-04-09T15:10:05.689+0000] {warnings.py:112} WARNING - /home/***/.local/lib/python3.12/site-packages/***/task/task_runner/standard_task_runner.py:70: DeprecationWarning: This process (pid=88) is multi-threaded, use of fork() may lead to deadlocks in the child.
  pid = os.fork()

[2026-04-09T15:10:05.692+0000] {standard_task_runner.py:72} INFO - Started process 89 to run task
[2026-04-09T15:10:05.692+0000] {standard_task_runner.py:104} INFO - Running: ['***', 'tasks', 'run', 'kafka_producer', 'execute_update_layers', 'scheduled__2026-04-07T18:30:00+00:00', '--job-id', '57', '--raw', '--subdir', 'DAGS_FOLDER/kafka_load.py', '--cfg-path', '/tmp/tmpgj0kzc3n']
[2026-04-09T15:10:05.694+0000] {standard_task_runner.py:105} INFO - Job 57: Subtask execute_update_layers
[2026-04-09T15:10:05.775+0000] {task_command.py:467} INFO - Running <TaskInstance: kafka_producer.execute_update_layers scheduled__2026-04-07T18:30:00+00:00 [running]> on host 2d41fd9e80ad
[2026-04-09T15:10:05.890+0000] {taskinstance.py:3134} INFO - Exporting env vars: AIRFLOW_CTX_DAG_OWNER='***' AIRFLOW_CTX_DAG_ID='kafka_producer' AIRFLOW_CTX_TASK_ID='execute_update_layers' AIRFLOW_CTX_EXECUTION_DATE='2026-04-07T18:30:00+00:00' AIRFLOW_CTX_TRY_NUMBER='1' AIRFLOW_CTX_DAG_RUN_ID='scheduled__2026-04-07T18:30:00+00:00'
[2026-04-09T15:10:05.891+0000] {taskinstance.py:732} INFO - ::endgroup::
[2026-04-09T15:10:07.625+0000] {taskinstance.py:341} INFO - ::group::Post task execution logs
[2026-04-09T15:10:07.626+0000] {taskinstance.py:353} INFO - Marking task as SUCCESS. dag_id=kafka_producer, task_id=execute_update_layers, run_id=scheduled__2026-04-07T18:30:00+00:00, execution_date=20260407T183000, start_date=20260409T151005, end_date=20260409T151007
[2026-04-09T15:10:07.722+0000] {local_task_job_runner.py:266} INFO - Task exited with return code 0
[2026-04-09T15:10:07.742+0000] {taskinstance.py:3901} INFO - 0 downstream tasks scheduled from follow-on schedule check
[2026-04-09T15:10:07.745+0000] {local_task_job_runner.py:245} INFO - ::endgroup::
[2026-04-09T15:15:11.773+0000] {local_task_job_runner.py:123} INFO - ::group::Pre task execution logs
[2026-04-09T15:15:11.806+0000] {taskinstance.py:2614} INFO - Dependencies all met for dep_context=non-requeueable deps ti=<TaskInstance: kafka_producer.execute_update_layers scheduled__2026-04-07T18:30:00+00:00 [queued]>
[2026-04-09T15:15:11.822+0000] {taskinstance.py:2614} INFO - Dependencies all met for dep_context=requeueable deps ti=<TaskInstance: kafka_producer.execute_update_layers scheduled__2026-04-07T18:30:00+00:00 [queued]>
[2026-04-09T15:15:11.823+0000] {taskinstance.py:2867} INFO - Starting attempt 1 of 1
[2026-04-09T15:15:11.843+0000] {taskinstance.py:2890} INFO - Executing <Task(TriggerDagRunOperator): execute_update_layers> on 2026-04-07 18:30:00+00:00
[2026-04-09T15:15:11.850+0000] {warnings.py:112} WARNING - /home/***/.local/lib/python3.12/site-packages/***/task/task_runner/standard_task_runner.py:70: DeprecationWarning: This process (pid=134) is multi-threaded, use of fork() may lead to deadlocks in the child.
  pid = os.fork()

[2026-04-09T15:15:11.854+0000] {standard_task_runner.py:72} INFO - Started process 135 to run task
[2026-04-09T15:15:11.856+0000] {standard_task_runner.py:104} INFO - Running: ['***', 'tasks', 'run', 'kafka_producer', 'execute_update_layers', 'scheduled__2026-04-07T18:30:00+00:00', '--job-id', '63', '--raw', '--subdir', 'DAGS_FOLDER/kafka_load.py', '--cfg-path', '/tmp/tmpku_s15u6']
[2026-04-09T15:15:11.859+0000] {standard_task_runner.py:105} INFO - Job 63: Subtask execute_update_layers
[2026-04-09T15:15:11.930+0000] {task_command.py:467} INFO - Running <TaskInstance: kafka_producer.execute_update_layers scheduled__2026-04-07T18:30:00+00:00 [running]> on host 2d41fd9e80ad
[2026-04-09T15:15:12.031+0000] {taskinstance.py:3134} INFO - Exporting env vars: AIRFLOW_CTX_DAG_OWNER='***' AIRFLOW_CTX_DAG_ID='kafka_producer' AIRFLOW_CTX_TASK_ID='execute_update_layers' AIRFLOW_CTX_EXECUTION_DATE='2026-04-07T18:30:00+00:00' AIRFLOW_CTX_TRY_NUMBER='1' AIRFLOW_CTX_DAG_RUN_ID='scheduled__2026-04-07T18:30:00+00:00'
[2026-04-09T15:15:12.032+0000] {taskinstance.py:732} INFO - ::endgroup::
[2026-04-09T15:15:13.817+0000] {taskinstance.py:341} INFO - ::group::Post task execution logs
[2026-04-09T15:15:13.820+0000] {taskinstance.py:353} INFO - Marking task as SUCCESS. dag_id=kafka_producer, task_id=execute_update_layers, run_id=scheduled__2026-04-07T18:30:00+00:00, execution_date=20260407T183000, start_date=20260409T151511, end_date=20260409T151513
[2026-04-09T15:15:13.900+0000] {local_task_job_runner.py:266} INFO - Task exited with return code 0
[2026-04-09T15:15:13.919+0000] {taskinstance.py:3901} INFO - 0 downstream tasks scheduled from follow-on schedule check
[2026-04-09T15:15:13.922+0000] {local_task_job_runner.py:245} INFO - ::endgroup::
[2026-04-09T15:20:17.492+0000] {local_task_job_runner.py:123} INFO - ::group::Pre task execution logs
[2026-04-09T15:20:17.527+0000] {taskinstance.py:2614} INFO - Dependencies all met for dep_context=non-requeueable deps ti=<TaskInstance: kafka_producer.execute_update_layers scheduled__2026-04-07T18:30:00+00:00 [queued]>
[2026-04-09T15:20:17.542+0000] {taskinstance.py:2614} INFO - Dependencies all met for dep_context=requeueable deps ti=<TaskInstance: kafka_producer.execute_update_layers scheduled__2026-04-07T18:30:00+00:00 [queued]>
[2026-04-09T15:20:17.542+0000] {taskinstance.py:2867} INFO - Starting attempt 1 of 1
[2026-04-09T15:20:17.565+0000] {taskinstance.py:2890} INFO - Executing <Task(TriggerDagRunOperator): execute_update_layers> on 2026-04-07 18:30:00+00:00
[2026-04-09T15:20:17.578+0000] {warnings.py:112} WARNING - /home/***/.local/lib/python3.12/site-packages/***/task/task_runner/standard_task_runner.py:70: DeprecationWarning: This process (pid=168) is multi-threaded, use of fork() may lead to deadlocks in the child.
  pid = os.fork()

[2026-04-09T15:20:17.581+0000] {standard_task_runner.py:72} INFO - Started process 172 to run task
[2026-04-09T15:20:17.580+0000] {standard_task_runner.py:104} INFO - Running: ['***', 'tasks', 'run', 'kafka_producer', 'execute_update_layers', 'scheduled__2026-04-07T18:30:00+00:00', '--job-id', '69', '--raw', '--subdir', 'DAGS_FOLDER/kafka_load.py', '--cfg-path', '/tmp/tmpi9qmd3en']
[2026-04-09T15:20:17.583+0000] {standard_task_runner.py:105} INFO - Job 69: Subtask execute_update_layers
[2026-04-09T15:20:17.777+0000] {task_command.py:467} INFO - Running <TaskInstance: kafka_producer.execute_update_layers scheduled__2026-04-07T18:30:00+00:00 [running]> on host 2d41fd9e80ad
[2026-04-09T15:20:17.908+0000] {taskinstance.py:3134} INFO - Exporting env vars: AIRFLOW_CTX_DAG_OWNER='***' AIRFLOW_CTX_DAG_ID='kafka_producer' AIRFLOW_CTX_TASK_ID='execute_update_layers' AIRFLOW_CTX_EXECUTION_DATE='2026-04-07T18:30:00+00:00' AIRFLOW_CTX_TRY_NUMBER='1' AIRFLOW_CTX_DAG_RUN_ID='scheduled__2026-04-07T18:30:00+00:00'
[2026-04-09T15:20:17.911+0000] {taskinstance.py:732} INFO - ::endgroup::
[2026-04-09T15:20:19.619+0000] {taskinstance.py:341} INFO - ::group::Post task execution logs
[2026-04-09T15:20:19.621+0000] {taskinstance.py:353} INFO - Marking task as SUCCESS. dag_id=kafka_producer, task_id=execute_update_layers, run_id=scheduled__2026-04-07T18:30:00+00:00, execution_date=20260407T183000, start_date=20260409T152017, end_date=20260409T152019
[2026-04-09T15:20:19.718+0000] {local_task_job_runner.py:266} INFO - Task exited with return code 0
[2026-04-09T15:20:19.737+0000] {taskinstance.py:3901} INFO - 0 downstream tasks scheduled from follow-on schedule check
[2026-04-09T15:20:19.742+0000] {local_task_job_runner.py:245} INFO - ::endgroup::
[2026-04-09T15:23:14.316+0000] {local_task_job_runner.py:123} INFO - ::group::Pre task execution logs
[2026-04-09T15:23:14.343+0000] {taskinstance.py:2614} INFO - Dependencies all met for dep_context=non-requeueable deps ti=<TaskInstance: kafka_producer.execute_update_layers scheduled__2026-04-07T18:30:00+00:00 [queued]>
[2026-04-09T15:23:14.355+0000] {taskinstance.py:2614} INFO - Dependencies all met for dep_context=requeueable deps ti=<TaskInstance: kafka_producer.execute_update_layers scheduled__2026-04-07T18:30:00+00:00 [queued]>
[2026-04-09T15:23:14.356+0000] {taskinstance.py:2867} INFO - Starting attempt 1 of 1
[2026-04-09T15:23:14.376+0000] {taskinstance.py:2890} INFO - Executing <Task(TriggerDagRunOperator): execute_update_layers> on 2026-04-07 18:30:00+00:00
[2026-04-09T15:23:14.383+0000] {warnings.py:112} WARNING - /home/***/.local/lib/python3.12/site-packages/***/task/task_runner/standard_task_runner.py:70: DeprecationWarning: This process (pid=235) is multi-threaded, use of fork() may lead to deadlocks in the child.
  pid = os.fork()

[2026-04-09T15:23:14.385+0000] {standard_task_runner.py:72} INFO - Started process 236 to run task
[2026-04-09T15:23:14.385+0000] {standard_task_runner.py:104} INFO - Running: ['***', 'tasks', 'run', 'kafka_producer', 'execute_update_layers', 'scheduled__2026-04-07T18:30:00+00:00', '--job-id', '76', '--raw', '--subdir', 'DAGS_FOLDER/kafka_load.py', '--cfg-path', '/tmp/tmpbjiwwoz2']
[2026-04-09T15:23:14.387+0000] {standard_task_runner.py:105} INFO - Job 76: Subtask execute_update_layers
[2026-04-09T15:23:14.461+0000] {task_command.py:467} INFO - Running <TaskInstance: kafka_producer.execute_update_layers scheduled__2026-04-07T18:30:00+00:00 [running]> on host 2d41fd9e80ad
[2026-04-09T15:23:14.576+0000] {taskinstance.py:3134} INFO - Exporting env vars: AIRFLOW_CTX_DAG_OWNER='***' AIRFLOW_CTX_DAG_ID='kafka_producer' AIRFLOW_CTX_TASK_ID='execute_update_layers' AIRFLOW_CTX_EXECUTION_DATE='2026-04-07T18:30:00+00:00' AIRFLOW_CTX_TRY_NUMBER='1' AIRFLOW_CTX_DAG_RUN_ID='scheduled__2026-04-07T18:30:00+00:00'
[2026-04-09T15:23:14.578+0000] {taskinstance.py:732} INFO - ::endgroup::
[2026-04-09T15:23:16.646+0000] {taskinstance.py:341} INFO - ::group::Post task execution logs
[2026-04-09T15:23:16.647+0000] {taskinstance.py:353} INFO - Marking task as SUCCESS. dag_id=kafka_producer, task_id=execute_update_layers, run_id=scheduled__2026-04-07T18:30:00+00:00, execution_date=20260407T183000, start_date=20260409T152314, end_date=20260409T152316
[2026-04-09T15:23:16.735+0000] {local_task_job_runner.py:266} INFO - Task exited with return code 0
[2026-04-09T15:23:16.756+0000] {taskinstance.py:3901} INFO - 0 downstream tasks scheduled from follow-on schedule check
[2026-04-09T15:23:16.761+0000] {local_task_job_runner.py:245} INFO - ::endgroup::
