[2026-04-15T11:41:34.025+0000] {local_task_job_runner.py:123} INFO - ::group::Pre task execution logs
[2026-04-15T11:41:34.059+0000] {taskinstance.py:2614} INFO - Dependencies all met for dep_context=non-requeueable deps ti=<TaskInstance: layers_update.run_dbt manual__2026-04-15T11:41:32.696964+00:00 [queued]>
[2026-04-15T11:41:34.129+0000] {taskinstance.py:2614} INFO - Dependencies all met for dep_context=requeueable deps ti=<TaskInstance: layers_update.run_dbt manual__2026-04-15T11:41:32.696964+00:00 [queued]>
[2026-04-15T11:41:34.129+0000] {taskinstance.py:2867} INFO - Starting attempt 1 of 1
[2026-04-15T11:41:34.179+0000] {taskinstance.py:2890} INFO - Executing <Task(BashOperator): run_dbt> on 2026-04-15 11:41:32.696964+00:00
[2026-04-15T11:41:34.194+0000] {standard_task_runner.py:104} INFO - Running: ['***', 'tasks', 'run', 'layers_update', 'run_dbt', 'manual__2026-04-15T11:41:32.696964+00:00', '--job-id', '5', '--raw', '--subdir', 'DAGS_FOLDER/layers_update.py', '--cfg-path', '/tmp/tmpo2vcj5ah']
[2026-04-15T11:41:34.206+0000] {standard_task_runner.py:105} INFO - Job 5: Subtask run_dbt
[2026-04-15T11:41:34.205+0000] {warnings.py:112} WARNING - /home/***/.local/lib/python3.12/site-packages/***/task/task_runner/standard_task_runner.py:70: DeprecationWarning: This process (pid=68) is multi-threaded, use of fork() may lead to deadlocks in the child.
  pid = os.fork()

[2026-04-15T11:41:34.211+0000] {standard_task_runner.py:72} INFO - Started process 69 to run task
[2026-04-15T11:41:34.386+0000] {task_command.py:467} INFO - Running <TaskInstance: layers_update.run_dbt manual__2026-04-15T11:41:32.696964+00:00 [running]> on host 06da903a9231
[2026-04-15T11:41:34.583+0000] {taskinstance.py:3134} INFO - Exporting env vars: AIRFLOW_CTX_DAG_OWNER='***' AIRFLOW_CTX_DAG_ID='layers_update' AIRFLOW_CTX_TASK_ID='run_dbt' AIRFLOW_CTX_EXECUTION_DATE='2026-04-15T11:41:32.696964+00:00' AIRFLOW_CTX_TRY_NUMBER='1' AIRFLOW_CTX_DAG_RUN_ID='manual__2026-04-15T11:41:32.696964+00:00'
[2026-04-15T11:41:34.586+0000] {taskinstance.py:732} INFO - ::endgroup::
[2026-04-15T11:41:34.607+0000] {subprocess.py:78} INFO - Tmp dir root location: /tmp
[2026-04-15T11:41:34.608+0000] {subprocess.py:88} INFO - Running command: ['/usr/bin/bash', '-c', 'dbt run']
[2026-04-15T11:41:34.620+0000] {subprocess.py:99} INFO - Output:
[2026-04-15T11:41:38.404+0000] {subprocess.py:106} INFO - [0m11:41:38  Running with dbt=1.7.0
[2026-04-15T11:41:38.846+0000] {subprocess.py:106} INFO - [0m11:41:38  Registered adapter: clickhouse=1.7.0
[2026-04-15T11:41:41.179+0000] {subprocess.py:106} INFO - [0m11:41:41  [[33mWARNING[0m]: Configuration paths exist in your dbt_project.yml file which do not apply to any resources.
[2026-04-15T11:41:41.180+0000] {subprocess.py:106} INFO - There are 1 unused configuration paths:
[2026-04-15T11:41:41.181+0000] {subprocess.py:106} INFO - - models.clickhouse_etl.raw
[2026-04-15T11:41:41.218+0000] {subprocess.py:106} INFO - [0m11:41:41  Found 11 models, 15 tests, 4 sources, 0 exposures, 0 metrics, 537 macros, 0 groups, 0 semantic models
[2026-04-15T11:41:41.221+0000] {subprocess.py:106} INFO - [0m11:41:41
[2026-04-15T11:41:41.730+0000] {subprocess.py:106} INFO - [0m11:41:41  Concurrency: 1 threads (target='dev')
[2026-04-15T11:41:41.731+0000] {subprocess.py:106} INFO - [0m11:41:41
[2026-04-15T11:41:41.746+0000] {subprocess.py:106} INFO - [0m11:41:41  1 of 11 START sql incremental model `ods_ods`.`browser_data` ................... [RUN]
[2026-04-15T11:41:41.904+0000] {subprocess.py:106} INFO - [0m11:41:41  1 of 11 ERROR creating sql incremental model `ods_ods`.`browser_data` .......... [[31mERROR[0m in 0.16s]
[2026-04-15T11:41:41.908+0000] {subprocess.py:106} INFO - [0m11:41:41  2 of 11 START sql incremental model `ods_ods`.`device_data` .................... [RUN]
[2026-04-15T11:41:42.017+0000] {subprocess.py:106} INFO - [0m11:41:42  2 of 11 ERROR creating sql incremental model `ods_ods`.`device_data` ........... [[31mERROR[0m in 0.11s]
[2026-04-15T11:41:42.022+0000] {subprocess.py:106} INFO - [0m11:41:42  3 of 11 START sql incremental model `ods_ods`.`geo_data` ....................... [RUN]
[2026-04-15T11:41:42.125+0000] {subprocess.py:106} INFO - [0m11:41:42  3 of 11 ERROR creating sql incremental model `ods_ods`.`geo_data` .............. [[31mERROR[0m in 0.10s]
[2026-04-15T11:41:42.128+0000] {subprocess.py:106} INFO - [0m11:41:42  4 of 11 START sql incremental model `ods_ods`.`location_data` .................. [RUN]
[2026-04-15T11:41:42.229+0000] {subprocess.py:106} INFO - [0m11:41:42  4 of 11 ERROR creating sql incremental model `ods_ods`.`location_data` ......... [[31mERROR[0m in 0.10s]
[2026-04-15T11:41:42.233+0000] {subprocess.py:106} INFO - [0m11:41:42  5 of 11 SKIP relation ods_dds.dds_browser ...................................... [[33mSKIP[0m]
[2026-04-15T11:41:42.237+0000] {subprocess.py:106} INFO - [0m11:41:42  6 of 11 SKIP relation ods_dds.dds_device ....................................... [[33mSKIP[0m]
[2026-04-15T11:41:42.240+0000] {subprocess.py:106} INFO - [0m11:41:42  7 of 11 SKIP relation ods_dds.dds_fct_click .................................... [[33mSKIP[0m]
[2026-04-15T11:41:42.244+0000] {subprocess.py:106} INFO - [0m11:41:42  8 of 11 SKIP relation ods_dds.dds_geo .......................................... [[33mSKIP[0m]
[2026-04-15T11:41:42.249+0000] {subprocess.py:106} INFO - [0m11:41:42  9 of 11 SKIP relation ods_dds.dds_location ..................................... [[33mSKIP[0m]
[2026-04-15T11:41:42.256+0000] {subprocess.py:106} INFO - [0m11:41:42  10 of 11 SKIP relation ods_dm.dm_dashboard ..................................... [[33mSKIP[0m]
[2026-04-15T11:41:42.261+0000] {subprocess.py:106} INFO - [0m11:41:42  11 of 11 SKIP relation ods_dm.dm_dashboard_recent_data ......................... [[33mSKIP[0m]
[2026-04-15T11:41:42.275+0000] {subprocess.py:106} INFO - [0m11:41:42
[2026-04-15T11:41:42.288+0000] {subprocess.py:106} INFO - [0m11:41:42  Finished running 10 incremental models, 1 view model in 0 hours 0 minutes and 1.05 seconds (1.05s).
[2026-04-15T11:41:42.336+0000] {subprocess.py:106} INFO - [0m11:41:42
[2026-04-15T11:41:42.337+0000] {subprocess.py:106} INFO - [0m11:41:42  [31mCompleted with 4 errors and 0 warnings:[0m
[2026-04-15T11:41:42.338+0000] {subprocess.py:106} INFO - [0m11:41:42
[2026-04-15T11:41:42.339+0000] {subprocess.py:106} INFO - [0m11:41:42    Database Error in model ods_browser (models/ods/ods_browser.sql)
[2026-04-15T11:41:42.342+0000] {subprocess.py:106} INFO -   Code: 46.
[2026-04-15T11:41:42.343+0000] {subprocess.py:106} INFO -   DB::Exception: Function with name `ToUUID` does not exist. In scope ToUUID('00000000-0000-0000-0000-000000000000'). Maybe you meant: ['toUUID']: While executing WaitForAsyncInsert. Stack trace:
[2026-04-15T11:41:42.344+0000] {subprocess.py:106} INFO - 
[2026-04-15T11:41:42.344+0000] {subprocess.py:106} INFO -   0. DB::Exception::Exception(DB::Exception::MessageMasked&&, int, bool) @ 0x00000000166dc66a
[2026-04-15T11:41:42.345+0000] {subprocess.py:106} INFO -   1. DB::Exception::Exception(String&&, int, String, bool) @ 0x000000000e55bf0e
[2026-04-15T11:41:42.345+0000] {subprocess.py:106} INFO -   2. DB::Exception::Exception(PreformattedMessage&&, int) @ 0x000000000e55b849
[2026-04-15T11:41:42.346+0000] {subprocess.py:106} INFO -   3. DB::Exception::Exception<String, String, String>(int, FormatStringHelperImpl<std::type_identity<String>::type, std::type_identity<String>::type, std::type_identity<String>::type>, String&&, String&&, String&&) @ 0x000000000e670376
[2026-04-15T11:41:42.346+0000] {subprocess.py:106} INFO -   4. DB::QueryAnalyzer::resolveFunction(std::shared_ptr<DB::IQueryTreeNode>&, DB::IdentifierResolveScope&) @ 0x000000001ad2a474
[2026-04-15T11:41:42.347+0000] {subprocess.py:106} INFO -   5. DB::QueryAnalyzer::resolveExpressionNode(std::shared_ptr<DB::IQueryTreeNode>&, DB::IdentifierResolveScope&, bool, bool, bool) @ 0x000000001aa616e5
[2026-04-15T11:41:42.347+0000] {subprocess.py:106} INFO -   6. DB::QueryAnalyzer::resolveConstantExpression(std::shared_ptr<DB::IQueryTreeNode>&, std::shared_ptr<DB::IQueryTreeNode> const&, std::shared_ptr<DB::Context const>) @ 0x000000001aa68708
[2026-04-15T11:41:42.348+0000] {subprocess.py:106} INFO -   7. DB::evaluateConstantExpressionImpl(boost::intrusive_ptr<DB::IAST> const&, std::shared_ptr<DB::Context const> const&, bool) @ 0x000000001ba61f20
[2026-04-15T11:41:42.350+0000] {subprocess.py:106} INFO -   8. DB::evaluateConstantExpression(boost::intrusive_ptr<DB::IAST> const&, std::shared_ptr<DB::Context const> const&) @ 0x000000001ba63f5b
[2026-04-15T11:41:42.350+0000] {subprocess.py:106} INFO -   9. DB::ValuesBlockInputFormat::parseExpression(DB::IColumn&, unsigned long) @ 0x000000001d5c5a81
[2026-04-15T11:41:42.351+0000] {subprocess.py:106} INFO -   10. DB::ValuesBlockInputFormat::read() @ 0x000000001d5c34ea
[2026-04-15T11:41:42.352+0000] {subprocess.py:106} INFO -   11. DB::IInputFormat::generate() @ 0x000000001d32a1d6
[2026-04-15T11:41:42.352+0000] {subprocess.py:106} INFO -   12. DB::ISource::tryGenerate() @ 0x000000001d2fb8a9
[2026-04-15T11:41:42.353+0000] {subprocess.py:106} INFO -   13. DB::ISource::work() @ 0x000000001d2fb441
[2026-04-15T11:41:42.353+0000] {subprocess.py:106} INFO -   14. DB::StreamingFormatExecutor::execute(unsigned long) @ 0x000000001d328ab4
[2026-04-15T11:41:42.354+0000] {subprocess.py:106} INFO -   15. DB::AsynchronousInsertQueue::processData(DB::AsynchronousInsertQueue::InsertQuery, std::unique_ptr<DB::AsynchronousInsertQueue::InsertData, std::default_delete<DB::AsynchronousInsertQueue::InsertData>>, std::shared_ptr<DB::Context const>, std::shared_ptr<DB::ThreadGroup>, DB::AsynchronousInsertQueue::QueueShardFlushTimeHistory&) @ 0x000000001b2a927b
[2026-04-15T11:41:42.354+0000] {subprocess.py:106} INFO -   16. void std::__function::__policy_func<void ()>::__call_func[abi:fe210105]<DB::AsynchronousInsertQueue::scheduleDataProcessingJob(DB::AsynchronousInsertQueue::InsertQuery const&, std::unique_ptr<DB::AsynchronousInsertQueue::InsertData, std::default_delete<DB::AsynchronousInsertQueue::InsertData>>, std::shared_ptr<DB::Context const>, unsigned long, std::shared_ptr<DB::ThreadGroup>)::$_0>(std::__function::__policy_storage const*) @ 0x000000001b2b48de
[2026-04-15T11:41:42.355+0000] {subprocess.py:106} INFO -   17. ThreadPoolImpl<ThreadFromGlobalPoolImpl<false, true>>::ThreadFromThreadPool::worker() @ 0x0000000016865696
[2026-04-15T11:41:42.356+0000] {subprocess.py:106} INFO -   18. void std::__function::__policy_func<void ()>::__call_func[abi:fe210105]<ThreadFromGlobalPoolImpl<false, true>::ThreadFromGlobalPoolImpl<void (ThreadPoolImpl<ThreadFromGlobalPoolImpl<false, true>>::ThreadFromThreadPool::*)(), ThreadPoolImpl<ThreadFromGlobalPoolImpl<false, true>>::ThreadFromThreadPool*>(void (ThreadPoolImpl<ThreadFromGlobalPoolImpl<false, true>>::ThreadFromThreadPool::*&&)(), ThreadPoolImpl<ThreadFromGlobalPoolImpl<false, true>>::ThreadFromThreadPool*&&)::'lambda'()>(std::__function::__policy_storage const*) @ 0x000000001686c79d
[2026-04-15T11:41:42.357+0000] {subprocess.py:106} INFO -   19. ThreadPoolImpl<std::thread>::ThreadFromThreadPool::worker() @ 0x00000000168627fd
[2026-04-15T11:41:42.357+0000] {subprocess.py:106} INFO -   20. void* std::__thread_proxy[abi:fe210105]<std::tuple<std::unique_ptr<std::__thread_struct, std::default_delete<std::__thread_struct>>, void (ThreadPoolImpl<std::thread>::ThreadFromThreadPool::*)(), ThreadPoolImpl<std::thread>::ThreadFromThreadPool*>>(void*) @ 0x0000000016869e9a
[2026-04-15T11:41:42.358+0000] {subprocess.py:106} INFO -   21. ? @ 0x0000000000094ac3
[2026-04-15T11:41:42.359+0000] {subprocess.py:106} INFO -   22. __clone @ 0x0000000000125a84
[2026-04-15T11:41:42.360+0000] {subprocess.py:106} INFO - [0m11:41:42
[2026-04-15T11:41:42.363+0000] {subprocess.py:106} INFO - [0m11:41:42    Database Error in model ods_device (models/ods/ods_device.sql)
[2026-04-15T11:41:42.363+0000] {subprocess.py:106} INFO -   Code: 46.
[2026-04-15T11:41:42.364+0000] {subprocess.py:106} INFO -   DB::Exception: Function with name `ToUUID` does not exist. In scope ToUUID('00000000-0000-0000-0000-000000000000'). Maybe you meant: ['toUUID']: While executing WaitForAsyncInsert. Stack trace:
[2026-04-15T11:41:42.367+0000] {subprocess.py:106} INFO - 
[2026-04-15T11:41:42.368+0000] {subprocess.py:106} INFO -   0. DB::Exception::Exception(DB::Exception::MessageMasked&&, int, bool) @ 0x00000000166dc66a
[2026-04-15T11:41:42.371+0000] {subprocess.py:106} INFO -   1. DB::Exception::Exception(String&&, int, String, bool) @ 0x000000000e55bf0e
[2026-04-15T11:41:42.372+0000] {subprocess.py:106} INFO -   2. DB::Exception::Exception(PreformattedMessage&&, int) @ 0x000000000e55b849
[2026-04-15T11:41:42.373+0000] {subprocess.py:106} INFO -   3. DB::Exception::Exception<String, String, String>(int, FormatStringHelperImpl<std::type_identity<String>::type, std::type_identity<String>::type, std::type_identity<String>::type>, String&&, String&&, String&&) @ 0x000000000e670376
[2026-04-15T11:41:42.373+0000] {subprocess.py:106} INFO -   4. DB::QueryAnalyzer::resolveFunction(std::shared_ptr<DB::IQueryTreeNode>&, DB::IdentifierResolveScope&) @ 0x000000001ad2a474
[2026-04-15T11:41:42.374+0000] {subprocess.py:106} INFO -   5. DB::QueryAnalyzer::resolveExpressionNode(std::shared_ptr<DB::IQueryTreeNode>&, DB::IdentifierResolveScope&, bool, bool, bool) @ 0x000000001aa616e5
[2026-04-15T11:41:42.374+0000] {subprocess.py:106} INFO -   6. DB::QueryAnalyzer::resolveConstantExpression(std::shared_ptr<DB::IQueryTreeNode>&, std::shared_ptr<DB::IQueryTreeNode> const&, std::shared_ptr<DB::Context const>) @ 0x000000001aa68708
[2026-04-15T11:41:42.375+0000] {subprocess.py:106} INFO -   7. DB::evaluateConstantExpressionImpl(boost::intrusive_ptr<DB::IAST> const&, std::shared_ptr<DB::Context const> const&, bool) @ 0x000000001ba61f20
[2026-04-15T11:41:42.375+0000] {subprocess.py:106} INFO -   8. DB::evaluateConstantExpression(boost::intrusive_ptr<DB::IAST> const&, std::shared_ptr<DB::Context const> const&) @ 0x000000001ba63f5b
[2026-04-15T11:41:42.376+0000] {subprocess.py:106} INFO -   9. DB::ValuesBlockInputFormat::parseExpression(DB::IColumn&, unsigned long) @ 0x000000001d5c5a81
[2026-04-15T11:41:42.376+0000] {subprocess.py:106} INFO -   10. DB::ValuesBlockInputFormat::read() @ 0x000000001d5c34ea
[2026-04-15T11:41:42.377+0000] {subprocess.py:106} INFO -   11. DB::IInputFormat::generate() @ 0x000000001d32a1d6
[2026-04-15T11:41:42.378+0000] {subprocess.py:106} INFO -   12. DB::ISource::tryGenerate() @ 0x000000001d2fb8a9
[2026-04-15T11:41:42.378+0000] {subprocess.py:106} INFO -   13. DB::ISource::work() @ 0x000000001d2fb441
[2026-04-15T11:41:42.379+0000] {subprocess.py:106} INFO -   14. DB::StreamingFormatExecutor::execute(unsigned long) @ 0x000000001d328ab4
[2026-04-15T11:41:42.379+0000] {subprocess.py:106} INFO -   15. DB::AsynchronousInsertQueue::processData(DB::AsynchronousInsertQueue::InsertQuery, std::unique_ptr<DB::AsynchronousInsertQueue::InsertData, std::default_delete<DB::AsynchronousInsertQueue::InsertData>>, std::shared_ptr<DB::Context const>, std::shared_ptr<DB::ThreadGroup>, DB::AsynchronousInsertQueue::QueueShardFlushTimeHistory&) @ 0x000000001b2a927b
[2026-04-15T11:41:42.380+0000] {subprocess.py:106} INFO -   16. void std::__function::__policy_func<void ()>::__call_func[abi:fe210105]<DB::AsynchronousInsertQueue::scheduleDataProcessingJob(DB::AsynchronousInsertQueue::InsertQuery const&, std::unique_ptr<DB::AsynchronousInsertQueue::InsertData, std::default_delete<DB::AsynchronousInsertQueue::InsertData>>, std::shared_ptr<DB::Context const>, unsigned long, std::shared_ptr<DB::ThreadGroup>)::$_0>(std::__function::__policy_storage const*) @ 0x000000001b2b48de
[2026-04-15T11:41:42.380+0000] {subprocess.py:106} INFO -   17. ThreadPoolImpl<ThreadFromGlobalPoolImpl<false, true>>::ThreadFromThreadPool::worker() @ 0x0000000016865696
[2026-04-15T11:41:42.381+0000] {subprocess.py:106} INFO -   18. void std::__function::__policy_func<void ()>::__call_func[abi:fe210105]<ThreadFromGlobalPoolImpl<false, true>::ThreadFromGlobalPoolImpl<void (ThreadPoolImpl<ThreadFromGlobalPoolImpl<false, true>>::ThreadFromThreadPool::*)(), ThreadPoolImpl<ThreadFromGlobalPoolImpl<false, true>>::ThreadFromThreadPool*>(void (ThreadPoolImpl<ThreadFromGlobalPoolImpl<false, true>>::ThreadFromThreadPool::*&&)(), ThreadPoolImpl<ThreadFromGlobalPoolImpl<false, true>>::ThreadFromThreadPool*&&)::'lambda'()>(std::__function::__policy_storage const*) @ 0x000000001686c79d
[2026-04-15T11:41:42.381+0000] {subprocess.py:106} INFO -   19. ThreadPoolImpl<std::thread>::ThreadFromThreadPool::worker() @ 0x00000000168627fd
[2026-04-15T11:41:42.382+0000] {subprocess.py:106} INFO -   20. void* std::__thread_proxy[abi:fe210105]<std::tuple<std::unique_ptr<std::__thread_struct, std::default_delete<std::__thread_struct>>, void (ThreadPoolImpl<std::thread>::ThreadFromThreadPool::*)(), ThreadPoolImpl<std::thread>::ThreadFromThreadPool*>>(void*) @ 0x0000000016869e9a
[2026-04-15T11:41:42.383+0000] {subprocess.py:106} INFO -   21. ? @ 0x0000000000094ac3
[2026-04-15T11:41:42.383+0000] {subprocess.py:106} INFO -   22. __clone @ 0x0000000000125a84
[2026-04-15T11:41:42.384+0000] {subprocess.py:106} INFO - [0m11:41:42
[2026-04-15T11:41:42.384+0000] {subprocess.py:106} INFO - [0m11:41:42    Database Error in model ods_geo (models/ods/ods_geo.sql)
[2026-04-15T11:41:42.385+0000] {subprocess.py:106} INFO -   Code: 46.
[2026-04-15T11:41:42.385+0000] {subprocess.py:106} INFO -   DB::Exception: Function with name `ToUUID` does not exist. In scope ToUUID('00000000-0000-0000-0000-000000000000'). Maybe you meant: ['toUUID']: While executing WaitForAsyncInsert. Stack trace:
[2026-04-15T11:41:42.386+0000] {subprocess.py:106} INFO - 
[2026-04-15T11:41:42.387+0000] {subprocess.py:106} INFO -   0. DB::Exception::Exception(DB::Exception::MessageMasked&&, int, bool) @ 0x00000000166dc66a
[2026-04-15T11:41:42.388+0000] {subprocess.py:106} INFO -   1. DB::Exception::Exception(String&&, int, String, bool) @ 0x000000000e55bf0e
[2026-04-15T11:41:42.389+0000] {subprocess.py:106} INFO -   2. DB::Exception::Exception(PreformattedMessage&&, int) @ 0x000000000e55b849
[2026-04-15T11:41:42.389+0000] {subprocess.py:106} INFO -   3. DB::Exception::Exception<String, String, String>(int, FormatStringHelperImpl<std::type_identity<String>::type, std::type_identity<String>::type, std::type_identity<String>::type>, String&&, String&&, String&&) @ 0x000000000e670376
[2026-04-15T11:41:42.390+0000] {subprocess.py:106} INFO -   4. DB::QueryAnalyzer::resolveFunction(std::shared_ptr<DB::IQueryTreeNode>&, DB::IdentifierResolveScope&) @ 0x000000001ad2a474
[2026-04-15T11:41:42.390+0000] {subprocess.py:106} INFO -   5. DB::QueryAnalyzer::resolveExpressionNode(std::shared_ptr<DB::IQueryTreeNode>&, DB::IdentifierResolveScope&, bool, bool, bool) @ 0x000000001aa616e5
[2026-04-15T11:41:42.391+0000] {subprocess.py:106} INFO -   6. DB::QueryAnalyzer::resolveConstantExpression(std::shared_ptr<DB::IQueryTreeNode>&, std::shared_ptr<DB::IQueryTreeNode> const&, std::shared_ptr<DB::Context const>) @ 0x000000001aa68708
[2026-04-15T11:41:42.391+0000] {subprocess.py:106} INFO -   7. DB::evaluateConstantExpressionImpl(boost::intrusive_ptr<DB::IAST> const&, std::shared_ptr<DB::Context const> const&, bool) @ 0x000000001ba61f20
[2026-04-15T11:41:42.392+0000] {subprocess.py:106} INFO -   8. DB::evaluateConstantExpression(boost::intrusive_ptr<DB::IAST> const&, std::shared_ptr<DB::Context const> const&) @ 0x000000001ba63f5b
[2026-04-15T11:41:42.392+0000] {subprocess.py:106} INFO -   9. DB::ValuesBlockInputFormat::parseExpression(DB::IColumn&, unsigned long) @ 0x000000001d5c5a81
[2026-04-15T11:41:42.393+0000] {subprocess.py:106} INFO -   10. DB::ValuesBlockInputFormat::read() @ 0x000000001d5c34ea
[2026-04-15T11:41:42.393+0000] {subprocess.py:106} INFO -   11. DB::IInputFormat::generate() @ 0x000000001d32a1d6
[2026-04-15T11:41:42.394+0000] {subprocess.py:106} INFO -   12. DB::ISource::tryGenerate() @ 0x000000001d2fb8a9
[2026-04-15T11:41:42.394+0000] {subprocess.py:106} INFO -   13. DB::ISource::work() @ 0x000000001d2fb441
[2026-04-15T11:41:42.395+0000] {subprocess.py:106} INFO -   14. DB::StreamingFormatExecutor::execute(unsigned long) @ 0x000000001d328ab4
[2026-04-15T11:41:42.395+0000] {subprocess.py:106} INFO -   15. DB::AsynchronousInsertQueue::processData(DB::AsynchronousInsertQueue::InsertQuery, std::unique_ptr<DB::AsynchronousInsertQueue::InsertData, std::default_delete<DB::AsynchronousInsertQueue::InsertData>>, std::shared_ptr<DB::Context const>, std::shared_ptr<DB::ThreadGroup>, DB::AsynchronousInsertQueue::QueueShardFlushTimeHistory&) @ 0x000000001b2a927b
[2026-04-15T11:41:42.396+0000] {subprocess.py:106} INFO -   16. void std::__function::__policy_func<void ()>::__call_func[abi:fe210105]<DB::AsynchronousInsertQueue::scheduleDataProcessingJob(DB::AsynchronousInsertQueue::InsertQuery const&, std::unique_ptr<DB::AsynchronousInsertQueue::InsertData, std::default_delete<DB::AsynchronousInsertQueue::InsertData>>, std::shared_ptr<DB::Context const>, unsigned long, std::shared_ptr<DB::ThreadGroup>)::$_0>(std::__function::__policy_storage const*) @ 0x000000001b2b48de
[2026-04-15T11:41:42.396+0000] {subprocess.py:106} INFO -   17. ThreadPoolImpl<ThreadFromGlobalPoolImpl<false, true>>::ThreadFromThreadPool::worker() @ 0x0000000016865696
[2026-04-15T11:41:42.397+0000] {subprocess.py:106} INFO -   18. void std::__function::__policy_func<void ()>::__call_func[abi:fe210105]<ThreadFromGlobalPoolImpl<false, true>::ThreadFromGlobalPoolImpl<void (ThreadPoolImpl<ThreadFromGlobalPoolImpl<false, true>>::ThreadFromThreadPool::*)(), ThreadPoolImpl<ThreadFromGlobalPoolImpl<false, true>>::ThreadFromThreadPool*>(void (ThreadPoolImpl<ThreadFromGlobalPoolImpl<false, true>>::ThreadFromThreadPool::*&&)(), ThreadPoolImpl<ThreadFromGlobalPoolImpl<false, true>>::ThreadFromThreadPool*&&)::'lambda'()>(std::__function::__policy_storage const*) @ 0x000000001686c79d
[2026-04-15T11:41:42.397+0000] {subprocess.py:106} INFO -   19. ThreadPoolImpl<std::thread>::ThreadFromThreadPool::worker() @ 0x00000000168627fd
[2026-04-15T11:41:42.398+0000] {subprocess.py:106} INFO -   20. void* std::__thread_proxy[abi:fe210105]<std::tuple<std::unique_ptr<std::__thread_struct, std::default_delete<std::__thread_struct>>, void (ThreadPoolImpl<std::thread>::ThreadFromThreadPool::*)(), ThreadPoolImpl<std::thread>::ThreadFromThreadPool*>>(void*) @ 0x0000000016869e9a
[2026-04-15T11:41:42.398+0000] {subprocess.py:106} INFO -   21. ? @ 0x0000000000094ac3
[2026-04-15T11:41:42.399+0000] {subprocess.py:106} INFO -   22. __clone @ 0x0000000000125a84
[2026-04-15T11:41:42.400+0000] {subprocess.py:106} INFO - [0m11:41:42
[2026-04-15T11:41:42.400+0000] {subprocess.py:106} INFO - [0m11:41:42    Database Error in model ods_location (models/ods/ods_location.sql)
[2026-04-15T11:41:42.402+0000] {subprocess.py:106} INFO -   Code: 46.
[2026-04-15T11:41:42.402+0000] {subprocess.py:106} INFO -   DB::Exception: Function with name `ToUUID` does not exist. In scope ToUUID('00000000-0000-0000-0000-000000000000'). Maybe you meant: ['toUUID']: While executing WaitForAsyncInsert. Stack trace:
[2026-04-15T11:41:42.403+0000] {subprocess.py:106} INFO - 
[2026-04-15T11:41:42.403+0000] {subprocess.py:106} INFO -   0. DB::Exception::Exception(DB::Exception::MessageMasked&&, int, bool) @ 0x00000000166dc66a
[2026-04-15T11:41:42.404+0000] {subprocess.py:106} INFO -   1. DB::Exception::Exception(String&&, int, String, bool) @ 0x000000000e55bf0e
[2026-04-15T11:41:42.404+0000] {subprocess.py:106} INFO -   2. DB::Exception::Exception(PreformattedMessage&&, int) @ 0x000000000e55b849
[2026-04-15T11:41:42.405+0000] {subprocess.py:106} INFO -   3. DB::Exception::Exception<String, String, String>(int, FormatStringHelperImpl<std::type_identity<String>::type, std::type_identity<String>::type, std::type_identity<String>::type>, String&&, String&&, String&&) @ 0x000000000e670376
[2026-04-15T11:41:42.405+0000] {subprocess.py:106} INFO -   4. DB::QueryAnalyzer::resolveFunction(std::shared_ptr<DB::IQueryTreeNode>&, DB::IdentifierResolveScope&) @ 0x000000001ad2a474
[2026-04-15T11:41:42.406+0000] {subprocess.py:106} INFO -   5. DB::QueryAnalyzer::resolveExpressionNode(std::shared_ptr<DB::IQueryTreeNode>&, DB::IdentifierResolveScope&, bool, bool, bool) @ 0x000000001aa616e5
[2026-04-15T11:41:42.406+0000] {subprocess.py:106} INFO -   6. DB::QueryAnalyzer::resolveConstantExpression(std::shared_ptr<DB::IQueryTreeNode>&, std::shared_ptr<DB::IQueryTreeNode> const&, std::shared_ptr<DB::Context const>) @ 0x000000001aa68708
[2026-04-15T11:41:42.407+0000] {subprocess.py:106} INFO -   7. DB::evaluateConstantExpressionImpl(boost::intrusive_ptr<DB::IAST> const&, std::shared_ptr<DB::Context const> const&, bool) @ 0x000000001ba61f20
[2026-04-15T11:41:42.407+0000] {subprocess.py:106} INFO -   8. DB::evaluateConstantExpression(boost::intrusive_ptr<DB::IAST> const&, std::shared_ptr<DB::Context const> const&) @ 0x000000001ba63f5b
[2026-04-15T11:41:42.408+0000] {subprocess.py:106} INFO -   9. DB::ValuesBlockInputFormat::parseExpression(DB::IColumn&, unsigned long) @ 0x000000001d5c5a81
[2026-04-15T11:41:42.408+0000] {subprocess.py:106} INFO -   10. DB::ValuesBlockInputFormat::read() @ 0x000000001d5c34ea
[2026-04-15T11:41:42.409+0000] {subprocess.py:106} INFO -   11. DB::IInputFormat::generate() @ 0x000000001d32a1d6
[2026-04-15T11:41:42.409+0000] {subprocess.py:106} INFO -   12. DB::ISource::tryGenerate() @ 0x000000001d2fb8a9
[2026-04-15T11:41:42.409+0000] {subprocess.py:106} INFO -   13. DB::ISource::work() @ 0x000000001d2fb441
[2026-04-15T11:41:42.410+0000] {subprocess.py:106} INFO -   14. DB::StreamingFormatExecutor::execute(unsigned long) @ 0x000000001d328ab4
[2026-04-15T11:41:42.410+0000] {subprocess.py:106} INFO -   15. DB::AsynchronousInsertQueue::processData(DB::AsynchronousInsertQueue::InsertQuery, std::unique_ptr<DB::AsynchronousInsertQueue::InsertData, std::default_delete<DB::AsynchronousInsertQueue::InsertData>>, std::shared_ptr<DB::Context const>, std::shared_ptr<DB::ThreadGroup>, DB::AsynchronousInsertQueue::QueueShardFlushTimeHistory&) @ 0x000000001b2a927b
[2026-04-15T11:41:42.411+0000] {subprocess.py:106} INFO -   16. void std::__function::__policy_func<void ()>::__call_func[abi:fe210105]<DB::AsynchronousInsertQueue::scheduleDataProcessingJob(DB::AsynchronousInsertQueue::InsertQuery const&, std::unique_ptr<DB::AsynchronousInsertQueue::InsertData, std::default_delete<DB::AsynchronousInsertQueue::InsertData>>, std::shared_ptr<DB::Context const>, unsigned long, std::shared_ptr<DB::ThreadGroup>)::$_0>(std::__function::__policy_storage const*) @ 0x000000001b2b48de
[2026-04-15T11:41:42.411+0000] {subprocess.py:106} INFO -   17. ThreadPoolImpl<ThreadFromGlobalPoolImpl<false, true>>::ThreadFromThreadPool::worker() @ 0x0000000016865696
[2026-04-15T11:41:42.412+0000] {subprocess.py:106} INFO -   18. void std::__function::__policy_func<void ()>::__call_func[abi:fe210105]<ThreadFromGlobalPoolImpl<false, true>::ThreadFromGlobalPoolImpl<void (ThreadPoolImpl<ThreadFromGlobalPoolImpl<false, true>>::ThreadFromThreadPool::*)(), ThreadPoolImpl<ThreadFromGlobalPoolImpl<false, true>>::ThreadFromThreadPool*>(void (ThreadPoolImpl<ThreadFromGlobalPoolImpl<false, true>>::ThreadFromThreadPool::*&&)(), ThreadPoolImpl<ThreadFromGlobalPoolImpl<false, true>>::ThreadFromThreadPool*&&)::'lambda'()>(std::__function::__policy_storage const*) @ 0x000000001686c79d
[2026-04-15T11:41:42.412+0000] {subprocess.py:106} INFO -   19. ThreadPoolImpl<std::thread>::ThreadFromThreadPool::worker() @ 0x00000000168627fd
[2026-04-15T11:41:42.413+0000] {subprocess.py:106} INFO -   20. void* std::__thread_proxy[abi:fe210105]<std::tuple<std::unique_ptr<std::__thread_struct, std::default_delete<std::__thread_struct>>, void (ThreadPoolImpl<std::thread>::ThreadFromThreadPool::*)(), ThreadPoolImpl<std::thread>::ThreadFromThreadPool*>>(void*) @ 0x0000000016869e9a
[2026-04-15T11:41:42.413+0000] {subprocess.py:106} INFO -   21. ? @ 0x0000000000094ac3
[2026-04-15T11:41:42.413+0000] {subprocess.py:106} INFO -   22. __clone @ 0x0000000000125a84
[2026-04-15T11:41:42.414+0000] {subprocess.py:106} INFO - [0m11:41:42
[2026-04-15T11:41:42.415+0000] {subprocess.py:106} INFO - [0m11:41:42  Done. PASS=0 WARN=0 ERROR=4 SKIP=7 TOTAL=11
[2026-04-15T11:41:43.447+0000] {subprocess.py:110} INFO - Command exited with return code 1
[2026-04-15T11:41:43.489+0000] {taskinstance.py:3313} ERROR - Task failed with exception
Traceback (most recent call last):
  File "/home/airflow/.local/lib/python3.12/site-packages/airflow/models/taskinstance.py", line 768, in _execute_task
    result = _execute_callable(context=context, **execute_callable_kwargs)
             ^^^^^^^^^^^^^^^^^^^^^^^^^^^^^^^^^^^^^^^^^^^^^^^^^^^^^^^^^^^^^
  File "/home/airflow/.local/lib/python3.12/site-packages/airflow/models/taskinstance.py", line 734, in _execute_callable
    return ExecutionCallableRunner(
           ^^^^^^^^^^^^^^^^^^^^^^^^
  File "/home/airflow/.local/lib/python3.12/site-packages/airflow/utils/operator_helpers.py", line 252, in run
    return self.func(*args, **kwargs)
           ^^^^^^^^^^^^^^^^^^^^^^^^^^
  File "/home/airflow/.local/lib/python3.12/site-packages/airflow/models/baseoperator.py", line 424, in wrapper
    return func(self, *args, **kwargs)
           ^^^^^^^^^^^^^^^^^^^^^^^^^^^
  File "/home/airflow/.local/lib/python3.12/site-packages/airflow/operators/bash.py", line 276, in execute
    raise AirflowException(
airflow.exceptions.AirflowException: Bash command failed. The command returned a non-zero exit code 1.
[2026-04-15T11:41:43.499+0000] {taskinstance.py:1226} INFO - Marking task as FAILED. dag_id=layers_update, task_id=run_dbt, run_id=manual__2026-04-15T11:41:32.696964+00:00, execution_date=20260415T114132, start_date=20260415T114134, end_date=20260415T114143
[2026-04-15T11:41:43.533+0000] {taskinstance.py:341} INFO - ::group::Post task execution logs
[2026-04-15T11:41:43.535+0000] {standard_task_runner.py:124} ERROR - Failed to execute job 5 for task run_dbt (Bash command failed. The command returned a non-zero exit code 1.; 69)
Traceback (most recent call last):
  File "/home/airflow/.local/lib/python3.12/site-packages/airflow/task/task_runner/standard_task_runner.py", line 117, in _start_by_fork
    ret = args.func(args, dag=self.dag)
          ^^^^^^^^^^^^^^^^^^^^^^^^^^^^^
  File "/home/airflow/.local/lib/python3.12/site-packages/airflow/cli/cli_config.py", line 49, in command
    return func(*args, **kwargs)
           ^^^^^^^^^^^^^^^^^^^^^
  File "/home/airflow/.local/lib/python3.12/site-packages/airflow/utils/cli.py", line 116, in wrapper
    return f(*args, **kwargs)
           ^^^^^^^^^^^^^^^^^^
  File "/home/airflow/.local/lib/python3.12/site-packages/airflow/cli/commands/task_command.py", line 483, in task_run
    task_return_code = _run_task_by_selected_method(args, _dag, ti)
                       ^^^^^^^^^^^^^^^^^^^^^^^^^^^^^^^^^^^^^^^^^^^^
  File "/home/airflow/.local/lib/python3.12/site-packages/airflow/cli/commands/task_command.py", line 256, in _run_task_by_selected_method
    return _run_raw_task(args, ti)
           ^^^^^^^^^^^^^^^^^^^^^^^
  File "/home/airflow/.local/lib/python3.12/site-packages/airflow/cli/commands/task_command.py", line 341, in _run_raw_task
    return ti._run_raw_task(
           ^^^^^^^^^^^^^^^^^
  File "/home/airflow/.local/lib/python3.12/site-packages/airflow/utils/session.py", line 97, in wrapper
    return func(*args, session=session, **kwargs)
           ^^^^^^^^^^^^^^^^^^^^^^^^^^^^^^^^^^^^^^
  File "/home/airflow/.local/lib/python3.12/site-packages/airflow/models/taskinstance.py", line 3006, in _run_raw_task
    return _run_raw_task(
           ^^^^^^^^^^^^^^
  File "/home/airflow/.local/lib/python3.12/site-packages/airflow/models/taskinstance.py", line 274, in _run_raw_task
    TaskInstance._execute_task_with_callbacks(
  File "/home/airflow/.local/lib/python3.12/site-packages/airflow/models/taskinstance.py", line 3161, in _execute_task_with_callbacks
    result = self._execute_task(context, task_orig)
             ^^^^^^^^^^^^^^^^^^^^^^^^^^^^^^^^^^^^^^
  File "/home/airflow/.local/lib/python3.12/site-packages/airflow/models/taskinstance.py", line 3185, in _execute_task
    return _execute_task(self, context, task_orig)
           ^^^^^^^^^^^^^^^^^^^^^^^^^^^^^^^^^^^^^^^
  File "/home/airflow/.local/lib/python3.12/site-packages/airflow/models/taskinstance.py", line 768, in _execute_task
    result = _execute_callable(context=context, **execute_callable_kwargs)
             ^^^^^^^^^^^^^^^^^^^^^^^^^^^^^^^^^^^^^^^^^^^^^^^^^^^^^^^^^^^^^
  File "/home/airflow/.local/lib/python3.12/site-packages/airflow/models/taskinstance.py", line 734, in _execute_callable
    return ExecutionCallableRunner(
           ^^^^^^^^^^^^^^^^^^^^^^^^
  File "/home/airflow/.local/lib/python3.12/site-packages/airflow/utils/operator_helpers.py", line 252, in run
    return self.func(*args, **kwargs)
           ^^^^^^^^^^^^^^^^^^^^^^^^^^
  File "/home/airflow/.local/lib/python3.12/site-packages/airflow/models/baseoperator.py", line 424, in wrapper
    return func(self, *args, **kwargs)
           ^^^^^^^^^^^^^^^^^^^^^^^^^^^
  File "/home/airflow/.local/lib/python3.12/site-packages/airflow/operators/bash.py", line 276, in execute
    raise AirflowException(
airflow.exceptions.AirflowException: Bash command failed. The command returned a non-zero exit code 1.
[2026-04-15T11:41:43.549+0000] {local_task_job_runner.py:266} INFO - Task exited with return code 1
[2026-04-15T11:41:43.575+0000] {taskinstance.py:3901} INFO - 0 downstream tasks scheduled from follow-on schedule check
[2026-04-15T11:41:43.582+0000] {local_task_job_runner.py:245} INFO - ::endgroup::
