[2026-04-09T15:20:12.350+0000] {local_task_job_runner.py:123} INFO - ::group::Pre task execution logs
[2026-04-09T15:20:12.374+0000] {taskinstance.py:2614} INFO - Dependencies all met for dep_context=non-requeueable deps ti=<TaskInstance: kafka_producer.send_jsonl_to_kafka manual__2026-04-09T15:20:11.170352+00:00 [queued]>
[2026-04-09T15:20:12.384+0000] {taskinstance.py:2614} INFO - Dependencies all met for dep_context=requeueable deps ti=<TaskInstance: kafka_producer.send_jsonl_to_kafka manual__2026-04-09T15:20:11.170352+00:00 [queued]>
[2026-04-09T15:20:12.386+0000] {taskinstance.py:2867} INFO - Starting attempt 1 of 1
[2026-04-09T15:20:12.406+0000] {taskinstance.py:2890} INFO - Executing <Task(PythonOperator): send_jsonl_to_kafka> on 2026-04-09 15:20:11.170352+00:00
[2026-04-09T15:20:12.421+0000] {standard_task_runner.py:104} INFO - Running: ['***', 'tasks', 'run', 'kafka_producer', 'send_jsonl_to_kafka', 'manual__2026-04-09T15:20:11.170352+00:00', '--job-id', '65', '--raw', '--subdir', 'DAGS_FOLDER/kafka_load.py', '--cfg-path', '/tmp/tmpi9mvwjk2']
[2026-04-09T15:20:12.414+0000] {warnings.py:112} WARNING - /home/***/.local/lib/python3.12/site-packages/***/task/task_runner/standard_task_runner.py:70: DeprecationWarning: This process (pid=151) is multi-threaded, use of fork() may lead to deadlocks in the child.
  pid = os.fork()

[2026-04-09T15:20:12.423+0000] {standard_task_runner.py:105} INFO - Job 65: Subtask send_jsonl_to_kafka
[2026-04-09T15:20:12.423+0000] {standard_task_runner.py:72} INFO - Started process 152 to run task
[2026-04-09T15:20:12.490+0000] {task_command.py:467} INFO - Running <TaskInstance: kafka_producer.send_jsonl_to_kafka manual__2026-04-09T15:20:11.170352+00:00 [running]> on host 2d41fd9e80ad
[2026-04-09T15:20:12.596+0000] {taskinstance.py:3134} INFO - Exporting env vars: AIRFLOW_CTX_DAG_OWNER='***' AIRFLOW_CTX_DAG_ID='kafka_producer' AIRFLOW_CTX_TASK_ID='send_jsonl_to_kafka' AIRFLOW_CTX_EXECUTION_DATE='2026-04-09T15:20:11.170352+00:00' AIRFLOW_CTX_TRY_NUMBER='1' AIRFLOW_CTX_DAG_RUN_ID='manual__2026-04-09T15:20:11.170352+00:00'
[2026-04-09T15:20:12.597+0000] {taskinstance.py:732} INFO - ::endgroup::
[2026-04-09T15:20:12.629+0000] {logging_mixin.py:190} INFO - 📄 Обработка файла: browser_events.jsonl
[2026-04-09T15:20:12.637+0000] {logging_mixin.py:190} INFO -   📨 Отправлено 100 сообщений
[2026-04-09T15:20:12.639+0000] {logging_mixin.py:190} INFO -   📨 Отправлено 200 сообщений
[2026-04-09T15:20:12.642+0000] {logging_mixin.py:190} INFO -   📨 Отправлено 300 сообщений
[2026-04-09T15:20:12.644+0000] {logging_mixin.py:190} INFO -   📨 Отправлено 400 сообщений
[2026-04-09T15:20:12.647+0000] {logging_mixin.py:190} INFO -   📨 Отправлено 500 сообщений
[2026-04-09T15:20:12.652+0000] {logging_mixin.py:190} INFO -   📨 Отправлено 600 сообщений
[2026-04-09T15:20:12.655+0000] {logging_mixin.py:190} INFO -   📨 Отправлено 700 сообщений
[2026-04-09T15:20:12.658+0000] {logging_mixin.py:190} INFO -   📨 Отправлено 800 сообщений
[2026-04-09T15:20:12.661+0000] {logging_mixin.py:190} INFO -   📨 Отправлено 900 сообщений
[2026-04-09T15:20:12.664+0000] {logging_mixin.py:190} INFO -   📨 Отправлено 1000 сообщений
[2026-04-09T15:20:12.668+0000] {logging_mixin.py:190} INFO -   ✅ Файл browser_events.jsonl обработан
[2026-04-09T15:20:12.669+0000] {logging_mixin.py:190} INFO - 📄 Обработка файла: device_events.jsonl
[2026-04-09T15:20:12.673+0000] {logging_mixin.py:190} INFO -   📨 Отправлено 100 сообщений
[2026-04-09T15:20:12.676+0000] {logging_mixin.py:190} INFO -   📨 Отправлено 200 сообщений
[2026-04-09T15:20:12.680+0000] {logging_mixin.py:190} INFO -   📨 Отправлено 300 сообщений
[2026-04-09T15:20:12.689+0000] {logging_mixin.py:190} INFO -   📨 Отправлено 400 сообщений
[2026-04-09T15:20:12.695+0000] {logging_mixin.py:190} INFO -   📨 Отправлено 500 сообщений
[2026-04-09T15:20:12.699+0000] {logging_mixin.py:190} INFO -   📨 Отправлено 600 сообщений
[2026-04-09T15:20:12.705+0000] {logging_mixin.py:190} INFO -   📨 Отправлено 700 сообщений
[2026-04-09T15:20:12.707+0000] {logging_mixin.py:190} INFO -   📨 Отправлено 800 сообщений
[2026-04-09T15:20:12.715+0000] {logging_mixin.py:190} INFO -   📨 Отправлено 900 сообщений
[2026-04-09T15:20:12.722+0000] {logging_mixin.py:190} INFO -   📨 Отправлено 1000 сообщений
[2026-04-09T15:20:12.723+0000] {logging_mixin.py:190} INFO -   ✅ Файл device_events.jsonl обработан
[2026-04-09T15:20:12.724+0000] {logging_mixin.py:190} INFO - 📄 Обработка файла: geo_events.jsonl
[2026-04-09T15:20:12.737+0000] {logging_mixin.py:190} INFO -   📨 Отправлено 100 сообщений
[2026-04-09T15:20:12.739+0000] {logging_mixin.py:190} INFO -   📨 Отправлено 200 сообщений
[2026-04-09T15:20:12.743+0000] {logging_mixin.py:190} INFO -   📨 Отправлено 300 сообщений
[2026-04-09T15:20:12.748+0000] {logging_mixin.py:190} INFO -   📨 Отправлено 400 сообщений
[2026-04-09T15:20:12.753+0000] {logging_mixin.py:190} INFO -   📨 Отправлено 500 сообщений
[2026-04-09T15:20:12.755+0000] {logging_mixin.py:190} INFO -   📨 Отправлено 600 сообщений
[2026-04-09T15:20:12.759+0000] {logging_mixin.py:190} INFO -   📨 Отправлено 700 сообщений
[2026-04-09T15:20:12.764+0000] {logging_mixin.py:190} INFO -   📨 Отправлено 800 сообщений
[2026-04-09T15:20:12.768+0000] {logging_mixin.py:190} INFO -   📨 Отправлено 900 сообщений
[2026-04-09T15:20:12.771+0000] {logging_mixin.py:190} INFO -   📨 Отправлено 1000 сообщений
[2026-04-09T15:20:12.774+0000] {logging_mixin.py:190} INFO -   ✅ Файл geo_events.jsonl обработан
[2026-04-09T15:20:12.774+0000] {logging_mixin.py:190} INFO - 📄 Обработка файла: location_events.jsonl
[2026-04-09T15:20:12.784+0000] {logging_mixin.py:190} INFO -   📨 Отправлено 100 сообщений
[2026-04-09T15:20:12.796+0000] {logging_mixin.py:190} INFO -   📨 Отправлено 200 сообщений
[2026-04-09T15:20:12.806+0000] {logging_mixin.py:190} INFO -   📨 Отправлено 300 сообщений
[2026-04-09T15:20:12.820+0000] {logging_mixin.py:190} INFO -   📨 Отправлено 400 сообщений
[2026-04-09T15:20:12.828+0000] {logging_mixin.py:190} INFO -   📨 Отправлено 500 сообщений
[2026-04-09T15:20:12.835+0000] {logging_mixin.py:190} INFO -   📨 Отправлено 600 сообщений
[2026-04-09T15:20:12.839+0000] {logging_mixin.py:190} INFO -   📨 Отправлено 700 сообщений
[2026-04-09T15:20:12.843+0000] {logging_mixin.py:190} INFO -   📨 Отправлено 800 сообщений
[2026-04-09T15:20:12.846+0000] {logging_mixin.py:190} INFO -   📨 Отправлено 900 сообщений
[2026-04-09T15:20:12.852+0000] {logging_mixin.py:190} INFO -   📨 Отправлено 1000 сообщений
[2026-04-09T15:20:12.853+0000] {logging_mixin.py:190} INFO -   ✅ Файл location_events.jsonl обработан
[2026-04-09T15:20:12.855+0000] {logging_mixin.py:190} INFO - 
✅ Итого: 4 файлов, 4000 сообщений отправлено в топик location_events
[2026-04-09T15:20:12.856+0000] {python.py:240} INFO - Done. Returned value was: None
[2026-04-09T15:20:12.870+0000] {taskinstance.py:341} INFO - ::group::Post task execution logs
[2026-04-09T15:20:12.871+0000] {taskinstance.py:353} INFO - Marking task as SUCCESS. dag_id=kafka_producer, task_id=send_jsonl_to_kafka, run_id=manual__2026-04-09T15:20:11.170352+00:00, execution_date=20260409T152011, start_date=20260409T152012, end_date=20260409T152012
[2026-04-09T15:20:12.925+0000] {local_task_job_runner.py:266} INFO - Task exited with return code 0
[2026-04-09T15:20:12.955+0000] {taskinstance.py:3901} INFO - 1 downstream tasks scheduled from follow-on schedule check
[2026-04-09T15:20:12.960+0000] {local_task_job_runner.py:245} INFO - ::endgroup::
