[2026-03-29T12:14:44.481+0000] {local_task_job_runner.py:123} INFO - ::group::Pre task execution logs
[2026-03-29T12:14:44.504+0000] {taskinstance.py:2614} INFO - Dependencies all met for dep_context=non-requeueable deps ti=<TaskInstance: kafka_producer.send_jsonl_to_kafka manual__2026-03-29T12:14:41.957922+00:00 [queued]>
[2026-03-29T12:14:44.513+0000] {taskinstance.py:2614} INFO - Dependencies all met for dep_context=requeueable deps ti=<TaskInstance: kafka_producer.send_jsonl_to_kafka manual__2026-03-29T12:14:41.957922+00:00 [queued]>
[2026-03-29T12:14:44.513+0000] {taskinstance.py:2867} INFO - Starting attempt 1 of 1
[2026-03-29T12:14:44.532+0000] {taskinstance.py:2890} INFO - Executing <Task(PythonOperator): send_jsonl_to_kafka> on 2026-03-29 12:14:41.957922+00:00
[2026-03-29T12:14:44.539+0000] {warnings.py:112} WARNING - /home/***/.local/lib/python3.12/site-packages/***/task/task_runner/standard_task_runner.py:70: DeprecationWarning: This process (pid=48) is multi-threaded, use of fork() may lead to deadlocks in the child.
  pid = os.fork()

[2026-03-29T12:14:44.542+0000] {standard_task_runner.py:104} INFO - Running: ['***', 'tasks', 'run', 'kafka_producer', 'send_jsonl_to_kafka', 'manual__2026-03-29T12:14:41.957922+00:00', '--job-id', '2', '--raw', '--subdir', 'DAGS_FOLDER/kafka_load.py', '--cfg-path', '/tmp/tmpqok5ssgy']
[2026-03-29T12:14:44.544+0000] {standard_task_runner.py:105} INFO - Job 2: Subtask send_jsonl_to_kafka
[2026-03-29T12:14:44.544+0000] {standard_task_runner.py:72} INFO - Started process 49 to run task
[2026-03-29T12:14:44.616+0000] {task_command.py:467} INFO - Running <TaskInstance: kafka_producer.send_jsonl_to_kafka manual__2026-03-29T12:14:41.957922+00:00 [running]> on host eaef57239806
[2026-03-29T12:14:44.730+0000] {taskinstance.py:3134} INFO - Exporting env vars: AIRFLOW_CTX_DAG_OWNER='***' AIRFLOW_CTX_DAG_ID='kafka_producer' AIRFLOW_CTX_TASK_ID='send_jsonl_to_kafka' AIRFLOW_CTX_EXECUTION_DATE='2026-03-29T12:14:41.957922+00:00' AIRFLOW_CTX_TRY_NUMBER='1' AIRFLOW_CTX_DAG_RUN_ID='manual__2026-03-29T12:14:41.957922+00:00'
[2026-03-29T12:14:44.732+0000] {taskinstance.py:732} INFO - ::endgroup::
[2026-03-29T12:14:44.805+0000] {logging_mixin.py:190} INFO - 📄 Обработка файла: browser_events.jsonl
[2026-03-29T12:14:44.814+0000] {logging_mixin.py:190} INFO -   📨 Отправлено 100 сообщений
[2026-03-29T12:14:44.818+0000] {logging_mixin.py:190} INFO -   📨 Отправлено 200 сообщений
[2026-03-29T12:14:44.823+0000] {logging_mixin.py:190} INFO -   📨 Отправлено 300 сообщений
[2026-03-29T12:14:44.827+0000] {logging_mixin.py:190} INFO -   📨 Отправлено 400 сообщений
[2026-03-29T12:14:44.834+0000] {logging_mixin.py:190} INFO -   📨 Отправлено 500 сообщений
[2026-03-29T12:14:44.840+0000] {logging_mixin.py:190} INFO -   📨 Отправлено 600 сообщений
[2026-03-29T12:14:44.846+0000] {logging_mixin.py:190} INFO -   📨 Отправлено 700 сообщений
[2026-03-29T12:14:44.860+0000] {logging_mixin.py:190} INFO -   📨 Отправлено 800 сообщений
[2026-03-29T12:14:44.867+0000] {logging_mixin.py:190} INFO -   📨 Отправлено 900 сообщений
[2026-03-29T12:14:44.871+0000] {logging_mixin.py:190} INFO -   📨 Отправлено 1000 сообщений
[2026-03-29T12:14:44.872+0000] {logging_mixin.py:190} INFO -   ✅ Файл browser_events.jsonl обработан
[2026-03-29T12:14:44.873+0000] {logging_mixin.py:190} INFO - 📄 Обработка файла: device_events.jsonl
[2026-03-29T12:14:44.879+0000] {logging_mixin.py:190} INFO -   📨 Отправлено 100 сообщений
[2026-03-29T12:14:44.881+0000] {logging_mixin.py:190} INFO -   📨 Отправлено 200 сообщений
[2026-03-29T12:14:44.883+0000] {logging_mixin.py:190} INFO -   📨 Отправлено 300 сообщений
[2026-03-29T12:14:44.890+0000] {logging_mixin.py:190} INFO -   📨 Отправлено 400 сообщений
[2026-03-29T12:14:44.892+0000] {logging_mixin.py:190} INFO -   📨 Отправлено 500 сообщений
[2026-03-29T12:14:44.897+0000] {logging_mixin.py:190} INFO -   📨 Отправлено 600 сообщений
[2026-03-29T12:14:44.900+0000] {logging_mixin.py:190} INFO -   📨 Отправлено 700 сообщений
[2026-03-29T12:14:44.902+0000] {logging_mixin.py:190} INFO -   📨 Отправлено 800 сообщений
[2026-03-29T12:14:44.905+0000] {logging_mixin.py:190} INFO -   📨 Отправлено 900 сообщений
[2026-03-29T12:14:44.908+0000] {logging_mixin.py:190} INFO -   📨 Отправлено 1000 сообщений
[2026-03-29T12:14:44.909+0000] {logging_mixin.py:190} INFO -   ✅ Файл device_events.jsonl обработан
[2026-03-29T12:14:44.909+0000] {logging_mixin.py:190} INFO - 📄 Обработка файла: geo_events.jsonl
[2026-03-29T12:14:44.913+0000] {logging_mixin.py:190} INFO -   📨 Отправлено 100 сообщений
[2026-03-29T12:14:44.915+0000] {logging_mixin.py:190} INFO -   📨 Отправлено 200 сообщений
[2026-03-29T12:14:44.918+0000] {logging_mixin.py:190} INFO -   📨 Отправлено 300 сообщений
[2026-03-29T12:14:44.923+0000] {logging_mixin.py:190} INFO -   📨 Отправлено 400 сообщений
[2026-03-29T12:14:44.929+0000] {logging_mixin.py:190} INFO -   📨 Отправлено 500 сообщений
[2026-03-29T12:14:44.933+0000] {logging_mixin.py:190} INFO -   📨 Отправлено 600 сообщений
[2026-03-29T12:14:44.936+0000] {logging_mixin.py:190} INFO -   📨 Отправлено 700 сообщений
[2026-03-29T12:14:44.939+0000] {logging_mixin.py:190} INFO -   📨 Отправлено 800 сообщений
[2026-03-29T12:14:44.942+0000] {logging_mixin.py:190} INFO -   📨 Отправлено 900 сообщений
[2026-03-29T12:14:44.944+0000] {logging_mixin.py:190} INFO -   📨 Отправлено 1000 сообщений
[2026-03-29T12:14:44.946+0000] {logging_mixin.py:190} INFO -   ✅ Файл geo_events.jsonl обработан
[2026-03-29T12:14:44.947+0000] {logging_mixin.py:190} INFO - 📄 Обработка файла: location_events.jsonl
[2026-03-29T12:14:44.951+0000] {logging_mixin.py:190} INFO -   📨 Отправлено 100 сообщений
[2026-03-29T12:14:44.955+0000] {logging_mixin.py:190} INFO -   📨 Отправлено 200 сообщений
[2026-03-29T12:14:44.959+0000] {logging_mixin.py:190} INFO -   📨 Отправлено 300 сообщений
[2026-03-29T12:14:44.967+0000] {logging_mixin.py:190} INFO -   📨 Отправлено 400 сообщений
[2026-03-29T12:14:44.971+0000] {logging_mixin.py:190} INFO -   📨 Отправлено 500 сообщений
[2026-03-29T12:14:44.975+0000] {logging_mixin.py:190} INFO -   📨 Отправлено 600 сообщений
[2026-03-29T12:14:44.984+0000] {logging_mixin.py:190} INFO -   📨 Отправлено 700 сообщений
[2026-03-29T12:14:44.992+0000] {logging_mixin.py:190} INFO -   📨 Отправлено 800 сообщений
[2026-03-29T12:14:44.995+0000] {logging_mixin.py:190} INFO -   📨 Отправлено 900 сообщений
[2026-03-29T12:14:44.998+0000] {logging_mixin.py:190} INFO -   📨 Отправлено 1000 сообщений
[2026-03-29T12:14:44.999+0000] {logging_mixin.py:190} INFO -   ✅ Файл location_events.jsonl обработан
[2026-03-29T12:14:45.231+0000] {logging_mixin.py:190} INFO - 
✅ Итого: 4 файлов, 4000 сообщений отправлено в топик 'browser_events'
[2026-03-29T12:14:45.233+0000] {python.py:240} INFO - Done. Returned value was: None
[2026-03-29T12:14:45.249+0000] {taskinstance.py:341} INFO - ::group::Post task execution logs
[2026-03-29T12:14:45.250+0000] {taskinstance.py:353} INFO - Marking task as SUCCESS. dag_id=kafka_producer, task_id=send_jsonl_to_kafka, run_id=manual__2026-03-29T12:14:41.957922+00:00, execution_date=20260329T121441, start_date=20260329T121444, end_date=20260329T121445
[2026-03-29T12:14:45.325+0000] {local_task_job_runner.py:266} INFO - Task exited with return code 0
[2026-03-29T12:14:45.345+0000] {taskinstance.py:3901} INFO - 0 downstream tasks scheduled from follow-on schedule check
[2026-03-29T12:14:45.349+0000] {local_task_job_runner.py:245} INFO - ::endgroup::
