[2026-04-12T15:57:14.677+0000] {local_task_job_runner.py:123} INFO - ::group::Pre task execution logs
[2026-04-12T15:57:14.701+0000] {taskinstance.py:2614} INFO - Dependencies all met for dep_context=non-requeueable deps ti=<TaskInstance: kafka_producer.send_jsonl_to_kafka manual__2026-04-12T15:57:12.691764+00:00 [queued]>
[2026-04-12T15:57:14.710+0000] {taskinstance.py:2614} INFO - Dependencies all met for dep_context=requeueable deps ti=<TaskInstance: kafka_producer.send_jsonl_to_kafka manual__2026-04-12T15:57:12.691764+00:00 [queued]>
[2026-04-12T15:57:14.711+0000] {taskinstance.py:2867} INFO - Starting attempt 1 of 1
[2026-04-12T15:57:14.731+0000] {taskinstance.py:2890} INFO - Executing <Task(PythonOperator): send_jsonl_to_kafka> on 2026-04-12 15:57:12.691764+00:00
[2026-04-12T15:57:14.740+0000] {warnings.py:112} WARNING - /home/***/.local/lib/python3.12/site-packages/***/task/task_runner/standard_task_runner.py:70: DeprecationWarning: This process (pid=82) is multi-threaded, use of fork() may lead to deadlocks in the child.
  pid = os.fork()

[2026-04-12T15:57:14.743+0000] {standard_task_runner.py:72} INFO - Started process 83 to run task
[2026-04-12T15:57:14.743+0000] {standard_task_runner.py:104} INFO - Running: ['***', 'tasks', 'run', 'kafka_producer', 'send_jsonl_to_kafka', 'manual__2026-04-12T15:57:12.691764+00:00', '--job-id', '7', '--raw', '--subdir', 'DAGS_FOLDER/kafka_load.py', '--cfg-path', '/tmp/tmprpb36fhx']
[2026-04-12T15:57:14.745+0000] {standard_task_runner.py:105} INFO - Job 7: Subtask send_jsonl_to_kafka
[2026-04-12T15:57:14.820+0000] {task_command.py:467} INFO - Running <TaskInstance: kafka_producer.send_jsonl_to_kafka manual__2026-04-12T15:57:12.691764+00:00 [running]> on host 5fbfe133d589
[2026-04-12T15:57:14.957+0000] {taskinstance.py:3134} INFO - Exporting env vars: AIRFLOW_CTX_DAG_OWNER='***' AIRFLOW_CTX_DAG_ID='kafka_producer' AIRFLOW_CTX_TASK_ID='send_jsonl_to_kafka' AIRFLOW_CTX_EXECUTION_DATE='2026-04-12T15:57:12.691764+00:00' AIRFLOW_CTX_TRY_NUMBER='1' AIRFLOW_CTX_DAG_RUN_ID='manual__2026-04-12T15:57:12.691764+00:00'
[2026-04-12T15:57:14.958+0000] {taskinstance.py:732} INFO - ::endgroup::
[2026-04-12T15:57:14.997+0000] {kafka_load.py:28} INFO - Обрабатывается файл: browser_events.jsonl
[2026-04-12T15:57:15.004+0000] {kafka_load.py:40} INFO - Отправлено 100 сообщений
[2026-04-12T15:57:15.007+0000] {kafka_load.py:40} INFO - Отправлено 200 сообщений
[2026-04-12T15:57:15.011+0000] {kafka_load.py:40} INFO - Отправлено 300 сообщений
[2026-04-12T15:57:15.016+0000] {kafka_load.py:40} INFO - Отправлено 400 сообщений
[2026-04-12T15:57:15.020+0000] {kafka_load.py:40} INFO - Отправлено 500 сообщений
[2026-04-12T15:57:15.023+0000] {kafka_load.py:40} INFO - Отправлено 600 сообщений
[2026-04-12T15:57:15.026+0000] {kafka_load.py:40} INFO - Отправлено 700 сообщений
[2026-04-12T15:57:15.032+0000] {kafka_load.py:40} INFO - Отправлено 800 сообщений
[2026-04-12T15:57:15.036+0000] {kafka_load.py:40} INFO - Отправлено 900 сообщений
[2026-04-12T15:57:15.040+0000] {kafka_load.py:40} INFO - Отправлено 1000 сообщений
[2026-04-12T15:57:15.041+0000] {kafka_load.py:51} INFO - Обработка файла browser_events.jsonl завершена
[2026-04-12T15:57:15.042+0000] {kafka_load.py:28} INFO - Обрабатывается файл: device_events.jsonl
[2026-04-12T15:57:15.052+0000] {kafka_load.py:40} INFO - Отправлено 100 сообщений
[2026-04-12T15:57:15.057+0000] {kafka_load.py:40} INFO - Отправлено 200 сообщений
[2026-04-12T15:57:15.062+0000] {kafka_load.py:40} INFO - Отправлено 300 сообщений
[2026-04-12T15:57:15.071+0000] {kafka_load.py:40} INFO - Отправлено 400 сообщений
[2026-04-12T15:57:15.076+0000] {kafka_load.py:40} INFO - Отправлено 500 сообщений
[2026-04-12T15:57:15.082+0000] {kafka_load.py:40} INFO - Отправлено 600 сообщений
[2026-04-12T15:57:15.086+0000] {kafka_load.py:40} INFO - Отправлено 700 сообщений
[2026-04-12T15:57:15.089+0000] {kafka_load.py:40} INFO - Отправлено 800 сообщений
[2026-04-12T15:57:15.100+0000] {kafka_load.py:40} INFO - Отправлено 900 сообщений
[2026-04-12T15:57:15.103+0000] {kafka_load.py:40} INFO - Отправлено 1000 сообщений
[2026-04-12T15:57:15.105+0000] {kafka_load.py:51} INFO - Обработка файла device_events.jsonl завершена
[2026-04-12T15:57:15.106+0000] {kafka_load.py:28} INFO - Обрабатывается файл: geo_events.jsonl
[2026-04-12T15:57:15.116+0000] {kafka_load.py:40} INFO - Отправлено 100 сообщений
[2026-04-12T15:57:15.118+0000] {kafka_load.py:40} INFO - Отправлено 200 сообщений
[2026-04-12T15:57:15.121+0000] {kafka_load.py:40} INFO - Отправлено 300 сообщений
[2026-04-12T15:57:15.125+0000] {kafka_load.py:40} INFO - Отправлено 400 сообщений
[2026-04-12T15:57:15.130+0000] {kafka_load.py:40} INFO - Отправлено 500 сообщений
[2026-04-12T15:57:15.134+0000] {kafka_load.py:40} INFO - Отправлено 600 сообщений
[2026-04-12T15:57:15.140+0000] {kafka_load.py:40} INFO - Отправлено 700 сообщений
[2026-04-12T15:57:15.146+0000] {kafka_load.py:40} INFO - Отправлено 800 сообщений
[2026-04-12T15:57:15.149+0000] {kafka_load.py:40} INFO - Отправлено 900 сообщений
[2026-04-12T15:57:15.151+0000] {kafka_load.py:40} INFO - Отправлено 1000 сообщений
[2026-04-12T15:57:15.152+0000] {kafka_load.py:51} INFO - Обработка файла geo_events.jsonl завершена
[2026-04-12T15:57:15.153+0000] {kafka_load.py:28} INFO - Обрабатывается файл: location_events.jsonl
[2026-04-12T15:57:15.158+0000] {kafka_load.py:40} INFO - Отправлено 100 сообщений
[2026-04-12T15:57:15.161+0000] {kafka_load.py:40} INFO - Отправлено 200 сообщений
[2026-04-12T15:57:15.164+0000] {kafka_load.py:40} INFO - Отправлено 300 сообщений
[2026-04-12T15:57:15.167+0000] {kafka_load.py:40} INFO - Отправлено 400 сообщений
[2026-04-12T15:57:15.172+0000] {kafka_load.py:40} INFO - Отправлено 500 сообщений
[2026-04-12T15:57:15.176+0000] {kafka_load.py:40} INFO - Отправлено 600 сообщений
[2026-04-12T15:57:15.181+0000] {kafka_load.py:40} INFO - Отправлено 700 сообщений
[2026-04-12T15:57:15.186+0000] {kafka_load.py:40} INFO - Отправлено 800 сообщений
[2026-04-12T15:57:15.190+0000] {kafka_load.py:40} INFO - Отправлено 900 сообщений
[2026-04-12T15:57:15.193+0000] {kafka_load.py:40} INFO - Отправлено 1000 сообщений
[2026-04-12T15:57:15.198+0000] {kafka_load.py:51} INFO - Обработка файла location_events.jsonl завершена
[2026-04-12T15:57:15.200+0000] {kafka_load.py:54} INFO - Обработка файлов успешно завершена
[2026-04-12T15:57:15.202+0000] {python.py:240} INFO - Done. Returned value was: None
[2026-04-12T15:57:15.216+0000] {taskinstance.py:341} INFO - ::group::Post task execution logs
[2026-04-12T15:57:15.217+0000] {taskinstance.py:353} INFO - Marking task as SUCCESS. dag_id=kafka_producer, task_id=send_jsonl_to_kafka, run_id=manual__2026-04-12T15:57:12.691764+00:00, execution_date=20260412T155712, start_date=20260412T155714, end_date=20260412T155715
[2026-04-12T15:57:15.283+0000] {local_task_job_runner.py:266} INFO - Task exited with return code 0
[2026-04-12T15:57:15.314+0000] {taskinstance.py:3901} INFO - 1 downstream tasks scheduled from follow-on schedule check
[2026-04-12T15:57:15.318+0000] {local_task_job_runner.py:245} INFO - ::endgroup::
