[2026-04-21T07:41:29.174+0000] {local_task_job_runner.py:123} INFO - ::group::Pre task execution logs
[2026-04-21T07:41:29.194+0000] {taskinstance.py:2614} INFO - Dependencies all met for dep_context=non-requeueable deps ti=<TaskInstance: layers_update.run_dbt manual__2026-04-21T07:41:26.629743+00:00 [queued]>
[2026-04-21T07:41:29.204+0000] {taskinstance.py:2614} INFO - Dependencies all met for dep_context=requeueable deps ti=<TaskInstance: layers_update.run_dbt manual__2026-04-21T07:41:26.629743+00:00 [queued]>
[2026-04-21T07:41:29.205+0000] {taskinstance.py:2867} INFO - Starting attempt 1 of 1
[2026-04-21T07:41:29.223+0000] {taskinstance.py:2890} INFO - Executing <Task(BashOperator): run_dbt> on 2026-04-21 07:41:26.629743+00:00
[2026-04-21T07:41:29.230+0000] {warnings.py:112} WARNING - /home/***/.local/lib/python3.12/site-packages/***/task/task_runner/standard_task_runner.py:70: DeprecationWarning: This process (pid=122) is multi-threaded, use of fork() may lead to deadlocks in the child.
  pid = os.fork()

[2026-04-21T07:41:29.233+0000] {standard_task_runner.py:104} INFO - Running: ['***', 'tasks', 'run', 'layers_update', 'run_dbt', 'manual__2026-04-21T07:41:26.629743+00:00', '--job-id', '14', '--raw', '--subdir', 'DAGS_FOLDER/layers_update.py', '--cfg-path', '/tmp/tmpe8egp3dv']
[2026-04-21T07:41:29.235+0000] {standard_task_runner.py:72} INFO - Started process 123 to run task
[2026-04-21T07:41:29.235+0000] {standard_task_runner.py:105} INFO - Job 14: Subtask run_dbt
[2026-04-21T07:41:29.305+0000] {task_command.py:467} INFO - Running <TaskInstance: layers_update.run_dbt manual__2026-04-21T07:41:26.629743+00:00 [running]> on host f8fb5e06f85d
[2026-04-21T07:41:29.424+0000] {taskinstance.py:3134} INFO - Exporting env vars: AIRFLOW_CTX_DAG_OWNER='***' AIRFLOW_CTX_DAG_ID='layers_update' AIRFLOW_CTX_TASK_ID='run_dbt' AIRFLOW_CTX_EXECUTION_DATE='2026-04-21T07:41:26.629743+00:00' AIRFLOW_CTX_TRY_NUMBER='1' AIRFLOW_CTX_DAG_RUN_ID='manual__2026-04-21T07:41:26.629743+00:00'
[2026-04-21T07:41:29.425+0000] {taskinstance.py:732} INFO - ::endgroup::
[2026-04-21T07:41:29.442+0000] {subprocess.py:78} INFO - Tmp dir root location: /tmp
[2026-04-21T07:41:29.442+0000] {subprocess.py:88} INFO - Running command: ['/usr/bin/bash', '-c', 'dbt run']
[2026-04-21T07:41:29.454+0000] {subprocess.py:99} INFO - Output:
[2026-04-21T07:41:33.333+0000] {subprocess.py:106} INFO - [0m07:41:33  Running with dbt=1.7.0
[2026-04-21T07:41:33.726+0000] {subprocess.py:106} INFO - [0m07:41:33  Registered adapter: clickhouse=1.7.0
[2026-04-21T07:41:34.951+0000] {subprocess.py:106} INFO - [0m07:41:34  [[33mWARNING[0m]: Configuration paths exist in your dbt_project.yml file which do not apply to any resources.
[2026-04-21T07:41:34.952+0000] {subprocess.py:106} INFO - There are 1 unused configuration paths:
[2026-04-21T07:41:34.953+0000] {subprocess.py:106} INFO - - models.clickhouse_etl.raw
[2026-04-21T07:41:34.991+0000] {subprocess.py:106} INFO - [0m07:41:34  Found 11 models, 15 tests, 4 sources, 0 exposures, 0 metrics, 538 macros, 0 groups, 0 semantic models
[2026-04-21T07:41:34.994+0000] {subprocess.py:106} INFO - [0m07:41:34
[2026-04-21T07:41:35.491+0000] {subprocess.py:106} INFO - [0m07:41:35  Concurrency: 1 threads (target='dev')
[2026-04-21T07:41:35.492+0000] {subprocess.py:106} INFO - [0m07:41:35
[2026-04-21T07:41:35.511+0000] {subprocess.py:106} INFO - [0m07:41:35  1 of 11 START sql incremental model `ods`.`browser_data` ....................... [RUN]
[2026-04-21T07:41:35.859+0000] {subprocess.py:106} INFO - [0m07:41:35  1 of 11 OK created sql incremental model `ods`.`browser_data` .................. [[32mOK[0m in 0.35s]
[2026-04-21T07:41:35.863+0000] {subprocess.py:106} INFO - [0m07:41:35  2 of 11 START sql incremental model `ods`.`device_data` ........................ [RUN]
[2026-04-21T07:41:36.076+0000] {subprocess.py:106} INFO - [0m07:41:36  2 of 11 OK created sql incremental model `ods`.`device_data` ................... [[32mOK[0m in 0.21s]
[2026-04-21T07:41:36.080+0000] {subprocess.py:106} INFO - [0m07:41:36  3 of 11 START sql incremental model `ods`.`geo_data` ........................... [RUN]
[2026-04-21T07:41:36.322+0000] {subprocess.py:106} INFO - [0m07:41:36  3 of 11 OK created sql incremental model `ods`.`geo_data` ...................... [[32mOK[0m in 0.24s]
[2026-04-21T07:41:36.326+0000] {subprocess.py:106} INFO - [0m07:41:36  4 of 11 START sql incremental model `ods`.`location_data` ...................... [RUN]
[2026-04-21T07:41:36.516+0000] {subprocess.py:106} INFO - [0m07:41:36  4 of 11 OK created sql incremental model `ods`.`location_data` ................. [[32mOK[0m in 0.19s]
[2026-04-21T07:41:36.519+0000] {subprocess.py:106} INFO - [0m07:41:36  5 of 11 START sql incremental model `dds`.`dim_browser` ........................ [RUN]
[2026-04-21T07:41:36.704+0000] {subprocess.py:106} INFO - [0m07:41:36  5 of 11 OK created sql incremental model `dds`.`dim_browser` ................... [[32mOK[0m in 0.18s]
[2026-04-21T07:41:36.707+0000] {subprocess.py:106} INFO - [0m07:41:36  6 of 11 START sql incremental model `dds`.`dim_device` ......................... [RUN]
[2026-04-21T07:41:36.962+0000] {subprocess.py:106} INFO - [0m07:41:36  6 of 11 OK created sql incremental model `dds`.`dim_device` .................... [[32mOK[0m in 0.25s]
[2026-04-21T07:41:36.969+0000] {subprocess.py:106} INFO - [0m07:41:36  7 of 11 START sql incremental model `dds`.`fct_click` .......................... [RUN]
[2026-04-21T07:41:37.218+0000] {subprocess.py:106} INFO - [0m07:41:37  7 of 11 OK created sql incremental model `dds`.`fct_click` ..................... [[32mOK[0m in 0.25s]
[2026-04-21T07:41:37.220+0000] {subprocess.py:106} INFO - [0m07:41:37  8 of 11 START sql incremental model `dds`.`dim_geo` ............................ [RUN]
[2026-04-21T07:41:37.463+0000] {subprocess.py:106} INFO - [0m07:41:37  8 of 11 OK created sql incremental model `dds`.`dim_geo` ....................... [[32mOK[0m in 0.24s]
[2026-04-21T07:41:37.476+0000] {subprocess.py:106} INFO - [0m07:41:37  9 of 11 START sql incremental model `dds`.`dim_location` ....................... [RUN]
[2026-04-21T07:41:37.675+0000] {subprocess.py:106} INFO - [0m07:41:37  9 of 11 OK created sql incremental model `dds`.`dim_location` .................. [[32mOK[0m in 0.20s]
[2026-04-21T07:41:37.679+0000] {subprocess.py:106} INFO - [0m07:41:37  10 of 11 START sql incremental model `dm`.`dashboard` .......................... [RUN]
[2026-04-21T07:41:37.948+0000] {subprocess.py:106} INFO - [0m07:41:37  10 of 11 OK created sql incremental model `dm`.`dashboard` ..................... [[32mOK[0m in 0.27s]
[2026-04-21T07:41:37.953+0000] {subprocess.py:106} INFO - [0m07:41:37  11 of 11 START sql view model `dm`.`dashboard_recent_data` ..................... [RUN]
[2026-04-21T07:41:38.184+0000] {subprocess.py:106} INFO - [0m07:41:38  11 of 11 OK created sql view model `dm`.`dashboard_recent_data` ................ [[32mOK[0m in 0.23s]
[2026-04-21T07:41:38.194+0000] {subprocess.py:106} INFO - [0m07:41:38
[2026-04-21T07:41:38.195+0000] {subprocess.py:106} INFO - [0m07:41:38  Finished running 10 incremental models, 1 view model in 0 hours 0 minutes and 3.20 seconds (3.20s).
[2026-04-21T07:41:38.230+0000] {subprocess.py:106} INFO - [0m07:41:38
[2026-04-21T07:41:38.231+0000] {subprocess.py:106} INFO - [0m07:41:38  [32mCompleted successfully[0m
[2026-04-21T07:41:38.233+0000] {subprocess.py:106} INFO - [0m07:41:38
[2026-04-21T07:41:38.234+0000] {subprocess.py:106} INFO - [0m07:41:38  Done. PASS=11 WARN=0 ERROR=0 SKIP=0 TOTAL=11
[2026-04-21T07:41:40.885+0000] {subprocess.py:110} INFO - Command exited with return code 0
[2026-04-21T07:41:40.926+0000] {taskinstance.py:341} INFO - ::group::Post task execution logs
[2026-04-21T07:41:40.927+0000] {taskinstance.py:353} INFO - Marking task as SUCCESS. dag_id=layers_update, task_id=run_dbt, run_id=manual__2026-04-21T07:41:26.629743+00:00, execution_date=20260421T074126, start_date=20260421T074129, end_date=20260421T074140
[2026-04-21T07:41:40.986+0000] {local_task_job_runner.py:266} INFO - Task exited with return code 0
[2026-04-21T07:41:41.015+0000] {taskinstance.py:3901} INFO - 1 downstream tasks scheduled from follow-on schedule check
[2026-04-21T07:41:41.020+0000] {local_task_job_runner.py:245} INFO - ::endgroup::
