[2026-04-14T08:04:59.833+0000] {local_task_job_runner.py:123} INFO - ::group::Pre task execution logs
[2026-04-14T08:04:59.857+0000] {taskinstance.py:2614} INFO - Dependencies all met for dep_context=non-requeueable deps ti=<TaskInstance: layers_update.run_dbt manual__2026-04-14T08:04:58.666358+00:00 [queued]>
[2026-04-14T08:04:59.866+0000] {taskinstance.py:2614} INFO - Dependencies all met for dep_context=requeueable deps ti=<TaskInstance: layers_update.run_dbt manual__2026-04-14T08:04:58.666358+00:00 [queued]>
[2026-04-14T08:04:59.867+0000] {taskinstance.py:2867} INFO - Starting attempt 1 of 1
[2026-04-14T08:04:59.884+0000] {taskinstance.py:2890} INFO - Executing <Task(BashOperator): run_dbt> on 2026-04-14 08:04:58.666358+00:00
[2026-04-14T08:04:59.895+0000] {warnings.py:112} WARNING - /home/***/.local/lib/python3.12/site-packages/***/task/task_runner/standard_task_runner.py:70: DeprecationWarning: This process (pid=84) is multi-threaded, use of fork() may lead to deadlocks in the child.
  pid = os.fork()

[2026-04-14T08:04:59.897+0000] {standard_task_runner.py:72} INFO - Started process 85 to run task
[2026-04-14T08:04:59.899+0000] {standard_task_runner.py:104} INFO - Running: ['***', 'tasks', 'run', 'layers_update', 'run_dbt', 'manual__2026-04-14T08:04:58.666358+00:00', '--job-id', '6', '--raw', '--subdir', 'DAGS_FOLDER/layers_update.py', '--cfg-path', '/tmp/tmp9qb7rcis']
[2026-04-14T08:04:59.900+0000] {standard_task_runner.py:105} INFO - Job 6: Subtask run_dbt
[2026-04-14T08:05:00.014+0000] {task_command.py:467} INFO - Running <TaskInstance: layers_update.run_dbt manual__2026-04-14T08:04:58.666358+00:00 [running]> on host 29f62e233f8d
[2026-04-14T08:05:00.143+0000] {taskinstance.py:3134} INFO - Exporting env vars: AIRFLOW_CTX_DAG_OWNER='***' AIRFLOW_CTX_DAG_ID='layers_update' AIRFLOW_CTX_TASK_ID='run_dbt' AIRFLOW_CTX_EXECUTION_DATE='2026-04-14T08:04:58.666358+00:00' AIRFLOW_CTX_TRY_NUMBER='1' AIRFLOW_CTX_DAG_RUN_ID='manual__2026-04-14T08:04:58.666358+00:00'
[2026-04-14T08:05:00.144+0000] {taskinstance.py:732} INFO - ::endgroup::
[2026-04-14T08:05:00.165+0000] {subprocess.py:78} INFO - Tmp dir root location: /tmp
[2026-04-14T08:05:00.166+0000] {subprocess.py:88} INFO - Running command: ['/usr/bin/bash', '-c', 'dbt run']
[2026-04-14T08:05:00.179+0000] {subprocess.py:99} INFO - Output:
[2026-04-14T08:05:03.991+0000] {subprocess.py:106} INFO - [0m08:05:03  Running with dbt=1.7.0
[2026-04-14T08:05:04.416+0000] {subprocess.py:106} INFO - [0m08:05:04  Registered adapter: clickhouse=1.7.0
[2026-04-14T08:05:05.968+0000] {subprocess.py:106} INFO - [0m08:05:05  [[33mWARNING[0m]: Configuration paths exist in your dbt_project.yml file which do not apply to any resources.
[2026-04-14T08:05:05.968+0000] {subprocess.py:106} INFO - There are 1 unused configuration paths:
[2026-04-14T08:05:05.969+0000] {subprocess.py:106} INFO - - models.clickhouse_etl.raw
[2026-04-14T08:05:06.015+0000] {subprocess.py:106} INFO - [0m08:05:06  Found 14 models, 20 tests, 4 sources, 0 exposures, 0 metrics, 536 macros, 0 groups, 0 semantic models
[2026-04-14T08:05:06.019+0000] {subprocess.py:106} INFO - [0m08:05:06
[2026-04-14T08:05:06.540+0000] {subprocess.py:106} INFO - [0m08:05:06  Concurrency: 1 threads (target='dev')
[2026-04-14T08:05:06.542+0000] {subprocess.py:106} INFO - [0m08:05:06
[2026-04-14T08:05:06.561+0000] {subprocess.py:106} INFO - [0m08:05:06  1 of 14 START sql incremental model `ods_ods`.`browser_data` ................... [RUN]
[2026-04-14T08:05:06.933+0000] {subprocess.py:106} INFO - [0m08:05:06  1 of 14 OK created sql incremental model `ods_ods`.`browser_data` .............. [[32mOK[0m in 0.35s]
[2026-04-14T08:05:06.997+0000] {subprocess.py:106} INFO - [0m08:05:06  2 of 14 START sql incremental model `ods_ods`.`device_data` .................... [RUN]
[2026-04-14T08:05:07.212+0000] {subprocess.py:106} INFO - [0m08:05:07  2 of 14 OK created sql incremental model `ods_ods`.`device_data` ............... [[32mOK[0m in 0.21s]
[2026-04-14T08:05:07.217+0000] {subprocess.py:106} INFO - [0m08:05:07  3 of 14 START sql incremental model `ods_ods`.`geo_data` ....................... [RUN]
[2026-04-14T08:05:07.467+0000] {subprocess.py:106} INFO - [0m08:05:07  3 of 14 OK created sql incremental model `ods_ods`.`geo_data` .................. [[32mOK[0m in 0.24s]
[2026-04-14T08:05:07.477+0000] {subprocess.py:106} INFO - [0m08:05:07  4 of 14 START sql incremental model `ods_ods`.`location_data` .................. [RUN]
[2026-04-14T08:05:08.031+0000] {subprocess.py:106} INFO - [0m08:05:08  4 of 14 OK created sql incremental model `ods_ods`.`location_data` ............. [[32mOK[0m in 0.55s]
[2026-04-14T08:05:08.040+0000] {subprocess.py:106} INFO - [0m08:05:08  5 of 14 START sql incremental model `ods_dds`.`dim_browser` .................... [RUN]
[2026-04-14T08:05:08.361+0000] {subprocess.py:106} INFO - [0m08:05:08  5 of 14 OK created sql incremental model `ods_dds`.`dim_browser` ............... [[32mOK[0m in 0.32s]
[2026-04-14T08:05:08.364+0000] {subprocess.py:106} INFO - [0m08:05:08  6 of 14 START sql incremental model `ods_dds`.`dim_device` ..................... [RUN]
[2026-04-14T08:05:08.707+0000] {subprocess.py:106} INFO - [0m08:05:08  6 of 14 OK created sql incremental model `ods_dds`.`dim_device` ................ [[32mOK[0m in 0.34s]
[2026-04-14T08:05:08.709+0000] {subprocess.py:106} INFO - [0m08:05:08  7 of 14 START sql incremental model `ods_dds`.`fct_click` ...................... [RUN]
[2026-04-14T08:05:08.915+0000] {subprocess.py:106} INFO - [0m08:05:08  7 of 14 OK created sql incremental model `ods_dds`.`fct_click` ................. [[32mOK[0m in 0.20s]
[2026-04-14T08:05:08.918+0000] {subprocess.py:106} INFO - [0m08:05:08  8 of 14 START sql incremental model `ods_dds`.`dim_geo` ........................ [RUN]
[2026-04-14T08:05:09.112+0000] {subprocess.py:106} INFO - [0m08:05:09  8 of 14 OK created sql incremental model `ods_dds`.`dim_geo` ................... [[32mOK[0m in 0.19s]
[2026-04-14T08:05:09.115+0000] {subprocess.py:106} INFO - [0m08:05:09  9 of 14 START sql incremental model `ods_dds`.`dim_location` ................... [RUN]
[2026-04-14T08:05:09.308+0000] {subprocess.py:106} INFO - [0m08:05:09  9 of 14 OK created sql incremental model `ods_dds`.`dim_location` .............. [[32mOK[0m in 0.19s]
[2026-04-14T08:05:09.311+0000] {subprocess.py:106} INFO - [0m08:05:09  10 of 14 START sql view model `ods_dm`.`geo_stat` .............................. [RUN]
[2026-04-14T08:05:09.438+0000] {subprocess.py:106} INFO - [0m08:05:09  10 of 14 OK created sql view model `ods_dm`.`geo_stat` ......................... [[32mOK[0m in 0.12s]
[2026-04-14T08:05:09.443+0000] {subprocess.py:106} INFO - [0m08:05:09  11 of 14 START sql incremental model `ods_dm`.`daily_aggregates` ............... [RUN]
[2026-04-14T08:05:09.525+0000] {subprocess.py:106} INFO - [0m08:05:09  11 of 14 OK created sql incremental model `ods_dm`.`daily_aggregates` .......... [[32mOK[0m in 0.08s]
[2026-04-14T08:05:09.528+0000] {subprocess.py:106} INFO - [0m08:05:09  12 of 14 START sql incremental model `ods_dm`.`dashboard` ...................... [RUN]
[2026-04-14T08:05:09.729+0000] {subprocess.py:106} INFO - [0m08:05:09  12 of 14 OK created sql incremental model `ods_dm`.`dashboard` ................. [[32mOK[0m in 0.20s]
[2026-04-14T08:05:09.733+0000] {subprocess.py:106} INFO - [0m08:05:09  13 of 14 START sql view model `ods_dm`.`popular_source` ........................ [RUN]
[2026-04-14T08:05:09.855+0000] {subprocess.py:106} INFO - [0m08:05:09  13 of 14 OK created sql view model `ods_dm`.`popular_source` ................... [[32mOK[0m in 0.12s]
[2026-04-14T08:05:09.858+0000] {subprocess.py:106} INFO - [0m08:05:09  14 of 14 START sql view model `ods_dm`.`dashboard_recent_data` ................. [RUN]
[2026-04-14T08:05:09.901+0000] {subprocess.py:106} INFO - [0m08:05:09  14 of 14 OK created sql view model `ods_dm`.`dashboard_recent_data` ............ [[32mOK[0m in 0.04s]
[2026-04-14T08:05:09.906+0000] {subprocess.py:106} INFO - [0m08:05:09
[2026-04-14T08:05:09.908+0000] {subprocess.py:106} INFO - [0m08:05:09  Finished running 11 incremental models, 3 view models in 0 hours 0 minutes and 3.89 seconds (3.89s).
[2026-04-14T08:05:09.933+0000] {subprocess.py:106} INFO - [0m08:05:09
[2026-04-14T08:05:09.934+0000] {subprocess.py:106} INFO - [0m08:05:09  [32mCompleted successfully[0m
[2026-04-14T08:05:09.934+0000] {subprocess.py:106} INFO - [0m08:05:09
[2026-04-14T08:05:09.935+0000] {subprocess.py:106} INFO - [0m08:05:09  Done. PASS=14 WARN=0 ERROR=0 SKIP=0 TOTAL=14
[2026-04-14T08:05:11.240+0000] {subprocess.py:110} INFO - Command exited with return code 0
[2026-04-14T08:05:11.275+0000] {taskinstance.py:341} INFO - ::group::Post task execution logs
[2026-04-14T08:05:11.276+0000] {taskinstance.py:353} INFO - Marking task as SUCCESS. dag_id=layers_update, task_id=run_dbt, run_id=manual__2026-04-14T08:04:58.666358+00:00, execution_date=20260414T080458, start_date=20260414T080459, end_date=20260414T080511
[2026-04-14T08:05:11.342+0000] {local_task_job_runner.py:266} INFO - Task exited with return code 0
[2026-04-14T08:05:11.371+0000] {taskinstance.py:3901} INFO - 1 downstream tasks scheduled from follow-on schedule check
[2026-04-14T08:05:11.376+0000] {local_task_job_runner.py:245} INFO - ::endgroup::
