[2026-04-21T07:48:30.184+0000] {local_task_job_runner.py:123} INFO - ::group::Pre task execution logs
[2026-04-21T07:48:30.206+0000] {taskinstance.py:2614} INFO - Dependencies all met for dep_context=non-requeueable deps ti=<TaskInstance: layers_update.run_dbt manual__2026-04-21T07:48:21.736458+00:00 [queued]>
[2026-04-21T07:48:30.217+0000] {taskinstance.py:2614} INFO - Dependencies all met for dep_context=requeueable deps ti=<TaskInstance: layers_update.run_dbt manual__2026-04-21T07:48:21.736458+00:00 [queued]>
[2026-04-21T07:48:30.219+0000] {taskinstance.py:2867} INFO - Starting attempt 1 of 1
[2026-04-21T07:48:30.240+0000] {taskinstance.py:2890} INFO - Executing <Task(BashOperator): run_dbt> on 2026-04-21 07:48:21.736458+00:00
[2026-04-21T07:48:30.246+0000] {warnings.py:112} WARNING - /home/***/.local/lib/python3.12/site-packages/***/task/task_runner/standard_task_runner.py:70: DeprecationWarning: This process (pid=57) is multi-threaded, use of fork() may lead to deadlocks in the child.
  pid = os.fork()

[2026-04-21T07:48:30.249+0000] {standard_task_runner.py:72} INFO - Started process 58 to run task
[2026-04-21T07:48:30.249+0000] {standard_task_runner.py:104} INFO - Running: ['***', 'tasks', 'run', 'layers_update', 'run_dbt', 'manual__2026-04-21T07:48:21.736458+00:00', '--job-id', '4', '--raw', '--subdir', 'DAGS_FOLDER/layers_update.py', '--cfg-path', '/tmp/tmp6_jccjv4']
[2026-04-21T07:48:30.251+0000] {standard_task_runner.py:105} INFO - Job 4: Subtask run_dbt
[2026-04-21T07:48:30.315+0000] {task_command.py:467} INFO - Running <TaskInstance: layers_update.run_dbt manual__2026-04-21T07:48:21.736458+00:00 [running]> on host 685b945180b2
[2026-04-21T07:48:30.412+0000] {taskinstance.py:3134} INFO - Exporting env vars: AIRFLOW_CTX_DAG_OWNER='***' AIRFLOW_CTX_DAG_ID='layers_update' AIRFLOW_CTX_TASK_ID='run_dbt' AIRFLOW_CTX_EXECUTION_DATE='2026-04-21T07:48:21.736458+00:00' AIRFLOW_CTX_TRY_NUMBER='1' AIRFLOW_CTX_DAG_RUN_ID='manual__2026-04-21T07:48:21.736458+00:00'
[2026-04-21T07:48:30.414+0000] {taskinstance.py:732} INFO - ::endgroup::
[2026-04-21T07:48:30.432+0000] {subprocess.py:78} INFO - Tmp dir root location: /tmp
[2026-04-21T07:48:30.433+0000] {subprocess.py:88} INFO - Running command: ['/usr/bin/bash', '-c', 'dbt run']
[2026-04-21T07:48:30.445+0000] {subprocess.py:99} INFO - Output:
[2026-04-21T07:48:34.730+0000] {subprocess.py:106} INFO - [0m07:48:34  Running with dbt=1.7.0
[2026-04-21T07:48:35.123+0000] {subprocess.py:106} INFO - [0m07:48:35  Registered adapter: clickhouse=1.7.0
[2026-04-21T07:48:36.394+0000] {subprocess.py:106} INFO - [0m07:48:36  [[33mWARNING[0m]: Configuration paths exist in your dbt_project.yml file which do not apply to any resources.
[2026-04-21T07:48:36.395+0000] {subprocess.py:106} INFO - There are 1 unused configuration paths:
[2026-04-21T07:48:36.396+0000] {subprocess.py:106} INFO - - models.clickhouse_etl.raw
[2026-04-21T07:48:36.431+0000] {subprocess.py:106} INFO - [0m07:48:36  Found 11 models, 15 tests, 4 sources, 0 exposures, 0 metrics, 538 macros, 0 groups, 0 semantic models
[2026-04-21T07:48:36.435+0000] {subprocess.py:106} INFO - [0m07:48:36
[2026-04-21T07:48:36.973+0000] {subprocess.py:106} INFO - [0m07:48:36  Concurrency: 1 threads (target='dev')
[2026-04-21T07:48:36.975+0000] {subprocess.py:106} INFO - [0m07:48:36
[2026-04-21T07:48:36.985+0000] {subprocess.py:106} INFO - [0m07:48:36  1 of 11 START sql incremental model `ods`.`browser_data` ....................... [RUN]
[2026-04-21T07:48:37.345+0000] {subprocess.py:106} INFO - [0m07:48:37  1 of 11 OK created sql incremental model `ods`.`browser_data` .................. [[32mOK[0m in 0.36s]
[2026-04-21T07:48:37.349+0000] {subprocess.py:106} INFO - [0m07:48:37  2 of 11 START sql incremental model `ods`.`device_data` ........................ [RUN]
[2026-04-21T07:48:37.590+0000] {subprocess.py:106} INFO - [0m07:48:37  2 of 11 OK created sql incremental model `ods`.`device_data` ................... [[32mOK[0m in 0.24s]
[2026-04-21T07:48:37.594+0000] {subprocess.py:106} INFO - [0m07:48:37  3 of 11 START sql incremental model `ods`.`geo_data` ........................... [RUN]
[2026-04-21T07:48:37.806+0000] {subprocess.py:106} INFO - [0m07:48:37  3 of 11 OK created sql incremental model `ods`.`geo_data` ...................... [[32mOK[0m in 0.21s]
[2026-04-21T07:48:37.809+0000] {subprocess.py:106} INFO - [0m07:48:37  4 of 11 START sql incremental model `ods`.`location_data` ...................... [RUN]
[2026-04-21T07:48:38.059+0000] {subprocess.py:106} INFO - [0m07:48:38  4 of 11 OK created sql incremental model `ods`.`location_data` ................. [[32mOK[0m in 0.25s]
[2026-04-21T07:48:38.063+0000] {subprocess.py:106} INFO - [0m07:48:38  5 of 11 START sql incremental model `dds`.`dim_browser` ........................ [RUN]
[2026-04-21T07:48:38.318+0000] {subprocess.py:106} INFO - [0m07:48:38  5 of 11 OK created sql incremental model `dds`.`dim_browser` ................... [[32mOK[0m in 0.25s]
[2026-04-21T07:48:38.321+0000] {subprocess.py:106} INFO - [0m07:48:38  6 of 11 START sql incremental model `dds`.`dim_device` ......................... [RUN]
[2026-04-21T07:48:38.620+0000] {subprocess.py:106} INFO - [0m07:48:38  6 of 11 OK created sql incremental model `dds`.`dim_device` .................... [[32mOK[0m in 0.30s]
[2026-04-21T07:48:38.625+0000] {subprocess.py:106} INFO - [0m07:48:38  7 of 11 START sql incremental model `dds`.`fct_click` .......................... [RUN]
[2026-04-21T07:48:38.859+0000] {subprocess.py:106} INFO - [0m07:48:38  7 of 11 OK created sql incremental model `dds`.`fct_click` ..................... [[32mOK[0m in 0.23s]
[2026-04-21T07:48:38.863+0000] {subprocess.py:106} INFO - [0m07:48:38  8 of 11 START sql incremental model `dds`.`dim_geo` ............................ [RUN]
[2026-04-21T07:48:39.088+0000] {subprocess.py:106} INFO - [0m07:48:39  8 of 11 OK created sql incremental model `dds`.`dim_geo` ....................... [[32mOK[0m in 0.22s]
[2026-04-21T07:48:39.092+0000] {subprocess.py:106} INFO - [0m07:48:39  9 of 11 START sql incremental model `dds`.`dim_location` ....................... [RUN]
[2026-04-21T07:48:40.485+0000] {subprocess.py:106} INFO - [0m07:48:40  9 of 11 OK created sql incremental model `dds`.`dim_location` .................. [[32mOK[0m in 1.39s]
[2026-04-21T07:48:40.490+0000] {subprocess.py:106} INFO - [0m07:48:40  10 of 11 START sql incremental model `dm`.`dashboard` .......................... [RUN]
[2026-04-21T07:48:41.519+0000] {subprocess.py:106} INFO - [0m07:48:41  10 of 11 OK created sql incremental model `dm`.`dashboard` ..................... [[32mOK[0m in 1.02s]
[2026-04-21T07:48:41.530+0000] {subprocess.py:106} INFO - [0m07:48:41  11 of 11 START sql view model `dm`.`dashboard_recent_data` ..................... [RUN]
[2026-04-21T07:48:43.015+0000] {subprocess.py:106} INFO - [0m07:48:43  11 of 11 OK created sql view model `dm`.`dashboard_recent_data` ................ [[32mOK[0m in 1.48s]
[2026-04-21T07:48:43.026+0000] {subprocess.py:106} INFO - [0m07:48:43
[2026-04-21T07:48:43.028+0000] {subprocess.py:106} INFO - [0m07:48:43  Finished running 10 incremental models, 1 view model in 0 hours 0 minutes and 6.59 seconds (6.59s).
[2026-04-21T07:48:43.070+0000] {subprocess.py:106} INFO - [0m07:48:43
[2026-04-21T07:48:43.072+0000] {subprocess.py:106} INFO - [0m07:48:43  [32mCompleted successfully[0m
[2026-04-21T07:48:43.072+0000] {subprocess.py:106} INFO - [0m07:48:43
[2026-04-21T07:48:43.074+0000] {subprocess.py:106} INFO - [0m07:48:43  Done. PASS=11 WARN=0 ERROR=0 SKIP=0 TOTAL=11
[2026-04-21T07:48:44.357+0000] {subprocess.py:110} INFO - Command exited with return code 0
[2026-04-21T07:48:48.918+0000] {taskinstance.py:341} INFO - ::group::Post task execution logs
[2026-04-21T07:48:48.922+0000] {taskinstance.py:353} INFO - Marking task as SUCCESS. dag_id=layers_update, task_id=run_dbt, run_id=manual__2026-04-21T07:48:21.736458+00:00, execution_date=20260421T074821, start_date=20260421T074830, end_date=20260421T074848
[2026-04-21T07:48:49.015+0000] {local_task_job_runner.py:266} INFO - Task exited with return code 0
[2026-04-21T07:48:49.085+0000] {taskinstance.py:3901} INFO - 1 downstream tasks scheduled from follow-on schedule check
[2026-04-21T07:48:49.106+0000] {local_task_job_runner.py:245} INFO - ::endgroup::
