[2026-03-22T13:16:39.711+0000] {local_task_job_runner.py:123} INFO - ::group::Pre task execution logs
[2026-03-22T13:16:39.732+0000] {taskinstance.py:2614} INFO - Dependencies all met for dep_context=non-requeueable deps ti=<TaskInstance: kafka_producer.send_jsonl_to_kafka manual__2026-03-22T13:16:38.391806+00:00 [queued]>
[2026-03-22T13:16:39.743+0000] {taskinstance.py:2614} INFO - Dependencies all met for dep_context=requeueable deps ti=<TaskInstance: kafka_producer.send_jsonl_to_kafka manual__2026-03-22T13:16:38.391806+00:00 [queued]>
[2026-03-22T13:16:39.744+0000] {taskinstance.py:2867} INFO - Starting attempt 1 of 1
[2026-03-22T13:16:39.763+0000] {taskinstance.py:2890} INFO - Executing <Task(PythonOperator): send_jsonl_to_kafka> on 2026-03-22 13:16:38.391806+00:00
[2026-03-22T13:16:39.770+0000] {warnings.py:112} WARNING - /home/***/.local/lib/python3.12/site-packages/***/task/task_runner/standard_task_runner.py:70: DeprecationWarning: This process (pid=71) is multi-threaded, use of fork() may lead to deadlocks in the child.
  pid = os.fork()

[2026-03-22T13:16:39.776+0000] {standard_task_runner.py:72} INFO - Started process 72 to run task
[2026-03-22T13:16:39.775+0000] {standard_task_runner.py:104} INFO - Running: ['***', 'tasks', 'run', 'kafka_producer', 'send_jsonl_to_kafka', 'manual__2026-03-22T13:16:38.391806+00:00', '--job-id', '17', '--raw', '--subdir', 'DAGS_FOLDER/kafka_load.py', '--cfg-path', '/tmp/tmpkmcbg7cx']
[2026-03-22T13:16:39.778+0000] {standard_task_runner.py:105} INFO - Job 17: Subtask send_jsonl_to_kafka
[2026-03-22T13:16:39.843+0000] {task_command.py:467} INFO - Running <TaskInstance: kafka_producer.send_jsonl_to_kafka manual__2026-03-22T13:16:38.391806+00:00 [running]> on host c89d29d28897
[2026-03-22T13:16:39.972+0000] {taskinstance.py:3134} INFO - Exporting env vars: AIRFLOW_CTX_DAG_OWNER='***' AIRFLOW_CTX_DAG_ID='kafka_producer' AIRFLOW_CTX_TASK_ID='send_jsonl_to_kafka' AIRFLOW_CTX_EXECUTION_DATE='2026-03-22T13:16:38.391806+00:00' AIRFLOW_CTX_TRY_NUMBER='1' AIRFLOW_CTX_DAG_RUN_ID='manual__2026-03-22T13:16:38.391806+00:00'
[2026-03-22T13:16:39.973+0000] {taskinstance.py:732} INFO - ::endgroup::
[2026-03-22T13:16:39.999+0000] {logging_mixin.py:190} INFO - 
✅ Итого: 0 файлов, 0 сообщений отправлено в топик 'events_topic'
[2026-03-22T13:16:40.002+0000] {python.py:240} INFO - Done. Returned value was: None
[2026-03-22T13:16:40.017+0000] {taskinstance.py:341} INFO - ::group::Post task execution logs
[2026-03-22T13:16:40.017+0000] {taskinstance.py:353} INFO - Marking task as SUCCESS. dag_id=kafka_producer, task_id=send_jsonl_to_kafka, run_id=manual__2026-03-22T13:16:38.391806+00:00, execution_date=20260322T131638, start_date=20260322T131639, end_date=20260322T131640
[2026-03-22T13:16:40.072+0000] {local_task_job_runner.py:266} INFO - Task exited with return code 0
[2026-03-22T13:16:40.092+0000] {taskinstance.py:3901} INFO - 0 downstream tasks scheduled from follow-on schedule check
[2026-03-22T13:16:40.096+0000] {local_task_job_runner.py:245} INFO - ::endgroup::
