[2026-04-15T15:49:58.395+0000] {local_task_job_runner.py:123} INFO - ::group::Pre task execution logs
[2026-04-15T15:49:58.421+0000] {taskinstance.py:2614} INFO - Dependencies all met for dep_context=non-requeueable deps ti=<TaskInstance: layers_update.run_dbt manual__2026-04-15T15:49:50.878725+00:00 [queued]>
[2026-04-15T15:49:58.433+0000] {taskinstance.py:2614} INFO - Dependencies all met for dep_context=requeueable deps ti=<TaskInstance: layers_update.run_dbt manual__2026-04-15T15:49:50.878725+00:00 [queued]>
[2026-04-15T15:49:58.434+0000] {taskinstance.py:2867} INFO - Starting attempt 1 of 1
[2026-04-15T15:49:58.451+0000] {taskinstance.py:2890} INFO - Executing <Task(BashOperator): run_dbt> on 2026-04-15 15:49:50.878725+00:00
[2026-04-15T15:49:58.459+0000] {warnings.py:112} WARNING - /home/***/.local/lib/python3.12/site-packages/***/task/task_runner/standard_task_runner.py:70: DeprecationWarning: This process (pid=58) is multi-threaded, use of fork() may lead to deadlocks in the child.
  pid = os.fork()

[2026-04-15T15:49:58.462+0000] {standard_task_runner.py:72} INFO - Started process 59 to run task
[2026-04-15T15:49:58.462+0000] {standard_task_runner.py:104} INFO - Running: ['***', 'tasks', 'run', 'layers_update', 'run_dbt', 'manual__2026-04-15T15:49:50.878725+00:00', '--job-id', '4', '--raw', '--subdir', 'DAGS_FOLDER/layers_update.py', '--cfg-path', '/tmp/tmpvvmbmesn']
[2026-04-15T15:49:58.465+0000] {standard_task_runner.py:105} INFO - Job 4: Subtask run_dbt
[2026-04-15T15:49:58.529+0000] {task_command.py:467} INFO - Running <TaskInstance: layers_update.run_dbt manual__2026-04-15T15:49:50.878725+00:00 [running]> on host 501efe15e1f8
[2026-04-15T15:49:58.637+0000] {taskinstance.py:3134} INFO - Exporting env vars: AIRFLOW_CTX_DAG_OWNER='***' AIRFLOW_CTX_DAG_ID='layers_update' AIRFLOW_CTX_TASK_ID='run_dbt' AIRFLOW_CTX_EXECUTION_DATE='2026-04-15T15:49:50.878725+00:00' AIRFLOW_CTX_TRY_NUMBER='1' AIRFLOW_CTX_DAG_RUN_ID='manual__2026-04-15T15:49:50.878725+00:00'
[2026-04-15T15:49:58.638+0000] {taskinstance.py:732} INFO - ::endgroup::
[2026-04-15T15:49:58.661+0000] {subprocess.py:78} INFO - Tmp dir root location: /tmp
[2026-04-15T15:49:58.662+0000] {subprocess.py:88} INFO - Running command: ['/usr/bin/bash', '-c', 'dbt run']
[2026-04-15T15:49:58.676+0000] {subprocess.py:99} INFO - Output:
[2026-04-15T15:50:02.702+0000] {subprocess.py:106} INFO - [0m15:50:02  Running with dbt=1.7.0
[2026-04-15T15:50:03.105+0000] {subprocess.py:106} INFO - [0m15:50:03  Registered adapter: clickhouse=1.7.0
[2026-04-15T15:50:05.054+0000] {subprocess.py:106} INFO - [0m15:50:05  [[33mWARNING[0m]: Configuration paths exist in your dbt_project.yml file which do not apply to any resources.
[2026-04-15T15:50:05.055+0000] {subprocess.py:106} INFO - There are 1 unused configuration paths:
[2026-04-15T15:50:05.056+0000] {subprocess.py:106} INFO - - models.clickhouse_etl.raw
[2026-04-15T15:50:05.094+0000] {subprocess.py:106} INFO - [0m15:50:05  Found 11 models, 15 tests, 4 sources, 0 exposures, 0 metrics, 538 macros, 0 groups, 0 semantic models
[2026-04-15T15:50:05.098+0000] {subprocess.py:106} INFO - [0m15:50:05
[2026-04-15T15:50:05.616+0000] {subprocess.py:106} INFO - [0m15:50:05  Concurrency: 1 threads (target='dev')
[2026-04-15T15:50:05.617+0000] {subprocess.py:106} INFO - [0m15:50:05
[2026-04-15T15:50:05.628+0000] {subprocess.py:106} INFO - [0m15:50:05  1 of 11 START sql incremental model `ods`.`browser_data` ....................... [RUN]
[2026-04-15T15:50:06.119+0000] {subprocess.py:106} INFO - [0m15:50:06  1 of 11 OK created sql incremental model `ods`.`browser_data` .................. [[32mOK[0m in 0.49s]
[2026-04-15T15:50:06.122+0000] {subprocess.py:106} INFO - [0m15:50:06  2 of 11 START sql incremental model `ods`.`device_data` ........................ [RUN]
[2026-04-15T15:50:06.352+0000] {subprocess.py:106} INFO - [0m15:50:06  2 of 11 OK created sql incremental model `ods`.`device_data` ................... [[32mOK[0m in 0.23s]
[2026-04-15T15:50:06.357+0000] {subprocess.py:106} INFO - [0m15:50:06  3 of 11 START sql incremental model `ods`.`geo_data` ........................... [RUN]
[2026-04-15T15:50:06.615+0000] {subprocess.py:106} INFO - [0m15:50:06  3 of 11 OK created sql incremental model `ods`.`geo_data` ...................... [[32mOK[0m in 0.26s]
[2026-04-15T15:50:06.618+0000] {subprocess.py:106} INFO - [0m15:50:06  4 of 11 START sql incremental model `ods`.`location_data` ...................... [RUN]
[2026-04-15T15:50:06.968+0000] {subprocess.py:106} INFO - [0m15:50:06  4 of 11 OK created sql incremental model `ods`.`location_data` ................. [[32mOK[0m in 0.35s]
[2026-04-15T15:50:06.972+0000] {subprocess.py:106} INFO - [0m15:50:06  5 of 11 START sql incremental model `dds`.`dim_browser` ........................ [RUN]
[2026-04-15T15:50:07.218+0000] {subprocess.py:106} INFO - [0m15:50:07  5 of 11 OK created sql incremental model `dds`.`dim_browser` ................... [[32mOK[0m in 0.24s]
[2026-04-15T15:50:07.224+0000] {subprocess.py:106} INFO - [0m15:50:07  6 of 11 START sql incremental model `dds`.`dim_device` ......................... [RUN]
[2026-04-15T15:50:07.449+0000] {subprocess.py:106} INFO - [0m15:50:07  6 of 11 OK created sql incremental model `dds`.`dim_device` .................... [[32mOK[0m in 0.22s]
[2026-04-15T15:50:07.451+0000] {subprocess.py:106} INFO - [0m15:50:07  7 of 11 START sql incremental model `dds`.`fct_click` .......................... [RUN]
[2026-04-15T15:50:07.704+0000] {subprocess.py:106} INFO - [0m15:50:07  7 of 11 OK created sql incremental model `dds`.`fct_click` ..................... [[32mOK[0m in 0.25s]
[2026-04-15T15:50:07.708+0000] {subprocess.py:106} INFO - [0m15:50:07  8 of 11 START sql incremental model `dds`.`dim_geo` ............................ [RUN]
[2026-04-15T15:50:07.974+0000] {subprocess.py:106} INFO - [0m15:50:07  8 of 11 OK created sql incremental model `dds`.`dim_geo` ....................... [[32mOK[0m in 0.26s]
[2026-04-15T15:50:07.977+0000] {subprocess.py:106} INFO - [0m15:50:07  9 of 11 START sql incremental model `dds`.`dim_location` ....................... [RUN]
[2026-04-15T15:50:08.201+0000] {subprocess.py:106} INFO - [0m15:50:08  9 of 11 OK created sql incremental model `dds`.`dim_location` .................. [[32mOK[0m in 0.22s]
[2026-04-15T15:50:08.205+0000] {subprocess.py:106} INFO - [0m15:50:08  10 of 11 START sql incremental model `dm`.`dashboard` .......................... [RUN]
[2026-04-15T15:50:08.507+0000] {subprocess.py:106} INFO - [0m15:50:08  10 of 11 OK created sql incremental model `dm`.`dashboard` ..................... [[32mOK[0m in 0.30s]
[2026-04-15T15:50:08.511+0000] {subprocess.py:106} INFO - [0m15:50:08  11 of 11 START sql view model `dm`.`dashboard_recent_data` ..................... [RUN]
[2026-04-15T15:50:08.592+0000] {subprocess.py:106} INFO - [0m15:50:08  11 of 11 OK created sql view model `dm`.`dashboard_recent_data` ................ [[32mOK[0m in 0.08s]
[2026-04-15T15:50:08.603+0000] {subprocess.py:106} INFO - [0m15:50:08
[2026-04-15T15:50:08.606+0000] {subprocess.py:106} INFO - [0m15:50:08  Finished running 10 incremental models, 1 view model in 0 hours 0 minutes and 3.50 seconds (3.50s).
[2026-04-15T15:50:08.635+0000] {subprocess.py:106} INFO - [0m15:50:08
[2026-04-15T15:50:08.636+0000] {subprocess.py:106} INFO - [0m15:50:08  [32mCompleted successfully[0m
[2026-04-15T15:50:08.637+0000] {subprocess.py:106} INFO - [0m15:50:08
[2026-04-15T15:50:08.638+0000] {subprocess.py:106} INFO - [0m15:50:08  Done. PASS=11 WARN=0 ERROR=0 SKIP=0 TOTAL=11
[2026-04-15T15:50:09.902+0000] {subprocess.py:110} INFO - Command exited with return code 0
[2026-04-15T15:50:09.961+0000] {taskinstance.py:341} INFO - ::group::Post task execution logs
[2026-04-15T15:50:09.962+0000] {taskinstance.py:353} INFO - Marking task as SUCCESS. dag_id=layers_update, task_id=run_dbt, run_id=manual__2026-04-15T15:49:50.878725+00:00, execution_date=20260415T154950, start_date=20260415T154958, end_date=20260415T155009
[2026-04-15T15:50:10.074+0000] {local_task_job_runner.py:266} INFO - Task exited with return code 0
[2026-04-15T15:50:10.105+0000] {taskinstance.py:3901} INFO - 1 downstream tasks scheduled from follow-on schedule check
[2026-04-15T15:50:10.110+0000] {local_task_job_runner.py:245} INFO - ::endgroup::
