[2026-04-09T07:52:51.807+0000] {local_task_job_runner.py:123} INFO - ::group::Pre task execution logs
[2026-04-09T07:52:51.827+0000] {taskinstance.py:2614} INFO - Dependencies all met for dep_context=non-requeueable deps ti=<TaskInstance: layers_update.layers_update manual__2026-04-09T07:52:47.751911+00:00 [queued]>
[2026-04-09T07:52:51.836+0000] {taskinstance.py:2614} INFO - Dependencies all met for dep_context=requeueable deps ti=<TaskInstance: layers_update.layers_update manual__2026-04-09T07:52:47.751911+00:00 [queued]>
[2026-04-09T07:52:51.837+0000] {taskinstance.py:2867} INFO - Starting attempt 1 of 1
[2026-04-09T07:52:51.853+0000] {taskinstance.py:2890} INFO - Executing <Task(PythonOperator): layers_update> on 2026-04-09 07:52:47.751911+00:00
[2026-04-09T07:52:51.860+0000] {warnings.py:112} WARNING - /home/***/.local/lib/python3.12/site-packages/***/task/task_runner/standard_task_runner.py:70: DeprecationWarning: This process (pid=124) is multi-threaded, use of fork() may lead to deadlocks in the child.
  pid = os.fork()

[2026-04-09T07:52:51.863+0000] {standard_task_runner.py:72} INFO - Started process 125 to run task
[2026-04-09T07:52:51.863+0000] {standard_task_runner.py:104} INFO - Running: ['***', 'tasks', 'run', 'layers_update', 'layers_update', 'manual__2026-04-09T07:52:47.751911+00:00', '--job-id', '49', '--raw', '--subdir', 'DAGS_FOLDER/layers_update.py', '--cfg-path', '/tmp/tmpvvr0fapv']
[2026-04-09T07:52:51.865+0000] {standard_task_runner.py:105} INFO - Job 49: Subtask layers_update
[2026-04-09T07:52:51.928+0000] {task_command.py:467} INFO - Running <TaskInstance: layers_update.layers_update manual__2026-04-09T07:52:47.751911+00:00 [running]> on host 2d41fd9e80ad
[2026-04-09T07:52:52.033+0000] {taskinstance.py:3134} INFO - Exporting env vars: AIRFLOW_CTX_DAG_OWNER='***' AIRFLOW_CTX_DAG_ID='layers_update' AIRFLOW_CTX_TASK_ID='layers_update' AIRFLOW_CTX_EXECUTION_DATE='2026-04-09T07:52:47.751911+00:00' AIRFLOW_CTX_TRY_NUMBER='1' AIRFLOW_CTX_DAG_RUN_ID='manual__2026-04-09T07:52:47.751911+00:00'
[2026-04-09T07:52:52.035+0000] {taskinstance.py:732} INFO - ::endgroup::
[2026-04-09T07:53:34.225+0000] {logging_mixin.py:190} INFO - 07:52:55  Running with dbt=1.7.0
07:52:58  Registered adapter: clickhouse=1.7.0
07:52:59  [WARNING]: Configuration paths exist in your dbt_project.yml file which do not apply to any resources.
There are 1 unused configuration paths:
- models.clickhouse_etl.raw
07:53:00  Found 12 models, 20 tests, 4 sources, 0 exposures, 0 metrics, 536 macros, 0 groups, 0 semantic models
07:53:00  
07:53:08  Concurrency: 1 threads (target='dev')
07:53:08  
07:53:08  1 of 12 START sql incremental model `ods_ods`.`browser_data` ................... [RUN]
07:53:08  1 of 12 OK created sql incremental model `ods_ods`.`browser_data` .............. [OK in 0.22s]
07:53:08  2 of 12 START sql incremental model `ods_ods`.`device_data` .................... [RUN]
07:53:08  2 of 12 OK created sql incremental model `ods_ods`.`device_data` ............... [OK in 0.12s]
07:53:08  3 of 12 START sql incremental model `ods_ods`.`geo_data` ....................... [RUN]
07:53:08  3 of 12 OK created sql incremental model `ods_ods`.`geo_data` .................. [OK in 0.12s]
07:53:08  4 of 12 START sql incremental model `ods_ods`.`location_data` .................. [RUN]
07:53:08  4 of 12 OK created sql incremental model `ods_ods`.`location_data` ............. [OK in 0.10s]
07:53:08  5 of 12 START sql incremental model `ods_dds`.`dim_browser` .................... [RUN]
07:53:09  5 of 12 OK created sql incremental model `ods_dds`.`dim_browser` ............... [OK in 0.12s]
07:53:09  6 of 12 START sql incremental model `ods_dds`.`dim_device` ..................... [RUN]
07:53:09  6 of 12 OK created sql incremental model `ods_dds`.`dim_device` ................ [OK in 0.14s]
07:53:09  7 of 12 START sql incremental model `ods_dds`.`fct_click` ...................... [RUN]
07:53:09  7 of 12 OK created sql incremental model `ods_dds`.`fct_click` ................. [OK in 0.17s]
07:53:09  8 of 12 START sql incremental model `ods_dds`.`dim_geo` ........................ [RUN]
07:53:09  8 of 12 OK created sql incremental model `ods_dds`.`dim_geo` ................... [OK in 0.14s]
07:53:09  9 of 12 START sql incremental model `ods_dds`.`dim_location` ................... [RUN]
07:53:09  9 of 12 OK created sql incremental model `ods_dds`.`dim_location` .............. [OK in 0.09s]
07:53:09  10 of 12 START sql view model `ods_dm`.`geo_stat` .............................. [RUN]
07:53:09  10 of 12 OK created sql view model `ods_dm`.`geo_stat` ......................... [OK in 0.12s]
07:53:09  11 of 12 START sql incremental model `ods_dm`.`daily_aggregates` ............... [RUN]
07:53:26  11 of 12 OK created sql incremental model `ods_dm`.`daily_aggregates` .......... [OK in 17.15s]
07:53:26  12 of 12 START sql view model `ods_dm`.`popular_source` ........................ [RUN]
07:53:27  12 of 12 OK created sql view model `ods_dm`.`popular_source` ................... [OK in 0.94s]
07:53:27  
07:53:27  Finished running 10 incremental models, 2 view models in 0 hours 0 minutes and 27.72 seconds (27.72s).
07:53:28  
07:53:28  Completed successfully
07:53:28  
07:53:28  Done. PASS=12 WARN=0 ERROR=0 SKIP=0 TOTAL=12
[2026-04-09T07:53:34.226+0000] {python.py:240} INFO - Done. Returned value was: None
[2026-04-09T07:53:34.244+0000] {taskinstance.py:341} INFO - ::group::Post task execution logs
[2026-04-09T07:53:34.245+0000] {taskinstance.py:353} INFO - Marking task as SUCCESS. dag_id=layers_update, task_id=layers_update, run_id=manual__2026-04-09T07:52:47.751911+00:00, execution_date=20260409T075247, start_date=20260409T075251, end_date=20260409T075334
[2026-04-09T07:53:34.345+0000] {local_task_job_runner.py:266} INFO - Task exited with return code 0
[2026-04-09T07:53:34.385+0000] {taskinstance.py:3901} INFO - 1 downstream tasks scheduled from follow-on schedule check
[2026-04-09T07:53:34.391+0000] {local_task_job_runner.py:245} INFO - ::endgroup::
