[2026-04-21T06:32:35.441+0000] {local_task_job_runner.py:123} INFO - ::group::Pre task execution logs
[2026-04-21T06:32:35.462+0000] {taskinstance.py:2614} INFO - Dependencies all met for dep_context=non-requeueable deps ti=<TaskInstance: kafka_producer.get_data manual__2026-04-21T06:32:32.805829+00:00 [queued]>
[2026-04-21T06:32:35.474+0000] {taskinstance.py:2614} INFO - Dependencies all met for dep_context=requeueable deps ti=<TaskInstance: kafka_producer.get_data manual__2026-04-21T06:32:32.805829+00:00 [queued]>
[2026-04-21T06:32:35.475+0000] {taskinstance.py:2867} INFO - Starting attempt 1 of 1
[2026-04-21T06:32:35.492+0000] {taskinstance.py:2890} INFO - Executing <Task(PythonOperator): get_data> on 2026-04-21 06:32:32.805829+00:00
[2026-04-21T06:32:35.500+0000] {warnings.py:112} WARNING - /home/***/.local/lib/python3.12/site-packages/***/task/task_runner/standard_task_runner.py:70: DeprecationWarning: This process (pid=82) is multi-threaded, use of fork() may lead to deadlocks in the child.
  pid = os.fork()

[2026-04-21T06:32:35.502+0000] {standard_task_runner.py:72} INFO - Started process 83 to run task
[2026-04-21T06:32:35.502+0000] {standard_task_runner.py:104} INFO - Running: ['***', 'tasks', 'run', 'kafka_producer', 'get_data', 'manual__2026-04-21T06:32:32.805829+00:00', '--job-id', '7', '--raw', '--subdir', 'DAGS_FOLDER/kafka_load.py', '--cfg-path', '/tmp/tmpcuqyuzyk']
[2026-04-21T06:32:35.503+0000] {standard_task_runner.py:105} INFO - Job 7: Subtask get_data
[2026-04-21T06:32:35.568+0000] {task_command.py:467} INFO - Running <TaskInstance: kafka_producer.get_data manual__2026-04-21T06:32:32.805829+00:00 [running]> on host 102489dc19a9
[2026-04-21T06:32:35.674+0000] {taskinstance.py:3134} INFO - Exporting env vars: AIRFLOW_CTX_DAG_OWNER='***' AIRFLOW_CTX_DAG_ID='kafka_producer' AIRFLOW_CTX_TASK_ID='get_data' AIRFLOW_CTX_EXECUTION_DATE='2026-04-21T06:32:32.805829+00:00' AIRFLOW_CTX_TRY_NUMBER='1' AIRFLOW_CTX_DAG_RUN_ID='manual__2026-04-21T06:32:32.805829+00:00'
[2026-04-21T06:32:35.676+0000] {taskinstance.py:732} INFO - ::endgroup::
[2026-04-21T06:32:35.707+0000] {kafka_load.py:28} INFO - Обрабатывается файл: browser_events.jsonl
[2026-04-21T06:32:35.714+0000] {kafka_load.py:40} INFO - Отправлено 100 сообщений
[2026-04-21T06:32:35.718+0000] {kafka_load.py:40} INFO - Отправлено 200 сообщений
[2026-04-21T06:32:35.721+0000] {kafka_load.py:40} INFO - Отправлено 300 сообщений
[2026-04-21T06:32:35.724+0000] {kafka_load.py:40} INFO - Отправлено 400 сообщений
[2026-04-21T06:32:35.726+0000] {kafka_load.py:40} INFO - Отправлено 500 сообщений
[2026-04-21T06:32:35.729+0000] {kafka_load.py:40} INFO - Отправлено 600 сообщений
[2026-04-21T06:32:35.731+0000] {kafka_load.py:40} INFO - Отправлено 700 сообщений
[2026-04-21T06:32:35.734+0000] {kafka_load.py:40} INFO - Отправлено 800 сообщений
[2026-04-21T06:32:35.737+0000] {kafka_load.py:40} INFO - Отправлено 900 сообщений
[2026-04-21T06:32:35.740+0000] {kafka_load.py:40} INFO - Отправлено 1000 сообщений
[2026-04-21T06:32:35.740+0000] {kafka_load.py:53} INFO - Обработка файла browser_events.jsonl завершена
[2026-04-21T06:32:35.741+0000] {kafka_load.py:28} INFO - Обрабатывается файл: device_events.jsonl
[2026-04-21T06:32:35.745+0000] {kafka_load.py:40} INFO - Отправлено 100 сообщений
[2026-04-21T06:32:35.748+0000] {kafka_load.py:40} INFO - Отправлено 200 сообщений
[2026-04-21T06:32:35.751+0000] {kafka_load.py:40} INFO - Отправлено 300 сообщений
[2026-04-21T06:32:35.753+0000] {kafka_load.py:40} INFO - Отправлено 400 сообщений
[2026-04-21T06:32:35.755+0000] {kafka_load.py:40} INFO - Отправлено 500 сообщений
[2026-04-21T06:32:35.759+0000] {kafka_load.py:40} INFO - Отправлено 600 сообщений
[2026-04-21T06:32:35.767+0000] {kafka_load.py:40} INFO - Отправлено 700 сообщений
[2026-04-21T06:32:35.771+0000] {kafka_load.py:40} INFO - Отправлено 800 сообщений
[2026-04-21T06:32:35.775+0000] {kafka_load.py:40} INFO - Отправлено 900 сообщений
[2026-04-21T06:32:35.781+0000] {kafka_load.py:40} INFO - Отправлено 1000 сообщений
[2026-04-21T06:32:35.781+0000] {kafka_load.py:42} ERROR - Ошибка JSON в строке: 1001: Expecting ':' delimiter: line 1 column 19 (char 18)
[2026-04-21T06:32:35.787+0000] {kafka_load.py:53} INFO - Обработка файла device_events.jsonl завершена
[2026-04-21T06:32:35.787+0000] {kafka_load.py:28} INFO - Обрабатывается файл: geo_events.jsonl
[2026-04-21T06:32:35.794+0000] {kafka_load.py:40} INFO - Отправлено 100 сообщений
[2026-04-21T06:32:35.797+0000] {kafka_load.py:40} INFO - Отправлено 200 сообщений
[2026-04-21T06:32:35.800+0000] {kafka_load.py:40} INFO - Отправлено 300 сообщений
[2026-04-21T06:32:35.804+0000] {kafka_load.py:40} INFO - Отправлено 400 сообщений
[2026-04-21T06:32:35.806+0000] {kafka_load.py:40} INFO - Отправлено 500 сообщений
[2026-04-21T06:32:35.810+0000] {kafka_load.py:40} INFO - Отправлено 600 сообщений
[2026-04-21T06:32:35.815+0000] {kafka_load.py:40} INFO - Отправлено 700 сообщений
[2026-04-21T06:32:35.821+0000] {kafka_load.py:40} INFO - Отправлено 800 сообщений
[2026-04-21T06:32:35.827+0000] {kafka_load.py:40} INFO - Отправлено 900 сообщений
[2026-04-21T06:32:35.830+0000] {kafka_load.py:40} INFO - Отправлено 1000 сообщений
[2026-04-21T06:32:35.832+0000] {kafka_load.py:53} INFO - Обработка файла geo_events.jsonl завершена
[2026-04-21T06:32:35.833+0000] {kafka_load.py:28} INFO - Обрабатывается файл: location_events.jsonl
[2026-04-21T06:32:35.837+0000] {kafka_load.py:40} INFO - Отправлено 100 сообщений
[2026-04-21T06:32:35.841+0000] {kafka_load.py:40} INFO - Отправлено 200 сообщений
[2026-04-21T06:32:35.847+0000] {kafka_load.py:40} INFO - Отправлено 300 сообщений
[2026-04-21T06:32:35.854+0000] {kafka_load.py:40} INFO - Отправлено 400 сообщений
[2026-04-21T06:32:35.863+0000] {kafka_load.py:40} INFO - Отправлено 500 сообщений
[2026-04-21T06:32:35.866+0000] {kafka_load.py:40} INFO - Отправлено 600 сообщений
[2026-04-21T06:32:35.869+0000] {kafka_load.py:40} INFO - Отправлено 700 сообщений
[2026-04-21T06:32:35.874+0000] {kafka_load.py:40} INFO - Отправлено 800 сообщений
[2026-04-21T06:32:35.877+0000] {kafka_load.py:40} INFO - Отправлено 900 сообщений
[2026-04-21T06:32:35.880+0000] {kafka_load.py:40} INFO - Отправлено 1000 сообщений
[2026-04-21T06:32:35.881+0000] {kafka_load.py:53} INFO - Обработка файла location_events.jsonl завершена
[2026-04-21T06:32:35.884+0000] {kafka_load.py:56} INFO - Обработка файлов успешно завершена
[2026-04-21T06:32:35.886+0000] {python.py:240} INFO - Done. Returned value was: None
[2026-04-21T06:32:35.900+0000] {taskinstance.py:341} INFO - ::group::Post task execution logs
[2026-04-21T06:32:35.903+0000] {taskinstance.py:353} INFO - Marking task as SUCCESS. dag_id=kafka_producer, task_id=get_data, run_id=manual__2026-04-21T06:32:32.805829+00:00, execution_date=20260421T063232, start_date=20260421T063235, end_date=20260421T063235
[2026-04-21T06:32:35.960+0000] {local_task_job_runner.py:266} INFO - Task exited with return code 0
[2026-04-21T06:32:35.991+0000] {taskinstance.py:3901} INFO - 1 downstream tasks scheduled from follow-on schedule check
[2026-04-21T06:32:35.995+0000] {local_task_job_runner.py:245} INFO - ::endgroup::
