[2026-03-26T06:09:33.392+0000] {local_task_job_runner.py:123} INFO - ::group::Pre task execution logs
[2026-03-26T06:09:33.424+0000] {taskinstance.py:2614} INFO - Dependencies all met for dep_context=non-requeueable deps ti=<TaskInstance: kafka_producer.send_jsonl_to_kafka manual__2026-03-26T06:09:29.780603+00:00 [queued]>
[2026-03-26T06:09:33.439+0000] {taskinstance.py:2614} INFO - Dependencies all met for dep_context=requeueable deps ti=<TaskInstance: kafka_producer.send_jsonl_to_kafka manual__2026-03-26T06:09:29.780603+00:00 [queued]>
[2026-03-26T06:09:33.441+0000] {taskinstance.py:2867} INFO - Starting attempt 1 of 1
[2026-03-26T06:09:33.467+0000] {taskinstance.py:2890} INFO - Executing <Task(PythonOperator): send_jsonl_to_kafka> on 2026-03-26 06:09:29.780603+00:00
[2026-03-26T06:09:33.486+0000] {warnings.py:112} WARNING - /home/***/.local/lib/python3.12/site-packages/***/task/task_runner/standard_task_runner.py:70: DeprecationWarning: This process (pid=64) is multi-threaded, use of fork() may lead to deadlocks in the child.
  pid = os.fork()

[2026-03-26T06:09:33.490+0000] {standard_task_runner.py:72} INFO - Started process 65 to run task
[2026-03-26T06:09:33.492+0000] {standard_task_runner.py:104} INFO - Running: ['***', 'tasks', 'run', 'kafka_producer', 'send_jsonl_to_kafka', 'manual__2026-03-26T06:09:29.780603+00:00', '--job-id', '24', '--raw', '--subdir', 'DAGS_FOLDER/kafka_load.py', '--cfg-path', '/tmp/tmp7kt1_3om']
[2026-03-26T06:09:33.494+0000] {standard_task_runner.py:105} INFO - Job 24: Subtask send_jsonl_to_kafka
[2026-03-26T06:09:33.577+0000] {task_command.py:467} INFO - Running <TaskInstance: kafka_producer.send_jsonl_to_kafka manual__2026-03-26T06:09:29.780603+00:00 [running]> on host c89d29d28897
[2026-03-26T06:09:33.688+0000] {taskinstance.py:3134} INFO - Exporting env vars: AIRFLOW_CTX_DAG_OWNER='***' AIRFLOW_CTX_DAG_ID='kafka_producer' AIRFLOW_CTX_TASK_ID='send_jsonl_to_kafka' AIRFLOW_CTX_EXECUTION_DATE='2026-03-26T06:09:29.780603+00:00' AIRFLOW_CTX_TRY_NUMBER='1' AIRFLOW_CTX_DAG_RUN_ID='manual__2026-03-26T06:09:29.780603+00:00'
[2026-03-26T06:09:33.691+0000] {taskinstance.py:732} INFO - ::endgroup::
[2026-03-26T06:09:33.779+0000] {logging_mixin.py:190} INFO - 📄 Обработка файла: browser_events.jsonl
[2026-03-26T06:09:33.788+0000] {logging_mixin.py:190} INFO -   📨 Отправлено 100 сообщений
[2026-03-26T06:09:33.792+0000] {logging_mixin.py:190} INFO -   📨 Отправлено 200 сообщений
[2026-03-26T06:09:33.797+0000] {logging_mixin.py:190} INFO -   📨 Отправлено 300 сообщений
[2026-03-26T06:09:33.801+0000] {logging_mixin.py:190} INFO -   📨 Отправлено 400 сообщений
[2026-03-26T06:09:33.805+0000] {logging_mixin.py:190} INFO -   📨 Отправлено 500 сообщений
[2026-03-26T06:09:33.810+0000] {logging_mixin.py:190} INFO -   📨 Отправлено 600 сообщений
[2026-03-26T06:09:33.815+0000] {logging_mixin.py:190} INFO -   📨 Отправлено 700 сообщений
[2026-03-26T06:09:33.819+0000] {logging_mixin.py:190} INFO -   📨 Отправлено 800 сообщений
[2026-03-26T06:09:33.822+0000] {logging_mixin.py:190} INFO -   📨 Отправлено 900 сообщений
[2026-03-26T06:09:33.827+0000] {logging_mixin.py:190} INFO -   📨 Отправлено 1000 сообщений
[2026-03-26T06:09:33.828+0000] {logging_mixin.py:190} INFO -   ✅ Файл browser_events.jsonl обработан
[2026-03-26T06:14:42.501+0000] {logging_mixin.py:190} INFO - 
✅ Итого: 1 файлов, 1000 сообщений отправлено в топик 'browser_events'
[2026-03-26T06:14:42.502+0000] {python.py:240} INFO - Done. Returned value was: None
[2026-03-26T06:14:42.516+0000] {taskinstance.py:341} INFO - ::group::Post task execution logs
[2026-03-26T06:14:42.516+0000] {taskinstance.py:353} INFO - Marking task as SUCCESS. dag_id=kafka_producer, task_id=send_jsonl_to_kafka, run_id=manual__2026-03-26T06:09:29.780603+00:00, execution_date=20260326T060929, start_date=20260326T060933, end_date=20260326T061442
[2026-03-26T06:14:42.597+0000] {local_task_job_runner.py:266} INFO - Task exited with return code 0
[2026-03-26T06:14:42.619+0000] {taskinstance.py:3901} INFO - 0 downstream tasks scheduled from follow-on schedule check
[2026-03-26T06:14:42.623+0000] {local_task_job_runner.py:245} INFO - ::endgroup::
