[2026-04-12T15:57:19.560+0000] {local_task_job_runner.py:123} INFO - ::group::Pre task execution logs
[2026-04-12T15:57:19.580+0000] {taskinstance.py:2614} INFO - Dependencies all met for dep_context=non-requeueable deps ti=<TaskInstance: layers_update.run_dbt manual__2026-04-12T15:57:17.094853+00:00 [queued]>
[2026-04-12T15:57:19.589+0000] {taskinstance.py:2614} INFO - Dependencies all met for dep_context=requeueable deps ti=<TaskInstance: layers_update.run_dbt manual__2026-04-12T15:57:17.094853+00:00 [queued]>
[2026-04-12T15:57:19.590+0000] {taskinstance.py:2867} INFO - Starting attempt 1 of 1
[2026-04-12T15:57:19.607+0000] {taskinstance.py:2890} INFO - Executing <Task(BashOperator): run_dbt> on 2026-04-12 15:57:17.094853+00:00
[2026-04-12T15:57:19.616+0000] {warnings.py:112} WARNING - /home/***/.local/lib/python3.12/site-packages/***/task/task_runner/standard_task_runner.py:70: DeprecationWarning: This process (pid=92) is multi-threaded, use of fork() may lead to deadlocks in the child.
  pid = os.fork()

[2026-04-12T15:57:19.619+0000] {standard_task_runner.py:72} INFO - Started process 93 to run task
[2026-04-12T15:57:19.618+0000] {standard_task_runner.py:104} INFO - Running: ['***', 'tasks', 'run', 'layers_update', 'run_dbt', 'manual__2026-04-12T15:57:17.094853+00:00', '--job-id', '9', '--raw', '--subdir', 'DAGS_FOLDER/layers_update.py', '--cfg-path', '/tmp/tmpojcqt5ku']
[2026-04-12T15:57:19.621+0000] {standard_task_runner.py:105} INFO - Job 9: Subtask run_dbt
[2026-04-12T15:57:19.684+0000] {task_command.py:467} INFO - Running <TaskInstance: layers_update.run_dbt manual__2026-04-12T15:57:17.094853+00:00 [running]> on host 5fbfe133d589
[2026-04-12T15:57:19.798+0000] {taskinstance.py:3134} INFO - Exporting env vars: AIRFLOW_CTX_DAG_OWNER='***' AIRFLOW_CTX_DAG_ID='layers_update' AIRFLOW_CTX_TASK_ID='run_dbt' AIRFLOW_CTX_EXECUTION_DATE='2026-04-12T15:57:17.094853+00:00' AIRFLOW_CTX_TRY_NUMBER='1' AIRFLOW_CTX_DAG_RUN_ID='manual__2026-04-12T15:57:17.094853+00:00'
[2026-04-12T15:57:19.801+0000] {taskinstance.py:732} INFO - ::endgroup::
[2026-04-12T15:57:19.824+0000] {subprocess.py:78} INFO - Tmp dir root location: /tmp
[2026-04-12T15:57:19.825+0000] {subprocess.py:88} INFO - Running command: ['/usr/bin/bash', '-c', 'dbt run']
[2026-04-12T15:57:19.837+0000] {subprocess.py:99} INFO - Output:
[2026-04-12T15:57:23.552+0000] {subprocess.py:106} INFO - [0m15:57:23  Running with dbt=1.7.0
[2026-04-12T15:57:23.954+0000] {subprocess.py:106} INFO - [0m15:57:23  Registered adapter: clickhouse=1.7.0
[2026-04-12T15:57:25.356+0000] {subprocess.py:106} INFO - [0m15:57:25  [[33mWARNING[0m]: Configuration paths exist in your dbt_project.yml file which do not apply to any resources.
[2026-04-12T15:57:25.356+0000] {subprocess.py:106} INFO - There are 1 unused configuration paths:
[2026-04-12T15:57:25.357+0000] {subprocess.py:106} INFO - - models.clickhouse_etl.raw
[2026-04-12T15:57:25.394+0000] {subprocess.py:106} INFO - [0m15:57:25  Found 12 models, 20 tests, 4 sources, 0 exposures, 0 metrics, 536 macros, 0 groups, 0 semantic models
[2026-04-12T15:57:25.398+0000] {subprocess.py:106} INFO - [0m15:57:25
[2026-04-12T15:57:26.232+0000] {subprocess.py:106} INFO - [0m15:57:26  Concurrency: 1 threads (target='dev')
[2026-04-12T15:57:26.243+0000] {subprocess.py:106} INFO - [0m15:57:26
[2026-04-12T15:57:26.300+0000] {subprocess.py:106} INFO - [0m15:57:26  1 of 12 START sql incremental model `ods_ods`.`browser_data` ................... [RUN]
[2026-04-12T15:57:26.636+0000] {subprocess.py:106} INFO - [0m15:57:26  1 of 12 OK created sql incremental model `ods_ods`.`browser_data` .............. [[32mOK[0m in 0.34s]
[2026-04-12T15:57:26.641+0000] {subprocess.py:106} INFO - [0m15:57:26  2 of 12 START sql incremental model `ods_ods`.`device_data` .................... [RUN]
[2026-04-12T15:57:26.888+0000] {subprocess.py:106} INFO - [0m15:57:26  2 of 12 OK created sql incremental model `ods_ods`.`device_data` ............... [[32mOK[0m in 0.24s]
[2026-04-12T15:57:26.892+0000] {subprocess.py:106} INFO - [0m15:57:26  3 of 12 START sql incremental model `ods_ods`.`geo_data` ....................... [RUN]
[2026-04-12T15:57:27.100+0000] {subprocess.py:106} INFO - [0m15:57:27  3 of 12 OK created sql incremental model `ods_ods`.`geo_data` .................. [[32mOK[0m in 0.20s]
[2026-04-12T15:57:27.103+0000] {subprocess.py:106} INFO - [0m15:57:27  4 of 12 START sql incremental model `ods_ods`.`location_data` .................. [RUN]
[2026-04-12T15:57:27.347+0000] {subprocess.py:106} INFO - [0m15:57:27  4 of 12 OK created sql incremental model `ods_ods`.`location_data` ............. [[32mOK[0m in 0.24s]
[2026-04-12T15:57:27.353+0000] {subprocess.py:106} INFO - [0m15:57:27  5 of 12 START sql incremental model `ods_dds`.`dim_browser` .................... [RUN]
[2026-04-12T15:57:27.547+0000] {subprocess.py:106} INFO - [0m15:57:27  5 of 12 OK created sql incremental model `ods_dds`.`dim_browser` ............... [[32mOK[0m in 0.19s]
[2026-04-12T15:57:27.551+0000] {subprocess.py:106} INFO - [0m15:57:27  6 of 12 START sql incremental model `ods_dds`.`dim_device` ..................... [RUN]
[2026-04-12T15:57:27.752+0000] {subprocess.py:106} INFO - [0m15:57:27  6 of 12 OK created sql incremental model `ods_dds`.`dim_device` ................ [[32mOK[0m in 0.20s]
[2026-04-12T15:57:27.755+0000] {subprocess.py:106} INFO - [0m15:57:27  7 of 12 START sql incremental model `ods_dds`.`fct_click` ...................... [RUN]
[2026-04-12T15:57:27.983+0000] {subprocess.py:106} INFO - [0m15:57:27  7 of 12 OK created sql incremental model `ods_dds`.`fct_click` ................. [[32mOK[0m in 0.23s]
[2026-04-12T15:57:27.986+0000] {subprocess.py:106} INFO - [0m15:57:27  8 of 12 START sql incremental model `ods_dds`.`dim_geo` ........................ [RUN]
[2026-04-12T15:57:28.186+0000] {subprocess.py:106} INFO - [0m15:57:28  8 of 12 OK created sql incremental model `ods_dds`.`dim_geo` ................... [[32mOK[0m in 0.20s]
[2026-04-12T15:57:28.190+0000] {subprocess.py:106} INFO - [0m15:57:28  9 of 12 START sql incremental model `ods_dds`.`dim_location` ................... [RUN]
[2026-04-12T15:57:28.420+0000] {subprocess.py:106} INFO - [0m15:57:28  9 of 12 OK created sql incremental model `ods_dds`.`dim_location` .............. [[32mOK[0m in 0.23s]
[2026-04-12T15:57:28.424+0000] {subprocess.py:106} INFO - [0m15:57:28  10 of 12 START sql view model `ods_dm`.`geo_stat` .............................. [RUN]
[2026-04-12T15:57:28.628+0000] {subprocess.py:106} INFO - [0m15:57:28  10 of 12 OK created sql view model `ods_dm`.`geo_stat` ......................... [[32mOK[0m in 0.20s]
[2026-04-12T15:57:28.631+0000] {subprocess.py:106} INFO - [0m15:57:28  11 of 12 START sql incremental model `ods_dm`.`daily_aggregates` ............... [RUN]
[2026-04-12T15:57:28.941+0000] {subprocess.py:106} INFO - [0m15:57:28  11 of 12 OK created sql incremental model `ods_dm`.`daily_aggregates` .......... [[32mOK[0m in 0.31s]
[2026-04-12T15:57:28.945+0000] {subprocess.py:106} INFO - [0m15:57:28  12 of 12 START sql view model `ods_dm`.`popular_source` ........................ [RUN]
[2026-04-12T15:57:29.043+0000] {subprocess.py:106} INFO - [0m15:57:29  12 of 12 OK created sql view model `ods_dm`.`popular_source` ................... [[32mOK[0m in 0.10s]
[2026-04-12T15:57:29.055+0000] {subprocess.py:106} INFO - [0m15:57:29
[2026-04-12T15:57:29.056+0000] {subprocess.py:106} INFO - [0m15:57:29  Finished running 10 incremental models, 2 view models in 0 hours 0 minutes and 3.66 seconds (3.66s).
[2026-04-12T15:57:29.087+0000] {subprocess.py:106} INFO - [0m15:57:29
[2026-04-12T15:57:29.088+0000] {subprocess.py:106} INFO - [0m15:57:29  [32mCompleted successfully[0m
[2026-04-12T15:57:29.089+0000] {subprocess.py:106} INFO - [0m15:57:29
[2026-04-12T15:57:29.089+0000] {subprocess.py:106} INFO - [0m15:57:29  Done. PASS=12 WARN=0 ERROR=0 SKIP=0 TOTAL=12
[2026-04-12T15:57:30.164+0000] {subprocess.py:110} INFO - Command exited with return code 0
[2026-04-12T15:57:30.198+0000] {taskinstance.py:341} INFO - ::group::Post task execution logs
[2026-04-12T15:57:30.199+0000] {taskinstance.py:353} INFO - Marking task as SUCCESS. dag_id=layers_update, task_id=run_dbt, run_id=manual__2026-04-12T15:57:17.094853+00:00, execution_date=20260412T155717, start_date=20260412T155719, end_date=20260412T155730
[2026-04-12T15:57:30.276+0000] {local_task_job_runner.py:266} INFO - Task exited with return code 0
[2026-04-12T15:57:30.300+0000] {taskinstance.py:3901} INFO - 0 downstream tasks scheduled from follow-on schedule check
[2026-04-12T15:57:30.303+0000] {local_task_job_runner.py:245} INFO - ::endgroup::
