[2026-04-14T07:58:59.468+0000] {processor.py:186} INFO - Started process (PID=29) to work on /opt/airflow/dags/kafka_load.py
[2026-04-14T07:58:59.470+0000] {processor.py:914} INFO - Processing file /opt/airflow/dags/kafka_load.py for tasks to queue
[2026-04-14T07:58:59.482+0000] {logging_mixin.py:190} INFO - [2026-04-14T07:58:59.478+0000] {dagbag.py:588} INFO - Filling up the DagBag from /opt/airflow/dags/kafka_load.py
[2026-04-14T07:58:59.609+0000] {processor.py:925} INFO - DAG(s) 'kafka_producer' retrieved from /opt/airflow/dags/kafka_load.py
[2026-04-14T07:58:59.852+0000] {logging_mixin.py:190} INFO - [2026-04-14T07:58:59.851+0000] {override.py:1912} INFO - Created Permission View: can delete on DAG:kafka_producer
[2026-04-14T07:58:59.871+0000] {logging_mixin.py:190} INFO - [2026-04-14T07:58:59.871+0000] {override.py:1912} INFO - Created Permission View: can edit on DAG:kafka_producer
[2026-04-14T07:58:59.885+0000] {logging_mixin.py:190} INFO - [2026-04-14T07:58:59.884+0000] {override.py:1912} INFO - Created Permission View: can read on DAG:kafka_producer
[2026-04-14T07:58:59.904+0000] {logging_mixin.py:190} INFO - [2026-04-14T07:58:59.903+0000] {override.py:1912} INFO - Created Permission View: can delete on DAG Run:kafka_producer
[2026-04-14T07:58:59.924+0000] {logging_mixin.py:190} INFO - [2026-04-14T07:58:59.924+0000] {override.py:1912} INFO - Created Permission View: can create on DAG Run:kafka_producer
[2026-04-14T07:58:59.944+0000] {logging_mixin.py:190} INFO - [2026-04-14T07:58:59.943+0000] {override.py:1912} INFO - Created Permission View: can read on DAG Run:kafka_producer
[2026-04-14T07:58:59.961+0000] {logging_mixin.py:190} INFO - [2026-04-14T07:58:59.961+0000] {override.py:1912} INFO - Created Permission View: menu access on DAG Run:kafka_producer
[2026-04-14T07:58:59.962+0000] {logging_mixin.py:190} INFO - [2026-04-14T07:58:59.962+0000] {dag.py:3239} INFO - Sync 1 DAGs
[2026-04-14T07:58:59.984+0000] {logging_mixin.py:190} INFO - [2026-04-14T07:58:59.984+0000] {dag.py:3262} INFO - Creating ORM DAG for kafka_producer
[2026-04-14T07:59:00.013+0000] {logging_mixin.py:190} INFO - [2026-04-14T07:59:00.013+0000] {dag.py:4180} INFO - Setting next_dagrun for kafka_producer to 2026-04-12 18:30:00+00:00, run_after=2026-04-13 18:30:00+00:00
[2026-04-14T07:59:00.066+0000] {processor.py:208} INFO - Processing /opt/airflow/dags/kafka_load.py took 0.623 seconds
[2026-04-14T07:59:31.021+0000] {processor.py:186} INFO - Started process (PID=32) to work on /opt/airflow/dags/kafka_load.py
[2026-04-14T07:59:31.023+0000] {processor.py:914} INFO - Processing file /opt/airflow/dags/kafka_load.py for tasks to queue
[2026-04-14T07:59:31.026+0000] {logging_mixin.py:190} INFO - [2026-04-14T07:59:31.025+0000] {dagbag.py:588} INFO - Filling up the DagBag from /opt/airflow/dags/kafka_load.py
[2026-04-14T07:59:31.062+0000] {processor.py:925} INFO - DAG(s) 'kafka_producer' retrieved from /opt/airflow/dags/kafka_load.py
[2026-04-14T07:59:31.092+0000] {logging_mixin.py:190} INFO - [2026-04-14T07:59:31.092+0000] {dag.py:3239} INFO - Sync 1 DAGs
[2026-04-14T07:59:31.125+0000] {logging_mixin.py:190} INFO - [2026-04-14T07:59:31.124+0000] {dag.py:4180} INFO - Setting next_dagrun for kafka_producer to 2026-04-12 18:30:00+00:00, run_after=2026-04-13 18:30:00+00:00
[2026-04-14T07:59:31.865+0000] {processor.py:208} INFO - Processing /opt/airflow/dags/kafka_load.py took 0.854 seconds
[2026-04-14T08:00:02.299+0000] {processor.py:186} INFO - Started process (PID=35) to work on /opt/airflow/dags/kafka_load.py
[2026-04-14T08:00:02.302+0000] {processor.py:914} INFO - Processing file /opt/airflow/dags/kafka_load.py for tasks to queue
[2026-04-14T08:00:02.309+0000] {logging_mixin.py:190} INFO - [2026-04-14T08:00:02.309+0000] {dagbag.py:588} INFO - Filling up the DagBag from /opt/airflow/dags/kafka_load.py
[2026-04-14T08:00:02.382+0000] {processor.py:925} INFO - DAG(s) 'kafka_producer' retrieved from /opt/airflow/dags/kafka_load.py
[2026-04-14T08:00:02.432+0000] {logging_mixin.py:190} INFO - [2026-04-14T08:00:02.432+0000] {dag.py:3239} INFO - Sync 1 DAGs
[2026-04-14T08:00:02.500+0000] {logging_mixin.py:190} INFO - [2026-04-14T08:00:02.500+0000] {dag.py:4180} INFO - Setting next_dagrun for kafka_producer to 2026-04-12 18:30:00+00:00, run_after=2026-04-13 18:30:00+00:00
[2026-04-14T08:00:02.540+0000] {processor.py:208} INFO - Processing /opt/airflow/dags/kafka_load.py took 0.260 seconds
[2026-04-14T08:00:33.335+0000] {processor.py:186} INFO - Started process (PID=38) to work on /opt/airflow/dags/kafka_load.py
[2026-04-14T08:00:33.337+0000] {processor.py:914} INFO - Processing file /opt/airflow/dags/kafka_load.py for tasks to queue
[2026-04-14T08:00:33.340+0000] {logging_mixin.py:190} INFO - [2026-04-14T08:00:33.340+0000] {dagbag.py:588} INFO - Filling up the DagBag from /opt/airflow/dags/kafka_load.py
[2026-04-14T08:00:33.381+0000] {processor.py:925} INFO - DAG(s) 'kafka_producer' retrieved from /opt/airflow/dags/kafka_load.py
[2026-04-14T08:00:33.412+0000] {logging_mixin.py:190} INFO - [2026-04-14T08:00:33.412+0000] {dag.py:3239} INFO - Sync 1 DAGs
[2026-04-14T08:00:33.450+0000] {logging_mixin.py:190} INFO - [2026-04-14T08:00:33.449+0000] {dag.py:4180} INFO - Setting next_dagrun for kafka_producer to 2026-04-12 18:30:00+00:00, run_after=2026-04-13 18:30:00+00:00
[2026-04-14T08:00:33.474+0000] {processor.py:208} INFO - Processing /opt/airflow/dags/kafka_load.py took 0.149 seconds
[2026-04-14T08:01:04.193+0000] {processor.py:186} INFO - Started process (PID=41) to work on /opt/airflow/dags/kafka_load.py
[2026-04-14T08:01:04.194+0000] {processor.py:914} INFO - Processing file /opt/airflow/dags/kafka_load.py for tasks to queue
[2026-04-14T08:01:04.198+0000] {logging_mixin.py:190} INFO - [2026-04-14T08:01:04.197+0000] {dagbag.py:588} INFO - Filling up the DagBag from /opt/airflow/dags/kafka_load.py
[2026-04-14T08:01:04.235+0000] {processor.py:925} INFO - DAG(s) 'kafka_producer' retrieved from /opt/airflow/dags/kafka_load.py
[2026-04-14T08:01:04.263+0000] {logging_mixin.py:190} INFO - [2026-04-14T08:01:04.263+0000] {dag.py:3239} INFO - Sync 1 DAGs
[2026-04-14T08:01:04.297+0000] {logging_mixin.py:190} INFO - [2026-04-14T08:01:04.297+0000] {dag.py:4180} INFO - Setting next_dagrun for kafka_producer to 2026-04-12 18:30:00+00:00, run_after=2026-04-13 18:30:00+00:00
[2026-04-14T08:01:04.320+0000] {processor.py:208} INFO - Processing /opt/airflow/dags/kafka_load.py took 0.136 seconds
[2026-04-14T08:01:35.134+0000] {processor.py:186} INFO - Started process (PID=44) to work on /opt/airflow/dags/kafka_load.py
[2026-04-14T08:01:35.138+0000] {processor.py:914} INFO - Processing file /opt/airflow/dags/kafka_load.py for tasks to queue
[2026-04-14T08:01:35.142+0000] {logging_mixin.py:190} INFO - [2026-04-14T08:01:35.142+0000] {dagbag.py:588} INFO - Filling up the DagBag from /opt/airflow/dags/kafka_load.py
[2026-04-14T08:01:35.209+0000] {processor.py:925} INFO - DAG(s) 'kafka_producer' retrieved from /opt/airflow/dags/kafka_load.py
[2026-04-14T08:01:35.254+0000] {logging_mixin.py:190} INFO - [2026-04-14T08:01:35.254+0000] {dag.py:3239} INFO - Sync 1 DAGs
[2026-04-14T08:01:35.294+0000] {logging_mixin.py:190} INFO - [2026-04-14T08:01:35.294+0000] {dag.py:4180} INFO - Setting next_dagrun for kafka_producer to 2026-04-13 18:30:00+00:00, run_after=2026-04-14 18:30:00+00:00
[2026-04-14T08:01:35.322+0000] {processor.py:208} INFO - Processing /opt/airflow/dags/kafka_load.py took 0.207 seconds
[2026-04-14T08:02:05.795+0000] {processor.py:186} INFO - Started process (PID=47) to work on /opt/airflow/dags/kafka_load.py
[2026-04-14T08:02:05.798+0000] {processor.py:914} INFO - Processing file /opt/airflow/dags/kafka_load.py for tasks to queue
[2026-04-14T08:02:05.806+0000] {logging_mixin.py:190} INFO - [2026-04-14T08:02:05.806+0000] {dagbag.py:588} INFO - Filling up the DagBag from /opt/airflow/dags/kafka_load.py
[2026-04-14T08:02:05.871+0000] {processor.py:925} INFO - DAG(s) 'kafka_producer' retrieved from /opt/airflow/dags/kafka_load.py
[2026-04-14T08:02:05.926+0000] {logging_mixin.py:190} INFO - [2026-04-14T08:02:05.926+0000] {dag.py:3239} INFO - Sync 1 DAGs
[2026-04-14T08:02:05.972+0000] {logging_mixin.py:190} INFO - [2026-04-14T08:02:05.972+0000] {dag.py:4180} INFO - Setting next_dagrun for kafka_producer to 2026-04-13 18:30:00+00:00, run_after=2026-04-14 18:30:00+00:00
[2026-04-14T08:02:06.014+0000] {processor.py:208} INFO - Processing /opt/airflow/dags/kafka_load.py took 0.234 seconds
[2026-04-14T08:02:36.400+0000] {processor.py:186} INFO - Started process (PID=50) to work on /opt/airflow/dags/kafka_load.py
[2026-04-14T08:02:36.402+0000] {processor.py:914} INFO - Processing file /opt/airflow/dags/kafka_load.py for tasks to queue
[2026-04-14T08:02:36.409+0000] {logging_mixin.py:190} INFO - [2026-04-14T08:02:36.409+0000] {dagbag.py:588} INFO - Filling up the DagBag from /opt/airflow/dags/kafka_load.py
[2026-04-14T08:02:36.446+0000] {processor.py:925} INFO - DAG(s) 'kafka_producer' retrieved from /opt/airflow/dags/kafka_load.py
[2026-04-14T08:02:36.490+0000] {logging_mixin.py:190} INFO - [2026-04-14T08:02:36.489+0000] {dag.py:3239} INFO - Sync 1 DAGs
[2026-04-14T08:02:36.526+0000] {logging_mixin.py:190} INFO - [2026-04-14T08:02:36.526+0000] {dag.py:4180} INFO - Setting next_dagrun for kafka_producer to 2026-04-13 18:30:00+00:00, run_after=2026-04-14 18:30:00+00:00
[2026-04-14T08:02:36.555+0000] {processor.py:208} INFO - Processing /opt/airflow/dags/kafka_load.py took 0.165 seconds
[2026-04-14T08:03:07.132+0000] {processor.py:186} INFO - Started process (PID=53) to work on /opt/airflow/dags/kafka_load.py
[2026-04-14T08:03:07.134+0000] {processor.py:914} INFO - Processing file /opt/airflow/dags/kafka_load.py for tasks to queue
[2026-04-14T08:03:07.138+0000] {logging_mixin.py:190} INFO - [2026-04-14T08:03:07.138+0000] {dagbag.py:588} INFO - Filling up the DagBag from /opt/airflow/dags/kafka_load.py
[2026-04-14T08:03:07.171+0000] {processor.py:925} INFO - DAG(s) 'kafka_producer' retrieved from /opt/airflow/dags/kafka_load.py
[2026-04-14T08:03:07.209+0000] {logging_mixin.py:190} INFO - [2026-04-14T08:03:07.209+0000] {dag.py:3239} INFO - Sync 1 DAGs
[2026-04-14T08:03:07.257+0000] {logging_mixin.py:190} INFO - [2026-04-14T08:03:07.256+0000] {dag.py:4180} INFO - Setting next_dagrun for kafka_producer to 2026-04-13 18:30:00+00:00, run_after=2026-04-14 18:30:00+00:00
[2026-04-14T08:03:07.303+0000] {processor.py:208} INFO - Processing /opt/airflow/dags/kafka_load.py took 0.180 seconds
[2026-04-14T08:03:37.775+0000] {processor.py:186} INFO - Started process (PID=56) to work on /opt/airflow/dags/kafka_load.py
[2026-04-14T08:03:37.786+0000] {processor.py:914} INFO - Processing file /opt/airflow/dags/kafka_load.py for tasks to queue
[2026-04-14T08:03:37.791+0000] {logging_mixin.py:190} INFO - [2026-04-14T08:03:37.790+0000] {dagbag.py:588} INFO - Filling up the DagBag from /opt/airflow/dags/kafka_load.py
[2026-04-14T08:03:37.919+0000] {processor.py:925} INFO - DAG(s) 'kafka_producer' retrieved from /opt/airflow/dags/kafka_load.py
[2026-04-14T08:03:38.018+0000] {logging_mixin.py:190} INFO - [2026-04-14T08:03:38.017+0000] {dag.py:3239} INFO - Sync 1 DAGs
[2026-04-14T08:03:38.117+0000] {logging_mixin.py:190} INFO - [2026-04-14T08:03:38.116+0000] {dag.py:4180} INFO - Setting next_dagrun for kafka_producer to 2026-04-13 18:30:00+00:00, run_after=2026-04-14 18:30:00+00:00
[2026-04-14T08:03:38.751+0000] {processor.py:208} INFO - Processing /opt/airflow/dags/kafka_load.py took 0.989 seconds
[2026-04-14T08:04:09.218+0000] {processor.py:186} INFO - Started process (PID=59) to work on /opt/airflow/dags/kafka_load.py
[2026-04-14T08:04:09.220+0000] {processor.py:914} INFO - Processing file /opt/airflow/dags/kafka_load.py for tasks to queue
[2026-04-14T08:04:09.225+0000] {logging_mixin.py:190} INFO - [2026-04-14T08:04:09.224+0000] {dagbag.py:588} INFO - Filling up the DagBag from /opt/airflow/dags/kafka_load.py
[2026-04-14T08:04:09.257+0000] {processor.py:925} INFO - DAG(s) 'kafka_producer' retrieved from /opt/airflow/dags/kafka_load.py
[2026-04-14T08:04:09.285+0000] {logging_mixin.py:190} INFO - [2026-04-14T08:04:09.285+0000] {dag.py:3239} INFO - Sync 1 DAGs
[2026-04-14T08:04:09.316+0000] {logging_mixin.py:190} INFO - [2026-04-14T08:04:09.316+0000] {dag.py:4180} INFO - Setting next_dagrun for kafka_producer to 2026-04-13 18:30:00+00:00, run_after=2026-04-14 18:30:00+00:00
[2026-04-14T08:04:09.346+0000] {processor.py:208} INFO - Processing /opt/airflow/dags/kafka_load.py took 0.137 seconds
[2026-04-14T08:04:39.823+0000] {processor.py:186} INFO - Started process (PID=62) to work on /opt/airflow/dags/kafka_load.py
[2026-04-14T08:04:39.824+0000] {processor.py:914} INFO - Processing file /opt/airflow/dags/kafka_load.py for tasks to queue
[2026-04-14T08:04:39.828+0000] {logging_mixin.py:190} INFO - [2026-04-14T08:04:39.827+0000] {dagbag.py:588} INFO - Filling up the DagBag from /opt/airflow/dags/kafka_load.py
[2026-04-14T08:04:39.867+0000] {processor.py:925} INFO - DAG(s) 'kafka_producer' retrieved from /opt/airflow/dags/kafka_load.py
[2026-04-14T08:04:39.914+0000] {logging_mixin.py:190} INFO - [2026-04-14T08:04:39.914+0000] {dag.py:3239} INFO - Sync 1 DAGs
[2026-04-14T08:04:39.950+0000] {logging_mixin.py:190} INFO - [2026-04-14T08:04:39.950+0000] {dag.py:4180} INFO - Setting next_dagrun for kafka_producer to 2026-04-13 18:30:00+00:00, run_after=2026-04-14 18:30:00+00:00
[2026-04-14T08:04:39.973+0000] {processor.py:208} INFO - Processing /opt/airflow/dags/kafka_load.py took 0.161 seconds
[2026-04-14T08:05:10.629+0000] {processor.py:186} INFO - Started process (PID=65) to work on /opt/airflow/dags/kafka_load.py
[2026-04-14T08:05:10.631+0000] {processor.py:914} INFO - Processing file /opt/airflow/dags/kafka_load.py for tasks to queue
[2026-04-14T08:05:10.637+0000] {logging_mixin.py:190} INFO - [2026-04-14T08:05:10.637+0000] {dagbag.py:588} INFO - Filling up the DagBag from /opt/airflow/dags/kafka_load.py
[2026-04-14T08:05:10.689+0000] {processor.py:925} INFO - DAG(s) 'kafka_producer' retrieved from /opt/airflow/dags/kafka_load.py
[2026-04-14T08:05:10.732+0000] {logging_mixin.py:190} INFO - [2026-04-14T08:05:10.732+0000] {dag.py:3239} INFO - Sync 1 DAGs
[2026-04-14T08:05:10.769+0000] {logging_mixin.py:190} INFO - [2026-04-14T08:05:10.768+0000] {dag.py:4180} INFO - Setting next_dagrun for kafka_producer to 2026-04-13 18:30:00+00:00, run_after=2026-04-14 18:30:00+00:00
[2026-04-14T08:05:10.791+0000] {processor.py:208} INFO - Processing /opt/airflow/dags/kafka_load.py took 0.176 seconds
[2026-04-14T08:05:41.359+0000] {processor.py:186} INFO - Started process (PID=68) to work on /opt/airflow/dags/kafka_load.py
[2026-04-14T08:05:41.364+0000] {processor.py:914} INFO - Processing file /opt/airflow/dags/kafka_load.py for tasks to queue
[2026-04-14T08:05:41.367+0000] {logging_mixin.py:190} INFO - [2026-04-14T08:05:41.366+0000] {dagbag.py:588} INFO - Filling up the DagBag from /opt/airflow/dags/kafka_load.py
[2026-04-14T08:05:41.402+0000] {processor.py:925} INFO - DAG(s) 'kafka_producer' retrieved from /opt/airflow/dags/kafka_load.py
[2026-04-14T08:05:41.434+0000] {logging_mixin.py:190} INFO - [2026-04-14T08:05:41.434+0000] {dag.py:3239} INFO - Sync 1 DAGs
[2026-04-14T08:05:41.475+0000] {logging_mixin.py:190} INFO - [2026-04-14T08:05:41.474+0000] {dag.py:4180} INFO - Setting next_dagrun for kafka_producer to 2026-04-13 18:30:00+00:00, run_after=2026-04-14 18:30:00+00:00
[2026-04-14T08:05:41.499+0000] {processor.py:208} INFO - Processing /opt/airflow/dags/kafka_load.py took 0.153 seconds
[2026-04-14T08:06:12.083+0000] {processor.py:186} INFO - Started process (PID=71) to work on /opt/airflow/dags/kafka_load.py
[2026-04-14T08:06:12.084+0000] {processor.py:914} INFO - Processing file /opt/airflow/dags/kafka_load.py for tasks to queue
[2026-04-14T08:06:12.088+0000] {logging_mixin.py:190} INFO - [2026-04-14T08:06:12.088+0000] {dagbag.py:588} INFO - Filling up the DagBag from /opt/airflow/dags/kafka_load.py
[2026-04-14T08:06:12.125+0000] {processor.py:925} INFO - DAG(s) 'kafka_producer' retrieved from /opt/airflow/dags/kafka_load.py
[2026-04-14T08:06:12.150+0000] {logging_mixin.py:190} INFO - [2026-04-14T08:06:12.150+0000] {dag.py:3239} INFO - Sync 1 DAGs
[2026-04-14T08:06:12.188+0000] {logging_mixin.py:190} INFO - [2026-04-14T08:06:12.187+0000] {dag.py:4180} INFO - Setting next_dagrun for kafka_producer to 2026-04-13 18:30:00+00:00, run_after=2026-04-14 18:30:00+00:00
[2026-04-14T08:06:12.212+0000] {processor.py:208} INFO - Processing /opt/airflow/dags/kafka_load.py took 0.138 seconds
[2026-04-14T08:06:42.813+0000] {processor.py:186} INFO - Started process (PID=74) to work on /opt/airflow/dags/kafka_load.py
[2026-04-14T08:06:42.824+0000] {processor.py:914} INFO - Processing file /opt/airflow/dags/kafka_load.py for tasks to queue
[2026-04-14T08:06:42.841+0000] {logging_mixin.py:190} INFO - [2026-04-14T08:06:42.840+0000] {dagbag.py:588} INFO - Filling up the DagBag from /opt/airflow/dags/kafka_load.py
[2026-04-14T08:06:42.972+0000] {processor.py:925} INFO - DAG(s) 'kafka_producer' retrieved from /opt/airflow/dags/kafka_load.py
[2026-04-14T08:06:43.054+0000] {logging_mixin.py:190} INFO - [2026-04-14T08:06:43.053+0000] {dag.py:3239} INFO - Sync 1 DAGs
[2026-04-14T08:06:43.099+0000] {logging_mixin.py:190} INFO - [2026-04-14T08:06:43.099+0000] {dag.py:4180} INFO - Setting next_dagrun for kafka_producer to 2026-04-13 18:30:00+00:00, run_after=2026-04-14 18:30:00+00:00
[2026-04-14T08:06:43.132+0000] {processor.py:208} INFO - Processing /opt/airflow/dags/kafka_load.py took 0.341 seconds
[2026-04-14T08:07:13.700+0000] {processor.py:186} INFO - Started process (PID=77) to work on /opt/airflow/dags/kafka_load.py
[2026-04-14T08:07:13.702+0000] {processor.py:914} INFO - Processing file /opt/airflow/dags/kafka_load.py for tasks to queue
[2026-04-14T08:07:13.718+0000] {logging_mixin.py:190} INFO - [2026-04-14T08:07:13.716+0000] {dagbag.py:588} INFO - Filling up the DagBag from /opt/airflow/dags/kafka_load.py
[2026-04-14T08:07:13.831+0000] {processor.py:925} INFO - DAG(s) 'kafka_producer' retrieved from /opt/airflow/dags/kafka_load.py
[2026-04-14T08:07:13.925+0000] {logging_mixin.py:190} INFO - [2026-04-14T08:07:13.925+0000] {dag.py:3239} INFO - Sync 1 DAGs
[2026-04-14T08:07:14.013+0000] {logging_mixin.py:190} INFO - [2026-04-14T08:07:14.010+0000] {dag.py:4180} INFO - Setting next_dagrun for kafka_producer to 2026-04-13 18:30:00+00:00, run_after=2026-04-14 18:30:00+00:00
[2026-04-14T08:07:14.057+0000] {processor.py:208} INFO - Processing /opt/airflow/dags/kafka_load.py took 0.373 seconds
[2026-04-14T08:07:44.581+0000] {processor.py:186} INFO - Started process (PID=80) to work on /opt/airflow/dags/kafka_load.py
[2026-04-14T08:07:44.584+0000] {processor.py:914} INFO - Processing file /opt/airflow/dags/kafka_load.py for tasks to queue
[2026-04-14T08:07:44.594+0000] {logging_mixin.py:190} INFO - [2026-04-14T08:07:44.593+0000] {dagbag.py:588} INFO - Filling up the DagBag from /opt/airflow/dags/kafka_load.py
[2026-04-14T08:07:44.664+0000] {processor.py:925} INFO - DAG(s) 'kafka_producer' retrieved from /opt/airflow/dags/kafka_load.py
[2026-04-14T08:07:44.706+0000] {logging_mixin.py:190} INFO - [2026-04-14T08:07:44.706+0000] {dag.py:3239} INFO - Sync 1 DAGs
[2026-04-14T08:07:44.751+0000] {logging_mixin.py:190} INFO - [2026-04-14T08:07:44.750+0000] {dag.py:4180} INFO - Setting next_dagrun for kafka_producer to 2026-04-13 18:30:00+00:00, run_after=2026-04-14 18:30:00+00:00
[2026-04-14T08:07:44.804+0000] {processor.py:208} INFO - Processing /opt/airflow/dags/kafka_load.py took 0.243 seconds
[2026-04-14T08:08:14.967+0000] {processor.py:186} INFO - Started process (PID=83) to work on /opt/airflow/dags/kafka_load.py
[2026-04-14T08:08:14.969+0000] {processor.py:914} INFO - Processing file /opt/airflow/dags/kafka_load.py for tasks to queue
[2026-04-14T08:08:14.975+0000] {logging_mixin.py:190} INFO - [2026-04-14T08:08:14.972+0000] {dagbag.py:588} INFO - Filling up the DagBag from /opt/airflow/dags/kafka_load.py
[2026-04-14T08:08:15.021+0000] {processor.py:925} INFO - DAG(s) 'kafka_producer' retrieved from /opt/airflow/dags/kafka_load.py
[2026-04-14T08:08:15.062+0000] {logging_mixin.py:190} INFO - [2026-04-14T08:08:15.061+0000] {dag.py:3239} INFO - Sync 1 DAGs
[2026-04-14T08:08:15.101+0000] {logging_mixin.py:190} INFO - [2026-04-14T08:08:15.101+0000] {dag.py:4180} INFO - Setting next_dagrun for kafka_producer to 2026-04-13 18:30:00+00:00, run_after=2026-04-14 18:30:00+00:00
[2026-04-14T08:08:15.131+0000] {processor.py:208} INFO - Processing /opt/airflow/dags/kafka_load.py took 0.177 seconds
[2026-04-14T08:08:45.894+0000] {processor.py:186} INFO - Started process (PID=86) to work on /opt/airflow/dags/kafka_load.py
[2026-04-14T08:08:45.897+0000] {processor.py:914} INFO - Processing file /opt/airflow/dags/kafka_load.py for tasks to queue
[2026-04-14T08:08:45.914+0000] {logging_mixin.py:190} INFO - [2026-04-14T08:08:45.913+0000] {dagbag.py:588} INFO - Filling up the DagBag from /opt/airflow/dags/kafka_load.py
[2026-04-14T08:08:45.984+0000] {processor.py:925} INFO - DAG(s) 'kafka_producer' retrieved from /opt/airflow/dags/kafka_load.py
[2026-04-14T08:08:46.027+0000] {logging_mixin.py:190} INFO - [2026-04-14T08:08:46.027+0000] {dag.py:3239} INFO - Sync 1 DAGs
[2026-04-14T08:08:46.101+0000] {logging_mixin.py:190} INFO - [2026-04-14T08:08:46.101+0000] {dag.py:4180} INFO - Setting next_dagrun for kafka_producer to 2026-04-13 18:30:00+00:00, run_after=2026-04-14 18:30:00+00:00
[2026-04-14T08:08:46.155+0000] {processor.py:208} INFO - Processing /opt/airflow/dags/kafka_load.py took 0.269 seconds
[2026-04-14T08:09:16.552+0000] {processor.py:186} INFO - Started process (PID=89) to work on /opt/airflow/dags/kafka_load.py
[2026-04-14T08:09:16.554+0000] {processor.py:914} INFO - Processing file /opt/airflow/dags/kafka_load.py for tasks to queue
[2026-04-14T08:09:16.560+0000] {logging_mixin.py:190} INFO - [2026-04-14T08:09:16.559+0000] {dagbag.py:588} INFO - Filling up the DagBag from /opt/airflow/dags/kafka_load.py
[2026-04-14T08:09:16.604+0000] {processor.py:925} INFO - DAG(s) 'kafka_producer' retrieved from /opt/airflow/dags/kafka_load.py
[2026-04-14T08:09:16.641+0000] {logging_mixin.py:190} INFO - [2026-04-14T08:09:16.641+0000] {dag.py:3239} INFO - Sync 1 DAGs
[2026-04-14T08:09:16.710+0000] {logging_mixin.py:190} INFO - [2026-04-14T08:09:16.710+0000] {dag.py:4180} INFO - Setting next_dagrun for kafka_producer to 2026-04-13 18:30:00+00:00, run_after=2026-04-14 18:30:00+00:00
[2026-04-14T08:09:16.770+0000] {processor.py:208} INFO - Processing /opt/airflow/dags/kafka_load.py took 0.227 seconds
[2026-04-14T08:09:46.985+0000] {processor.py:186} INFO - Started process (PID=92) to work on /opt/airflow/dags/kafka_load.py
[2026-04-14T08:09:46.987+0000] {processor.py:914} INFO - Processing file /opt/airflow/dags/kafka_load.py for tasks to queue
[2026-04-14T08:09:46.998+0000] {logging_mixin.py:190} INFO - [2026-04-14T08:09:46.997+0000] {dagbag.py:588} INFO - Filling up the DagBag from /opt/airflow/dags/kafka_load.py
[2026-04-14T08:09:47.045+0000] {processor.py:925} INFO - DAG(s) 'kafka_producer' retrieved from /opt/airflow/dags/kafka_load.py
[2026-04-14T08:09:47.094+0000] {logging_mixin.py:190} INFO - [2026-04-14T08:09:47.093+0000] {dag.py:3239} INFO - Sync 1 DAGs
[2026-04-14T08:09:47.138+0000] {logging_mixin.py:190} INFO - [2026-04-14T08:09:47.137+0000] {dag.py:4180} INFO - Setting next_dagrun for kafka_producer to 2026-04-13 18:30:00+00:00, run_after=2026-04-14 18:30:00+00:00
[2026-04-14T08:09:47.168+0000] {processor.py:208} INFO - Processing /opt/airflow/dags/kafka_load.py took 0.193 seconds
[2026-04-14T08:10:17.273+0000] {processor.py:186} INFO - Started process (PID=95) to work on /opt/airflow/dags/kafka_load.py
[2026-04-14T08:10:17.274+0000] {processor.py:914} INFO - Processing file /opt/airflow/dags/kafka_load.py for tasks to queue
[2026-04-14T08:10:17.278+0000] {logging_mixin.py:190} INFO - [2026-04-14T08:10:17.278+0000] {dagbag.py:588} INFO - Filling up the DagBag from /opt/airflow/dags/kafka_load.py
[2026-04-14T08:10:17.327+0000] {processor.py:925} INFO - DAG(s) 'kafka_producer' retrieved from /opt/airflow/dags/kafka_load.py
[2026-04-14T08:10:17.373+0000] {logging_mixin.py:190} INFO - [2026-04-14T08:10:17.373+0000] {dag.py:3239} INFO - Sync 1 DAGs
[2026-04-14T08:10:17.418+0000] {logging_mixin.py:190} INFO - [2026-04-14T08:10:17.418+0000] {dag.py:4180} INFO - Setting next_dagrun for kafka_producer to 2026-04-13 18:30:00+00:00, run_after=2026-04-14 18:30:00+00:00
[2026-04-14T08:10:17.455+0000] {processor.py:208} INFO - Processing /opt/airflow/dags/kafka_load.py took 0.194 seconds
[2026-04-14T08:10:47.864+0000] {processor.py:186} INFO - Started process (PID=98) to work on /opt/airflow/dags/kafka_load.py
[2026-04-14T08:10:47.865+0000] {processor.py:914} INFO - Processing file /opt/airflow/dags/kafka_load.py for tasks to queue
[2026-04-14T08:10:47.871+0000] {logging_mixin.py:190} INFO - [2026-04-14T08:10:47.870+0000] {dagbag.py:588} INFO - Filling up the DagBag from /opt/airflow/dags/kafka_load.py
[2026-04-14T08:10:47.921+0000] {processor.py:925} INFO - DAG(s) 'kafka_producer' retrieved from /opt/airflow/dags/kafka_load.py
[2026-04-14T08:10:47.961+0000] {logging_mixin.py:190} INFO - [2026-04-14T08:10:47.961+0000] {dag.py:3239} INFO - Sync 1 DAGs
[2026-04-14T08:10:48.006+0000] {logging_mixin.py:190} INFO - [2026-04-14T08:10:48.005+0000] {dag.py:4180} INFO - Setting next_dagrun for kafka_producer to 2026-04-13 18:30:00+00:00, run_after=2026-04-14 18:30:00+00:00
[2026-04-14T08:10:48.044+0000] {processor.py:208} INFO - Processing /opt/airflow/dags/kafka_load.py took 0.190 seconds
[2026-04-14T08:11:18.870+0000] {processor.py:186} INFO - Started process (PID=101) to work on /opt/airflow/dags/kafka_load.py
[2026-04-14T08:11:18.871+0000] {processor.py:914} INFO - Processing file /opt/airflow/dags/kafka_load.py for tasks to queue
[2026-04-14T08:11:18.874+0000] {logging_mixin.py:190} INFO - [2026-04-14T08:11:18.874+0000] {dagbag.py:588} INFO - Filling up the DagBag from /opt/airflow/dags/kafka_load.py
[2026-04-14T08:11:18.925+0000] {processor.py:925} INFO - DAG(s) 'kafka_producer' retrieved from /opt/airflow/dags/kafka_load.py
[2026-04-14T08:11:18.992+0000] {logging_mixin.py:190} INFO - [2026-04-14T08:11:18.992+0000] {dag.py:3239} INFO - Sync 1 DAGs
[2026-04-14T08:11:19.060+0000] {logging_mixin.py:190} INFO - [2026-04-14T08:11:19.060+0000] {dag.py:4180} INFO - Setting next_dagrun for kafka_producer to 2026-04-13 18:30:00+00:00, run_after=2026-04-14 18:30:00+00:00
[2026-04-14T08:11:19.094+0000] {processor.py:208} INFO - Processing /opt/airflow/dags/kafka_load.py took 0.235 seconds
[2026-04-14T08:11:49.718+0000] {processor.py:186} INFO - Started process (PID=104) to work on /opt/airflow/dags/kafka_load.py
[2026-04-14T08:11:49.722+0000] {processor.py:914} INFO - Processing file /opt/airflow/dags/kafka_load.py for tasks to queue
[2026-04-14T08:11:49.730+0000] {logging_mixin.py:190} INFO - [2026-04-14T08:11:49.729+0000] {dagbag.py:588} INFO - Filling up the DagBag from /opt/airflow/dags/kafka_load.py
[2026-04-14T08:11:49.787+0000] {processor.py:925} INFO - DAG(s) 'kafka_producer' retrieved from /opt/airflow/dags/kafka_load.py
[2026-04-14T08:11:49.853+0000] {logging_mixin.py:190} INFO - [2026-04-14T08:11:49.853+0000] {dag.py:3239} INFO - Sync 1 DAGs
[2026-04-14T08:11:49.923+0000] {logging_mixin.py:190} INFO - [2026-04-14T08:11:49.922+0000] {dag.py:4180} INFO - Setting next_dagrun for kafka_producer to 2026-04-13 18:30:00+00:00, run_after=2026-04-14 18:30:00+00:00
[2026-04-14T08:11:50.657+0000] {processor.py:208} INFO - Processing /opt/airflow/dags/kafka_load.py took 0.955 seconds
[2026-04-14T08:12:20.923+0000] {processor.py:186} INFO - Started process (PID=107) to work on /opt/airflow/dags/kafka_load.py
[2026-04-14T08:12:20.925+0000] {processor.py:914} INFO - Processing file /opt/airflow/dags/kafka_load.py for tasks to queue
[2026-04-14T08:12:20.935+0000] {logging_mixin.py:190} INFO - [2026-04-14T08:12:20.934+0000] {dagbag.py:588} INFO - Filling up the DagBag from /opt/airflow/dags/kafka_load.py
[2026-04-14T08:12:20.980+0000] {processor.py:925} INFO - DAG(s) 'kafka_producer' retrieved from /opt/airflow/dags/kafka_load.py
[2026-04-14T08:12:21.013+0000] {logging_mixin.py:190} INFO - [2026-04-14T08:12:21.012+0000] {dag.py:3239} INFO - Sync 1 DAGs
[2026-04-14T08:12:21.055+0000] {logging_mixin.py:190} INFO - [2026-04-14T08:12:21.055+0000] {dag.py:4180} INFO - Setting next_dagrun for kafka_producer to 2026-04-13 18:30:00+00:00, run_after=2026-04-14 18:30:00+00:00
[2026-04-14T08:12:21.087+0000] {processor.py:208} INFO - Processing /opt/airflow/dags/kafka_load.py took 0.176 seconds
[2026-04-14T08:12:51.444+0000] {processor.py:186} INFO - Started process (PID=110) to work on /opt/airflow/dags/kafka_load.py
[2026-04-14T08:12:51.446+0000] {processor.py:914} INFO - Processing file /opt/airflow/dags/kafka_load.py for tasks to queue
[2026-04-14T08:12:51.449+0000] {logging_mixin.py:190} INFO - [2026-04-14T08:12:51.449+0000] {dagbag.py:588} INFO - Filling up the DagBag from /opt/airflow/dags/kafka_load.py
[2026-04-14T08:12:51.485+0000] {processor.py:925} INFO - DAG(s) 'kafka_producer' retrieved from /opt/airflow/dags/kafka_load.py
[2026-04-14T08:12:51.523+0000] {logging_mixin.py:190} INFO - [2026-04-14T08:12:51.522+0000] {dag.py:3239} INFO - Sync 1 DAGs
[2026-04-14T08:12:51.566+0000] {logging_mixin.py:190} INFO - [2026-04-14T08:12:51.565+0000] {dag.py:4180} INFO - Setting next_dagrun for kafka_producer to 2026-04-13 18:30:00+00:00, run_after=2026-04-14 18:30:00+00:00
[2026-04-14T08:12:53.789+0000] {processor.py:208} INFO - Processing /opt/airflow/dags/kafka_load.py took 2.354 seconds
[2026-04-14T08:13:24.208+0000] {processor.py:186} INFO - Started process (PID=113) to work on /opt/airflow/dags/kafka_load.py
[2026-04-14T08:13:24.212+0000] {processor.py:914} INFO - Processing file /opt/airflow/dags/kafka_load.py for tasks to queue
[2026-04-14T08:13:24.218+0000] {logging_mixin.py:190} INFO - [2026-04-14T08:13:24.217+0000] {dagbag.py:588} INFO - Filling up the DagBag from /opt/airflow/dags/kafka_load.py
[2026-04-14T08:13:24.285+0000] {processor.py:925} INFO - DAG(s) 'kafka_producer' retrieved from /opt/airflow/dags/kafka_load.py
[2026-04-14T08:13:24.327+0000] {logging_mixin.py:190} INFO - [2026-04-14T08:13:24.327+0000] {dag.py:3239} INFO - Sync 1 DAGs
[2026-04-14T08:13:24.364+0000] {logging_mixin.py:190} INFO - [2026-04-14T08:13:24.363+0000] {dag.py:4180} INFO - Setting next_dagrun for kafka_producer to 2026-04-13 18:30:00+00:00, run_after=2026-04-14 18:30:00+00:00
[2026-04-14T08:13:24.387+0000] {processor.py:208} INFO - Processing /opt/airflow/dags/kafka_load.py took 0.192 seconds
[2026-04-14T08:13:54.768+0000] {processor.py:186} INFO - Started process (PID=116) to work on /opt/airflow/dags/kafka_load.py
[2026-04-14T08:13:54.769+0000] {processor.py:914} INFO - Processing file /opt/airflow/dags/kafka_load.py for tasks to queue
[2026-04-14T08:13:54.772+0000] {logging_mixin.py:190} INFO - [2026-04-14T08:13:54.772+0000] {dagbag.py:588} INFO - Filling up the DagBag from /opt/airflow/dags/kafka_load.py
[2026-04-14T08:13:54.806+0000] {processor.py:925} INFO - DAG(s) 'kafka_producer' retrieved from /opt/airflow/dags/kafka_load.py
[2026-04-14T08:13:54.834+0000] {logging_mixin.py:190} INFO - [2026-04-14T08:13:54.834+0000] {dag.py:3239} INFO - Sync 1 DAGs
[2026-04-14T08:13:54.872+0000] {logging_mixin.py:190} INFO - [2026-04-14T08:13:54.871+0000] {dag.py:4180} INFO - Setting next_dagrun for kafka_producer to 2026-04-13 18:30:00+00:00, run_after=2026-04-14 18:30:00+00:00
[2026-04-14T08:13:54.903+0000] {processor.py:208} INFO - Processing /opt/airflow/dags/kafka_load.py took 0.144 seconds
[2026-04-14T08:14:25.369+0000] {processor.py:186} INFO - Started process (PID=119) to work on /opt/airflow/dags/kafka_load.py
[2026-04-14T08:14:25.371+0000] {processor.py:914} INFO - Processing file /opt/airflow/dags/kafka_load.py for tasks to queue
[2026-04-14T08:14:25.375+0000] {logging_mixin.py:190} INFO - [2026-04-14T08:14:25.375+0000] {dagbag.py:588} INFO - Filling up the DagBag from /opt/airflow/dags/kafka_load.py
[2026-04-14T08:14:25.435+0000] {processor.py:925} INFO - DAG(s) 'kafka_producer' retrieved from /opt/airflow/dags/kafka_load.py
[2026-04-14T08:14:25.485+0000] {logging_mixin.py:190} INFO - [2026-04-14T08:14:25.485+0000] {dag.py:3239} INFO - Sync 1 DAGs
[2026-04-14T08:14:25.573+0000] {logging_mixin.py:190} INFO - [2026-04-14T08:14:25.573+0000] {dag.py:4180} INFO - Setting next_dagrun for kafka_producer to 2026-04-13 18:30:00+00:00, run_after=2026-04-14 18:30:00+00:00
[2026-04-14T08:14:25.603+0000] {processor.py:208} INFO - Processing /opt/airflow/dags/kafka_load.py took 0.244 seconds
[2026-04-14T08:14:56.032+0000] {processor.py:186} INFO - Started process (PID=122) to work on /opt/airflow/dags/kafka_load.py
[2026-04-14T08:14:56.034+0000] {processor.py:914} INFO - Processing file /opt/airflow/dags/kafka_load.py for tasks to queue
[2026-04-14T08:14:56.039+0000] {logging_mixin.py:190} INFO - [2026-04-14T08:14:56.038+0000] {dagbag.py:588} INFO - Filling up the DagBag from /opt/airflow/dags/kafka_load.py
[2026-04-14T08:14:56.083+0000] {processor.py:925} INFO - DAG(s) 'kafka_producer' retrieved from /opt/airflow/dags/kafka_load.py
[2026-04-14T08:14:56.122+0000] {logging_mixin.py:190} INFO - [2026-04-14T08:14:56.122+0000] {dag.py:3239} INFO - Sync 1 DAGs
[2026-04-14T08:14:56.198+0000] {logging_mixin.py:190} INFO - [2026-04-14T08:14:56.197+0000] {dag.py:4180} INFO - Setting next_dagrun for kafka_producer to 2026-04-13 18:30:00+00:00, run_after=2026-04-14 18:30:00+00:00
[2026-04-14T08:14:56.269+0000] {processor.py:208} INFO - Processing /opt/airflow/dags/kafka_load.py took 0.247 seconds
[2026-04-14T08:15:26.851+0000] {processor.py:186} INFO - Started process (PID=125) to work on /opt/airflow/dags/kafka_load.py
[2026-04-14T08:15:26.852+0000] {processor.py:914} INFO - Processing file /opt/airflow/dags/kafka_load.py for tasks to queue
[2026-04-14T08:15:26.857+0000] {logging_mixin.py:190} INFO - [2026-04-14T08:15:26.856+0000] {dagbag.py:588} INFO - Filling up the DagBag from /opt/airflow/dags/kafka_load.py
[2026-04-14T08:15:26.890+0000] {processor.py:925} INFO - DAG(s) 'kafka_producer' retrieved from /opt/airflow/dags/kafka_load.py
[2026-04-14T08:15:26.919+0000] {logging_mixin.py:190} INFO - [2026-04-14T08:15:26.918+0000] {dag.py:3239} INFO - Sync 1 DAGs
[2026-04-14T08:15:26.953+0000] {logging_mixin.py:190} INFO - [2026-04-14T08:15:26.952+0000] {dag.py:4180} INFO - Setting next_dagrun for kafka_producer to 2026-04-13 18:30:00+00:00, run_after=2026-04-14 18:30:00+00:00
[2026-04-14T08:15:26.977+0000] {processor.py:208} INFO - Processing /opt/airflow/dags/kafka_load.py took 0.138 seconds
[2026-04-14T08:15:57.498+0000] {processor.py:186} INFO - Started process (PID=128) to work on /opt/airflow/dags/kafka_load.py
[2026-04-14T08:15:57.500+0000] {processor.py:914} INFO - Processing file /opt/airflow/dags/kafka_load.py for tasks to queue
[2026-04-14T08:15:57.504+0000] {logging_mixin.py:190} INFO - [2026-04-14T08:15:57.503+0000] {dagbag.py:588} INFO - Filling up the DagBag from /opt/airflow/dags/kafka_load.py
[2026-04-14T08:15:57.579+0000] {processor.py:925} INFO - DAG(s) 'kafka_producer' retrieved from /opt/airflow/dags/kafka_load.py
[2026-04-14T08:15:57.618+0000] {logging_mixin.py:190} INFO - [2026-04-14T08:15:57.618+0000] {dag.py:3239} INFO - Sync 1 DAGs
[2026-04-14T08:15:57.654+0000] {logging_mixin.py:190} INFO - [2026-04-14T08:15:57.654+0000] {dag.py:4180} INFO - Setting next_dagrun for kafka_producer to 2026-04-13 18:30:00+00:00, run_after=2026-04-14 18:30:00+00:00
[2026-04-14T08:15:57.689+0000] {processor.py:208} INFO - Processing /opt/airflow/dags/kafka_load.py took 0.206 seconds
[2026-04-14T08:16:28.125+0000] {processor.py:186} INFO - Started process (PID=131) to work on /opt/airflow/dags/kafka_load.py
[2026-04-14T08:16:28.126+0000] {processor.py:914} INFO - Processing file /opt/airflow/dags/kafka_load.py for tasks to queue
[2026-04-14T08:16:28.130+0000] {logging_mixin.py:190} INFO - [2026-04-14T08:16:28.130+0000] {dagbag.py:588} INFO - Filling up the DagBag from /opt/airflow/dags/kafka_load.py
[2026-04-14T08:16:28.197+0000] {processor.py:925} INFO - DAG(s) 'kafka_producer' retrieved from /opt/airflow/dags/kafka_load.py
[2026-04-14T08:16:28.227+0000] {logging_mixin.py:190} INFO - [2026-04-14T08:16:28.227+0000] {dag.py:3239} INFO - Sync 1 DAGs
[2026-04-14T08:16:28.266+0000] {logging_mixin.py:190} INFO - [2026-04-14T08:16:28.265+0000] {dag.py:4180} INFO - Setting next_dagrun for kafka_producer to 2026-04-13 18:30:00+00:00, run_after=2026-04-14 18:30:00+00:00
[2026-04-14T08:16:28.292+0000] {processor.py:208} INFO - Processing /opt/airflow/dags/kafka_load.py took 0.176 seconds
[2026-04-14T08:16:59.284+0000] {processor.py:186} INFO - Started process (PID=134) to work on /opt/airflow/dags/kafka_load.py
[2026-04-14T08:16:59.286+0000] {processor.py:914} INFO - Processing file /opt/airflow/dags/kafka_load.py for tasks to queue
[2026-04-14T08:16:59.290+0000] {logging_mixin.py:190} INFO - [2026-04-14T08:16:59.290+0000] {dagbag.py:588} INFO - Filling up the DagBag from /opt/airflow/dags/kafka_load.py
[2026-04-14T08:16:59.335+0000] {processor.py:925} INFO - DAG(s) 'kafka_producer' retrieved from /opt/airflow/dags/kafka_load.py
[2026-04-14T08:16:59.383+0000] {logging_mixin.py:190} INFO - [2026-04-14T08:16:59.382+0000] {dag.py:3239} INFO - Sync 1 DAGs
[2026-04-14T08:16:59.437+0000] {logging_mixin.py:190} INFO - [2026-04-14T08:16:59.437+0000] {dag.py:4180} INFO - Setting next_dagrun for kafka_producer to 2026-04-13 18:30:00+00:00, run_after=2026-04-14 18:30:00+00:00
[2026-04-14T08:16:59.477+0000] {processor.py:208} INFO - Processing /opt/airflow/dags/kafka_load.py took 0.205 seconds
[2026-04-14T08:17:29.862+0000] {processor.py:186} INFO - Started process (PID=137) to work on /opt/airflow/dags/kafka_load.py
[2026-04-14T08:17:29.863+0000] {processor.py:914} INFO - Processing file /opt/airflow/dags/kafka_load.py for tasks to queue
[2026-04-14T08:17:29.869+0000] {logging_mixin.py:190} INFO - [2026-04-14T08:17:29.869+0000] {dagbag.py:588} INFO - Filling up the DagBag from /opt/airflow/dags/kafka_load.py
[2026-04-14T08:17:29.903+0000] {processor.py:925} INFO - DAG(s) 'kafka_producer' retrieved from /opt/airflow/dags/kafka_load.py
[2026-04-14T08:17:29.942+0000] {logging_mixin.py:190} INFO - [2026-04-14T08:17:29.942+0000] {dag.py:3239} INFO - Sync 1 DAGs
[2026-04-14T08:17:30.000+0000] {logging_mixin.py:190} INFO - [2026-04-14T08:17:30.000+0000] {dag.py:4180} INFO - Setting next_dagrun for kafka_producer to 2026-04-13 18:30:00+00:00, run_after=2026-04-14 18:30:00+00:00
[2026-04-14T08:17:30.054+0000] {processor.py:208} INFO - Processing /opt/airflow/dags/kafka_load.py took 0.201 seconds
[2026-04-14T08:18:00.414+0000] {processor.py:186} INFO - Started process (PID=140) to work on /opt/airflow/dags/kafka_load.py
[2026-04-14T08:18:00.416+0000] {processor.py:914} INFO - Processing file /opt/airflow/dags/kafka_load.py for tasks to queue
[2026-04-14T08:18:00.420+0000] {logging_mixin.py:190} INFO - [2026-04-14T08:18:00.419+0000] {dagbag.py:588} INFO - Filling up the DagBag from /opt/airflow/dags/kafka_load.py
[2026-04-14T08:18:00.451+0000] {processor.py:925} INFO - DAG(s) 'kafka_producer' retrieved from /opt/airflow/dags/kafka_load.py
[2026-04-14T08:18:00.493+0000] {logging_mixin.py:190} INFO - [2026-04-14T08:18:00.493+0000] {dag.py:3239} INFO - Sync 1 DAGs
[2026-04-14T08:18:00.544+0000] {logging_mixin.py:190} INFO - [2026-04-14T08:18:00.544+0000] {dag.py:4180} INFO - Setting next_dagrun for kafka_producer to 2026-04-13 18:30:00+00:00, run_after=2026-04-14 18:30:00+00:00
[2026-04-14T08:18:04.389+0000] {processor.py:208} INFO - Processing /opt/airflow/dags/kafka_load.py took 3.985 seconds
[2026-04-14T08:18:34.863+0000] {processor.py:186} INFO - Started process (PID=143) to work on /opt/airflow/dags/kafka_load.py
[2026-04-14T08:18:34.864+0000] {processor.py:914} INFO - Processing file /opt/airflow/dags/kafka_load.py for tasks to queue
[2026-04-14T08:18:34.870+0000] {logging_mixin.py:190} INFO - [2026-04-14T08:18:34.869+0000] {dagbag.py:588} INFO - Filling up the DagBag from /opt/airflow/dags/kafka_load.py
[2026-04-14T08:18:34.917+0000] {processor.py:925} INFO - DAG(s) 'kafka_producer' retrieved from /opt/airflow/dags/kafka_load.py
[2026-04-14T08:18:34.945+0000] {logging_mixin.py:190} INFO - [2026-04-14T08:18:34.944+0000] {dag.py:3239} INFO - Sync 1 DAGs
[2026-04-14T08:18:34.978+0000] {logging_mixin.py:190} INFO - [2026-04-14T08:18:34.977+0000] {dag.py:4180} INFO - Setting next_dagrun for kafka_producer to 2026-04-13 18:30:00+00:00, run_after=2026-04-14 18:30:00+00:00
[2026-04-14T08:18:35.004+0000] {processor.py:208} INFO - Processing /opt/airflow/dags/kafka_load.py took 0.151 seconds
[2026-04-14T08:19:05.225+0000] {processor.py:186} INFO - Started process (PID=146) to work on /opt/airflow/dags/kafka_load.py
[2026-04-14T08:19:05.227+0000] {processor.py:914} INFO - Processing file /opt/airflow/dags/kafka_load.py for tasks to queue
[2026-04-14T08:19:05.234+0000] {logging_mixin.py:190} INFO - [2026-04-14T08:19:05.232+0000] {dagbag.py:588} INFO - Filling up the DagBag from /opt/airflow/dags/kafka_load.py
[2026-04-14T08:19:05.278+0000] {processor.py:925} INFO - DAG(s) 'kafka_producer' retrieved from /opt/airflow/dags/kafka_load.py
[2026-04-14T08:19:05.316+0000] {logging_mixin.py:190} INFO - [2026-04-14T08:19:05.315+0000] {dag.py:3239} INFO - Sync 1 DAGs
[2026-04-14T08:19:05.354+0000] {logging_mixin.py:190} INFO - [2026-04-14T08:19:05.354+0000] {dag.py:4180} INFO - Setting next_dagrun for kafka_producer to 2026-04-13 18:30:00+00:00, run_after=2026-04-14 18:30:00+00:00
[2026-04-14T08:19:05.381+0000] {processor.py:208} INFO - Processing /opt/airflow/dags/kafka_load.py took 0.169 seconds
[2026-04-14T08:19:35.660+0000] {processor.py:186} INFO - Started process (PID=149) to work on /opt/airflow/dags/kafka_load.py
[2026-04-14T08:19:35.664+0000] {processor.py:914} INFO - Processing file /opt/airflow/dags/kafka_load.py for tasks to queue
[2026-04-14T08:19:35.670+0000] {logging_mixin.py:190} INFO - [2026-04-14T08:19:35.669+0000] {dagbag.py:588} INFO - Filling up the DagBag from /opt/airflow/dags/kafka_load.py
[2026-04-14T08:19:35.708+0000] {processor.py:925} INFO - DAG(s) 'kafka_producer' retrieved from /opt/airflow/dags/kafka_load.py
[2026-04-14T08:19:35.746+0000] {logging_mixin.py:190} INFO - [2026-04-14T08:19:35.746+0000] {dag.py:3239} INFO - Sync 1 DAGs
[2026-04-14T08:19:35.781+0000] {logging_mixin.py:190} INFO - [2026-04-14T08:19:35.781+0000] {dag.py:4180} INFO - Setting next_dagrun for kafka_producer to 2026-04-13 18:30:00+00:00, run_after=2026-04-14 18:30:00+00:00
[2026-04-14T08:19:35.811+0000] {processor.py:208} INFO - Processing /opt/airflow/dags/kafka_load.py took 0.163 seconds
[2026-04-14T08:20:06.690+0000] {processor.py:186} INFO - Started process (PID=152) to work on /opt/airflow/dags/kafka_load.py
[2026-04-14T08:20:06.693+0000] {processor.py:914} INFO - Processing file /opt/airflow/dags/kafka_load.py for tasks to queue
[2026-04-14T08:20:06.703+0000] {logging_mixin.py:190} INFO - [2026-04-14T08:20:06.701+0000] {dagbag.py:588} INFO - Filling up the DagBag from /opt/airflow/dags/kafka_load.py
[2026-04-14T08:20:06.759+0000] {processor.py:925} INFO - DAG(s) 'kafka_producer' retrieved from /opt/airflow/dags/kafka_load.py
[2026-04-14T08:20:06.790+0000] {logging_mixin.py:190} INFO - [2026-04-14T08:20:06.790+0000] {dag.py:3239} INFO - Sync 1 DAGs
[2026-04-14T08:20:06.847+0000] {logging_mixin.py:190} INFO - [2026-04-14T08:20:06.847+0000] {dag.py:4180} INFO - Setting next_dagrun for kafka_producer to 2026-04-13 18:30:00+00:00, run_after=2026-04-14 18:30:00+00:00
[2026-04-14T08:20:06.898+0000] {processor.py:208} INFO - Processing /opt/airflow/dags/kafka_load.py took 0.224 seconds
[2026-04-14T08:20:37.331+0000] {processor.py:186} INFO - Started process (PID=155) to work on /opt/airflow/dags/kafka_load.py
[2026-04-14T08:20:37.333+0000] {processor.py:914} INFO - Processing file /opt/airflow/dags/kafka_load.py for tasks to queue
[2026-04-14T08:20:37.337+0000] {logging_mixin.py:190} INFO - [2026-04-14T08:20:37.336+0000] {dagbag.py:588} INFO - Filling up the DagBag from /opt/airflow/dags/kafka_load.py
[2026-04-14T08:20:37.376+0000] {processor.py:925} INFO - DAG(s) 'kafka_producer' retrieved from /opt/airflow/dags/kafka_load.py
[2026-04-14T08:20:37.401+0000] {logging_mixin.py:190} INFO - [2026-04-14T08:20:37.401+0000] {dag.py:3239} INFO - Sync 1 DAGs
[2026-04-14T08:20:37.434+0000] {logging_mixin.py:190} INFO - [2026-04-14T08:20:37.434+0000] {dag.py:4180} INFO - Setting next_dagrun for kafka_producer to 2026-04-13 18:30:00+00:00, run_after=2026-04-14 18:30:00+00:00
[2026-04-14T08:20:37.461+0000] {processor.py:208} INFO - Processing /opt/airflow/dags/kafka_load.py took 0.142 seconds
[2026-04-14T08:21:07.808+0000] {processor.py:186} INFO - Started process (PID=158) to work on /opt/airflow/dags/kafka_load.py
[2026-04-14T08:21:07.812+0000] {processor.py:914} INFO - Processing file /opt/airflow/dags/kafka_load.py for tasks to queue
[2026-04-14T08:21:07.819+0000] {logging_mixin.py:190} INFO - [2026-04-14T08:21:07.819+0000] {dagbag.py:588} INFO - Filling up the DagBag from /opt/airflow/dags/kafka_load.py
[2026-04-14T08:21:07.862+0000] {processor.py:925} INFO - DAG(s) 'kafka_producer' retrieved from /opt/airflow/dags/kafka_load.py
[2026-04-14T08:21:07.888+0000] {logging_mixin.py:190} INFO - [2026-04-14T08:21:07.888+0000] {dag.py:3239} INFO - Sync 1 DAGs
[2026-04-14T08:21:07.919+0000] {logging_mixin.py:190} INFO - [2026-04-14T08:21:07.919+0000] {dag.py:4180} INFO - Setting next_dagrun for kafka_producer to 2026-04-13 18:30:00+00:00, run_after=2026-04-14 18:30:00+00:00
[2026-04-14T08:21:07.946+0000] {processor.py:208} INFO - Processing /opt/airflow/dags/kafka_load.py took 0.151 seconds
[2026-04-14T08:21:38.352+0000] {processor.py:186} INFO - Started process (PID=161) to work on /opt/airflow/dags/kafka_load.py
[2026-04-14T08:21:38.354+0000] {processor.py:914} INFO - Processing file /opt/airflow/dags/kafka_load.py for tasks to queue
[2026-04-14T08:21:38.357+0000] {logging_mixin.py:190} INFO - [2026-04-14T08:21:38.357+0000] {dagbag.py:588} INFO - Filling up the DagBag from /opt/airflow/dags/kafka_load.py
[2026-04-14T08:21:38.387+0000] {processor.py:925} INFO - DAG(s) 'kafka_producer' retrieved from /opt/airflow/dags/kafka_load.py
[2026-04-14T08:21:38.415+0000] {logging_mixin.py:190} INFO - [2026-04-14T08:21:38.414+0000] {dag.py:3239} INFO - Sync 1 DAGs
[2026-04-14T08:21:38.450+0000] {logging_mixin.py:190} INFO - [2026-04-14T08:21:38.450+0000] {dag.py:4180} INFO - Setting next_dagrun for kafka_producer to 2026-04-13 18:30:00+00:00, run_after=2026-04-14 18:30:00+00:00
[2026-04-14T08:21:38.475+0000] {processor.py:208} INFO - Processing /opt/airflow/dags/kafka_load.py took 0.132 seconds
[2026-04-14T08:22:09.037+0000] {processor.py:186} INFO - Started process (PID=164) to work on /opt/airflow/dags/kafka_load.py
[2026-04-14T08:22:09.038+0000] {processor.py:914} INFO - Processing file /opt/airflow/dags/kafka_load.py for tasks to queue
[2026-04-14T08:22:09.045+0000] {logging_mixin.py:190} INFO - [2026-04-14T08:22:09.044+0000] {dagbag.py:588} INFO - Filling up the DagBag from /opt/airflow/dags/kafka_load.py
[2026-04-14T08:22:09.090+0000] {processor.py:925} INFO - DAG(s) 'kafka_producer' retrieved from /opt/airflow/dags/kafka_load.py
[2026-04-14T08:22:09.120+0000] {logging_mixin.py:190} INFO - [2026-04-14T08:22:09.120+0000] {dag.py:3239} INFO - Sync 1 DAGs
[2026-04-14T08:22:09.162+0000] {logging_mixin.py:190} INFO - [2026-04-14T08:22:09.162+0000] {dag.py:4180} INFO - Setting next_dagrun for kafka_producer to 2026-04-13 18:30:00+00:00, run_after=2026-04-14 18:30:00+00:00
[2026-04-14T08:22:09.202+0000] {processor.py:208} INFO - Processing /opt/airflow/dags/kafka_load.py took 0.176 seconds
[2026-04-14T08:22:39.956+0000] {processor.py:186} INFO - Started process (PID=167) to work on /opt/airflow/dags/kafka_load.py
[2026-04-14T08:22:39.958+0000] {processor.py:914} INFO - Processing file /opt/airflow/dags/kafka_load.py for tasks to queue
[2026-04-14T08:22:39.963+0000] {logging_mixin.py:190} INFO - [2026-04-14T08:22:39.962+0000] {dagbag.py:588} INFO - Filling up the DagBag from /opt/airflow/dags/kafka_load.py
[2026-04-14T08:22:39.999+0000] {processor.py:925} INFO - DAG(s) 'kafka_producer' retrieved from /opt/airflow/dags/kafka_load.py
[2026-04-14T08:22:40.354+0000] {logging_mixin.py:190} INFO - [2026-04-14T08:22:40.353+0000] {dag.py:3239} INFO - Sync 1 DAGs
[2026-04-14T08:22:40.454+0000] {logging_mixin.py:190} INFO - [2026-04-14T08:22:40.454+0000] {dag.py:4180} INFO - Setting next_dagrun for kafka_producer to 2026-04-13 18:30:00+00:00, run_after=2026-04-14 18:30:00+00:00
[2026-04-14T08:22:40.765+0000] {processor.py:208} INFO - Processing /opt/airflow/dags/kafka_load.py took 0.821 seconds
[2026-04-14T08:23:10.909+0000] {processor.py:186} INFO - Started process (PID=170) to work on /opt/airflow/dags/kafka_load.py
[2026-04-14T08:23:10.910+0000] {processor.py:914} INFO - Processing file /opt/airflow/dags/kafka_load.py for tasks to queue
[2026-04-14T08:23:10.921+0000] {logging_mixin.py:190} INFO - [2026-04-14T08:23:10.920+0000] {dagbag.py:588} INFO - Filling up the DagBag from /opt/airflow/dags/kafka_load.py
[2026-04-14T08:23:10.962+0000] {processor.py:925} INFO - DAG(s) 'kafka_producer' retrieved from /opt/airflow/dags/kafka_load.py
[2026-04-14T08:23:10.994+0000] {logging_mixin.py:190} INFO - [2026-04-14T08:23:10.994+0000] {dag.py:3239} INFO - Sync 1 DAGs
[2026-04-14T08:23:11.030+0000] {logging_mixin.py:190} INFO - [2026-04-14T08:23:11.030+0000] {dag.py:4180} INFO - Setting next_dagrun for kafka_producer to 2026-04-13 18:30:00+00:00, run_after=2026-04-14 18:30:00+00:00
[2026-04-14T08:23:11.065+0000] {processor.py:208} INFO - Processing /opt/airflow/dags/kafka_load.py took 0.167 seconds
[2026-04-14T08:23:41.466+0000] {processor.py:186} INFO - Started process (PID=173) to work on /opt/airflow/dags/kafka_load.py
[2026-04-14T08:23:41.469+0000] {processor.py:914} INFO - Processing file /opt/airflow/dags/kafka_load.py for tasks to queue
[2026-04-14T08:23:41.474+0000] {logging_mixin.py:190} INFO - [2026-04-14T08:23:41.473+0000] {dagbag.py:588} INFO - Filling up the DagBag from /opt/airflow/dags/kafka_load.py
[2026-04-14T08:23:41.525+0000] {processor.py:925} INFO - DAG(s) 'kafka_producer' retrieved from /opt/airflow/dags/kafka_load.py
[2026-04-14T08:23:41.557+0000] {logging_mixin.py:190} INFO - [2026-04-14T08:23:41.556+0000] {dag.py:3239} INFO - Sync 1 DAGs
[2026-04-14T08:23:41.592+0000] {logging_mixin.py:190} INFO - [2026-04-14T08:23:41.592+0000] {dag.py:4180} INFO - Setting next_dagrun for kafka_producer to 2026-04-13 18:30:00+00:00, run_after=2026-04-14 18:30:00+00:00
[2026-04-14T08:23:41.616+0000] {processor.py:208} INFO - Processing /opt/airflow/dags/kafka_load.py took 0.159 seconds
[2026-04-14T08:24:12.110+0000] {processor.py:186} INFO - Started process (PID=176) to work on /opt/airflow/dags/kafka_load.py
[2026-04-14T08:24:12.112+0000] {processor.py:914} INFO - Processing file /opt/airflow/dags/kafka_load.py for tasks to queue
[2026-04-14T08:24:12.115+0000] {logging_mixin.py:190} INFO - [2026-04-14T08:24:12.115+0000] {dagbag.py:588} INFO - Filling up the DagBag from /opt/airflow/dags/kafka_load.py
[2026-04-14T08:24:12.149+0000] {processor.py:925} INFO - DAG(s) 'kafka_producer' retrieved from /opt/airflow/dags/kafka_load.py
[2026-04-14T08:24:12.178+0000] {logging_mixin.py:190} INFO - [2026-04-14T08:24:12.178+0000] {dag.py:3239} INFO - Sync 1 DAGs
[2026-04-14T08:24:12.210+0000] {logging_mixin.py:190} INFO - [2026-04-14T08:24:12.210+0000] {dag.py:4180} INFO - Setting next_dagrun for kafka_producer to 2026-04-13 18:30:00+00:00, run_after=2026-04-14 18:30:00+00:00
[2026-04-14T08:24:12.235+0000] {processor.py:208} INFO - Processing /opt/airflow/dags/kafka_load.py took 0.136 seconds
[2026-04-14T08:24:42.661+0000] {processor.py:186} INFO - Started process (PID=179) to work on /opt/airflow/dags/kafka_load.py
[2026-04-14T08:24:42.664+0000] {processor.py:914} INFO - Processing file /opt/airflow/dags/kafka_load.py for tasks to queue
[2026-04-14T08:24:42.672+0000] {logging_mixin.py:190} INFO - [2026-04-14T08:24:42.671+0000] {dagbag.py:588} INFO - Filling up the DagBag from /opt/airflow/dags/kafka_load.py
[2026-04-14T08:24:42.730+0000] {processor.py:925} INFO - DAG(s) 'kafka_producer' retrieved from /opt/airflow/dags/kafka_load.py
[2026-04-14T08:24:42.757+0000] {logging_mixin.py:190} INFO - [2026-04-14T08:24:42.757+0000] {dag.py:3239} INFO - Sync 1 DAGs
[2026-04-14T08:24:42.791+0000] {logging_mixin.py:190} INFO - [2026-04-14T08:24:42.790+0000] {dag.py:4180} INFO - Setting next_dagrun for kafka_producer to 2026-04-13 18:30:00+00:00, run_after=2026-04-14 18:30:00+00:00
[2026-04-14T08:24:42.821+0000] {processor.py:208} INFO - Processing /opt/airflow/dags/kafka_load.py took 0.181 seconds
[2026-04-14T08:25:13.244+0000] {processor.py:186} INFO - Started process (PID=182) to work on /opt/airflow/dags/kafka_load.py
[2026-04-14T08:25:13.246+0000] {processor.py:914} INFO - Processing file /opt/airflow/dags/kafka_load.py for tasks to queue
[2026-04-14T08:25:13.250+0000] {logging_mixin.py:190} INFO - [2026-04-14T08:25:13.250+0000] {dagbag.py:588} INFO - Filling up the DagBag from /opt/airflow/dags/kafka_load.py
[2026-04-14T08:25:13.320+0000] {processor.py:925} INFO - DAG(s) 'kafka_producer' retrieved from /opt/airflow/dags/kafka_load.py
[2026-04-14T08:25:13.353+0000] {logging_mixin.py:190} INFO - [2026-04-14T08:25:13.352+0000] {dag.py:3239} INFO - Sync 1 DAGs
[2026-04-14T08:25:13.398+0000] {logging_mixin.py:190} INFO - [2026-04-14T08:25:13.398+0000] {dag.py:4180} INFO - Setting next_dagrun for kafka_producer to 2026-04-13 18:30:00+00:00, run_after=2026-04-14 18:30:00+00:00
[2026-04-14T08:25:13.444+0000] {processor.py:208} INFO - Processing /opt/airflow/dags/kafka_load.py took 0.215 seconds
[2026-04-14T08:25:43.965+0000] {processor.py:186} INFO - Started process (PID=185) to work on /opt/airflow/dags/kafka_load.py
[2026-04-14T08:25:43.966+0000] {processor.py:914} INFO - Processing file /opt/airflow/dags/kafka_load.py for tasks to queue
[2026-04-14T08:25:43.970+0000] {logging_mixin.py:190} INFO - [2026-04-14T08:25:43.969+0000] {dagbag.py:588} INFO - Filling up the DagBag from /opt/airflow/dags/kafka_load.py
[2026-04-14T08:25:44.008+0000] {processor.py:925} INFO - DAG(s) 'kafka_producer' retrieved from /opt/airflow/dags/kafka_load.py
[2026-04-14T08:25:44.034+0000] {logging_mixin.py:190} INFO - [2026-04-14T08:25:44.033+0000] {dag.py:3239} INFO - Sync 1 DAGs
[2026-04-14T08:25:44.068+0000] {logging_mixin.py:190} INFO - [2026-04-14T08:25:44.068+0000] {dag.py:4180} INFO - Setting next_dagrun for kafka_producer to 2026-04-13 18:30:00+00:00, run_after=2026-04-14 18:30:00+00:00
[2026-04-14T08:25:44.094+0000] {processor.py:208} INFO - Processing /opt/airflow/dags/kafka_load.py took 0.139 seconds
[2026-04-14T08:26:14.471+0000] {processor.py:186} INFO - Started process (PID=188) to work on /opt/airflow/dags/kafka_load.py
[2026-04-14T08:26:14.473+0000] {processor.py:914} INFO - Processing file /opt/airflow/dags/kafka_load.py for tasks to queue
[2026-04-14T08:26:14.478+0000] {logging_mixin.py:190} INFO - [2026-04-14T08:26:14.477+0000] {dagbag.py:588} INFO - Filling up the DagBag from /opt/airflow/dags/kafka_load.py
[2026-04-14T08:26:14.522+0000] {processor.py:925} INFO - DAG(s) 'kafka_producer' retrieved from /opt/airflow/dags/kafka_load.py
[2026-04-14T08:26:14.554+0000] {logging_mixin.py:190} INFO - [2026-04-14T08:26:14.554+0000] {dag.py:3239} INFO - Sync 1 DAGs
[2026-04-14T08:26:14.588+0000] {logging_mixin.py:190} INFO - [2026-04-14T08:26:14.587+0000] {dag.py:4180} INFO - Setting next_dagrun for kafka_producer to 2026-04-13 18:30:00+00:00, run_after=2026-04-14 18:30:00+00:00
[2026-04-14T08:26:14.615+0000] {processor.py:208} INFO - Processing /opt/airflow/dags/kafka_load.py took 0.153 seconds
[2026-04-14T08:26:45.032+0000] {processor.py:186} INFO - Started process (PID=191) to work on /opt/airflow/dags/kafka_load.py
[2026-04-14T08:26:45.034+0000] {processor.py:914} INFO - Processing file /opt/airflow/dags/kafka_load.py for tasks to queue
[2026-04-14T08:26:45.037+0000] {logging_mixin.py:190} INFO - [2026-04-14T08:26:45.037+0000] {dagbag.py:588} INFO - Filling up the DagBag from /opt/airflow/dags/kafka_load.py
[2026-04-14T08:26:45.077+0000] {processor.py:925} INFO - DAG(s) 'kafka_producer' retrieved from /opt/airflow/dags/kafka_load.py
[2026-04-14T08:26:45.116+0000] {logging_mixin.py:190} INFO - [2026-04-14T08:26:45.115+0000] {dag.py:3239} INFO - Sync 1 DAGs
[2026-04-14T08:26:45.150+0000] {logging_mixin.py:190} INFO - [2026-04-14T08:26:45.150+0000] {dag.py:4180} INFO - Setting next_dagrun for kafka_producer to 2026-04-13 18:30:00+00:00, run_after=2026-04-14 18:30:00+00:00
[2026-04-14T08:26:45.176+0000] {processor.py:208} INFO - Processing /opt/airflow/dags/kafka_load.py took 0.154 seconds
[2026-04-14T08:27:15.561+0000] {processor.py:186} INFO - Started process (PID=194) to work on /opt/airflow/dags/kafka_load.py
[2026-04-14T08:27:15.563+0000] {processor.py:914} INFO - Processing file /opt/airflow/dags/kafka_load.py for tasks to queue
[2026-04-14T08:27:15.568+0000] {logging_mixin.py:190} INFO - [2026-04-14T08:27:15.567+0000] {dagbag.py:588} INFO - Filling up the DagBag from /opt/airflow/dags/kafka_load.py
[2026-04-14T08:27:15.601+0000] {processor.py:925} INFO - DAG(s) 'kafka_producer' retrieved from /opt/airflow/dags/kafka_load.py
[2026-04-14T08:27:15.632+0000] {logging_mixin.py:190} INFO - [2026-04-14T08:27:15.632+0000] {dag.py:3239} INFO - Sync 1 DAGs
[2026-04-14T08:27:15.666+0000] {logging_mixin.py:190} INFO - [2026-04-14T08:27:15.666+0000] {dag.py:4180} INFO - Setting next_dagrun for kafka_producer to 2026-04-13 18:30:00+00:00, run_after=2026-04-14 18:30:00+00:00
[2026-04-14T08:27:15.690+0000] {processor.py:208} INFO - Processing /opt/airflow/dags/kafka_load.py took 0.140 seconds
[2026-04-14T08:27:45.991+0000] {processor.py:186} INFO - Started process (PID=197) to work on /opt/airflow/dags/kafka_load.py
[2026-04-14T08:27:45.993+0000] {processor.py:914} INFO - Processing file /opt/airflow/dags/kafka_load.py for tasks to queue
[2026-04-14T08:27:45.996+0000] {logging_mixin.py:190} INFO - [2026-04-14T08:27:45.996+0000] {dagbag.py:588} INFO - Filling up the DagBag from /opt/airflow/dags/kafka_load.py
[2026-04-14T08:27:46.042+0000] {processor.py:925} INFO - DAG(s) 'kafka_producer' retrieved from /opt/airflow/dags/kafka_load.py
[2026-04-14T08:27:46.073+0000] {logging_mixin.py:190} INFO - [2026-04-14T08:27:46.073+0000] {dag.py:3239} INFO - Sync 1 DAGs
[2026-04-14T08:27:46.113+0000] {logging_mixin.py:190} INFO - [2026-04-14T08:27:46.113+0000] {dag.py:4180} INFO - Setting next_dagrun for kafka_producer to 2026-04-13 18:30:00+00:00, run_after=2026-04-14 18:30:00+00:00
[2026-04-14T08:27:46.149+0000] {processor.py:208} INFO - Processing /opt/airflow/dags/kafka_load.py took 0.175 seconds
[2026-04-14T08:28:16.856+0000] {processor.py:186} INFO - Started process (PID=200) to work on /opt/airflow/dags/kafka_load.py
[2026-04-14T08:28:16.858+0000] {processor.py:914} INFO - Processing file /opt/airflow/dags/kafka_load.py for tasks to queue
[2026-04-14T08:28:16.864+0000] {logging_mixin.py:190} INFO - [2026-04-14T08:28:16.863+0000] {dagbag.py:588} INFO - Filling up the DagBag from /opt/airflow/dags/kafka_load.py
[2026-04-14T08:28:16.903+0000] {processor.py:925} INFO - DAG(s) 'kafka_producer' retrieved from /opt/airflow/dags/kafka_load.py
[2026-04-14T08:28:16.934+0000] {logging_mixin.py:190} INFO - [2026-04-14T08:28:16.934+0000] {dag.py:3239} INFO - Sync 1 DAGs
[2026-04-14T08:28:16.967+0000] {logging_mixin.py:190} INFO - [2026-04-14T08:28:16.967+0000] {dag.py:4180} INFO - Setting next_dagrun for kafka_producer to 2026-04-13 18:30:00+00:00, run_after=2026-04-14 18:30:00+00:00
[2026-04-14T08:28:16.992+0000] {processor.py:208} INFO - Processing /opt/airflow/dags/kafka_load.py took 0.147 seconds
[2026-04-14T08:28:47.486+0000] {processor.py:186} INFO - Started process (PID=203) to work on /opt/airflow/dags/kafka_load.py
[2026-04-14T08:28:47.487+0000] {processor.py:914} INFO - Processing file /opt/airflow/dags/kafka_load.py for tasks to queue
[2026-04-14T08:28:47.502+0000] {logging_mixin.py:190} INFO - [2026-04-14T08:28:47.502+0000] {dagbag.py:588} INFO - Filling up the DagBag from /opt/airflow/dags/kafka_load.py
[2026-04-14T08:28:47.579+0000] {processor.py:925} INFO - DAG(s) 'kafka_producer' retrieved from /opt/airflow/dags/kafka_load.py
[2026-04-14T08:28:47.608+0000] {logging_mixin.py:190} INFO - [2026-04-14T08:28:47.608+0000] {dag.py:3239} INFO - Sync 1 DAGs
[2026-04-14T08:28:47.649+0000] {logging_mixin.py:190} INFO - [2026-04-14T08:28:47.649+0000] {dag.py:4180} INFO - Setting next_dagrun for kafka_producer to 2026-04-13 18:30:00+00:00, run_after=2026-04-14 18:30:00+00:00
[2026-04-14T08:28:47.672+0000] {processor.py:208} INFO - Processing /opt/airflow/dags/kafka_load.py took 0.201 seconds
[2026-04-14T08:29:18.178+0000] {processor.py:186} INFO - Started process (PID=206) to work on /opt/airflow/dags/kafka_load.py
[2026-04-14T08:29:18.180+0000] {processor.py:914} INFO - Processing file /opt/airflow/dags/kafka_load.py for tasks to queue
[2026-04-14T08:29:18.183+0000] {logging_mixin.py:190} INFO - [2026-04-14T08:29:18.183+0000] {dagbag.py:588} INFO - Filling up the DagBag from /opt/airflow/dags/kafka_load.py
[2026-04-14T08:29:18.222+0000] {processor.py:925} INFO - DAG(s) 'kafka_producer' retrieved from /opt/airflow/dags/kafka_load.py
[2026-04-14T08:29:18.251+0000] {logging_mixin.py:190} INFO - [2026-04-14T08:29:18.251+0000] {dag.py:3239} INFO - Sync 1 DAGs
[2026-04-14T08:29:18.287+0000] {logging_mixin.py:190} INFO - [2026-04-14T08:29:18.287+0000] {dag.py:4180} INFO - Setting next_dagrun for kafka_producer to 2026-04-13 18:30:00+00:00, run_after=2026-04-14 18:30:00+00:00
[2026-04-14T08:29:18.312+0000] {processor.py:208} INFO - Processing /opt/airflow/dags/kafka_load.py took 0.143 seconds
[2026-04-14T08:29:48.767+0000] {processor.py:186} INFO - Started process (PID=209) to work on /opt/airflow/dags/kafka_load.py
[2026-04-14T08:29:48.769+0000] {processor.py:914} INFO - Processing file /opt/airflow/dags/kafka_load.py for tasks to queue
[2026-04-14T08:29:48.772+0000] {logging_mixin.py:190} INFO - [2026-04-14T08:29:48.771+0000] {dagbag.py:588} INFO - Filling up the DagBag from /opt/airflow/dags/kafka_load.py
[2026-04-14T08:29:48.848+0000] {processor.py:925} INFO - DAG(s) 'kafka_producer' retrieved from /opt/airflow/dags/kafka_load.py
[2026-04-14T08:29:48.904+0000] {logging_mixin.py:190} INFO - [2026-04-14T08:29:48.904+0000] {dag.py:3239} INFO - Sync 1 DAGs
[2026-04-14T08:29:48.949+0000] {logging_mixin.py:190} INFO - [2026-04-14T08:29:48.949+0000] {dag.py:4180} INFO - Setting next_dagrun for kafka_producer to 2026-04-13 18:30:00+00:00, run_after=2026-04-14 18:30:00+00:00
[2026-04-14T08:29:48.984+0000] {processor.py:208} INFO - Processing /opt/airflow/dags/kafka_load.py took 0.231 seconds
[2026-04-14T08:30:19.414+0000] {processor.py:186} INFO - Started process (PID=212) to work on /opt/airflow/dags/kafka_load.py
[2026-04-14T08:30:19.416+0000] {processor.py:914} INFO - Processing file /opt/airflow/dags/kafka_load.py for tasks to queue
[2026-04-14T08:30:19.422+0000] {logging_mixin.py:190} INFO - [2026-04-14T08:30:19.422+0000] {dagbag.py:588} INFO - Filling up the DagBag from /opt/airflow/dags/kafka_load.py
[2026-04-14T08:30:19.478+0000] {processor.py:925} INFO - DAG(s) 'kafka_producer' retrieved from /opt/airflow/dags/kafka_load.py
[2026-04-14T08:30:19.584+0000] {logging_mixin.py:190} INFO - [2026-04-14T08:30:19.584+0000] {dag.py:3239} INFO - Sync 1 DAGs
[2026-04-14T08:30:19.719+0000] {logging_mixin.py:190} INFO - [2026-04-14T08:30:19.718+0000] {dag.py:4180} INFO - Setting next_dagrun for kafka_producer to 2026-04-13 18:30:00+00:00, run_after=2026-04-14 18:30:00+00:00
[2026-04-14T08:30:19.813+0000] {processor.py:208} INFO - Processing /opt/airflow/dags/kafka_load.py took 0.412 seconds
