[2026-04-14T07:59:00.133+0000] {processor.py:186} INFO - Started process (PID=30) to work on /opt/airflow/dags/layers_update.py
[2026-04-14T07:59:00.135+0000] {processor.py:914} INFO - Processing file /opt/airflow/dags/layers_update.py for tasks to queue
[2026-04-14T07:59:00.138+0000] {logging_mixin.py:190} INFO - [2026-04-14T07:59:00.138+0000] {dagbag.py:588} INFO - Filling up the DagBag from /opt/airflow/dags/layers_update.py
[2026-04-14T07:59:00.174+0000] {processor.py:925} INFO - DAG(s) 'layers_update' retrieved from /opt/airflow/dags/layers_update.py
[2026-04-14T07:59:00.395+0000] {logging_mixin.py:190} INFO - [2026-04-14T07:59:00.394+0000] {override.py:1912} INFO - Created Permission View: can delete on DAG:layers_update
[2026-04-14T07:59:00.410+0000] {logging_mixin.py:190} INFO - [2026-04-14T07:59:00.410+0000] {override.py:1912} INFO - Created Permission View: can edit on DAG:layers_update
[2026-04-14T07:59:00.426+0000] {logging_mixin.py:190} INFO - [2026-04-14T07:59:00.425+0000] {override.py:1912} INFO - Created Permission View: can read on DAG:layers_update
[2026-04-14T07:59:00.454+0000] {logging_mixin.py:190} INFO - [2026-04-14T07:59:00.454+0000] {override.py:1912} INFO - Created Permission View: can delete on DAG Run:layers_update
[2026-04-14T07:59:00.480+0000] {logging_mixin.py:190} INFO - [2026-04-14T07:59:00.479+0000] {override.py:1912} INFO - Created Permission View: can create on DAG Run:layers_update
[2026-04-14T07:59:00.513+0000] {logging_mixin.py:190} INFO - [2026-04-14T07:59:00.512+0000] {override.py:1912} INFO - Created Permission View: can read on DAG Run:layers_update
[2026-04-14T07:59:00.525+0000] {logging_mixin.py:190} INFO - [2026-04-14T07:59:00.525+0000] {override.py:1912} INFO - Created Permission View: menu access on DAG Run:layers_update
[2026-04-14T07:59:00.526+0000] {logging_mixin.py:190} INFO - [2026-04-14T07:59:00.526+0000] {dag.py:3239} INFO - Sync 1 DAGs
[2026-04-14T07:59:00.545+0000] {logging_mixin.py:190} INFO - [2026-04-14T07:59:00.545+0000] {dag.py:3262} INFO - Creating ORM DAG for layers_update
[2026-04-14T07:59:00.547+0000] {logging_mixin.py:190} INFO - [2026-04-14T07:59:00.547+0000] {dag.py:4180} INFO - Setting next_dagrun for layers_update to None, run_after=None
[2026-04-14T07:59:00.570+0000] {processor.py:208} INFO - Processing /opt/airflow/dags/layers_update.py took 0.448 seconds
[2026-04-14T07:59:31.924+0000] {processor.py:186} INFO - Started process (PID=33) to work on /opt/airflow/dags/layers_update.py
[2026-04-14T07:59:31.926+0000] {processor.py:914} INFO - Processing file /opt/airflow/dags/layers_update.py for tasks to queue
[2026-04-14T07:59:31.929+0000] {logging_mixin.py:190} INFO - [2026-04-14T07:59:31.928+0000] {dagbag.py:588} INFO - Filling up the DagBag from /opt/airflow/dags/layers_update.py
[2026-04-14T07:59:31.950+0000] {processor.py:925} INFO - DAG(s) 'layers_update' retrieved from /opt/airflow/dags/layers_update.py
[2026-04-14T07:59:31.975+0000] {logging_mixin.py:190} INFO - [2026-04-14T07:59:31.975+0000] {dag.py:3239} INFO - Sync 1 DAGs
[2026-04-14T07:59:31.994+0000] {logging_mixin.py:190} INFO - [2026-04-14T07:59:31.994+0000] {dag.py:4180} INFO - Setting next_dagrun for layers_update to None, run_after=None
[2026-04-14T07:59:32.662+0000] {processor.py:208} INFO - Processing /opt/airflow/dags/layers_update.py took 0.747 seconds
[2026-04-14T08:00:03.581+0000] {processor.py:186} INFO - Started process (PID=36) to work on /opt/airflow/dags/layers_update.py
[2026-04-14T08:00:03.582+0000] {processor.py:914} INFO - Processing file /opt/airflow/dags/layers_update.py for tasks to queue
[2026-04-14T08:00:03.590+0000] {logging_mixin.py:190} INFO - [2026-04-14T08:00:03.590+0000] {dagbag.py:588} INFO - Filling up the DagBag from /opt/airflow/dags/layers_update.py
[2026-04-14T08:00:03.623+0000] {processor.py:925} INFO - DAG(s) 'layers_update' retrieved from /opt/airflow/dags/layers_update.py
[2026-04-14T08:00:03.684+0000] {logging_mixin.py:190} INFO - [2026-04-14T08:00:03.684+0000] {dag.py:3239} INFO - Sync 1 DAGs
[2026-04-14T08:00:03.726+0000] {logging_mixin.py:190} INFO - [2026-04-14T08:00:03.726+0000] {dag.py:4180} INFO - Setting next_dagrun for layers_update to None, run_after=None
[2026-04-14T08:00:03.786+0000] {processor.py:208} INFO - Processing /opt/airflow/dags/layers_update.py took 0.214 seconds
[2026-04-14T08:00:34.502+0000] {processor.py:186} INFO - Started process (PID=39) to work on /opt/airflow/dags/layers_update.py
[2026-04-14T08:00:34.504+0000] {processor.py:914} INFO - Processing file /opt/airflow/dags/layers_update.py for tasks to queue
[2026-04-14T08:00:34.508+0000] {logging_mixin.py:190} INFO - [2026-04-14T08:00:34.507+0000] {dagbag.py:588} INFO - Filling up the DagBag from /opt/airflow/dags/layers_update.py
[2026-04-14T08:00:34.530+0000] {processor.py:925} INFO - DAG(s) 'layers_update' retrieved from /opt/airflow/dags/layers_update.py
[2026-04-14T08:00:34.555+0000] {logging_mixin.py:190} INFO - [2026-04-14T08:00:34.555+0000] {dag.py:3239} INFO - Sync 1 DAGs
[2026-04-14T08:00:34.572+0000] {logging_mixin.py:190} INFO - [2026-04-14T08:00:34.572+0000] {dag.py:4180} INFO - Setting next_dagrun for layers_update to None, run_after=None
[2026-04-14T08:00:34.596+0000] {processor.py:208} INFO - Processing /opt/airflow/dags/layers_update.py took 0.107 seconds
[2026-04-14T08:01:05.342+0000] {processor.py:186} INFO - Started process (PID=42) to work on /opt/airflow/dags/layers_update.py
[2026-04-14T08:01:05.351+0000] {processor.py:914} INFO - Processing file /opt/airflow/dags/layers_update.py for tasks to queue
[2026-04-14T08:01:05.360+0000] {logging_mixin.py:190} INFO - [2026-04-14T08:01:05.359+0000] {dagbag.py:588} INFO - Filling up the DagBag from /opt/airflow/dags/layers_update.py
[2026-04-14T08:01:05.394+0000] {processor.py:925} INFO - DAG(s) 'layers_update' retrieved from /opt/airflow/dags/layers_update.py
[2026-04-14T08:01:05.422+0000] {logging_mixin.py:190} INFO - [2026-04-14T08:01:05.422+0000] {dag.py:3239} INFO - Sync 1 DAGs
[2026-04-14T08:01:05.442+0000] {logging_mixin.py:190} INFO - [2026-04-14T08:01:05.441+0000] {dag.py:4180} INFO - Setting next_dagrun for layers_update to None, run_after=None
[2026-04-14T08:01:05.477+0000] {processor.py:208} INFO - Processing /opt/airflow/dags/layers_update.py took 0.142 seconds
[2026-04-14T08:01:36.359+0000] {processor.py:186} INFO - Started process (PID=45) to work on /opt/airflow/dags/layers_update.py
[2026-04-14T08:01:36.361+0000] {processor.py:914} INFO - Processing file /opt/airflow/dags/layers_update.py for tasks to queue
[2026-04-14T08:01:36.365+0000] {logging_mixin.py:190} INFO - [2026-04-14T08:01:36.365+0000] {dagbag.py:588} INFO - Filling up the DagBag from /opt/airflow/dags/layers_update.py
[2026-04-14T08:01:36.389+0000] {processor.py:925} INFO - DAG(s) 'layers_update' retrieved from /opt/airflow/dags/layers_update.py
[2026-04-14T08:01:36.428+0000] {logging_mixin.py:190} INFO - [2026-04-14T08:01:36.428+0000] {dag.py:3239} INFO - Sync 1 DAGs
[2026-04-14T08:01:36.477+0000] {logging_mixin.py:190} INFO - [2026-04-14T08:01:36.475+0000] {dag.py:4180} INFO - Setting next_dagrun for layers_update to None, run_after=None
[2026-04-14T08:01:36.514+0000] {processor.py:208} INFO - Processing /opt/airflow/dags/layers_update.py took 0.174 seconds
[2026-04-14T08:02:07.015+0000] {processor.py:186} INFO - Started process (PID=48) to work on /opt/airflow/dags/layers_update.py
[2026-04-14T08:02:07.017+0000] {processor.py:914} INFO - Processing file /opt/airflow/dags/layers_update.py for tasks to queue
[2026-04-14T08:02:07.020+0000] {logging_mixin.py:190} INFO - [2026-04-14T08:02:07.020+0000] {dagbag.py:588} INFO - Filling up the DagBag from /opt/airflow/dags/layers_update.py
[2026-04-14T08:02:07.042+0000] {processor.py:925} INFO - DAG(s) 'layers_update' retrieved from /opt/airflow/dags/layers_update.py
[2026-04-14T08:02:07.070+0000] {logging_mixin.py:190} INFO - [2026-04-14T08:02:07.069+0000] {dag.py:3239} INFO - Sync 1 DAGs
[2026-04-14T08:02:07.087+0000] {logging_mixin.py:190} INFO - [2026-04-14T08:02:07.087+0000] {dag.py:4180} INFO - Setting next_dagrun for layers_update to None, run_after=None
[2026-04-14T08:02:07.117+0000] {processor.py:208} INFO - Processing /opt/airflow/dags/layers_update.py took 0.114 seconds
[2026-04-14T08:02:37.577+0000] {processor.py:186} INFO - Started process (PID=51) to work on /opt/airflow/dags/layers_update.py
[2026-04-14T08:02:37.579+0000] {processor.py:914} INFO - Processing file /opt/airflow/dags/layers_update.py for tasks to queue
[2026-04-14T08:02:37.587+0000] {logging_mixin.py:190} INFO - [2026-04-14T08:02:37.587+0000] {dagbag.py:588} INFO - Filling up the DagBag from /opt/airflow/dags/layers_update.py
[2026-04-14T08:02:37.609+0000] {processor.py:925} INFO - DAG(s) 'layers_update' retrieved from /opt/airflow/dags/layers_update.py
[2026-04-14T08:02:37.646+0000] {logging_mixin.py:190} INFO - [2026-04-14T08:02:37.646+0000] {dag.py:3239} INFO - Sync 1 DAGs
[2026-04-14T08:02:37.673+0000] {logging_mixin.py:190} INFO - [2026-04-14T08:02:37.673+0000] {dag.py:4180} INFO - Setting next_dagrun for layers_update to None, run_after=None
[2026-04-14T08:02:37.712+0000] {processor.py:208} INFO - Processing /opt/airflow/dags/layers_update.py took 0.143 seconds
[2026-04-14T08:03:08.345+0000] {processor.py:186} INFO - Started process (PID=54) to work on /opt/airflow/dags/layers_update.py
[2026-04-14T08:03:08.346+0000] {processor.py:914} INFO - Processing file /opt/airflow/dags/layers_update.py for tasks to queue
[2026-04-14T08:03:08.350+0000] {logging_mixin.py:190} INFO - [2026-04-14T08:03:08.349+0000] {dagbag.py:588} INFO - Filling up the DagBag from /opt/airflow/dags/layers_update.py
[2026-04-14T08:03:08.373+0000] {processor.py:925} INFO - DAG(s) 'layers_update' retrieved from /opt/airflow/dags/layers_update.py
[2026-04-14T08:03:08.403+0000] {logging_mixin.py:190} INFO - [2026-04-14T08:03:08.403+0000] {dag.py:3239} INFO - Sync 1 DAGs
[2026-04-14T08:03:08.422+0000] {logging_mixin.py:190} INFO - [2026-04-14T08:03:08.422+0000] {dag.py:4180} INFO - Setting next_dagrun for layers_update to None, run_after=None
[2026-04-14T08:03:08.451+0000] {processor.py:208} INFO - Processing /opt/airflow/dags/layers_update.py took 0.115 seconds
[2026-04-14T08:03:38.865+0000] {processor.py:186} INFO - Started process (PID=57) to work on /opt/airflow/dags/layers_update.py
[2026-04-14T08:03:38.869+0000] {processor.py:914} INFO - Processing file /opt/airflow/dags/layers_update.py for tasks to queue
[2026-04-14T08:03:38.884+0000] {logging_mixin.py:190} INFO - [2026-04-14T08:03:38.884+0000] {dagbag.py:588} INFO - Filling up the DagBag from /opt/airflow/dags/layers_update.py
[2026-04-14T08:03:38.926+0000] {processor.py:925} INFO - DAG(s) 'layers_update' retrieved from /opt/airflow/dags/layers_update.py
[2026-04-14T08:03:39.020+0000] {logging_mixin.py:190} INFO - [2026-04-14T08:03:39.020+0000] {dag.py:3239} INFO - Sync 1 DAGs
[2026-04-14T08:03:39.063+0000] {logging_mixin.py:190} INFO - [2026-04-14T08:03:39.063+0000] {dag.py:4180} INFO - Setting next_dagrun for layers_update to None, run_after=None
[2026-04-14T08:03:39.423+0000] {processor.py:208} INFO - Processing /opt/airflow/dags/layers_update.py took 0.571 seconds
[2026-04-14T08:04:10.402+0000] {processor.py:186} INFO - Started process (PID=60) to work on /opt/airflow/dags/layers_update.py
[2026-04-14T08:04:10.405+0000] {processor.py:914} INFO - Processing file /opt/airflow/dags/layers_update.py for tasks to queue
[2026-04-14T08:04:10.411+0000] {logging_mixin.py:190} INFO - [2026-04-14T08:04:10.411+0000] {dagbag.py:588} INFO - Filling up the DagBag from /opt/airflow/dags/layers_update.py
[2026-04-14T08:04:10.445+0000] {processor.py:925} INFO - DAG(s) 'layers_update' retrieved from /opt/airflow/dags/layers_update.py
[2026-04-14T08:04:10.485+0000] {logging_mixin.py:190} INFO - [2026-04-14T08:04:10.484+0000] {dag.py:3239} INFO - Sync 1 DAGs
[2026-04-14T08:04:10.526+0000] {logging_mixin.py:190} INFO - [2026-04-14T08:04:10.525+0000] {dag.py:4180} INFO - Setting next_dagrun for layers_update to None, run_after=None
[2026-04-14T08:04:10.591+0000] {processor.py:208} INFO - Processing /opt/airflow/dags/layers_update.py took 0.202 seconds
[2026-04-14T08:04:40.998+0000] {processor.py:186} INFO - Started process (PID=63) to work on /opt/airflow/dags/layers_update.py
[2026-04-14T08:04:41.004+0000] {processor.py:914} INFO - Processing file /opt/airflow/dags/layers_update.py for tasks to queue
[2026-04-14T08:04:41.007+0000] {logging_mixin.py:190} INFO - [2026-04-14T08:04:41.007+0000] {dagbag.py:588} INFO - Filling up the DagBag from /opt/airflow/dags/layers_update.py
[2026-04-14T08:04:41.028+0000] {processor.py:925} INFO - DAG(s) 'layers_update' retrieved from /opt/airflow/dags/layers_update.py
[2026-04-14T08:04:41.054+0000] {logging_mixin.py:190} INFO - [2026-04-14T08:04:41.054+0000] {dag.py:3239} INFO - Sync 1 DAGs
[2026-04-14T08:04:41.072+0000] {logging_mixin.py:190} INFO - [2026-04-14T08:04:41.071+0000] {dag.py:4180} INFO - Setting next_dagrun for layers_update to None, run_after=None
[2026-04-14T08:04:41.100+0000] {processor.py:208} INFO - Processing /opt/airflow/dags/layers_update.py took 0.113 seconds
[2026-04-14T08:05:11.818+0000] {processor.py:186} INFO - Started process (PID=66) to work on /opt/airflow/dags/layers_update.py
[2026-04-14T08:05:11.819+0000] {processor.py:914} INFO - Processing file /opt/airflow/dags/layers_update.py for tasks to queue
[2026-04-14T08:05:11.826+0000] {logging_mixin.py:190} INFO - [2026-04-14T08:05:11.825+0000] {dagbag.py:588} INFO - Filling up the DagBag from /opt/airflow/dags/layers_update.py
[2026-04-14T08:05:11.849+0000] {processor.py:925} INFO - DAG(s) 'layers_update' retrieved from /opt/airflow/dags/layers_update.py
[2026-04-14T08:05:11.882+0000] {logging_mixin.py:190} INFO - [2026-04-14T08:05:11.882+0000] {dag.py:3239} INFO - Sync 1 DAGs
[2026-04-14T08:05:11.907+0000] {logging_mixin.py:190} INFO - [2026-04-14T08:05:11.907+0000] {dag.py:4180} INFO - Setting next_dagrun for layers_update to None, run_after=None
[2026-04-14T08:05:11.931+0000] {processor.py:208} INFO - Processing /opt/airflow/dags/layers_update.py took 0.126 seconds
[2026-04-14T08:05:42.519+0000] {processor.py:186} INFO - Started process (PID=69) to work on /opt/airflow/dags/layers_update.py
[2026-04-14T08:05:42.521+0000] {processor.py:914} INFO - Processing file /opt/airflow/dags/layers_update.py for tasks to queue
[2026-04-14T08:05:42.524+0000] {logging_mixin.py:190} INFO - [2026-04-14T08:05:42.524+0000] {dagbag.py:588} INFO - Filling up the DagBag from /opt/airflow/dags/layers_update.py
[2026-04-14T08:05:42.543+0000] {processor.py:925} INFO - DAG(s) 'layers_update' retrieved from /opt/airflow/dags/layers_update.py
[2026-04-14T08:05:42.568+0000] {logging_mixin.py:190} INFO - [2026-04-14T08:05:42.568+0000] {dag.py:3239} INFO - Sync 1 DAGs
[2026-04-14T08:05:42.586+0000] {logging_mixin.py:190} INFO - [2026-04-14T08:05:42.586+0000] {dag.py:4180} INFO - Setting next_dagrun for layers_update to None, run_after=None
[2026-04-14T08:05:42.618+0000] {processor.py:208} INFO - Processing /opt/airflow/dags/layers_update.py took 0.108 seconds
[2026-04-14T08:06:13.248+0000] {processor.py:186} INFO - Started process (PID=72) to work on /opt/airflow/dags/layers_update.py
[2026-04-14T08:06:13.250+0000] {processor.py:914} INFO - Processing file /opt/airflow/dags/layers_update.py for tasks to queue
[2026-04-14T08:06:13.256+0000] {logging_mixin.py:190} INFO - [2026-04-14T08:06:13.255+0000] {dagbag.py:588} INFO - Filling up the DagBag from /opt/airflow/dags/layers_update.py
[2026-04-14T08:06:13.274+0000] {processor.py:925} INFO - DAG(s) 'layers_update' retrieved from /opt/airflow/dags/layers_update.py
[2026-04-14T08:06:13.299+0000] {logging_mixin.py:190} INFO - [2026-04-14T08:06:13.299+0000] {dag.py:3239} INFO - Sync 1 DAGs
[2026-04-14T08:06:13.317+0000] {logging_mixin.py:190} INFO - [2026-04-14T08:06:13.316+0000] {dag.py:4180} INFO - Setting next_dagrun for layers_update to None, run_after=None
[2026-04-14T08:06:13.341+0000] {processor.py:208} INFO - Processing /opt/airflow/dags/layers_update.py took 0.103 seconds
[2026-04-14T08:06:44.157+0000] {processor.py:186} INFO - Started process (PID=75) to work on /opt/airflow/dags/layers_update.py
[2026-04-14T08:06:44.159+0000] {processor.py:914} INFO - Processing file /opt/airflow/dags/layers_update.py for tasks to queue
[2026-04-14T08:06:44.163+0000] {logging_mixin.py:190} INFO - [2026-04-14T08:06:44.162+0000] {dagbag.py:588} INFO - Filling up the DagBag from /opt/airflow/dags/layers_update.py
[2026-04-14T08:06:44.197+0000] {processor.py:925} INFO - DAG(s) 'layers_update' retrieved from /opt/airflow/dags/layers_update.py
[2026-04-14T08:06:44.234+0000] {logging_mixin.py:190} INFO - [2026-04-14T08:06:44.234+0000] {dag.py:3239} INFO - Sync 1 DAGs
[2026-04-14T08:06:44.255+0000] {logging_mixin.py:190} INFO - [2026-04-14T08:06:44.255+0000] {dag.py:4180} INFO - Setting next_dagrun for layers_update to None, run_after=None
[2026-04-14T08:06:44.286+0000] {processor.py:208} INFO - Processing /opt/airflow/dags/layers_update.py took 0.145 seconds
[2026-04-14T08:07:15.059+0000] {processor.py:186} INFO - Started process (PID=78) to work on /opt/airflow/dags/layers_update.py
[2026-04-14T08:07:15.060+0000] {processor.py:914} INFO - Processing file /opt/airflow/dags/layers_update.py for tasks to queue
[2026-04-14T08:07:15.063+0000] {logging_mixin.py:190} INFO - [2026-04-14T08:07:15.063+0000] {dagbag.py:588} INFO - Filling up the DagBag from /opt/airflow/dags/layers_update.py
[2026-04-14T08:07:15.081+0000] {processor.py:925} INFO - DAG(s) 'layers_update' retrieved from /opt/airflow/dags/layers_update.py
[2026-04-14T08:07:15.108+0000] {logging_mixin.py:190} INFO - [2026-04-14T08:07:15.107+0000] {dag.py:3239} INFO - Sync 1 DAGs
[2026-04-14T08:07:15.125+0000] {logging_mixin.py:190} INFO - [2026-04-14T08:07:15.125+0000] {dag.py:4180} INFO - Setting next_dagrun for layers_update to None, run_after=None
[2026-04-14T08:07:15.450+0000] {processor.py:208} INFO - Processing /opt/airflow/dags/layers_update.py took 0.399 seconds
[2026-04-14T08:07:45.847+0000] {processor.py:186} INFO - Started process (PID=81) to work on /opt/airflow/dags/layers_update.py
[2026-04-14T08:07:45.849+0000] {processor.py:914} INFO - Processing file /opt/airflow/dags/layers_update.py for tasks to queue
[2026-04-14T08:07:45.854+0000] {logging_mixin.py:190} INFO - [2026-04-14T08:07:45.853+0000] {dagbag.py:588} INFO - Filling up the DagBag from /opt/airflow/dags/layers_update.py
[2026-04-14T08:07:45.876+0000] {processor.py:925} INFO - DAG(s) 'layers_update' retrieved from /opt/airflow/dags/layers_update.py
[2026-04-14T08:07:45.902+0000] {logging_mixin.py:190} INFO - [2026-04-14T08:07:45.901+0000] {dag.py:3239} INFO - Sync 1 DAGs
[2026-04-14T08:07:45.924+0000] {logging_mixin.py:190} INFO - [2026-04-14T08:07:45.923+0000] {dag.py:4180} INFO - Setting next_dagrun for layers_update to None, run_after=None
[2026-04-14T08:07:45.959+0000] {processor.py:208} INFO - Processing /opt/airflow/dags/layers_update.py took 0.121 seconds
[2026-04-14T08:08:16.169+0000] {processor.py:186} INFO - Started process (PID=84) to work on /opt/airflow/dags/layers_update.py
[2026-04-14T08:08:16.171+0000] {processor.py:914} INFO - Processing file /opt/airflow/dags/layers_update.py for tasks to queue
[2026-04-14T08:08:16.177+0000] {logging_mixin.py:190} INFO - [2026-04-14T08:08:16.176+0000] {dagbag.py:588} INFO - Filling up the DagBag from /opt/airflow/dags/layers_update.py
[2026-04-14T08:08:16.233+0000] {processor.py:925} INFO - DAG(s) 'layers_update' retrieved from /opt/airflow/dags/layers_update.py
[2026-04-14T08:08:16.299+0000] {logging_mixin.py:190} INFO - [2026-04-14T08:08:16.299+0000] {dag.py:3239} INFO - Sync 1 DAGs
[2026-04-14T08:08:16.328+0000] {logging_mixin.py:190} INFO - [2026-04-14T08:08:16.327+0000] {dag.py:4180} INFO - Setting next_dagrun for layers_update to None, run_after=None
[2026-04-14T08:08:16.363+0000] {processor.py:208} INFO - Processing /opt/airflow/dags/layers_update.py took 0.207 seconds
[2026-04-14T08:08:47.199+0000] {processor.py:186} INFO - Started process (PID=87) to work on /opt/airflow/dags/layers_update.py
[2026-04-14T08:08:47.200+0000] {processor.py:914} INFO - Processing file /opt/airflow/dags/layers_update.py for tasks to queue
[2026-04-14T08:08:47.204+0000] {logging_mixin.py:190} INFO - [2026-04-14T08:08:47.203+0000] {dagbag.py:588} INFO - Filling up the DagBag from /opt/airflow/dags/layers_update.py
[2026-04-14T08:08:47.224+0000] {processor.py:925} INFO - DAG(s) 'layers_update' retrieved from /opt/airflow/dags/layers_update.py
[2026-04-14T08:08:47.265+0000] {logging_mixin.py:190} INFO - [2026-04-14T08:08:47.265+0000] {dag.py:3239} INFO - Sync 1 DAGs
[2026-04-14T08:08:47.295+0000] {logging_mixin.py:190} INFO - [2026-04-14T08:08:47.295+0000] {dag.py:4180} INFO - Setting next_dagrun for layers_update to None, run_after=None
[2026-04-14T08:08:47.326+0000] {processor.py:208} INFO - Processing /opt/airflow/dags/layers_update.py took 0.136 seconds
[2026-04-14T08:09:17.641+0000] {processor.py:186} INFO - Started process (PID=90) to work on /opt/airflow/dags/layers_update.py
[2026-04-14T08:09:17.642+0000] {processor.py:914} INFO - Processing file /opt/airflow/dags/layers_update.py for tasks to queue
[2026-04-14T08:09:17.646+0000] {logging_mixin.py:190} INFO - [2026-04-14T08:09:17.645+0000] {dagbag.py:588} INFO - Filling up the DagBag from /opt/airflow/dags/layers_update.py
[2026-04-14T08:09:17.670+0000] {processor.py:925} INFO - DAG(s) 'layers_update' retrieved from /opt/airflow/dags/layers_update.py
[2026-04-14T08:09:17.698+0000] {logging_mixin.py:190} INFO - [2026-04-14T08:09:17.698+0000] {dag.py:3239} INFO - Sync 1 DAGs
[2026-04-14T08:09:17.728+0000] {logging_mixin.py:190} INFO - [2026-04-14T08:09:17.727+0000] {dag.py:4180} INFO - Setting next_dagrun for layers_update to None, run_after=None
[2026-04-14T08:09:17.760+0000] {processor.py:208} INFO - Processing /opt/airflow/dags/layers_update.py took 0.129 seconds
[2026-04-14T08:09:48.212+0000] {processor.py:186} INFO - Started process (PID=93) to work on /opt/airflow/dags/layers_update.py
[2026-04-14T08:09:48.213+0000] {processor.py:914} INFO - Processing file /opt/airflow/dags/layers_update.py for tasks to queue
[2026-04-14T08:09:48.218+0000] {logging_mixin.py:190} INFO - [2026-04-14T08:09:48.217+0000] {dagbag.py:588} INFO - Filling up the DagBag from /opt/airflow/dags/layers_update.py
[2026-04-14T08:09:48.238+0000] {processor.py:925} INFO - DAG(s) 'layers_update' retrieved from /opt/airflow/dags/layers_update.py
[2026-04-14T08:09:48.269+0000] {logging_mixin.py:190} INFO - [2026-04-14T08:09:48.268+0000] {dag.py:3239} INFO - Sync 1 DAGs
[2026-04-14T08:09:48.292+0000] {logging_mixin.py:190} INFO - [2026-04-14T08:09:48.292+0000] {dag.py:4180} INFO - Setting next_dagrun for layers_update to None, run_after=None
[2026-04-14T08:09:48.359+0000] {processor.py:208} INFO - Processing /opt/airflow/dags/layers_update.py took 0.161 seconds
[2026-04-14T08:10:18.493+0000] {processor.py:186} INFO - Started process (PID=96) to work on /opt/airflow/dags/layers_update.py
[2026-04-14T08:10:18.497+0000] {processor.py:914} INFO - Processing file /opt/airflow/dags/layers_update.py for tasks to queue
[2026-04-14T08:10:18.502+0000] {logging_mixin.py:190} INFO - [2026-04-14T08:10:18.502+0000] {dagbag.py:588} INFO - Filling up the DagBag from /opt/airflow/dags/layers_update.py
[2026-04-14T08:10:18.544+0000] {processor.py:925} INFO - DAG(s) 'layers_update' retrieved from /opt/airflow/dags/layers_update.py
[2026-04-14T08:10:18.574+0000] {logging_mixin.py:190} INFO - [2026-04-14T08:10:18.574+0000] {dag.py:3239} INFO - Sync 1 DAGs
[2026-04-14T08:10:18.595+0000] {logging_mixin.py:190} INFO - [2026-04-14T08:10:18.595+0000] {dag.py:4180} INFO - Setting next_dagrun for layers_update to None, run_after=None
[2026-04-14T08:10:18.628+0000] {processor.py:208} INFO - Processing /opt/airflow/dags/layers_update.py took 0.144 seconds
[2026-04-14T08:10:49.071+0000] {processor.py:186} INFO - Started process (PID=99) to work on /opt/airflow/dags/layers_update.py
[2026-04-14T08:10:49.072+0000] {processor.py:914} INFO - Processing file /opt/airflow/dags/layers_update.py for tasks to queue
[2026-04-14T08:10:49.077+0000] {logging_mixin.py:190} INFO - [2026-04-14T08:10:49.076+0000] {dagbag.py:588} INFO - Filling up the DagBag from /opt/airflow/dags/layers_update.py
[2026-04-14T08:10:49.095+0000] {processor.py:925} INFO - DAG(s) 'layers_update' retrieved from /opt/airflow/dags/layers_update.py
[2026-04-14T08:10:49.123+0000] {logging_mixin.py:190} INFO - [2026-04-14T08:10:49.123+0000] {dag.py:3239} INFO - Sync 1 DAGs
[2026-04-14T08:10:49.144+0000] {logging_mixin.py:190} INFO - [2026-04-14T08:10:49.143+0000] {dag.py:4180} INFO - Setting next_dagrun for layers_update to None, run_after=None
[2026-04-14T08:10:49.170+0000] {processor.py:208} INFO - Processing /opt/airflow/dags/layers_update.py took 0.108 seconds
[2026-04-14T08:11:20.138+0000] {processor.py:186} INFO - Started process (PID=102) to work on /opt/airflow/dags/layers_update.py
[2026-04-14T08:11:20.139+0000] {processor.py:914} INFO - Processing file /opt/airflow/dags/layers_update.py for tasks to queue
[2026-04-14T08:11:20.144+0000] {logging_mixin.py:190} INFO - [2026-04-14T08:11:20.144+0000] {dagbag.py:588} INFO - Filling up the DagBag from /opt/airflow/dags/layers_update.py
[2026-04-14T08:11:20.184+0000] {processor.py:925} INFO - DAG(s) 'layers_update' retrieved from /opt/airflow/dags/layers_update.py
[2026-04-14T08:11:20.213+0000] {logging_mixin.py:190} INFO - [2026-04-14T08:11:20.212+0000] {dag.py:3239} INFO - Sync 1 DAGs
[2026-04-14T08:11:20.230+0000] {logging_mixin.py:190} INFO - [2026-04-14T08:11:20.230+0000] {dag.py:4180} INFO - Setting next_dagrun for layers_update to None, run_after=None
[2026-04-14T08:11:20.255+0000] {processor.py:208} INFO - Processing /opt/airflow/dags/layers_update.py took 0.128 seconds
[2026-04-14T08:11:50.716+0000] {processor.py:186} INFO - Started process (PID=105) to work on /opt/airflow/dags/layers_update.py
[2026-04-14T08:11:50.718+0000] {processor.py:914} INFO - Processing file /opt/airflow/dags/layers_update.py for tasks to queue
[2026-04-14T08:11:50.722+0000] {logging_mixin.py:190} INFO - [2026-04-14T08:11:50.721+0000] {dagbag.py:588} INFO - Filling up the DagBag from /opt/airflow/dags/layers_update.py
[2026-04-14T08:11:50.746+0000] {processor.py:925} INFO - DAG(s) 'layers_update' retrieved from /opt/airflow/dags/layers_update.py
[2026-04-14T08:11:50.774+0000] {logging_mixin.py:190} INFO - [2026-04-14T08:11:50.774+0000] {dag.py:3239} INFO - Sync 1 DAGs
[2026-04-14T08:11:50.794+0000] {logging_mixin.py:190} INFO - [2026-04-14T08:11:50.793+0000] {dag.py:4180} INFO - Setting next_dagrun for layers_update to None, run_after=None
[2026-04-14T08:11:51.453+0000] {processor.py:208} INFO - Processing /opt/airflow/dags/layers_update.py took 0.748 seconds
[2026-04-14T08:12:22.097+0000] {processor.py:186} INFO - Started process (PID=108) to work on /opt/airflow/dags/layers_update.py
[2026-04-14T08:12:22.098+0000] {processor.py:914} INFO - Processing file /opt/airflow/dags/layers_update.py for tasks to queue
[2026-04-14T08:12:22.102+0000] {logging_mixin.py:190} INFO - [2026-04-14T08:12:22.101+0000] {dagbag.py:588} INFO - Filling up the DagBag from /opt/airflow/dags/layers_update.py
[2026-04-14T08:12:22.123+0000] {processor.py:925} INFO - DAG(s) 'layers_update' retrieved from /opt/airflow/dags/layers_update.py
[2026-04-14T08:12:22.149+0000] {logging_mixin.py:190} INFO - [2026-04-14T08:12:22.149+0000] {dag.py:3239} INFO - Sync 1 DAGs
[2026-04-14T08:12:22.166+0000] {logging_mixin.py:190} INFO - [2026-04-14T08:12:22.166+0000] {dag.py:4180} INFO - Setting next_dagrun for layers_update to None, run_after=None
[2026-04-14T08:12:22.190+0000] {processor.py:208} INFO - Processing /opt/airflow/dags/layers_update.py took 0.104 seconds
[2026-04-14T08:12:53.841+0000] {processor.py:186} INFO - Started process (PID=111) to work on /opt/airflow/dags/layers_update.py
[2026-04-14T08:12:53.843+0000] {processor.py:914} INFO - Processing file /opt/airflow/dags/layers_update.py for tasks to queue
[2026-04-14T08:12:53.846+0000] {logging_mixin.py:190} INFO - [2026-04-14T08:12:53.846+0000] {dagbag.py:588} INFO - Filling up the DagBag from /opt/airflow/dags/layers_update.py
[2026-04-14T08:12:53.869+0000] {processor.py:925} INFO - DAG(s) 'layers_update' retrieved from /opt/airflow/dags/layers_update.py
[2026-04-14T08:12:53.897+0000] {logging_mixin.py:190} INFO - [2026-04-14T08:12:53.897+0000] {dag.py:3239} INFO - Sync 1 DAGs
[2026-04-14T08:12:53.915+0000] {logging_mixin.py:190} INFO - [2026-04-14T08:12:53.915+0000] {dag.py:4180} INFO - Setting next_dagrun for layers_update to None, run_after=None
[2026-04-14T08:12:55.259+0000] {processor.py:208} INFO - Processing /opt/airflow/dags/layers_update.py took 1.426 seconds
[2026-04-14T08:13:25.409+0000] {processor.py:186} INFO - Started process (PID=114) to work on /opt/airflow/dags/layers_update.py
[2026-04-14T08:13:25.411+0000] {processor.py:914} INFO - Processing file /opt/airflow/dags/layers_update.py for tasks to queue
[2026-04-14T08:13:25.415+0000] {logging_mixin.py:190} INFO - [2026-04-14T08:13:25.414+0000] {dagbag.py:588} INFO - Filling up the DagBag from /opt/airflow/dags/layers_update.py
[2026-04-14T08:13:25.437+0000] {processor.py:925} INFO - DAG(s) 'layers_update' retrieved from /opt/airflow/dags/layers_update.py
[2026-04-14T08:13:25.462+0000] {logging_mixin.py:190} INFO - [2026-04-14T08:13:25.462+0000] {dag.py:3239} INFO - Sync 1 DAGs
[2026-04-14T08:13:25.484+0000] {logging_mixin.py:190} INFO - [2026-04-14T08:13:25.483+0000] {dag.py:4180} INFO - Setting next_dagrun for layers_update to None, run_after=None
[2026-04-14T08:13:25.518+0000] {processor.py:208} INFO - Processing /opt/airflow/dags/layers_update.py took 0.119 seconds
[2026-04-14T08:13:55.937+0000] {processor.py:186} INFO - Started process (PID=117) to work on /opt/airflow/dags/layers_update.py
[2026-04-14T08:13:55.938+0000] {processor.py:914} INFO - Processing file /opt/airflow/dags/layers_update.py for tasks to queue
[2026-04-14T08:13:55.942+0000] {logging_mixin.py:190} INFO - [2026-04-14T08:13:55.941+0000] {dagbag.py:588} INFO - Filling up the DagBag from /opt/airflow/dags/layers_update.py
[2026-04-14T08:13:55.971+0000] {processor.py:925} INFO - DAG(s) 'layers_update' retrieved from /opt/airflow/dags/layers_update.py
[2026-04-14T08:13:55.998+0000] {logging_mixin.py:190} INFO - [2026-04-14T08:13:55.998+0000] {dag.py:3239} INFO - Sync 1 DAGs
[2026-04-14T08:13:56.018+0000] {logging_mixin.py:190} INFO - [2026-04-14T08:13:56.018+0000] {dag.py:4180} INFO - Setting next_dagrun for layers_update to None, run_after=None
[2026-04-14T08:13:56.061+0000] {processor.py:208} INFO - Processing /opt/airflow/dags/layers_update.py took 0.134 seconds
[2026-04-14T08:14:26.641+0000] {processor.py:186} INFO - Started process (PID=120) to work on /opt/airflow/dags/layers_update.py
[2026-04-14T08:14:26.643+0000] {processor.py:914} INFO - Processing file /opt/airflow/dags/layers_update.py for tasks to queue
[2026-04-14T08:14:26.647+0000] {logging_mixin.py:190} INFO - [2026-04-14T08:14:26.646+0000] {dagbag.py:588} INFO - Filling up the DagBag from /opt/airflow/dags/layers_update.py
[2026-04-14T08:14:26.669+0000] {processor.py:925} INFO - DAG(s) 'layers_update' retrieved from /opt/airflow/dags/layers_update.py
[2026-04-14T08:14:26.743+0000] {logging_mixin.py:190} INFO - [2026-04-14T08:14:26.743+0000] {dag.py:3239} INFO - Sync 1 DAGs
[2026-04-14T08:14:26.764+0000] {logging_mixin.py:190} INFO - [2026-04-14T08:14:26.763+0000] {dag.py:4180} INFO - Setting next_dagrun for layers_update to None, run_after=None
[2026-04-14T08:14:26.799+0000] {processor.py:208} INFO - Processing /opt/airflow/dags/layers_update.py took 0.167 seconds
[2026-04-14T08:14:57.255+0000] {processor.py:186} INFO - Started process (PID=123) to work on /opt/airflow/dags/layers_update.py
[2026-04-14T08:14:57.256+0000] {processor.py:914} INFO - Processing file /opt/airflow/dags/layers_update.py for tasks to queue
[2026-04-14T08:14:57.260+0000] {logging_mixin.py:190} INFO - [2026-04-14T08:14:57.260+0000] {dagbag.py:588} INFO - Filling up the DagBag from /opt/airflow/dags/layers_update.py
[2026-04-14T08:14:57.284+0000] {processor.py:925} INFO - DAG(s) 'layers_update' retrieved from /opt/airflow/dags/layers_update.py
[2026-04-14T08:14:57.312+0000] {logging_mixin.py:190} INFO - [2026-04-14T08:14:57.312+0000] {dag.py:3239} INFO - Sync 1 DAGs
[2026-04-14T08:14:57.330+0000] {logging_mixin.py:190} INFO - [2026-04-14T08:14:57.330+0000] {dag.py:4180} INFO - Setting next_dagrun for layers_update to None, run_after=None
[2026-04-14T08:14:57.355+0000] {processor.py:208} INFO - Processing /opt/airflow/dags/layers_update.py took 0.109 seconds
[2026-04-14T08:15:28.090+0000] {processor.py:186} INFO - Started process (PID=126) to work on /opt/airflow/dags/layers_update.py
[2026-04-14T08:15:28.091+0000] {processor.py:914} INFO - Processing file /opt/airflow/dags/layers_update.py for tasks to queue
[2026-04-14T08:15:28.094+0000] {logging_mixin.py:190} INFO - [2026-04-14T08:15:28.094+0000] {dagbag.py:588} INFO - Filling up the DagBag from /opt/airflow/dags/layers_update.py
[2026-04-14T08:15:28.112+0000] {processor.py:925} INFO - DAG(s) 'layers_update' retrieved from /opt/airflow/dags/layers_update.py
[2026-04-14T08:15:28.139+0000] {logging_mixin.py:190} INFO - [2026-04-14T08:15:28.138+0000] {dag.py:3239} INFO - Sync 1 DAGs
[2026-04-14T08:15:28.156+0000] {logging_mixin.py:190} INFO - [2026-04-14T08:15:28.156+0000] {dag.py:4180} INFO - Setting next_dagrun for layers_update to None, run_after=None
[2026-04-14T08:15:28.179+0000] {processor.py:208} INFO - Processing /opt/airflow/dags/layers_update.py took 0.097 seconds
[2026-04-14T08:15:58.752+0000] {processor.py:186} INFO - Started process (PID=129) to work on /opt/airflow/dags/layers_update.py
[2026-04-14T08:15:58.753+0000] {processor.py:914} INFO - Processing file /opt/airflow/dags/layers_update.py for tasks to queue
[2026-04-14T08:15:58.756+0000] {logging_mixin.py:190} INFO - [2026-04-14T08:15:58.755+0000] {dagbag.py:588} INFO - Filling up the DagBag from /opt/airflow/dags/layers_update.py
[2026-04-14T08:15:58.772+0000] {processor.py:925} INFO - DAG(s) 'layers_update' retrieved from /opt/airflow/dags/layers_update.py
[2026-04-14T08:15:58.798+0000] {logging_mixin.py:190} INFO - [2026-04-14T08:15:58.797+0000] {dag.py:3239} INFO - Sync 1 DAGs
[2026-04-14T08:15:58.815+0000] {logging_mixin.py:190} INFO - [2026-04-14T08:15:58.814+0000] {dag.py:4180} INFO - Setting next_dagrun for layers_update to None, run_after=None
[2026-04-14T08:15:59.353+0000] {processor.py:208} INFO - Processing /opt/airflow/dags/layers_update.py took 0.610 seconds
[2026-04-14T08:16:30.321+0000] {processor.py:186} INFO - Started process (PID=132) to work on /opt/airflow/dags/layers_update.py
[2026-04-14T08:16:30.322+0000] {processor.py:914} INFO - Processing file /opt/airflow/dags/layers_update.py for tasks to queue
[2026-04-14T08:16:30.325+0000] {logging_mixin.py:190} INFO - [2026-04-14T08:16:30.325+0000] {dagbag.py:588} INFO - Filling up the DagBag from /opt/airflow/dags/layers_update.py
[2026-04-14T08:16:30.348+0000] {processor.py:925} INFO - DAG(s) 'layers_update' retrieved from /opt/airflow/dags/layers_update.py
[2026-04-14T08:16:30.378+0000] {logging_mixin.py:190} INFO - [2026-04-14T08:16:30.378+0000] {dag.py:3239} INFO - Sync 1 DAGs
[2026-04-14T08:16:30.400+0000] {logging_mixin.py:190} INFO - [2026-04-14T08:16:30.400+0000] {dag.py:4180} INFO - Setting next_dagrun for layers_update to None, run_after=None
[2026-04-14T08:16:30.432+0000] {processor.py:208} INFO - Processing /opt/airflow/dags/layers_update.py took 0.122 seconds
[2026-04-14T08:17:00.552+0000] {processor.py:186} INFO - Started process (PID=135) to work on /opt/airflow/dags/layers_update.py
[2026-04-14T08:17:00.554+0000] {processor.py:914} INFO - Processing file /opt/airflow/dags/layers_update.py for tasks to queue
[2026-04-14T08:17:00.558+0000] {logging_mixin.py:190} INFO - [2026-04-14T08:17:00.557+0000] {dagbag.py:588} INFO - Filling up the DagBag from /opt/airflow/dags/layers_update.py
[2026-04-14T08:17:00.579+0000] {processor.py:925} INFO - DAG(s) 'layers_update' retrieved from /opt/airflow/dags/layers_update.py
[2026-04-14T08:17:00.614+0000] {logging_mixin.py:190} INFO - [2026-04-14T08:17:00.613+0000] {dag.py:3239} INFO - Sync 1 DAGs
[2026-04-14T08:17:00.632+0000] {logging_mixin.py:190} INFO - [2026-04-14T08:17:00.632+0000] {dag.py:4180} INFO - Setting next_dagrun for layers_update to None, run_after=None
[2026-04-14T08:17:00.655+0000] {processor.py:208} INFO - Processing /opt/airflow/dags/layers_update.py took 0.116 seconds
[2026-04-14T08:17:31.068+0000] {processor.py:186} INFO - Started process (PID=138) to work on /opt/airflow/dags/layers_update.py
[2026-04-14T08:17:31.069+0000] {processor.py:914} INFO - Processing file /opt/airflow/dags/layers_update.py for tasks to queue
[2026-04-14T08:17:31.073+0000] {logging_mixin.py:190} INFO - [2026-04-14T08:17:31.072+0000] {dagbag.py:588} INFO - Filling up the DagBag from /opt/airflow/dags/layers_update.py
[2026-04-14T08:17:31.092+0000] {processor.py:925} INFO - DAG(s) 'layers_update' retrieved from /opt/airflow/dags/layers_update.py
[2026-04-14T08:17:31.132+0000] {logging_mixin.py:190} INFO - [2026-04-14T08:17:31.132+0000] {dag.py:3239} INFO - Sync 1 DAGs
[2026-04-14T08:17:31.150+0000] {logging_mixin.py:190} INFO - [2026-04-14T08:17:31.150+0000] {dag.py:4180} INFO - Setting next_dagrun for layers_update to None, run_after=None
[2026-04-14T08:17:31.175+0000] {processor.py:208} INFO - Processing /opt/airflow/dags/layers_update.py took 0.117 seconds
[2026-04-14T08:18:04.431+0000] {processor.py:186} INFO - Started process (PID=141) to work on /opt/airflow/dags/layers_update.py
[2026-04-14T08:18:04.433+0000] {processor.py:914} INFO - Processing file /opt/airflow/dags/layers_update.py for tasks to queue
[2026-04-14T08:18:04.436+0000] {logging_mixin.py:190} INFO - [2026-04-14T08:18:04.436+0000] {dagbag.py:588} INFO - Filling up the DagBag from /opt/airflow/dags/layers_update.py
[2026-04-14T08:18:04.453+0000] {processor.py:925} INFO - DAG(s) 'layers_update' retrieved from /opt/airflow/dags/layers_update.py
[2026-04-14T08:18:04.481+0000] {logging_mixin.py:190} INFO - [2026-04-14T08:18:04.480+0000] {dag.py:3239} INFO - Sync 1 DAGs
[2026-04-14T08:18:04.501+0000] {logging_mixin.py:190} INFO - [2026-04-14T08:18:04.501+0000] {dag.py:4180} INFO - Setting next_dagrun for layers_update to None, run_after=None
[2026-04-14T08:18:05.746+0000] {processor.py:208} INFO - Processing /opt/airflow/dags/layers_update.py took 1.323 seconds
[2026-04-14T08:18:36.032+0000] {processor.py:186} INFO - Started process (PID=144) to work on /opt/airflow/dags/layers_update.py
[2026-04-14T08:18:36.033+0000] {processor.py:914} INFO - Processing file /opt/airflow/dags/layers_update.py for tasks to queue
[2026-04-14T08:18:36.038+0000] {logging_mixin.py:190} INFO - [2026-04-14T08:18:36.037+0000] {dagbag.py:588} INFO - Filling up the DagBag from /opt/airflow/dags/layers_update.py
[2026-04-14T08:18:36.065+0000] {processor.py:925} INFO - DAG(s) 'layers_update' retrieved from /opt/airflow/dags/layers_update.py
[2026-04-14T08:18:36.095+0000] {logging_mixin.py:190} INFO - [2026-04-14T08:18:36.095+0000] {dag.py:3239} INFO - Sync 1 DAGs
[2026-04-14T08:18:36.117+0000] {logging_mixin.py:190} INFO - [2026-04-14T08:18:36.117+0000] {dag.py:4180} INFO - Setting next_dagrun for layers_update to None, run_after=None
[2026-04-14T08:18:36.146+0000] {processor.py:208} INFO - Processing /opt/airflow/dags/layers_update.py took 0.124 seconds
[2026-04-14T08:19:06.335+0000] {processor.py:186} INFO - Started process (PID=147) to work on /opt/airflow/dags/layers_update.py
[2026-04-14T08:19:06.337+0000] {processor.py:914} INFO - Processing file /opt/airflow/dags/layers_update.py for tasks to queue
[2026-04-14T08:19:06.341+0000] {logging_mixin.py:190} INFO - [2026-04-14T08:19:06.340+0000] {dagbag.py:588} INFO - Filling up the DagBag from /opt/airflow/dags/layers_update.py
[2026-04-14T08:19:06.366+0000] {processor.py:925} INFO - DAG(s) 'layers_update' retrieved from /opt/airflow/dags/layers_update.py
[2026-04-14T08:19:06.403+0000] {logging_mixin.py:190} INFO - [2026-04-14T08:19:06.403+0000] {dag.py:3239} INFO - Sync 1 DAGs
[2026-04-14T08:19:06.422+0000] {logging_mixin.py:190} INFO - [2026-04-14T08:19:06.421+0000] {dag.py:4180} INFO - Setting next_dagrun for layers_update to None, run_after=None
[2026-04-14T08:19:06.454+0000] {processor.py:208} INFO - Processing /opt/airflow/dags/layers_update.py took 0.132 seconds
[2026-04-14T08:19:36.693+0000] {processor.py:186} INFO - Started process (PID=150) to work on /opt/airflow/dags/layers_update.py
[2026-04-14T08:19:36.694+0000] {processor.py:914} INFO - Processing file /opt/airflow/dags/layers_update.py for tasks to queue
[2026-04-14T08:19:36.700+0000] {logging_mixin.py:190} INFO - [2026-04-14T08:19:36.700+0000] {dagbag.py:588} INFO - Filling up the DagBag from /opt/airflow/dags/layers_update.py
[2026-04-14T08:19:36.725+0000] {processor.py:925} INFO - DAG(s) 'layers_update' retrieved from /opt/airflow/dags/layers_update.py
[2026-04-14T08:19:36.757+0000] {logging_mixin.py:190} INFO - [2026-04-14T08:19:36.757+0000] {dag.py:3239} INFO - Sync 1 DAGs
[2026-04-14T08:19:36.778+0000] {logging_mixin.py:190} INFO - [2026-04-14T08:19:36.777+0000] {dag.py:4180} INFO - Setting next_dagrun for layers_update to None, run_after=None
[2026-04-14T08:19:36.813+0000] {processor.py:208} INFO - Processing /opt/airflow/dags/layers_update.py took 0.130 seconds
[2026-04-14T08:20:06.897+0000] {processor.py:186} INFO - Started process (PID=153) to work on /opt/airflow/dags/layers_update.py
[2026-04-14T08:20:06.899+0000] {processor.py:914} INFO - Processing file /opt/airflow/dags/layers_update.py for tasks to queue
[2026-04-14T08:20:06.907+0000] {logging_mixin.py:190} INFO - [2026-04-14T08:20:06.907+0000] {dagbag.py:588} INFO - Filling up the DagBag from /opt/airflow/dags/layers_update.py
[2026-04-14T08:20:06.942+0000] {processor.py:925} INFO - DAG(s) 'layers_update' retrieved from /opt/airflow/dags/layers_update.py
[2026-04-14T08:20:06.968+0000] {logging_mixin.py:190} INFO - [2026-04-14T08:20:06.968+0000] {dag.py:3239} INFO - Sync 1 DAGs
[2026-04-14T08:20:06.988+0000] {logging_mixin.py:190} INFO - [2026-04-14T08:20:06.987+0000] {dag.py:4180} INFO - Setting next_dagrun for layers_update to None, run_after=None
[2026-04-14T08:20:07.013+0000] {processor.py:208} INFO - Processing /opt/airflow/dags/layers_update.py took 0.130 seconds
[2026-04-14T08:20:37.469+0000] {processor.py:186} INFO - Started process (PID=156) to work on /opt/airflow/dags/layers_update.py
[2026-04-14T08:20:37.471+0000] {processor.py:914} INFO - Processing file /opt/airflow/dags/layers_update.py for tasks to queue
[2026-04-14T08:20:37.474+0000] {logging_mixin.py:190} INFO - [2026-04-14T08:20:37.474+0000] {dagbag.py:588} INFO - Filling up the DagBag from /opt/airflow/dags/layers_update.py
[2026-04-14T08:20:37.494+0000] {processor.py:925} INFO - DAG(s) 'layers_update' retrieved from /opt/airflow/dags/layers_update.py
[2026-04-14T08:20:37.521+0000] {logging_mixin.py:190} INFO - [2026-04-14T08:20:37.520+0000] {dag.py:3239} INFO - Sync 1 DAGs
[2026-04-14T08:20:37.540+0000] {logging_mixin.py:190} INFO - [2026-04-14T08:20:37.540+0000] {dag.py:4180} INFO - Setting next_dagrun for layers_update to None, run_after=None
[2026-04-14T08:20:37.569+0000] {processor.py:208} INFO - Processing /opt/airflow/dags/layers_update.py took 0.110 seconds
[2026-04-14T08:21:07.961+0000] {processor.py:186} INFO - Started process (PID=159) to work on /opt/airflow/dags/layers_update.py
[2026-04-14T08:21:07.963+0000] {processor.py:914} INFO - Processing file /opt/airflow/dags/layers_update.py for tasks to queue
[2026-04-14T08:21:07.966+0000] {logging_mixin.py:190} INFO - [2026-04-14T08:21:07.966+0000] {dagbag.py:588} INFO - Filling up the DagBag from /opt/airflow/dags/layers_update.py
[2026-04-14T08:21:07.986+0000] {processor.py:925} INFO - DAG(s) 'layers_update' retrieved from /opt/airflow/dags/layers_update.py
[2026-04-14T08:21:08.011+0000] {logging_mixin.py:190} INFO - [2026-04-14T08:21:08.011+0000] {dag.py:3239} INFO - Sync 1 DAGs
[2026-04-14T08:21:08.030+0000] {logging_mixin.py:190} INFO - [2026-04-14T08:21:08.030+0000] {dag.py:4180} INFO - Setting next_dagrun for layers_update to None, run_after=None
[2026-04-14T08:21:08.055+0000] {processor.py:208} INFO - Processing /opt/airflow/dags/layers_update.py took 0.103 seconds
[2026-04-14T08:21:38.481+0000] {processor.py:186} INFO - Started process (PID=162) to work on /opt/airflow/dags/layers_update.py
[2026-04-14T08:21:38.485+0000] {processor.py:914} INFO - Processing file /opt/airflow/dags/layers_update.py for tasks to queue
[2026-04-14T08:21:38.489+0000] {logging_mixin.py:190} INFO - [2026-04-14T08:21:38.489+0000] {dagbag.py:588} INFO - Filling up the DagBag from /opt/airflow/dags/layers_update.py
[2026-04-14T08:21:38.511+0000] {processor.py:925} INFO - DAG(s) 'layers_update' retrieved from /opt/airflow/dags/layers_update.py
[2026-04-14T08:21:38.540+0000] {logging_mixin.py:190} INFO - [2026-04-14T08:21:38.539+0000] {dag.py:3239} INFO - Sync 1 DAGs
[2026-04-14T08:21:38.562+0000] {logging_mixin.py:190} INFO - [2026-04-14T08:21:38.562+0000] {dag.py:4180} INFO - Setting next_dagrun for layers_update to None, run_after=None
[2026-04-14T08:21:38.590+0000] {processor.py:208} INFO - Processing /opt/airflow/dags/layers_update.py took 0.117 seconds
[2026-04-14T08:22:09.228+0000] {processor.py:186} INFO - Started process (PID=165) to work on /opt/airflow/dags/layers_update.py
[2026-04-14T08:22:09.229+0000] {processor.py:914} INFO - Processing file /opt/airflow/dags/layers_update.py for tasks to queue
[2026-04-14T08:22:09.232+0000] {logging_mixin.py:190} INFO - [2026-04-14T08:22:09.231+0000] {dagbag.py:588} INFO - Filling up the DagBag from /opt/airflow/dags/layers_update.py
[2026-04-14T08:22:09.252+0000] {processor.py:925} INFO - DAG(s) 'layers_update' retrieved from /opt/airflow/dags/layers_update.py
[2026-04-14T08:22:09.279+0000] {logging_mixin.py:190} INFO - [2026-04-14T08:22:09.279+0000] {dag.py:3239} INFO - Sync 1 DAGs
[2026-04-14T08:22:09.302+0000] {logging_mixin.py:190} INFO - [2026-04-14T08:22:09.301+0000] {dag.py:4180} INFO - Setting next_dagrun for layers_update to None, run_after=None
[2026-04-14T08:22:09.327+0000] {processor.py:208} INFO - Processing /opt/airflow/dags/layers_update.py took 0.113 seconds
[2026-04-14T08:22:40.945+0000] {processor.py:186} INFO - Started process (PID=168) to work on /opt/airflow/dags/layers_update.py
[2026-04-14T08:22:40.965+0000] {processor.py:914} INFO - Processing file /opt/airflow/dags/layers_update.py for tasks to queue
[2026-04-14T08:22:41.257+0000] {logging_mixin.py:190} INFO - [2026-04-14T08:22:41.257+0000] {dagbag.py:588} INFO - Filling up the DagBag from /opt/airflow/dags/layers_update.py
[2026-04-14T08:22:41.325+0000] {processor.py:925} INFO - DAG(s) 'layers_update' retrieved from /opt/airflow/dags/layers_update.py
[2026-04-14T08:22:41.418+0000] {logging_mixin.py:190} INFO - [2026-04-14T08:22:41.418+0000] {dag.py:3239} INFO - Sync 1 DAGs
[2026-04-14T08:22:41.475+0000] {logging_mixin.py:190} INFO - [2026-04-14T08:22:41.474+0000] {dag.py:4180} INFO - Setting next_dagrun for layers_update to None, run_after=None
[2026-04-14T08:22:41.528+0000] {processor.py:208} INFO - Processing /opt/airflow/dags/layers_update.py took 0.612 seconds
[2026-04-14T08:23:12.109+0000] {processor.py:186} INFO - Started process (PID=171) to work on /opt/airflow/dags/layers_update.py
[2026-04-14T08:23:12.111+0000] {processor.py:914} INFO - Processing file /opt/airflow/dags/layers_update.py for tasks to queue
[2026-04-14T08:23:12.114+0000] {logging_mixin.py:190} INFO - [2026-04-14T08:23:12.114+0000] {dagbag.py:588} INFO - Filling up the DagBag from /opt/airflow/dags/layers_update.py
[2026-04-14T08:23:12.137+0000] {processor.py:925} INFO - DAG(s) 'layers_update' retrieved from /opt/airflow/dags/layers_update.py
[2026-04-14T08:23:12.166+0000] {logging_mixin.py:190} INFO - [2026-04-14T08:23:12.166+0000] {dag.py:3239} INFO - Sync 1 DAGs
[2026-04-14T08:23:12.184+0000] {logging_mixin.py:190} INFO - [2026-04-14T08:23:12.184+0000] {dag.py:4180} INFO - Setting next_dagrun for layers_update to None, run_after=None
[2026-04-14T08:23:12.214+0000] {processor.py:208} INFO - Processing /opt/airflow/dags/layers_update.py took 0.113 seconds
[2026-04-14T08:23:42.658+0000] {processor.py:186} INFO - Started process (PID=174) to work on /opt/airflow/dags/layers_update.py
[2026-04-14T08:23:42.659+0000] {processor.py:914} INFO - Processing file /opt/airflow/dags/layers_update.py for tasks to queue
[2026-04-14T08:23:42.664+0000] {logging_mixin.py:190} INFO - [2026-04-14T08:23:42.663+0000] {dagbag.py:588} INFO - Filling up the DagBag from /opt/airflow/dags/layers_update.py
[2026-04-14T08:23:42.687+0000] {processor.py:925} INFO - DAG(s) 'layers_update' retrieved from /opt/airflow/dags/layers_update.py
[2026-04-14T08:23:42.722+0000] {logging_mixin.py:190} INFO - [2026-04-14T08:23:42.722+0000] {dag.py:3239} INFO - Sync 1 DAGs
[2026-04-14T08:23:42.742+0000] {logging_mixin.py:190} INFO - [2026-04-14T08:23:42.741+0000] {dag.py:4180} INFO - Setting next_dagrun for layers_update to None, run_after=None
[2026-04-14T08:23:42.764+0000] {processor.py:208} INFO - Processing /opt/airflow/dags/layers_update.py took 0.115 seconds
[2026-04-14T08:24:13.287+0000] {processor.py:186} INFO - Started process (PID=177) to work on /opt/airflow/dags/layers_update.py
[2026-04-14T08:24:13.288+0000] {processor.py:914} INFO - Processing file /opt/airflow/dags/layers_update.py for tasks to queue
[2026-04-14T08:24:13.291+0000] {logging_mixin.py:190} INFO - [2026-04-14T08:24:13.291+0000] {dagbag.py:588} INFO - Filling up the DagBag from /opt/airflow/dags/layers_update.py
[2026-04-14T08:24:13.310+0000] {processor.py:925} INFO - DAG(s) 'layers_update' retrieved from /opt/airflow/dags/layers_update.py
[2026-04-14T08:24:13.337+0000] {logging_mixin.py:190} INFO - [2026-04-14T08:24:13.337+0000] {dag.py:3239} INFO - Sync 1 DAGs
[2026-04-14T08:24:13.360+0000] {logging_mixin.py:190} INFO - [2026-04-14T08:24:13.360+0000] {dag.py:4180} INFO - Setting next_dagrun for layers_update to None, run_after=None
[2026-04-14T08:24:13.390+0000] {processor.py:208} INFO - Processing /opt/airflow/dags/layers_update.py took 0.114 seconds
[2026-04-14T08:24:43.872+0000] {processor.py:186} INFO - Started process (PID=180) to work on /opt/airflow/dags/layers_update.py
[2026-04-14T08:24:43.873+0000] {processor.py:914} INFO - Processing file /opt/airflow/dags/layers_update.py for tasks to queue
[2026-04-14T08:24:43.876+0000] {logging_mixin.py:190} INFO - [2026-04-14T08:24:43.876+0000] {dagbag.py:588} INFO - Filling up the DagBag from /opt/airflow/dags/layers_update.py
[2026-04-14T08:24:43.899+0000] {processor.py:925} INFO - DAG(s) 'layers_update' retrieved from /opt/airflow/dags/layers_update.py
[2026-04-14T08:24:43.928+0000] {logging_mixin.py:190} INFO - [2026-04-14T08:24:43.928+0000] {dag.py:3239} INFO - Sync 1 DAGs
[2026-04-14T08:24:43.947+0000] {logging_mixin.py:190} INFO - [2026-04-14T08:24:43.947+0000] {dag.py:4180} INFO - Setting next_dagrun for layers_update to None, run_after=None
[2026-04-14T08:24:43.977+0000] {processor.py:208} INFO - Processing /opt/airflow/dags/layers_update.py took 0.114 seconds
[2026-04-14T08:25:14.479+0000] {processor.py:186} INFO - Started process (PID=183) to work on /opt/airflow/dags/layers_update.py
[2026-04-14T08:25:14.481+0000] {processor.py:914} INFO - Processing file /opt/airflow/dags/layers_update.py for tasks to queue
[2026-04-14T08:25:14.485+0000] {logging_mixin.py:190} INFO - [2026-04-14T08:25:14.484+0000] {dagbag.py:588} INFO - Filling up the DagBag from /opt/airflow/dags/layers_update.py
[2026-04-14T08:25:14.513+0000] {processor.py:925} INFO - DAG(s) 'layers_update' retrieved from /opt/airflow/dags/layers_update.py
[2026-04-14T08:25:14.546+0000] {logging_mixin.py:190} INFO - [2026-04-14T08:25:14.545+0000] {dag.py:3239} INFO - Sync 1 DAGs
[2026-04-14T08:25:14.569+0000] {logging_mixin.py:190} INFO - [2026-04-14T08:25:14.568+0000] {dag.py:4180} INFO - Setting next_dagrun for layers_update to None, run_after=None
[2026-04-14T08:25:14.598+0000] {processor.py:208} INFO - Processing /opt/airflow/dags/layers_update.py took 0.130 seconds
[2026-04-14T08:25:45.123+0000] {processor.py:186} INFO - Started process (PID=186) to work on /opt/airflow/dags/layers_update.py
[2026-04-14T08:25:45.125+0000] {processor.py:914} INFO - Processing file /opt/airflow/dags/layers_update.py for tasks to queue
[2026-04-14T08:25:45.128+0000] {logging_mixin.py:190} INFO - [2026-04-14T08:25:45.127+0000] {dagbag.py:588} INFO - Filling up the DagBag from /opt/airflow/dags/layers_update.py
[2026-04-14T08:25:45.147+0000] {processor.py:925} INFO - DAG(s) 'layers_update' retrieved from /opt/airflow/dags/layers_update.py
[2026-04-14T08:25:45.177+0000] {logging_mixin.py:190} INFO - [2026-04-14T08:25:45.176+0000] {dag.py:3239} INFO - Sync 1 DAGs
[2026-04-14T08:25:45.194+0000] {logging_mixin.py:190} INFO - [2026-04-14T08:25:45.194+0000] {dag.py:4180} INFO - Setting next_dagrun for layers_update to None, run_after=None
[2026-04-14T08:25:45.218+0000] {processor.py:208} INFO - Processing /opt/airflow/dags/layers_update.py took 0.104 seconds
[2026-04-14T08:26:15.645+0000] {processor.py:186} INFO - Started process (PID=189) to work on /opt/airflow/dags/layers_update.py
[2026-04-14T08:26:15.646+0000] {processor.py:914} INFO - Processing file /opt/airflow/dags/layers_update.py for tasks to queue
[2026-04-14T08:26:15.652+0000] {logging_mixin.py:190} INFO - [2026-04-14T08:26:15.652+0000] {dagbag.py:588} INFO - Filling up the DagBag from /opt/airflow/dags/layers_update.py
[2026-04-14T08:26:15.680+0000] {processor.py:925} INFO - DAG(s) 'layers_update' retrieved from /opt/airflow/dags/layers_update.py
[2026-04-14T08:26:15.712+0000] {logging_mixin.py:190} INFO - [2026-04-14T08:26:15.712+0000] {dag.py:3239} INFO - Sync 1 DAGs
[2026-04-14T08:26:15.731+0000] {logging_mixin.py:190} INFO - [2026-04-14T08:26:15.731+0000] {dag.py:4180} INFO - Setting next_dagrun for layers_update to None, run_after=None
[2026-04-14T08:26:15.763+0000] {processor.py:208} INFO - Processing /opt/airflow/dags/layers_update.py took 0.126 seconds
[2026-04-14T08:26:46.211+0000] {processor.py:186} INFO - Started process (PID=192) to work on /opt/airflow/dags/layers_update.py
[2026-04-14T08:26:46.212+0000] {processor.py:914} INFO - Processing file /opt/airflow/dags/layers_update.py for tasks to queue
[2026-04-14T08:26:46.216+0000] {logging_mixin.py:190} INFO - [2026-04-14T08:26:46.215+0000] {dagbag.py:588} INFO - Filling up the DagBag from /opt/airflow/dags/layers_update.py
[2026-04-14T08:26:46.243+0000] {processor.py:925} INFO - DAG(s) 'layers_update' retrieved from /opt/airflow/dags/layers_update.py
[2026-04-14T08:26:46.276+0000] {logging_mixin.py:190} INFO - [2026-04-14T08:26:46.276+0000] {dag.py:3239} INFO - Sync 1 DAGs
[2026-04-14T08:26:46.297+0000] {logging_mixin.py:190} INFO - [2026-04-14T08:26:46.297+0000] {dag.py:4180} INFO - Setting next_dagrun for layers_update to None, run_after=None
[2026-04-14T08:26:46.326+0000] {processor.py:208} INFO - Processing /opt/airflow/dags/layers_update.py took 0.124 seconds
[2026-04-14T08:27:16.713+0000] {processor.py:186} INFO - Started process (PID=195) to work on /opt/airflow/dags/layers_update.py
[2026-04-14T08:27:16.715+0000] {processor.py:914} INFO - Processing file /opt/airflow/dags/layers_update.py for tasks to queue
[2026-04-14T08:27:16.719+0000] {logging_mixin.py:190} INFO - [2026-04-14T08:27:16.719+0000] {dagbag.py:588} INFO - Filling up the DagBag from /opt/airflow/dags/layers_update.py
[2026-04-14T08:27:16.743+0000] {processor.py:925} INFO - DAG(s) 'layers_update' retrieved from /opt/airflow/dags/layers_update.py
[2026-04-14T08:27:16.772+0000] {logging_mixin.py:190} INFO - [2026-04-14T08:27:16.772+0000] {dag.py:3239} INFO - Sync 1 DAGs
[2026-04-14T08:27:16.794+0000] {logging_mixin.py:190} INFO - [2026-04-14T08:27:16.794+0000] {dag.py:4180} INFO - Setting next_dagrun for layers_update to None, run_after=None
[2026-04-14T08:27:16.828+0000] {processor.py:208} INFO - Processing /opt/airflow/dags/layers_update.py took 0.124 seconds
[2026-04-14T08:27:47.182+0000] {processor.py:186} INFO - Started process (PID=198) to work on /opt/airflow/dags/layers_update.py
[2026-04-14T08:27:47.185+0000] {processor.py:914} INFO - Processing file /opt/airflow/dags/layers_update.py for tasks to queue
[2026-04-14T08:27:47.189+0000] {logging_mixin.py:190} INFO - [2026-04-14T08:27:47.189+0000] {dagbag.py:588} INFO - Filling up the DagBag from /opt/airflow/dags/layers_update.py
[2026-04-14T08:27:47.207+0000] {processor.py:925} INFO - DAG(s) 'layers_update' retrieved from /opt/airflow/dags/layers_update.py
[2026-04-14T08:27:47.238+0000] {logging_mixin.py:190} INFO - [2026-04-14T08:27:47.238+0000] {dag.py:3239} INFO - Sync 1 DAGs
[2026-04-14T08:27:47.256+0000] {logging_mixin.py:190} INFO - [2026-04-14T08:27:47.256+0000] {dag.py:4180} INFO - Setting next_dagrun for layers_update to None, run_after=None
[2026-04-14T08:27:47.280+0000] {processor.py:208} INFO - Processing /opt/airflow/dags/layers_update.py took 0.109 seconds
[2026-04-14T08:28:18.069+0000] {processor.py:186} INFO - Started process (PID=201) to work on /opt/airflow/dags/layers_update.py
[2026-04-14T08:28:18.070+0000] {processor.py:914} INFO - Processing file /opt/airflow/dags/layers_update.py for tasks to queue
[2026-04-14T08:28:18.074+0000] {logging_mixin.py:190} INFO - [2026-04-14T08:28:18.074+0000] {dagbag.py:588} INFO - Filling up the DagBag from /opt/airflow/dags/layers_update.py
[2026-04-14T08:28:18.091+0000] {processor.py:925} INFO - DAG(s) 'layers_update' retrieved from /opt/airflow/dags/layers_update.py
[2026-04-14T08:28:18.120+0000] {logging_mixin.py:190} INFO - [2026-04-14T08:28:18.120+0000] {dag.py:3239} INFO - Sync 1 DAGs
[2026-04-14T08:28:18.137+0000] {logging_mixin.py:190} INFO - [2026-04-14T08:28:18.137+0000] {dag.py:4180} INFO - Setting next_dagrun for layers_update to None, run_after=None
[2026-04-14T08:28:18.157+0000] {processor.py:208} INFO - Processing /opt/airflow/dags/layers_update.py took 0.097 seconds
[2026-04-14T08:28:48.732+0000] {processor.py:186} INFO - Started process (PID=204) to work on /opt/airflow/dags/layers_update.py
[2026-04-14T08:28:48.734+0000] {processor.py:914} INFO - Processing file /opt/airflow/dags/layers_update.py for tasks to queue
[2026-04-14T08:28:48.740+0000] {logging_mixin.py:190} INFO - [2026-04-14T08:28:48.737+0000] {dagbag.py:588} INFO - Filling up the DagBag from /opt/airflow/dags/layers_update.py
[2026-04-14T08:28:48.771+0000] {processor.py:925} INFO - DAG(s) 'layers_update' retrieved from /opt/airflow/dags/layers_update.py
[2026-04-14T08:28:48.807+0000] {logging_mixin.py:190} INFO - [2026-04-14T08:28:48.807+0000] {dag.py:3239} INFO - Sync 1 DAGs
[2026-04-14T08:28:48.862+0000] {logging_mixin.py:190} INFO - [2026-04-14T08:28:48.861+0000] {dag.py:4180} INFO - Setting next_dagrun for layers_update to None, run_after=None
[2026-04-14T08:28:48.915+0000] {processor.py:208} INFO - Processing /opt/airflow/dags/layers_update.py took 0.192 seconds
[2026-04-14T08:29:19.373+0000] {processor.py:186} INFO - Started process (PID=207) to work on /opt/airflow/dags/layers_update.py
[2026-04-14T08:29:19.374+0000] {processor.py:914} INFO - Processing file /opt/airflow/dags/layers_update.py for tasks to queue
[2026-04-14T08:29:19.382+0000] {logging_mixin.py:190} INFO - [2026-04-14T08:29:19.382+0000] {dagbag.py:588} INFO - Filling up the DagBag from /opt/airflow/dags/layers_update.py
[2026-04-14T08:29:19.421+0000] {processor.py:925} INFO - DAG(s) 'layers_update' retrieved from /opt/airflow/dags/layers_update.py
[2026-04-14T08:29:19.454+0000] {logging_mixin.py:190} INFO - [2026-04-14T08:29:19.454+0000] {dag.py:3239} INFO - Sync 1 DAGs
[2026-04-14T08:29:19.480+0000] {logging_mixin.py:190} INFO - [2026-04-14T08:29:19.480+0000] {dag.py:4180} INFO - Setting next_dagrun for layers_update to None, run_after=None
[2026-04-14T08:29:19.540+0000] {processor.py:208} INFO - Processing /opt/airflow/dags/layers_update.py took 0.176 seconds
[2026-04-14T08:29:50.047+0000] {processor.py:186} INFO - Started process (PID=210) to work on /opt/airflow/dags/layers_update.py
[2026-04-14T08:29:50.048+0000] {processor.py:914} INFO - Processing file /opt/airflow/dags/layers_update.py for tasks to queue
[2026-04-14T08:29:50.052+0000] {logging_mixin.py:190} INFO - [2026-04-14T08:29:50.052+0000] {dagbag.py:588} INFO - Filling up the DagBag from /opt/airflow/dags/layers_update.py
[2026-04-14T08:29:50.072+0000] {processor.py:925} INFO - DAG(s) 'layers_update' retrieved from /opt/airflow/dags/layers_update.py
[2026-04-14T08:29:50.105+0000] {logging_mixin.py:190} INFO - [2026-04-14T08:29:50.105+0000] {dag.py:3239} INFO - Sync 1 DAGs
[2026-04-14T08:29:50.124+0000] {logging_mixin.py:190} INFO - [2026-04-14T08:29:50.123+0000] {dag.py:4180} INFO - Setting next_dagrun for layers_update to None, run_after=None
[2026-04-14T08:29:50.155+0000] {processor.py:208} INFO - Processing /opt/airflow/dags/layers_update.py took 0.117 seconds
[2026-04-14T08:30:20.920+0000] {processor.py:186} INFO - Started process (PID=213) to work on /opt/airflow/dags/layers_update.py
[2026-04-14T08:30:20.930+0000] {processor.py:914} INFO - Processing file /opt/airflow/dags/layers_update.py for tasks to queue
[2026-04-14T08:30:20.934+0000] {logging_mixin.py:190} INFO - [2026-04-14T08:30:20.933+0000] {dagbag.py:588} INFO - Filling up the DagBag from /opt/airflow/dags/layers_update.py
[2026-04-14T08:30:20.968+0000] {processor.py:925} INFO - DAG(s) 'layers_update' retrieved from /opt/airflow/dags/layers_update.py
[2026-04-14T08:30:21.213+0000] {logging_mixin.py:190} INFO - [2026-04-14T08:30:21.212+0000] {dag.py:3239} INFO - Sync 1 DAGs
[2026-04-14T08:30:21.290+0000] {logging_mixin.py:190} INFO - [2026-04-14T08:30:21.289+0000] {dag.py:4180} INFO - Setting next_dagrun for layers_update to None, run_after=None
[2026-04-14T08:30:21.528+0000] {processor.py:208} INFO - Processing /opt/airflow/dags/layers_update.py took 0.628 seconds
