[2026-04-21T08:04:32.061+0000] {local_task_job_runner.py:123} INFO - ::group::Pre task execution logs
[2026-04-21T08:04:32.081+0000] {taskinstance.py:2614} INFO - Dependencies all met for dep_context=non-requeueable deps ti=<TaskInstance: layers_update.run_dbt manual__2026-04-21T08:04:29.767099+00:00 [queued]>
[2026-04-21T08:04:32.090+0000] {taskinstance.py:2614} INFO - Dependencies all met for dep_context=requeueable deps ti=<TaskInstance: layers_update.run_dbt manual__2026-04-21T08:04:29.767099+00:00 [queued]>
[2026-04-21T08:04:32.091+0000] {taskinstance.py:2867} INFO - Starting attempt 1 of 1
[2026-04-21T08:04:32.109+0000] {taskinstance.py:2890} INFO - Executing <Task(BashOperator): run_dbt> on 2026-04-21 08:04:29.767099+00:00
[2026-04-21T08:04:32.117+0000] {warnings.py:112} WARNING - /home/***/.local/lib/python3.12/site-packages/***/task/task_runner/standard_task_runner.py:70: DeprecationWarning: This process (pid=112) is multi-threaded, use of fork() may lead to deadlocks in the child.
  pid = os.fork()

[2026-04-21T08:04:32.120+0000] {standard_task_runner.py:72} INFO - Started process 113 to run task
[2026-04-21T08:04:32.121+0000] {standard_task_runner.py:104} INFO - Running: ['***', 'tasks', 'run', 'layers_update', 'run_dbt', 'manual__2026-04-21T08:04:29.767099+00:00', '--job-id', '9', '--raw', '--subdir', 'DAGS_FOLDER/layers_update.py', '--cfg-path', '/tmp/tmpa2s96e0c']
[2026-04-21T08:04:32.123+0000] {standard_task_runner.py:105} INFO - Job 9: Subtask run_dbt
[2026-04-21T08:04:32.193+0000] {task_command.py:467} INFO - Running <TaskInstance: layers_update.run_dbt manual__2026-04-21T08:04:29.767099+00:00 [running]> on host 685b945180b2
[2026-04-21T08:04:32.297+0000] {taskinstance.py:3134} INFO - Exporting env vars: AIRFLOW_CTX_DAG_OWNER='***' AIRFLOW_CTX_DAG_ID='layers_update' AIRFLOW_CTX_TASK_ID='run_dbt' AIRFLOW_CTX_EXECUTION_DATE='2026-04-21T08:04:29.767099+00:00' AIRFLOW_CTX_TRY_NUMBER='1' AIRFLOW_CTX_DAG_RUN_ID='manual__2026-04-21T08:04:29.767099+00:00'
[2026-04-21T08:04:32.299+0000] {taskinstance.py:732} INFO - ::endgroup::
[2026-04-21T08:04:32.317+0000] {subprocess.py:78} INFO - Tmp dir root location: /tmp
[2026-04-21T08:04:32.318+0000] {subprocess.py:88} INFO - Running command: ['/usr/bin/bash', '-c', 'dbt run']
[2026-04-21T08:04:32.338+0000] {subprocess.py:99} INFO - Output:
[2026-04-21T08:04:36.106+0000] {subprocess.py:106} INFO - [0m08:04:36  Running with dbt=1.7.0
[2026-04-21T08:04:36.588+0000] {subprocess.py:106} INFO - [0m08:04:36  Registered adapter: clickhouse=1.7.0
[2026-04-21T08:04:37.840+0000] {subprocess.py:106} INFO - [0m08:04:37  [[33mWARNING[0m]: Configuration paths exist in your dbt_project.yml file which do not apply to any resources.
[2026-04-21T08:04:37.841+0000] {subprocess.py:106} INFO - There are 1 unused configuration paths:
[2026-04-21T08:04:37.842+0000] {subprocess.py:106} INFO - - models.clickhouse_etl.raw
[2026-04-21T08:04:37.877+0000] {subprocess.py:106} INFO - [0m08:04:37  Found 11 models, 15 tests, 4 sources, 0 exposures, 0 metrics, 538 macros, 0 groups, 0 semantic models
[2026-04-21T08:04:37.882+0000] {subprocess.py:106} INFO - [0m08:04:37
[2026-04-21T08:04:43.542+0000] {subprocess.py:106} INFO - [0m08:04:43  Concurrency: 1 threads (target='dev')
[2026-04-21T08:04:43.544+0000] {subprocess.py:106} INFO - [0m08:04:43
[2026-04-21T08:04:43.555+0000] {subprocess.py:106} INFO - [0m08:04:43  1 of 11 START sql incremental model `ods`.`browser_data` ....................... [RUN]
[2026-04-21T08:04:43.782+0000] {subprocess.py:106} INFO - [0m08:04:43  1 of 11 OK created sql incremental model `ods`.`browser_data` .................. [[32mOK[0m in 0.22s]
[2026-04-21T08:04:43.786+0000] {subprocess.py:106} INFO - [0m08:04:43  2 of 11 START sql incremental model `ods`.`device_data` ........................ [RUN]
[2026-04-21T08:04:43.994+0000] {subprocess.py:106} INFO - [0m08:04:43  2 of 11 OK created sql incremental model `ods`.`device_data` ................... [[32mOK[0m in 0.20s]
[2026-04-21T08:04:43.998+0000] {subprocess.py:106} INFO - [0m08:04:43  3 of 11 START sql incremental model `ods`.`geo_data` ........................... [RUN]
[2026-04-21T08:04:44.199+0000] {subprocess.py:106} INFO - [0m08:04:44  3 of 11 OK created sql incremental model `ods`.`geo_data` ...................... [[32mOK[0m in 0.20s]
[2026-04-21T08:04:44.204+0000] {subprocess.py:106} INFO - [0m08:04:44  4 of 11 START sql incremental model `ods`.`location_data` ...................... [RUN]
[2026-04-21T08:04:44.860+0000] {subprocess.py:106} INFO - [0m08:04:44  4 of 11 OK created sql incremental model `ods`.`location_data` ................. [[32mOK[0m in 0.65s]
[2026-04-21T08:04:44.865+0000] {subprocess.py:106} INFO - [0m08:04:44  5 of 11 START sql incremental model `dds`.`dim_browser` ........................ [RUN]
[2026-04-21T08:04:45.075+0000] {subprocess.py:106} INFO - [0m08:04:45  5 of 11 OK created sql incremental model `dds`.`dim_browser` ................... [[32mOK[0m in 0.21s]
[2026-04-21T08:04:45.080+0000] {subprocess.py:106} INFO - [0m08:04:45  6 of 11 START sql incremental model `dds`.`dim_device` ......................... [RUN]
[2026-04-21T08:04:45.287+0000] {subprocess.py:106} INFO - [0m08:04:45  6 of 11 OK created sql incremental model `dds`.`dim_device` .................... [[32mOK[0m in 0.20s]
[2026-04-21T08:04:45.290+0000] {subprocess.py:106} INFO - [0m08:04:45  7 of 11 START sql incremental model `dds`.`fct_click` .......................... [RUN]
[2026-04-21T08:04:45.509+0000] {subprocess.py:106} INFO - [0m08:04:45  7 of 11 OK created sql incremental model `dds`.`fct_click` ..................... [[32mOK[0m in 0.22s]
[2026-04-21T08:04:45.520+0000] {subprocess.py:106} INFO - [0m08:04:45  8 of 11 START sql incremental model `dds`.`dim_geo` ............................ [RUN]
[2026-04-21T08:04:45.747+0000] {subprocess.py:106} INFO - [0m08:04:45  8 of 11 OK created sql incremental model `dds`.`dim_geo` ....................... [[32mOK[0m in 0.22s]
[2026-04-21T08:04:46.220+0000] {subprocess.py:106} INFO - [0m08:04:46  9 of 11 START sql incremental model `dds`.`dim_location` ....................... [RUN]
[2026-04-21T08:04:46.461+0000] {subprocess.py:106} INFO - [0m08:04:46  9 of 11 OK created sql incremental model `dds`.`dim_location` .................. [[32mOK[0m in 0.24s]
[2026-04-21T08:04:46.468+0000] {subprocess.py:106} INFO - [0m08:04:46  10 of 11 START sql incremental model `dm`.`dashboard` .......................... [RUN]
[2026-04-21T08:04:46.741+0000] {subprocess.py:106} INFO - [0m08:04:46  10 of 11 OK created sql incremental model `dm`.`dashboard` ..................... [[32mOK[0m in 0.27s]
[2026-04-21T08:04:46.744+0000] {subprocess.py:106} INFO - [0m08:04:46  11 of 11 START sql view model `dm`.`dashboard_recent_data` ..................... [RUN]
[2026-04-21T08:04:46.936+0000] {subprocess.py:106} INFO - [0m08:04:46  11 of 11 OK created sql view model `dm`.`dashboard_recent_data` ................ [[32mOK[0m in 0.19s]
[2026-04-21T08:04:46.941+0000] {subprocess.py:106} INFO - [0m08:04:46
[2026-04-21T08:04:46.942+0000] {subprocess.py:106} INFO - [0m08:04:46  Finished running 10 incremental models, 1 view model in 0 hours 0 minutes and 9.06 seconds (9.06s).
[2026-04-21T08:04:46.967+0000] {subprocess.py:106} INFO - [0m08:04:46
[2026-04-21T08:04:46.968+0000] {subprocess.py:106} INFO - [0m08:04:46  [32mCompleted successfully[0m
[2026-04-21T08:04:46.969+0000] {subprocess.py:106} INFO - [0m08:04:46
[2026-04-21T08:04:46.970+0000] {subprocess.py:106} INFO - [0m08:04:46  Done. PASS=11 WARN=0 ERROR=0 SKIP=0 TOTAL=11
[2026-04-21T08:04:48.001+0000] {subprocess.py:110} INFO - Command exited with return code 0
[2026-04-21T08:04:48.034+0000] {taskinstance.py:341} INFO - ::group::Post task execution logs
[2026-04-21T08:04:48.035+0000] {taskinstance.py:353} INFO - Marking task as SUCCESS. dag_id=layers_update, task_id=run_dbt, run_id=manual__2026-04-21T08:04:29.767099+00:00, execution_date=20260421T080429, start_date=20260421T080432, end_date=20260421T080448
[2026-04-21T08:04:48.096+0000] {local_task_job_runner.py:266} INFO - Task exited with return code 0
[2026-04-21T08:04:48.124+0000] {taskinstance.py:3901} INFO - 1 downstream tasks scheduled from follow-on schedule check
[2026-04-21T08:04:48.129+0000] {local_task_job_runner.py:245} INFO - ::endgroup::
