[2026-04-21T04:39:05.140+0000] {local_task_job_runner.py:123} INFO - ::group::Pre task execution logs
[2026-04-21T04:39:05.162+0000] {taskinstance.py:2614} INFO - Dependencies all met for dep_context=non-requeueable deps ti=<TaskInstance: layers_update.run_dbt manual__2026-04-21T04:38:54.392028+00:00 [queued]>
[2026-04-21T04:39:05.172+0000] {taskinstance.py:2614} INFO - Dependencies all met for dep_context=requeueable deps ti=<TaskInstance: layers_update.run_dbt manual__2026-04-21T04:38:54.392028+00:00 [queued]>
[2026-04-21T04:39:05.174+0000] {taskinstance.py:2867} INFO - Starting attempt 1 of 1
[2026-04-21T04:39:05.194+0000] {taskinstance.py:2890} INFO - Executing <Task(BashOperator): run_dbt> on 2026-04-21 04:38:54.392028+00:00
[2026-04-21T04:39:05.201+0000] {warnings.py:112} WARNING - /home/***/.local/lib/python3.12/site-packages/***/task/task_runner/standard_task_runner.py:70: DeprecationWarning: This process (pid=59) is multi-threaded, use of fork() may lead to deadlocks in the child.
  pid = os.fork()

[2026-04-21T04:39:05.204+0000] {standard_task_runner.py:72} INFO - Started process 60 to run task
[2026-04-21T04:39:05.205+0000] {standard_task_runner.py:104} INFO - Running: ['***', 'tasks', 'run', 'layers_update', 'run_dbt', 'manual__2026-04-21T04:38:54.392028+00:00', '--job-id', '4', '--raw', '--subdir', 'DAGS_FOLDER/layers_update.py', '--cfg-path', '/tmp/tmp70wxa8c0']
[2026-04-21T04:39:05.207+0000] {standard_task_runner.py:105} INFO - Job 4: Subtask run_dbt
[2026-04-21T04:39:05.278+0000] {task_command.py:467} INFO - Running <TaskInstance: layers_update.run_dbt manual__2026-04-21T04:38:54.392028+00:00 [running]> on host 51e1dbbb004c
[2026-04-21T04:39:05.390+0000] {taskinstance.py:3134} INFO - Exporting env vars: AIRFLOW_CTX_DAG_OWNER='***' AIRFLOW_CTX_DAG_ID='layers_update' AIRFLOW_CTX_TASK_ID='run_dbt' AIRFLOW_CTX_EXECUTION_DATE='2026-04-21T04:38:54.392028+00:00' AIRFLOW_CTX_TRY_NUMBER='1' AIRFLOW_CTX_DAG_RUN_ID='manual__2026-04-21T04:38:54.392028+00:00'
[2026-04-21T04:39:05.392+0000] {taskinstance.py:732} INFO - ::endgroup::
[2026-04-21T04:39:05.413+0000] {subprocess.py:78} INFO - Tmp dir root location: /tmp
[2026-04-21T04:39:05.414+0000] {subprocess.py:88} INFO - Running command: ['/usr/bin/bash', '-c', 'dbt run']
[2026-04-21T04:39:05.428+0000] {subprocess.py:99} INFO - Output:
[2026-04-21T04:39:10.023+0000] {subprocess.py:106} INFO - [0m04:39:10  Running with dbt=1.7.0
[2026-04-21T04:39:10.454+0000] {subprocess.py:106} INFO - [0m04:39:10  Registered adapter: clickhouse=1.7.0
[2026-04-21T04:39:12.314+0000] {subprocess.py:106} INFO - [0m04:39:12  [[33mWARNING[0m]: Configuration paths exist in your dbt_project.yml file which do not apply to any resources.
[2026-04-21T04:39:12.314+0000] {subprocess.py:106} INFO - There are 1 unused configuration paths:
[2026-04-21T04:39:12.315+0000] {subprocess.py:106} INFO - - models.clickhouse_etl.raw
[2026-04-21T04:39:12.357+0000] {subprocess.py:106} INFO - [0m04:39:12  Found 11 models, 15 tests, 4 sources, 0 exposures, 0 metrics, 538 macros, 0 groups, 0 semantic models
[2026-04-21T04:39:12.361+0000] {subprocess.py:106} INFO - [0m04:39:12
[2026-04-21T04:39:12.967+0000] {subprocess.py:106} INFO - [0m04:39:12  Concurrency: 1 threads (target='dev')
[2026-04-21T04:39:12.968+0000] {subprocess.py:106} INFO - [0m04:39:12
[2026-04-21T04:39:12.980+0000] {subprocess.py:106} INFO - [0m04:39:12  1 of 11 START sql incremental model `ods`.`browser_data` ....................... [RUN]
[2026-04-21T04:39:13.408+0000] {subprocess.py:106} INFO - [0m04:39:13  1 of 11 OK created sql incremental model `ods`.`browser_data` .................. [[32mOK[0m in 0.43s]
[2026-04-21T04:39:13.413+0000] {subprocess.py:106} INFO - [0m04:39:13  2 of 11 START sql incremental model `ods`.`device_data` ........................ [RUN]
[2026-04-21T04:39:13.641+0000] {subprocess.py:106} INFO - [0m04:39:13  2 of 11 OK created sql incremental model `ods`.`device_data` ................... [[32mOK[0m in 0.23s]
[2026-04-21T04:39:13.644+0000] {subprocess.py:106} INFO - [0m04:39:13  3 of 11 START sql incremental model `ods`.`geo_data` ........................... [RUN]
[2026-04-21T04:39:13.889+0000] {subprocess.py:106} INFO - [0m04:39:13  3 of 11 OK created sql incremental model `ods`.`geo_data` ...................... [[32mOK[0m in 0.24s]
[2026-04-21T04:39:13.892+0000] {subprocess.py:106} INFO - [0m04:39:13  4 of 11 START sql incremental model `ods`.`location_data` ...................... [RUN]
[2026-04-21T04:39:14.142+0000] {subprocess.py:106} INFO - [0m04:39:14  4 of 11 OK created sql incremental model `ods`.`location_data` ................. [[32mOK[0m in 0.25s]
[2026-04-21T04:39:14.145+0000] {subprocess.py:106} INFO - [0m04:39:14  5 of 11 START sql incremental model `dds`.`dim_browser` ........................ [RUN]
[2026-04-21T04:39:14.375+0000] {subprocess.py:106} INFO - [0m04:39:14  5 of 11 OK created sql incremental model `dds`.`dim_browser` ................... [[32mOK[0m in 0.23s]
[2026-04-21T04:39:14.378+0000] {subprocess.py:106} INFO - [0m04:39:14  6 of 11 START sql incremental model `dds`.`dim_device` ......................... [RUN]
[2026-04-21T04:39:14.670+0000] {subprocess.py:106} INFO - [0m04:39:14  6 of 11 OK created sql incremental model `dds`.`dim_device` .................... [[32mOK[0m in 0.29s]
[2026-04-21T04:39:14.674+0000] {subprocess.py:106} INFO - [0m04:39:14  7 of 11 START sql incremental model `dds`.`fct_click` .......................... [RUN]
[2026-04-21T04:39:14.912+0000] {subprocess.py:106} INFO - [0m04:39:14  7 of 11 OK created sql incremental model `dds`.`fct_click` ..................... [[32mOK[0m in 0.24s]
[2026-04-21T04:39:14.915+0000] {subprocess.py:106} INFO - [0m04:39:14  8 of 11 START sql incremental model `dds`.`dim_geo` ............................ [RUN]
[2026-04-21T04:39:15.147+0000] {subprocess.py:106} INFO - [0m04:39:15  8 of 11 OK created sql incremental model `dds`.`dim_geo` ....................... [[32mOK[0m in 0.23s]
[2026-04-21T04:39:15.151+0000] {subprocess.py:106} INFO - [0m04:39:15  9 of 11 START sql incremental model `dds`.`dim_location` ....................... [RUN]
[2026-04-21T04:39:15.382+0000] {subprocess.py:106} INFO - [0m04:39:15  9 of 11 OK created sql incremental model `dds`.`dim_location` .................. [[32mOK[0m in 0.23s]
[2026-04-21T04:39:15.388+0000] {subprocess.py:106} INFO - [0m04:39:15  10 of 11 START sql incremental model `dm`.`dashboard` .......................... [RUN]
[2026-04-21T04:39:15.696+0000] {subprocess.py:106} INFO - [0m04:39:15  10 of 11 OK created sql incremental model `dm`.`dashboard` ..................... [[32mOK[0m in 0.30s]
[2026-04-21T04:39:15.700+0000] {subprocess.py:106} INFO - [0m04:39:15  11 of 11 START sql view model `dm`.`dashboard_recent_data` ..................... [RUN]
[2026-04-21T04:39:15.782+0000] {subprocess.py:106} INFO - [0m04:39:15  11 of 11 OK created sql view model `dm`.`dashboard_recent_data` ................ [[32mOK[0m in 0.08s]
[2026-04-21T04:39:15.789+0000] {subprocess.py:106} INFO - [0m04:39:15
[2026-04-21T04:39:15.790+0000] {subprocess.py:106} INFO - [0m04:39:15  Finished running 10 incremental models, 1 view model in 0 hours 0 minutes and 3.43 seconds (3.43s).
[2026-04-21T04:39:15.826+0000] {subprocess.py:106} INFO - [0m04:39:15
[2026-04-21T04:39:15.828+0000] {subprocess.py:106} INFO - [0m04:39:15  [32mCompleted successfully[0m
[2026-04-21T04:39:15.829+0000] {subprocess.py:106} INFO - [0m04:39:15
[2026-04-21T04:39:15.830+0000] {subprocess.py:106} INFO - [0m04:39:15  Done. PASS=11 WARN=0 ERROR=0 SKIP=0 TOTAL=11
[2026-04-21T04:39:16.937+0000] {subprocess.py:110} INFO - Command exited with return code 0
[2026-04-21T04:39:16.972+0000] {taskinstance.py:341} INFO - ::group::Post task execution logs
[2026-04-21T04:39:16.973+0000] {taskinstance.py:353} INFO - Marking task as SUCCESS. dag_id=layers_update, task_id=run_dbt, run_id=manual__2026-04-21T04:38:54.392028+00:00, execution_date=20260421T043854, start_date=20260421T043905, end_date=20260421T043916
[2026-04-21T04:39:17.037+0000] {local_task_job_runner.py:266} INFO - Task exited with return code 0
[2026-04-21T04:39:17.065+0000] {taskinstance.py:3901} INFO - 1 downstream tasks scheduled from follow-on schedule check
[2026-04-21T04:39:17.069+0000] {local_task_job_runner.py:245} INFO - ::endgroup::
