[2026-04-09T15:23:18.266+0000] {local_task_job_runner.py:123} INFO - ::group::Pre task execution logs
[2026-04-09T15:23:18.289+0000] {taskinstance.py:2614} INFO - Dependencies all met for dep_context=non-requeueable deps ti=<TaskInstance: layers_update.layers_update manual__2026-04-09T15:23:14.601174+00:00 [queued]>
[2026-04-09T15:23:18.300+0000] {taskinstance.py:2614} INFO - Dependencies all met for dep_context=requeueable deps ti=<TaskInstance: layers_update.layers_update manual__2026-04-09T15:23:14.601174+00:00 [queued]>
[2026-04-09T15:23:18.302+0000] {taskinstance.py:2867} INFO - Starting attempt 1 of 1
[2026-04-09T15:23:18.321+0000] {taskinstance.py:2890} INFO - Executing <Task(PythonOperator): layers_update> on 2026-04-09 15:23:14.601174+00:00
[2026-04-09T15:23:18.328+0000] {warnings.py:112} WARNING - /home/***/.local/lib/python3.12/site-packages/***/task/task_runner/standard_task_runner.py:70: DeprecationWarning: This process (pid=238) is multi-threaded, use of fork() may lead to deadlocks in the child.
  pid = os.fork()

[2026-04-09T15:23:18.331+0000] {standard_task_runner.py:72} INFO - Started process 239 to run task
[2026-04-09T15:23:18.332+0000] {standard_task_runner.py:104} INFO - Running: ['***', 'tasks', 'run', 'layers_update', 'layers_update', 'manual__2026-04-09T15:23:14.601174+00:00', '--job-id', '77', '--raw', '--subdir', 'DAGS_FOLDER/layers_update.py', '--cfg-path', '/tmp/tmp_q4b2r_y']
[2026-04-09T15:23:18.334+0000] {standard_task_runner.py:105} INFO - Job 77: Subtask layers_update
[2026-04-09T15:23:18.400+0000] {task_command.py:467} INFO - Running <TaskInstance: layers_update.layers_update manual__2026-04-09T15:23:14.601174+00:00 [running]> on host 2d41fd9e80ad
[2026-04-09T15:23:18.506+0000] {taskinstance.py:3134} INFO - Exporting env vars: AIRFLOW_CTX_DAG_OWNER='***' AIRFLOW_CTX_DAG_ID='layers_update' AIRFLOW_CTX_TASK_ID='layers_update' AIRFLOW_CTX_EXECUTION_DATE='2026-04-09T15:23:14.601174+00:00' AIRFLOW_CTX_TRY_NUMBER='1' AIRFLOW_CTX_DAG_RUN_ID='manual__2026-04-09T15:23:14.601174+00:00'
[2026-04-09T15:23:18.508+0000] {taskinstance.py:732} INFO - ::endgroup::
[2026-04-09T15:23:26.079+0000] {logging_mixin.py:190} INFO - 15:23:21  Running with dbt=1.7.0
15:23:21  Registered adapter: clickhouse=1.7.0
15:23:22  [WARNING]: Configuration paths exist in your dbt_project.yml file which do not apply to any resources.
There are 1 unused configuration paths:
- models.clickhouse_etl.raw
15:23:22  Found 12 models, 20 tests, 4 sources, 0 exposures, 0 metrics, 536 macros, 0 groups, 0 semantic models
15:23:22  
15:23:23  Concurrency: 1 threads (target='dev')
15:23:23  
15:23:23  1 of 12 START sql incremental model `ods_ods`.`browser_data` ................... [RUN]
15:23:23  1 of 12 OK created sql incremental model `ods_ods`.`browser_data` .............. [OK in 0.27s]
15:23:23  2 of 12 START sql incremental model `ods_ods`.`device_data` .................... [RUN]
15:23:23  2 of 12 OK created sql incremental model `ods_ods`.`device_data` ............... [OK in 0.20s]
15:23:23  3 of 12 START sql incremental model `ods_ods`.`geo_data` ....................... [RUN]
15:23:23  3 of 12 OK created sql incremental model `ods_ods`.`geo_data` .................. [OK in 0.11s]
15:23:23  4 of 12 START sql incremental model `ods_ods`.`location_data` .................. [RUN]
15:23:23  4 of 12 OK created sql incremental model `ods_ods`.`location_data` ............. [OK in 0.13s]
15:23:23  5 of 12 START sql incremental model `ods_dds`.`dim_browser` .................... [RUN]
15:23:23  5 of 12 OK created sql incremental model `ods_dds`.`dim_browser` ............... [OK in 0.10s]
15:23:23  6 of 12 START sql incremental model `ods_dds`.`dim_device` ..................... [RUN]
15:23:24  6 of 12 OK created sql incremental model `ods_dds`.`dim_device` ................ [OK in 0.10s]
15:23:24  7 of 12 START sql incremental model `ods_dds`.`fct_click` ...................... [RUN]
15:23:24  7 of 12 OK created sql incremental model `ods_dds`.`fct_click` ................. [OK in 0.15s]
15:23:24  8 of 12 START sql incremental model `ods_dds`.`dim_geo` ........................ [RUN]
15:23:24  8 of 12 OK created sql incremental model `ods_dds`.`dim_geo` ................... [OK in 0.10s]
15:23:24  9 of 12 START sql incremental model `ods_dds`.`dim_location` ................... [RUN]
15:23:24  9 of 12 OK created sql incremental model `ods_dds`.`dim_location` .............. [OK in 0.09s]
15:23:24  10 of 12 START sql view model `ods_dm`.`geo_stat` .............................. [RUN]
15:23:24  10 of 12 OK created sql view model `ods_dm`.`geo_stat` ......................... [OK in 0.14s]
15:23:24  11 of 12 START sql incremental model `ods_dm`.`daily_aggregates` ............... [RUN]
15:23:24  11 of 12 OK created sql incremental model `ods_dm`.`daily_aggregates` .......... [OK in 0.12s]
15:23:24  12 of 12 START sql view model `ods_dm`.`popular_source` ........................ [RUN]
15:23:24  12 of 12 OK created sql view model `ods_dm`.`popular_source` ................... [OK in 0.10s]
15:23:24  
15:23:24  Finished running 10 incremental models, 2 view models in 0 hours 0 minutes and 2.13 seconds (2.13s).
15:23:24  
15:23:24  Completed successfully
15:23:24  
15:23:24  Done. PASS=12 WARN=0 ERROR=0 SKIP=0 TOTAL=12
[2026-04-09T15:23:26.080+0000] {python.py:240} INFO - Done. Returned value was: None
[2026-04-09T15:23:26.092+0000] {taskinstance.py:341} INFO - ::group::Post task execution logs
[2026-04-09T15:23:26.093+0000] {taskinstance.py:353} INFO - Marking task as SUCCESS. dag_id=layers_update, task_id=layers_update, run_id=manual__2026-04-09T15:23:14.601174+00:00, execution_date=20260409T152314, start_date=20260409T152318, end_date=20260409T152326
[2026-04-09T15:23:26.159+0000] {local_task_job_runner.py:266} INFO - Task exited with return code 0
[2026-04-09T15:23:26.186+0000] {taskinstance.py:3901} INFO - 1 downstream tasks scheduled from follow-on schedule check
[2026-04-09T15:23:26.189+0000] {local_task_job_runner.py:245} INFO - ::endgroup::
