[2026-04-12T15:02:11.829+0000] {local_task_job_runner.py:123} INFO - ::group::Pre task execution logs
[2026-04-12T15:02:11.854+0000] {taskinstance.py:2614} INFO - Dependencies all met for dep_context=non-requeueable deps ti=<TaskInstance: kafka_producer.send_jsonl_to_kafka manual__2026-04-12T15:02:08.392418+00:00 [queued]>
[2026-04-12T15:02:11.863+0000] {taskinstance.py:2614} INFO - Dependencies all met for dep_context=requeueable deps ti=<TaskInstance: kafka_producer.send_jsonl_to_kafka manual__2026-04-12T15:02:08.392418+00:00 [queued]>
[2026-04-12T15:02:11.864+0000] {taskinstance.py:2867} INFO - Starting attempt 1 of 1
[2026-04-12T15:02:11.883+0000] {taskinstance.py:2890} INFO - Executing <Task(PythonOperator): send_jsonl_to_kafka> on 2026-04-12 15:02:08.392418+00:00
[2026-04-12T15:02:11.891+0000] {warnings.py:112} WARNING - /home/***/.local/lib/python3.12/site-packages/***/task/task_runner/standard_task_runner.py:70: DeprecationWarning: This process (pid=48) is multi-threaded, use of fork() may lead to deadlocks in the child.
  pid = os.fork()

[2026-04-12T15:02:11.894+0000] {standard_task_runner.py:72} INFO - Started process 50 to run task
[2026-04-12T15:02:11.894+0000] {standard_task_runner.py:104} INFO - Running: ['***', 'tasks', 'run', 'kafka_producer', 'send_jsonl_to_kafka', 'manual__2026-04-12T15:02:08.392418+00:00', '--job-id', '2', '--raw', '--subdir', 'DAGS_FOLDER/kafka_load.py', '--cfg-path', '/tmp/tmprnmir44h']
[2026-04-12T15:02:11.896+0000] {standard_task_runner.py:105} INFO - Job 2: Subtask send_jsonl_to_kafka
[2026-04-12T15:02:11.972+0000] {task_command.py:467} INFO - Running <TaskInstance: kafka_producer.send_jsonl_to_kafka manual__2026-04-12T15:02:08.392418+00:00 [running]> on host e32bda0232dc
[2026-04-12T15:02:12.077+0000] {taskinstance.py:3134} INFO - Exporting env vars: AIRFLOW_CTX_DAG_OWNER='***' AIRFLOW_CTX_DAG_ID='kafka_producer' AIRFLOW_CTX_TASK_ID='send_jsonl_to_kafka' AIRFLOW_CTX_EXECUTION_DATE='2026-04-12T15:02:08.392418+00:00' AIRFLOW_CTX_TRY_NUMBER='1' AIRFLOW_CTX_DAG_RUN_ID='manual__2026-04-12T15:02:08.392418+00:00'
[2026-04-12T15:02:12.078+0000] {taskinstance.py:732} INFO - ::endgroup::
[2026-04-12T15:02:12.125+0000] {kafka_load.py:28} INFO - Обрабатывается файл: browser_events.jsonl
[2026-04-12T15:02:12.132+0000] {kafka_load.py:40} INFO - Отправлено 100 сообщений
[2026-04-12T15:02:12.139+0000] {kafka_load.py:40} INFO - Отправлено 200 сообщений
[2026-04-12T15:02:12.143+0000] {kafka_load.py:40} INFO - Отправлено 300 сообщений
[2026-04-12T15:02:12.146+0000] {kafka_load.py:40} INFO - Отправлено 400 сообщений
[2026-04-12T15:02:12.152+0000] {kafka_load.py:40} INFO - Отправлено 500 сообщений
[2026-04-12T15:02:12.156+0000] {kafka_load.py:40} INFO - Отправлено 600 сообщений
[2026-04-12T15:02:12.162+0000] {kafka_load.py:40} INFO - Отправлено 700 сообщений
[2026-04-12T15:02:12.169+0000] {kafka_load.py:40} INFO - Отправлено 800 сообщений
[2026-04-12T15:02:12.173+0000] {kafka_load.py:40} INFO - Отправлено 900 сообщений
[2026-04-12T15:02:12.180+0000] {kafka_load.py:40} INFO - Отправлено 1000 сообщений
[2026-04-12T15:02:12.181+0000] {kafka_load.py:51} INFO - Обработка файла browser_events.jsonl завершена
[2026-04-12T15:02:12.182+0000] {kafka_load.py:28} INFO - Обрабатывается файл: device_events.jsonl
[2026-04-12T15:02:12.191+0000] {kafka_load.py:40} INFO - Отправлено 100 сообщений
[2026-04-12T15:02:12.197+0000] {kafka_load.py:40} INFO - Отправлено 200 сообщений
[2026-04-12T15:02:12.202+0000] {kafka_load.py:40} INFO - Отправлено 300 сообщений
[2026-04-12T15:02:12.206+0000] {kafka_load.py:40} INFO - Отправлено 400 сообщений
[2026-04-12T15:02:12.209+0000] {kafka_load.py:40} INFO - Отправлено 500 сообщений
[2026-04-12T15:02:12.212+0000] {kafka_load.py:40} INFO - Отправлено 600 сообщений
[2026-04-12T15:02:12.215+0000] {kafka_load.py:40} INFO - Отправлено 700 сообщений
[2026-04-12T15:02:12.220+0000] {kafka_load.py:40} INFO - Отправлено 800 сообщений
[2026-04-12T15:02:12.228+0000] {kafka_load.py:40} INFO - Отправлено 900 сообщений
[2026-04-12T15:02:12.242+0000] {kafka_load.py:40} INFO - Отправлено 1000 сообщений
[2026-04-12T15:02:12.243+0000] {kafka_load.py:51} INFO - Обработка файла device_events.jsonl завершена
[2026-04-12T15:02:12.244+0000] {kafka_load.py:28} INFO - Обрабатывается файл: geo_events.jsonl
[2026-04-12T15:02:12.250+0000] {kafka_load.py:40} INFO - Отправлено 100 сообщений
[2026-04-12T15:02:12.253+0000] {kafka_load.py:40} INFO - Отправлено 200 сообщений
[2026-04-12T15:02:12.260+0000] {kafka_load.py:40} INFO - Отправлено 300 сообщений
[2026-04-12T15:02:12.264+0000] {kafka_load.py:40} INFO - Отправлено 400 сообщений
[2026-04-12T15:02:12.268+0000] {kafka_load.py:40} INFO - Отправлено 500 сообщений
[2026-04-12T15:02:12.271+0000] {kafka_load.py:40} INFO - Отправлено 600 сообщений
[2026-04-12T15:02:12.275+0000] {kafka_load.py:40} INFO - Отправлено 700 сообщений
[2026-04-12T15:02:12.281+0000] {kafka_load.py:40} INFO - Отправлено 800 сообщений
[2026-04-12T15:02:12.285+0000] {kafka_load.py:40} INFO - Отправлено 900 сообщений
[2026-04-12T15:02:12.293+0000] {kafka_load.py:40} INFO - Отправлено 1000 сообщений
[2026-04-12T15:02:12.294+0000] {kafka_load.py:51} INFO - Обработка файла geo_events.jsonl завершена
[2026-04-12T15:02:12.295+0000] {kafka_load.py:28} INFO - Обрабатывается файл: location_events.jsonl
[2026-04-12T15:02:12.304+0000] {kafka_load.py:40} INFO - Отправлено 100 сообщений
[2026-04-12T15:02:12.315+0000] {kafka_load.py:40} INFO - Отправлено 200 сообщений
[2026-04-12T15:02:12.323+0000] {kafka_load.py:40} INFO - Отправлено 300 сообщений
[2026-04-12T15:02:12.333+0000] {kafka_load.py:40} INFO - Отправлено 400 сообщений
[2026-04-12T15:02:12.338+0000] {kafka_load.py:40} INFO - Отправлено 500 сообщений
[2026-04-12T15:02:12.343+0000] {kafka_load.py:40} INFO - Отправлено 600 сообщений
[2026-04-12T15:02:12.348+0000] {kafka_load.py:40} INFO - Отправлено 700 сообщений
[2026-04-12T15:02:12.354+0000] {kafka_load.py:40} INFO - Отправлено 800 сообщений
[2026-04-12T15:02:12.358+0000] {kafka_load.py:40} INFO - Отправлено 900 сообщений
[2026-04-12T15:02:12.365+0000] {kafka_load.py:40} INFO - Отправлено 1000 сообщений
[2026-04-12T15:02:12.370+0000] {kafka_load.py:51} INFO - Обработка файла location_events.jsonl завершена
[2026-04-12T15:02:12.642+0000] {kafka_load.py:54} INFO - Обработка файлов успешно завершена
[2026-04-12T15:02:12.643+0000] {python.py:240} INFO - Done. Returned value was: None
[2026-04-12T15:02:12.670+0000] {taskinstance.py:341} INFO - ::group::Post task execution logs
[2026-04-12T15:02:12.674+0000] {taskinstance.py:353} INFO - Marking task as SUCCESS. dag_id=kafka_producer, task_id=send_jsonl_to_kafka, run_id=manual__2026-04-12T15:02:08.392418+00:00, execution_date=20260412T150208, start_date=20260412T150211, end_date=20260412T150212
[2026-04-12T15:02:12.760+0000] {local_task_job_runner.py:266} INFO - Task exited with return code 0
[2026-04-12T15:02:12.795+0000] {taskinstance.py:3901} INFO - 1 downstream tasks scheduled from follow-on schedule check
[2026-04-12T15:02:12.799+0000] {local_task_job_runner.py:245} INFO - ::endgroup::
