[2026-04-09T06:26:48.539+0000] {local_task_job_runner.py:123} INFO - ::group::Pre task execution logs
[2026-04-09T06:26:48.562+0000] {taskinstance.py:2614} INFO - Dependencies all met for dep_context=non-requeueable deps ti=<TaskInstance: kafka_producer.send_jsonl_to_kafka manual__2026-04-09T06:26:47.369758+00:00 [queued]>
[2026-04-09T06:26:48.574+0000] {taskinstance.py:2614} INFO - Dependencies all met for dep_context=requeueable deps ti=<TaskInstance: kafka_producer.send_jsonl_to_kafka manual__2026-04-09T06:26:47.369758+00:00 [queued]>
[2026-04-09T06:26:48.574+0000] {taskinstance.py:2867} INFO - Starting attempt 1 of 1
[2026-04-09T06:26:48.594+0000] {taskinstance.py:2890} INFO - Executing <Task(PythonOperator): send_jsonl_to_kafka> on 2026-04-09 06:26:47.369758+00:00
[2026-04-09T06:26:48.603+0000] {warnings.py:112} WARNING - /home/***/.local/lib/python3.12/site-packages/***/task/task_runner/standard_task_runner.py:70: DeprecationWarning: This process (pid=72) is multi-threaded, use of fork() may lead to deadlocks in the child.
  pid = os.fork()

[2026-04-09T06:26:48.607+0000] {standard_task_runner.py:72} INFO - Started process 73 to run task
[2026-04-09T06:26:48.607+0000] {standard_task_runner.py:104} INFO - Running: ['***', 'tasks', 'run', 'kafka_producer', 'send_jsonl_to_kafka', 'manual__2026-04-09T06:26:47.369758+00:00', '--job-id', '13', '--raw', '--subdir', 'DAGS_FOLDER/kafka_load.py', '--cfg-path', '/tmp/tmpa1xi75u4']
[2026-04-09T06:26:48.610+0000] {standard_task_runner.py:105} INFO - Job 13: Subtask send_jsonl_to_kafka
[2026-04-09T06:26:48.683+0000] {task_command.py:467} INFO - Running <TaskInstance: kafka_producer.send_jsonl_to_kafka manual__2026-04-09T06:26:47.369758+00:00 [running]> on host 04d8aaa2cd66
[2026-04-09T06:26:48.792+0000] {taskinstance.py:3134} INFO - Exporting env vars: AIRFLOW_CTX_DAG_OWNER='***' AIRFLOW_CTX_DAG_ID='kafka_producer' AIRFLOW_CTX_TASK_ID='send_jsonl_to_kafka' AIRFLOW_CTX_EXECUTION_DATE='2026-04-09T06:26:47.369758+00:00' AIRFLOW_CTX_TRY_NUMBER='1' AIRFLOW_CTX_DAG_RUN_ID='manual__2026-04-09T06:26:47.369758+00:00'
[2026-04-09T06:26:48.794+0000] {taskinstance.py:732} INFO - ::endgroup::
[2026-04-09T06:26:48.821+0000] {logging_mixin.py:190} INFO - 📄 Обработка файла: browser_events.jsonl
[2026-04-09T06:26:48.826+0000] {logging_mixin.py:190} INFO -   📨 Отправлено 100 сообщений
[2026-04-09T06:26:48.830+0000] {logging_mixin.py:190} INFO -   📨 Отправлено 200 сообщений
[2026-04-09T06:26:48.833+0000] {logging_mixin.py:190} INFO -   📨 Отправлено 300 сообщений
[2026-04-09T06:26:48.836+0000] {logging_mixin.py:190} INFO -   📨 Отправлено 400 сообщений
[2026-04-09T06:26:48.839+0000] {logging_mixin.py:190} INFO -   📨 Отправлено 500 сообщений
[2026-04-09T06:26:48.842+0000] {logging_mixin.py:190} INFO -   📨 Отправлено 600 сообщений
[2026-04-09T06:26:48.845+0000] {logging_mixin.py:190} INFO -   📨 Отправлено 700 сообщений
[2026-04-09T06:26:48.848+0000] {logging_mixin.py:190} INFO -   📨 Отправлено 800 сообщений
[2026-04-09T06:26:48.850+0000] {logging_mixin.py:190} INFO -   📨 Отправлено 900 сообщений
[2026-04-09T06:26:48.853+0000] {logging_mixin.py:190} INFO -   📨 Отправлено 1000 сообщений
[2026-04-09T06:26:48.855+0000] {logging_mixin.py:190} INFO -   ✅ Файл browser_events.jsonl обработан
[2026-04-09T06:26:48.855+0000] {logging_mixin.py:190} INFO - 📄 Обработка файла: device_events.jsonl
[2026-04-09T06:26:48.858+0000] {logging_mixin.py:190} INFO -   📨 Отправлено 100 сообщений
[2026-04-09T06:26:48.861+0000] {logging_mixin.py:190} INFO -   📨 Отправлено 200 сообщений
[2026-04-09T06:26:48.862+0000] {logging_mixin.py:190} INFO -   📨 Отправлено 300 сообщений
[2026-04-09T06:26:48.865+0000] {logging_mixin.py:190} INFO -   📨 Отправлено 400 сообщений
[2026-04-09T06:26:48.867+0000] {logging_mixin.py:190} INFO -   📨 Отправлено 500 сообщений
[2026-04-09T06:26:48.869+0000] {logging_mixin.py:190} INFO -   📨 Отправлено 600 сообщений
[2026-04-09T06:26:48.872+0000] {logging_mixin.py:190} INFO -   📨 Отправлено 700 сообщений
[2026-04-09T06:26:48.876+0000] {logging_mixin.py:190} INFO -   📨 Отправлено 800 сообщений
[2026-04-09T06:26:48.878+0000] {logging_mixin.py:190} INFO -   📨 Отправлено 900 сообщений
[2026-04-09T06:26:48.883+0000] {logging_mixin.py:190} INFO -   📨 Отправлено 1000 сообщений
[2026-04-09T06:26:48.884+0000] {logging_mixin.py:190} INFO -   ✅ Файл device_events.jsonl обработан
[2026-04-09T06:26:48.885+0000] {logging_mixin.py:190} INFO - 📄 Обработка файла: geo_events.jsonl
[2026-04-09T06:26:48.895+0000] {logging_mixin.py:190} INFO -   📨 Отправлено 100 сообщений
[2026-04-09T06:26:48.899+0000] {logging_mixin.py:190} INFO -   📨 Отправлено 200 сообщений
[2026-04-09T06:26:48.902+0000] {logging_mixin.py:190} INFO -   📨 Отправлено 300 сообщений
[2026-04-09T06:26:48.905+0000] {logging_mixin.py:190} INFO -   📨 Отправлено 400 сообщений
[2026-04-09T06:26:48.907+0000] {logging_mixin.py:190} INFO -   📨 Отправлено 500 сообщений
[2026-04-09T06:26:48.911+0000] {logging_mixin.py:190} INFO -   📨 Отправлено 600 сообщений
[2026-04-09T06:26:48.913+0000] {logging_mixin.py:190} INFO -   📨 Отправлено 700 сообщений
[2026-04-09T06:26:48.916+0000] {logging_mixin.py:190} INFO -   📨 Отправлено 800 сообщений
[2026-04-09T06:26:48.920+0000] {logging_mixin.py:190} INFO -   📨 Отправлено 900 сообщений
[2026-04-09T06:26:48.923+0000] {logging_mixin.py:190} INFO -   📨 Отправлено 1000 сообщений
[2026-04-09T06:26:48.924+0000] {logging_mixin.py:190} INFO -   ✅ Файл geo_events.jsonl обработан
[2026-04-09T06:26:48.925+0000] {logging_mixin.py:190} INFO - 📄 Обработка файла: location_events.jsonl
[2026-04-09T06:26:48.930+0000] {logging_mixin.py:190} INFO -   📨 Отправлено 100 сообщений
[2026-04-09T06:26:48.933+0000] {logging_mixin.py:190} INFO -   📨 Отправлено 200 сообщений
[2026-04-09T06:26:48.936+0000] {logging_mixin.py:190} INFO -   📨 Отправлено 300 сообщений
[2026-04-09T06:26:48.938+0000] {logging_mixin.py:190} INFO -   📨 Отправлено 400 сообщений
[2026-04-09T06:26:48.946+0000] {logging_mixin.py:190} INFO -   📨 Отправлено 500 сообщений
[2026-04-09T06:26:48.948+0000] {logging_mixin.py:190} INFO -   📨 Отправлено 600 сообщений
[2026-04-09T06:26:48.952+0000] {logging_mixin.py:190} INFO -   📨 Отправлено 700 сообщений
[2026-04-09T06:26:48.957+0000] {logging_mixin.py:190} INFO -   📨 Отправлено 800 сообщений
[2026-04-09T06:26:48.960+0000] {logging_mixin.py:190} INFO -   📨 Отправлено 900 сообщений
[2026-04-09T06:26:48.966+0000] {logging_mixin.py:190} INFO -   📨 Отправлено 1000 сообщений
[2026-04-09T06:26:48.967+0000] {logging_mixin.py:190} INFO -   ✅ Файл location_events.jsonl обработан
[2026-04-09T06:26:48.970+0000] {logging_mixin.py:190} INFO - 
✅ Итого: 4 файлов, 4000 сообщений отправлено в топик location_events
[2026-04-09T06:26:48.972+0000] {python.py:240} INFO - Done. Returned value was: None
[2026-04-09T06:26:48.986+0000] {taskinstance.py:341} INFO - ::group::Post task execution logs
[2026-04-09T06:26:48.989+0000] {taskinstance.py:353} INFO - Marking task as SUCCESS. dag_id=kafka_producer, task_id=send_jsonl_to_kafka, run_id=manual__2026-04-09T06:26:47.369758+00:00, execution_date=20260409T062647, start_date=20260409T062648, end_date=20260409T062648
[2026-04-09T06:26:49.068+0000] {local_task_job_runner.py:266} INFO - Task exited with return code 0
[2026-04-09T06:26:49.102+0000] {taskinstance.py:3901} INFO - 1 downstream tasks scheduled from follow-on schedule check
[2026-04-09T06:26:49.111+0000] {local_task_job_runner.py:245} INFO - ::endgroup::
