[2026-04-13T07:42:25.781+0000] {local_task_job_runner.py:123} INFO - ::group::Pre task execution logs
[2026-04-13T07:42:25.806+0000] {taskinstance.py:2614} INFO - Dependencies all met for dep_context=non-requeueable deps ti=<TaskInstance: layers_update.run_dbt manual__2026-04-13T07:42:19.113127+00:00 [queued]>
[2026-04-13T07:42:25.821+0000] {taskinstance.py:2614} INFO - Dependencies all met for dep_context=requeueable deps ti=<TaskInstance: layers_update.run_dbt manual__2026-04-13T07:42:19.113127+00:00 [queued]>
[2026-04-13T07:42:25.831+0000] {taskinstance.py:2867} INFO - Starting attempt 1 of 1
[2026-04-13T07:42:25.855+0000] {taskinstance.py:2890} INFO - Executing <Task(BashOperator): run_dbt> on 2026-04-13 07:42:19.113127+00:00
[2026-04-13T07:42:25.864+0000] {warnings.py:112} WARNING - /home/***/.local/lib/python3.12/site-packages/***/task/task_runner/standard_task_runner.py:70: DeprecationWarning: This process (pid=58) is multi-threaded, use of fork() may lead to deadlocks in the child.
  pid = os.fork()

[2026-04-13T07:42:25.865+0000] {standard_task_runner.py:104} INFO - Running: ['***', 'tasks', 'run', 'layers_update', 'run_dbt', 'manual__2026-04-13T07:42:19.113127+00:00', '--job-id', '4', '--raw', '--subdir', 'DAGS_FOLDER/layers_update.py', '--cfg-path', '/tmp/tmpswyu4j4x']
[2026-04-13T07:42:25.866+0000] {standard_task_runner.py:72} INFO - Started process 59 to run task
[2026-04-13T07:42:25.867+0000] {standard_task_runner.py:105} INFO - Job 4: Subtask run_dbt
[2026-04-13T07:42:25.936+0000] {task_command.py:467} INFO - Running <TaskInstance: layers_update.run_dbt manual__2026-04-13T07:42:19.113127+00:00 [running]> on host aa4cdc9ccb97
[2026-04-13T07:42:26.055+0000] {taskinstance.py:3134} INFO - Exporting env vars: AIRFLOW_CTX_DAG_OWNER='***' AIRFLOW_CTX_DAG_ID='layers_update' AIRFLOW_CTX_TASK_ID='run_dbt' AIRFLOW_CTX_EXECUTION_DATE='2026-04-13T07:42:19.113127+00:00' AIRFLOW_CTX_TRY_NUMBER='1' AIRFLOW_CTX_DAG_RUN_ID='manual__2026-04-13T07:42:19.113127+00:00'
[2026-04-13T07:42:26.056+0000] {taskinstance.py:732} INFO - ::endgroup::
[2026-04-13T07:42:26.091+0000] {subprocess.py:78} INFO - Tmp dir root location: /tmp
[2026-04-13T07:42:26.092+0000] {subprocess.py:88} INFO - Running command: ['/usr/bin/bash', '-c', 'dbt run']
[2026-04-13T07:42:26.104+0000] {subprocess.py:99} INFO - Output:
[2026-04-13T07:42:30.469+0000] {subprocess.py:106} INFO - [0m07:42:30  Running with dbt=1.7.0
[2026-04-13T07:42:30.852+0000] {subprocess.py:106} INFO - [0m07:42:30  Registered adapter: clickhouse=1.7.0
[2026-04-13T07:42:32.436+0000] {subprocess.py:106} INFO - [0m07:42:32  [[33mWARNING[0m]: Configuration paths exist in your dbt_project.yml file which do not apply to any resources.
[2026-04-13T07:42:32.437+0000] {subprocess.py:106} INFO - There are 1 unused configuration paths:
[2026-04-13T07:42:32.438+0000] {subprocess.py:106} INFO - - models.clickhouse_etl.raw
[2026-04-13T07:42:32.488+0000] {subprocess.py:106} INFO - [0m07:42:32  Found 13 models, 20 tests, 4 sources, 0 exposures, 0 metrics, 536 macros, 0 groups, 0 semantic models
[2026-04-13T07:42:32.493+0000] {subprocess.py:106} INFO - [0m07:42:32
[2026-04-13T07:42:34.887+0000] {subprocess.py:106} INFO - [0m07:42:34  Concurrency: 1 threads (target='dev')
[2026-04-13T07:42:34.889+0000] {subprocess.py:106} INFO - [0m07:42:34
[2026-04-13T07:42:34.900+0000] {subprocess.py:106} INFO - [0m07:42:34  1 of 13 START sql incremental model `ods_ods`.`browser_data` ................... [RUN]
[2026-04-13T07:42:35.464+0000] {subprocess.py:106} INFO - [0m07:42:35  1 of 13 OK created sql incremental model `ods_ods`.`browser_data` .............. [[32mOK[0m in 0.56s]
[2026-04-13T07:42:35.471+0000] {subprocess.py:106} INFO - [0m07:42:35  2 of 13 START sql incremental model `ods_ods`.`device_data` .................... [RUN]
[2026-04-13T07:42:35.777+0000] {subprocess.py:106} INFO - [0m07:42:35  2 of 13 OK created sql incremental model `ods_ods`.`device_data` ............... [[32mOK[0m in 0.30s]
[2026-04-13T07:42:35.781+0000] {subprocess.py:106} INFO - [0m07:42:35  3 of 13 START sql incremental model `ods_ods`.`geo_data` ....................... [RUN]
[2026-04-13T07:42:36.038+0000] {subprocess.py:106} INFO - [0m07:42:36  3 of 13 OK created sql incremental model `ods_ods`.`geo_data` .................. [[32mOK[0m in 0.25s]
[2026-04-13T07:42:36.042+0000] {subprocess.py:106} INFO - [0m07:42:36  4 of 13 START sql incremental model `ods_ods`.`location_data` .................. [RUN]
[2026-04-13T07:42:36.269+0000] {subprocess.py:106} INFO - [0m07:42:36  4 of 13 OK created sql incremental model `ods_ods`.`location_data` ............. [[32mOK[0m in 0.23s]
[2026-04-13T07:42:36.276+0000] {subprocess.py:106} INFO - [0m07:42:36  5 of 13 START sql incremental model `ods_dds`.`dim_browser` .................... [RUN]
[2026-04-13T07:42:36.504+0000] {subprocess.py:106} INFO - [0m07:42:36  5 of 13 OK created sql incremental model `ods_dds`.`dim_browser` ............... [[32mOK[0m in 0.23s]
[2026-04-13T07:42:36.507+0000] {subprocess.py:106} INFO - [0m07:42:36  6 of 13 START sql incremental model `ods_dds`.`dim_device` ..................... [RUN]
[2026-04-13T07:42:36.738+0000] {subprocess.py:106} INFO - [0m07:42:36  6 of 13 OK created sql incremental model `ods_dds`.`dim_device` ................ [[32mOK[0m in 0.23s]
[2026-04-13T07:42:36.743+0000] {subprocess.py:106} INFO - [0m07:42:36  7 of 13 START sql incremental model `ods_dds`.`fct_click` ...................... [RUN]
[2026-04-13T07:42:36.992+0000] {subprocess.py:106} INFO - [0m07:42:36  7 of 13 OK created sql incremental model `ods_dds`.`fct_click` ................. [[32mOK[0m in 0.25s]
[2026-04-13T07:42:36.998+0000] {subprocess.py:106} INFO - [0m07:42:36  8 of 13 START sql incremental model `ods_dds`.`dim_geo` ........................ [RUN]
[2026-04-13T07:42:37.221+0000] {subprocess.py:106} INFO - [0m07:42:37  8 of 13 OK created sql incremental model `ods_dds`.`dim_geo` ................... [[32mOK[0m in 0.22s]
[2026-04-13T07:42:37.224+0000] {subprocess.py:106} INFO - [0m07:42:37  9 of 13 START sql incremental model `ods_dds`.`dim_location` ................... [RUN]
[2026-04-13T07:42:37.473+0000] {subprocess.py:106} INFO - [0m07:42:37  9 of 13 OK created sql incremental model `ods_dds`.`dim_location` .............. [[32mOK[0m in 0.24s]
[2026-04-13T07:42:37.486+0000] {subprocess.py:106} INFO - [0m07:42:37  10 of 13 START sql view model `ods_dm`.`geo_stat` .............................. [RUN]
[2026-04-13T07:42:37.607+0000] {subprocess.py:106} INFO - [0m07:42:37  10 of 13 OK created sql view model `ods_dm`.`geo_stat` ......................... [[32mOK[0m in 0.12s]
[2026-04-13T07:42:37.617+0000] {subprocess.py:106} INFO - [0m07:42:37  11 of 13 START sql incremental model `ods_dm`.`daily_aggregates` ............... [RUN]
[2026-04-13T07:42:37.752+0000] {subprocess.py:106} INFO - [0m07:42:37  11 of 13 OK created sql incremental model `ods_dm`.`daily_aggregates` .......... [[32mOK[0m in 0.13s]
[2026-04-13T07:42:37.759+0000] {subprocess.py:106} INFO - [0m07:42:37  12 of 13 START sql incremental model `ods_dm`.`dashboard` ...................... [RUN]
[2026-04-13T07:42:38.001+0000] {subprocess.py:106} INFO - [0m07:42:38  12 of 13 OK created sql incremental model `ods_dm`.`dashboard` ................. [[32mOK[0m in 0.24s]
[2026-04-13T07:42:38.005+0000] {subprocess.py:106} INFO - [0m07:42:38  13 of 13 START sql view model `ods_dm`.`popular_source` ........................ [RUN]
[2026-04-13T07:42:38.091+0000] {subprocess.py:106} INFO - [0m07:42:38  13 of 13 OK created sql view model `ods_dm`.`popular_source` ................... [[32mOK[0m in 0.08s]
[2026-04-13T07:42:38.098+0000] {subprocess.py:106} INFO - [0m07:42:38
[2026-04-13T07:42:38.098+0000] {subprocess.py:106} INFO - [0m07:42:38  Finished running 11 incremental models, 2 view models in 0 hours 0 minutes and 5.60 seconds (5.60s).
[2026-04-13T07:42:38.129+0000] {subprocess.py:106} INFO - [0m07:42:38
[2026-04-13T07:42:38.130+0000] {subprocess.py:106} INFO - [0m07:42:38  [32mCompleted successfully[0m
[2026-04-13T07:42:38.131+0000] {subprocess.py:106} INFO - [0m07:42:38
[2026-04-13T07:42:38.132+0000] {subprocess.py:106} INFO - [0m07:42:38  Done. PASS=13 WARN=0 ERROR=0 SKIP=0 TOTAL=13
[2026-04-13T07:42:39.581+0000] {subprocess.py:110} INFO - Command exited with return code 0
[2026-04-13T07:42:39.613+0000] {taskinstance.py:341} INFO - ::group::Post task execution logs
[2026-04-13T07:42:39.614+0000] {taskinstance.py:353} INFO - Marking task as SUCCESS. dag_id=layers_update, task_id=run_dbt, run_id=manual__2026-04-13T07:42:19.113127+00:00, execution_date=20260413T074219, start_date=20260413T074225, end_date=20260413T074239
[2026-04-13T07:42:39.664+0000] {local_task_job_runner.py:266} INFO - Task exited with return code 0
[2026-04-13T07:42:39.701+0000] {taskinstance.py:3901} INFO - 1 downstream tasks scheduled from follow-on schedule check
[2026-04-13T07:42:39.705+0000] {local_task_job_runner.py:245} INFO - ::endgroup::
