[2026-04-21T07:04:10.438+0000] {local_task_job_runner.py:123} INFO - ::group::Pre task execution logs
[2026-04-21T07:04:10.456+0000] {taskinstance.py:2614} INFO - Dependencies all met for dep_context=non-requeueable deps ti=<TaskInstance: layers_update.run_dbt manual__2026-04-21T07:04:07.408541+00:00 [queued]>
[2026-04-21T07:04:10.465+0000] {taskinstance.py:2614} INFO - Dependencies all met for dep_context=requeueable deps ti=<TaskInstance: layers_update.run_dbt manual__2026-04-21T07:04:07.408541+00:00 [queued]>
[2026-04-21T07:04:10.466+0000] {taskinstance.py:2867} INFO - Starting attempt 1 of 1
[2026-04-21T07:04:10.487+0000] {taskinstance.py:2890} INFO - Executing <Task(BashOperator): run_dbt> on 2026-04-21 07:04:07.408541+00:00
[2026-04-21T07:04:10.494+0000] {warnings.py:112} WARNING - /home/***/.local/lib/python3.12/site-packages/***/task/task_runner/standard_task_runner.py:70: DeprecationWarning: This process (pid=125) is multi-threaded, use of fork() may lead to deadlocks in the child.
  pid = os.fork()

[2026-04-21T07:04:10.497+0000] {standard_task_runner.py:104} INFO - Running: ['***', 'tasks', 'run', 'layers_update', 'run_dbt', 'manual__2026-04-21T07:04:07.408541+00:00', '--job-id', '14', '--raw', '--subdir', 'DAGS_FOLDER/layers_update.py', '--cfg-path', '/tmp/tmp61m2yv96']
[2026-04-21T07:04:10.500+0000] {standard_task_runner.py:105} INFO - Job 14: Subtask run_dbt
[2026-04-21T07:04:10.499+0000] {standard_task_runner.py:72} INFO - Started process 126 to run task
[2026-04-21T07:04:10.563+0000] {task_command.py:467} INFO - Running <TaskInstance: layers_update.run_dbt manual__2026-04-21T07:04:07.408541+00:00 [running]> on host 102489dc19a9
[2026-04-21T07:04:11.340+0000] {taskinstance.py:3134} INFO - Exporting env vars: AIRFLOW_CTX_DAG_OWNER='***' AIRFLOW_CTX_DAG_ID='layers_update' AIRFLOW_CTX_TASK_ID='run_dbt' AIRFLOW_CTX_EXECUTION_DATE='2026-04-21T07:04:07.408541+00:00' AIRFLOW_CTX_TRY_NUMBER='1' AIRFLOW_CTX_DAG_RUN_ID='manual__2026-04-21T07:04:07.408541+00:00'
[2026-04-21T07:04:11.341+0000] {taskinstance.py:732} INFO - ::endgroup::
[2026-04-21T07:04:11.364+0000] {subprocess.py:78} INFO - Tmp dir root location: /tmp
[2026-04-21T07:04:11.365+0000] {subprocess.py:88} INFO - Running command: ['/usr/bin/bash', '-c', 'dbt run']
[2026-04-21T07:04:11.380+0000] {subprocess.py:99} INFO - Output:
[2026-04-21T07:04:15.287+0000] {subprocess.py:106} INFO - [0m07:04:15  Running with dbt=1.7.0
[2026-04-21T07:04:15.696+0000] {subprocess.py:106} INFO - [0m07:04:15  Registered adapter: clickhouse=1.7.0
[2026-04-21T07:04:17.054+0000] {subprocess.py:106} INFO - [0m07:04:17  [[33mWARNING[0m]: Configuration paths exist in your dbt_project.yml file which do not apply to any resources.
[2026-04-21T07:04:17.055+0000] {subprocess.py:106} INFO - There are 1 unused configuration paths:
[2026-04-21T07:04:17.056+0000] {subprocess.py:106} INFO - - models.clickhouse_etl.raw
[2026-04-21T07:04:17.092+0000] {subprocess.py:106} INFO - [0m07:04:17  Found 11 models, 15 tests, 4 sources, 0 exposures, 0 metrics, 538 macros, 0 groups, 0 semantic models
[2026-04-21T07:04:17.095+0000] {subprocess.py:106} INFO - [0m07:04:17
[2026-04-21T07:04:19.814+0000] {subprocess.py:106} INFO - [0m07:04:19  Concurrency: 1 threads (target='dev')
[2026-04-21T07:04:19.815+0000] {subprocess.py:106} INFO - [0m07:04:19
[2026-04-21T07:04:19.827+0000] {subprocess.py:106} INFO - [0m07:04:19  1 of 11 START sql incremental model `ods`.`browser_data` ....................... [RUN]
[2026-04-21T07:04:20.171+0000] {subprocess.py:106} INFO - [0m07:04:20  1 of 11 OK created sql incremental model `ods`.`browser_data` .................. [[32mOK[0m in 0.34s]
[2026-04-21T07:04:20.174+0000] {subprocess.py:106} INFO - [0m07:04:20  2 of 11 START sql incremental model `ods`.`device_data` ........................ [RUN]
[2026-04-21T07:04:20.911+0000] {subprocess.py:106} INFO - [0m07:04:20  2 of 11 OK created sql incremental model `ods`.`device_data` ................... [[32mOK[0m in 0.73s]
[2026-04-21T07:04:20.915+0000] {subprocess.py:106} INFO - [0m07:04:20  3 of 11 START sql incremental model `ods`.`geo_data` ........................... [RUN]
[2026-04-21T07:04:21.119+0000] {subprocess.py:106} INFO - [0m07:04:21  3 of 11 OK created sql incremental model `ods`.`geo_data` ...................... [[32mOK[0m in 0.20s]
[2026-04-21T07:04:21.122+0000] {subprocess.py:106} INFO - [0m07:04:21  4 of 11 START sql incremental model `ods`.`location_data` ...................... [RUN]
[2026-04-21T07:04:21.312+0000] {subprocess.py:106} INFO - [0m07:04:21  4 of 11 OK created sql incremental model `ods`.`location_data` ................. [[32mOK[0m in 0.19s]
[2026-04-21T07:04:21.315+0000] {subprocess.py:106} INFO - [0m07:04:21  5 of 11 START sql incremental model `dds`.`dim_browser` ........................ [RUN]
[2026-04-21T07:04:21.562+0000] {subprocess.py:106} INFO - [0m07:04:21  5 of 11 OK created sql incremental model `dds`.`dim_browser` ................... [[32mOK[0m in 0.24s]
[2026-04-21T07:04:21.566+0000] {subprocess.py:106} INFO - [0m07:04:21  6 of 11 START sql incremental model `dds`.`dim_device` ......................... [RUN]
[2026-04-21T07:04:21.798+0000] {subprocess.py:106} INFO - [0m07:04:21  6 of 11 OK created sql incremental model `dds`.`dim_device` .................... [[32mOK[0m in 0.23s]
[2026-04-21T07:04:21.802+0000] {subprocess.py:106} INFO - [0m07:04:21  7 of 11 START sql incremental model `dds`.`fct_click` .......................... [RUN]
[2026-04-21T07:04:22.068+0000] {subprocess.py:106} INFO - [0m07:04:22  7 of 11 OK created sql incremental model `dds`.`fct_click` ..................... [[32mOK[0m in 0.26s]
[2026-04-21T07:04:22.075+0000] {subprocess.py:106} INFO - [0m07:04:22  8 of 11 START sql incremental model `dds`.`dim_geo` ............................ [RUN]
[2026-04-21T07:04:22.456+0000] {subprocess.py:106} INFO - [0m07:04:22  8 of 11 OK created sql incremental model `dds`.`dim_geo` ....................... [[32mOK[0m in 0.37s]
[2026-04-21T07:04:22.460+0000] {subprocess.py:106} INFO - [0m07:04:22  9 of 11 START sql incremental model `dds`.`dim_location` ....................... [RUN]
[2026-04-21T07:04:22.670+0000] {subprocess.py:106} INFO - [0m07:04:22  9 of 11 OK created sql incremental model `dds`.`dim_location` .................. [[32mOK[0m in 0.20s]
[2026-04-21T07:04:22.675+0000] {subprocess.py:106} INFO - [0m07:04:22  10 of 11 START sql incremental model `dm`.`dashboard` .......................... [RUN]
[2026-04-21T07:04:22.964+0000] {subprocess.py:106} INFO - [0m07:04:22  10 of 11 OK created sql incremental model `dm`.`dashboard` ..................... [[32mOK[0m in 0.29s]
[2026-04-21T07:04:22.970+0000] {subprocess.py:106} INFO - [0m07:04:22  11 of 11 START sql view model `dm`.`dashboard_recent_data` ..................... [RUN]
[2026-04-21T07:04:23.176+0000] {subprocess.py:106} INFO - [0m07:04:23  11 of 11 OK created sql view model `dm`.`dashboard_recent_data` ................ [[32mOK[0m in 0.20s]
[2026-04-21T07:04:23.182+0000] {subprocess.py:106} INFO - [0m07:04:23
[2026-04-21T07:04:23.183+0000] {subprocess.py:106} INFO - [0m07:04:23  Finished running 10 incremental models, 1 view model in 0 hours 0 minutes and 6.09 seconds (6.09s).
[2026-04-21T07:04:23.207+0000] {subprocess.py:106} INFO - [0m07:04:23
[2026-04-21T07:04:23.208+0000] {subprocess.py:106} INFO - [0m07:04:23  [32mCompleted successfully[0m
[2026-04-21T07:04:23.209+0000] {subprocess.py:106} INFO - [0m07:04:23
[2026-04-21T07:04:23.209+0000] {subprocess.py:106} INFO - [0m07:04:23  Done. PASS=11 WARN=0 ERROR=0 SKIP=0 TOTAL=11
[2026-04-21T07:04:24.325+0000] {subprocess.py:110} INFO - Command exited with return code 0
[2026-04-21T07:04:24.363+0000] {taskinstance.py:341} INFO - ::group::Post task execution logs
[2026-04-21T07:04:24.364+0000] {taskinstance.py:353} INFO - Marking task as SUCCESS. dag_id=layers_update, task_id=run_dbt, run_id=manual__2026-04-21T07:04:07.408541+00:00, execution_date=20260421T070407, start_date=20260421T070410, end_date=20260421T070424
[2026-04-21T07:04:24.420+0000] {local_task_job_runner.py:266} INFO - Task exited with return code 0
[2026-04-21T07:04:24.454+0000] {taskinstance.py:3901} INFO - 1 downstream tasks scheduled from follow-on schedule check
[2026-04-21T07:04:24.459+0000] {local_task_job_runner.py:245} INFO - ::endgroup::
