[2026-04-15T16:04:52.519+0000] {local_task_job_runner.py:123} INFO - ::group::Pre task execution logs
[2026-04-15T16:04:52.541+0000] {taskinstance.py:2614} INFO - Dependencies all met for dep_context=non-requeueable deps ti=<TaskInstance: layers_update.run_dbt manual__2026-04-15T16:04:49.718023+00:00 [queued]>
[2026-04-15T16:04:52.555+0000] {taskinstance.py:2614} INFO - Dependencies all met for dep_context=requeueable deps ti=<TaskInstance: layers_update.run_dbt manual__2026-04-15T16:04:49.718023+00:00 [queued]>
[2026-04-15T16:04:52.556+0000] {taskinstance.py:2867} INFO - Starting attempt 1 of 1
[2026-04-15T16:04:52.574+0000] {taskinstance.py:2890} INFO - Executing <Task(BashOperator): run_dbt> on 2026-04-15 16:04:49.718023+00:00
[2026-04-15T16:04:52.582+0000] {warnings.py:112} WARNING - /home/***/.local/lib/python3.12/site-packages/***/task/task_runner/standard_task_runner.py:70: DeprecationWarning: This process (pid=92) is multi-threaded, use of fork() may lead to deadlocks in the child.
  pid = os.fork()

[2026-04-15T16:04:52.586+0000] {standard_task_runner.py:104} INFO - Running: ['***', 'tasks', 'run', 'layers_update', 'run_dbt', 'manual__2026-04-15T16:04:49.718023+00:00', '--job-id', '9', '--raw', '--subdir', 'DAGS_FOLDER/layers_update.py', '--cfg-path', '/tmp/tmp7ibsie7l']
[2026-04-15T16:04:52.588+0000] {standard_task_runner.py:72} INFO - Started process 93 to run task
[2026-04-15T16:04:52.589+0000] {standard_task_runner.py:105} INFO - Job 9: Subtask run_dbt
[2026-04-15T16:04:52.649+0000] {task_command.py:467} INFO - Running <TaskInstance: layers_update.run_dbt manual__2026-04-15T16:04:49.718023+00:00 [running]> on host 501efe15e1f8
[2026-04-15T16:04:52.758+0000] {taskinstance.py:3134} INFO - Exporting env vars: AIRFLOW_CTX_DAG_OWNER='***' AIRFLOW_CTX_DAG_ID='layers_update' AIRFLOW_CTX_TASK_ID='run_dbt' AIRFLOW_CTX_EXECUTION_DATE='2026-04-15T16:04:49.718023+00:00' AIRFLOW_CTX_TRY_NUMBER='1' AIRFLOW_CTX_DAG_RUN_ID='manual__2026-04-15T16:04:49.718023+00:00'
[2026-04-15T16:04:52.759+0000] {taskinstance.py:732} INFO - ::endgroup::
[2026-04-15T16:04:52.778+0000] {subprocess.py:78} INFO - Tmp dir root location: /tmp
[2026-04-15T16:04:52.779+0000] {subprocess.py:88} INFO - Running command: ['/usr/bin/bash', '-c', 'dbt run']
[2026-04-15T16:04:52.792+0000] {subprocess.py:99} INFO - Output:
[2026-04-15T16:04:56.637+0000] {subprocess.py:106} INFO - [0m16:04:56  Running with dbt=1.7.0
[2026-04-15T16:04:57.006+0000] {subprocess.py:106} INFO - [0m16:04:57  Registered adapter: clickhouse=1.7.0
[2026-04-15T16:04:58.647+0000] {subprocess.py:106} INFO - [0m16:04:58  [[33mWARNING[0m]: Configuration paths exist in your dbt_project.yml file which do not apply to any resources.
[2026-04-15T16:04:58.648+0000] {subprocess.py:106} INFO - There are 1 unused configuration paths:
[2026-04-15T16:04:58.649+0000] {subprocess.py:106} INFO - - models.clickhouse_etl.raw
[2026-04-15T16:04:58.688+0000] {subprocess.py:106} INFO - [0m16:04:58  Found 11 models, 15 tests, 4 sources, 0 exposures, 0 metrics, 538 macros, 0 groups, 0 semantic models
[2026-04-15T16:04:58.692+0000] {subprocess.py:106} INFO - [0m16:04:58
[2026-04-15T16:04:59.264+0000] {subprocess.py:106} INFO - [0m16:04:59  Concurrency: 1 threads (target='dev')
[2026-04-15T16:04:59.266+0000] {subprocess.py:106} INFO - [0m16:04:59
[2026-04-15T16:04:59.281+0000] {subprocess.py:106} INFO - [0m16:04:59  1 of 11 START sql incremental model `ods`.`browser_data` ....................... [RUN]
[2026-04-15T16:04:59.520+0000] {subprocess.py:106} INFO - [0m16:04:59  1 of 11 OK created sql incremental model `ods`.`browser_data` .................. [[32mOK[0m in 0.24s]
[2026-04-15T16:04:59.524+0000] {subprocess.py:106} INFO - [0m16:04:59  2 of 11 START sql incremental model `ods`.`device_data` ........................ [RUN]
[2026-04-15T16:04:59.733+0000] {subprocess.py:106} INFO - [0m16:04:59  2 of 11 OK created sql incremental model `ods`.`device_data` ................... [[32mOK[0m in 0.21s]
[2026-04-15T16:04:59.739+0000] {subprocess.py:106} INFO - [0m16:04:59  3 of 11 START sql incremental model `ods`.`geo_data` ........................... [RUN]
[2026-04-15T16:04:59.992+0000] {subprocess.py:106} INFO - [0m16:04:59  3 of 11 OK created sql incremental model `ods`.`geo_data` ...................... [[32mOK[0m in 0.25s]
[2026-04-15T16:04:59.996+0000] {subprocess.py:106} INFO - [0m16:04:59  4 of 11 START sql incremental model `ods`.`location_data` ...................... [RUN]
[2026-04-15T16:05:00.254+0000] {subprocess.py:106} INFO - [0m16:05:00  4 of 11 OK created sql incremental model `ods`.`location_data` ................. [[32mOK[0m in 0.26s]
[2026-04-15T16:05:00.257+0000] {subprocess.py:106} INFO - [0m16:05:00  5 of 11 START sql incremental model `dds`.`dim_browser` ........................ [RUN]
[2026-04-15T16:05:00.459+0000] {subprocess.py:106} INFO - [0m16:05:00  5 of 11 OK created sql incremental model `dds`.`dim_browser` ................... [[32mOK[0m in 0.20s]
[2026-04-15T16:05:00.464+0000] {subprocess.py:106} INFO - [0m16:05:00  6 of 11 START sql incremental model `dds`.`dim_device` ......................... [RUN]
[2026-04-15T16:05:00.672+0000] {subprocess.py:106} INFO - [0m16:05:00  6 of 11 OK created sql incremental model `dds`.`dim_device` .................... [[32mOK[0m in 0.21s]
[2026-04-15T16:05:00.676+0000] {subprocess.py:106} INFO - [0m16:05:00  7 of 11 START sql incremental model `dds`.`fct_click` .......................... [RUN]
[2026-04-15T16:05:00.892+0000] {subprocess.py:106} INFO - [0m16:05:00  7 of 11 OK created sql incremental model `dds`.`fct_click` ..................... [[32mOK[0m in 0.21s]
[2026-04-15T16:05:00.896+0000] {subprocess.py:106} INFO - [0m16:05:00  8 of 11 START sql incremental model `dds`.`dim_geo` ............................ [RUN]
[2026-04-15T16:05:01.116+0000] {subprocess.py:106} INFO - [0m16:05:01  8 of 11 OK created sql incremental model `dds`.`dim_geo` ....................... [[32mOK[0m in 0.22s]
[2026-04-15T16:05:01.119+0000] {subprocess.py:106} INFO - [0m16:05:01  9 of 11 START sql incremental model `dds`.`dim_location` ....................... [RUN]
[2026-04-15T16:05:01.330+0000] {subprocess.py:106} INFO - [0m16:05:01  9 of 11 OK created sql incremental model `dds`.`dim_location` .................. [[32mOK[0m in 0.21s]
[2026-04-15T16:05:01.336+0000] {subprocess.py:106} INFO - [0m16:05:01  10 of 11 START sql incremental model `dm`.`dashboard` .......................... [RUN]
[2026-04-15T16:05:01.554+0000] {subprocess.py:106} INFO - [0m16:05:01  10 of 11 OK created sql incremental model `dm`.`dashboard` ..................... [[32mOK[0m in 0.22s]
[2026-04-15T16:05:01.558+0000] {subprocess.py:106} INFO - [0m16:05:01  11 of 11 START sql view model `dm`.`dashboard_recent_data` ..................... [RUN]
[2026-04-15T16:05:01.741+0000] {subprocess.py:106} INFO - [0m16:05:01  11 of 11 OK created sql view model `dm`.`dashboard_recent_data` ................ [[32mOK[0m in 0.18s]
[2026-04-15T16:05:01.749+0000] {subprocess.py:106} INFO - [0m16:05:01
[2026-04-15T16:05:01.750+0000] {subprocess.py:106} INFO - [0m16:05:01  Finished running 10 incremental models, 1 view model in 0 hours 0 minutes and 3.06 seconds (3.06s).
[2026-04-15T16:05:01.786+0000] {subprocess.py:106} INFO - [0m16:05:01
[2026-04-15T16:05:01.787+0000] {subprocess.py:106} INFO - [0m16:05:01  [32mCompleted successfully[0m
[2026-04-15T16:05:01.788+0000] {subprocess.py:106} INFO - [0m16:05:01
[2026-04-15T16:05:01.789+0000] {subprocess.py:106} INFO - [0m16:05:01  Done. PASS=11 WARN=0 ERROR=0 SKIP=0 TOTAL=11
[2026-04-15T16:05:03.030+0000] {subprocess.py:110} INFO - Command exited with return code 0
[2026-04-15T16:05:03.065+0000] {taskinstance.py:341} INFO - ::group::Post task execution logs
[2026-04-15T16:05:03.066+0000] {taskinstance.py:353} INFO - Marking task as SUCCESS. dag_id=layers_update, task_id=run_dbt, run_id=manual__2026-04-15T16:04:49.718023+00:00, execution_date=20260415T160449, start_date=20260415T160452, end_date=20260415T160503
[2026-04-15T16:05:03.125+0000] {local_task_job_runner.py:266} INFO - Task exited with return code 0
[2026-04-15T16:05:03.157+0000] {taskinstance.py:3901} INFO - 1 downstream tasks scheduled from follow-on schedule check
[2026-04-15T16:05:03.161+0000] {local_task_job_runner.py:245} INFO - ::endgroup::
