[2026-04-13T07:44:32.171+0000] {local_task_job_runner.py:123} INFO - ::group::Pre task execution logs
[2026-04-13T07:44:32.190+0000] {taskinstance.py:2614} INFO - Dependencies all met for dep_context=non-requeueable deps ti=<TaskInstance: kafka_producer.send_jsonl_to_kafka manual__2026-04-13T07:44:29.787541+00:00 [queued]>
[2026-04-13T07:44:32.204+0000] {taskinstance.py:2614} INFO - Dependencies all met for dep_context=requeueable deps ti=<TaskInstance: kafka_producer.send_jsonl_to_kafka manual__2026-04-13T07:44:29.787541+00:00 [queued]>
[2026-04-13T07:44:32.205+0000] {taskinstance.py:2867} INFO - Starting attempt 1 of 1
[2026-04-13T07:44:32.224+0000] {taskinstance.py:2890} INFO - Executing <Task(PythonOperator): send_jsonl_to_kafka> on 2026-04-13 07:44:29.787541+00:00
[2026-04-13T07:44:32.234+0000] {warnings.py:112} WARNING - /home/***/.local/lib/python3.12/site-packages/***/task/task_runner/standard_task_runner.py:70: DeprecationWarning: This process (pid=82) is multi-threaded, use of fork() may lead to deadlocks in the child.
  pid = os.fork()

[2026-04-13T07:44:32.235+0000] {standard_task_runner.py:104} INFO - Running: ['***', 'tasks', 'run', 'kafka_producer', 'send_jsonl_to_kafka', 'manual__2026-04-13T07:44:29.787541+00:00', '--job-id', '7', '--raw', '--subdir', 'DAGS_FOLDER/kafka_load.py', '--cfg-path', '/tmp/tmp2eoev4f4']
[2026-04-13T07:44:32.237+0000] {standard_task_runner.py:72} INFO - Started process 83 to run task
[2026-04-13T07:44:32.237+0000] {standard_task_runner.py:105} INFO - Job 7: Subtask send_jsonl_to_kafka
[2026-04-13T07:44:32.309+0000] {task_command.py:467} INFO - Running <TaskInstance: kafka_producer.send_jsonl_to_kafka manual__2026-04-13T07:44:29.787541+00:00 [running]> on host aa4cdc9ccb97
[2026-04-13T07:44:32.426+0000] {taskinstance.py:3134} INFO - Exporting env vars: AIRFLOW_CTX_DAG_OWNER='***' AIRFLOW_CTX_DAG_ID='kafka_producer' AIRFLOW_CTX_TASK_ID='send_jsonl_to_kafka' AIRFLOW_CTX_EXECUTION_DATE='2026-04-13T07:44:29.787541+00:00' AIRFLOW_CTX_TRY_NUMBER='1' AIRFLOW_CTX_DAG_RUN_ID='manual__2026-04-13T07:44:29.787541+00:00'
[2026-04-13T07:44:32.427+0000] {taskinstance.py:732} INFO - ::endgroup::
[2026-04-13T07:44:32.460+0000] {kafka_load.py:28} INFO - Обрабатывается файл: browser_events.jsonl
[2026-04-13T07:44:32.466+0000] {kafka_load.py:40} INFO - Отправлено 100 сообщений
[2026-04-13T07:44:32.469+0000] {kafka_load.py:40} INFO - Отправлено 200 сообщений
[2026-04-13T07:44:32.471+0000] {kafka_load.py:40} INFO - Отправлено 300 сообщений
[2026-04-13T07:44:32.473+0000] {kafka_load.py:40} INFO - Отправлено 400 сообщений
[2026-04-13T07:44:32.476+0000] {kafka_load.py:40} INFO - Отправлено 500 сообщений
[2026-04-13T07:44:32.479+0000] {kafka_load.py:40} INFO - Отправлено 600 сообщений
[2026-04-13T07:44:32.483+0000] {kafka_load.py:40} INFO - Отправлено 700 сообщений
[2026-04-13T07:44:32.486+0000] {kafka_load.py:40} INFO - Отправлено 800 сообщений
[2026-04-13T07:44:32.488+0000] {kafka_load.py:40} INFO - Отправлено 900 сообщений
[2026-04-13T07:44:32.491+0000] {kafka_load.py:40} INFO - Отправлено 1000 сообщений
[2026-04-13T07:44:32.492+0000] {kafka_load.py:51} INFO - Обработка файла browser_events.jsonl завершена
[2026-04-13T07:44:32.492+0000] {kafka_load.py:28} INFO - Обрабатывается файл: device_events.jsonl
[2026-04-13T07:44:32.496+0000] {kafka_load.py:40} INFO - Отправлено 100 сообщений
[2026-04-13T07:44:32.500+0000] {kafka_load.py:40} INFO - Отправлено 200 сообщений
[2026-04-13T07:44:32.502+0000] {kafka_load.py:40} INFO - Отправлено 300 сообщений
[2026-04-13T07:44:32.507+0000] {kafka_load.py:40} INFO - Отправлено 400 сообщений
[2026-04-13T07:44:32.513+0000] {kafka_load.py:40} INFO - Отправлено 500 сообщений
[2026-04-13T07:44:32.522+0000] {kafka_load.py:40} INFO - Отправлено 600 сообщений
[2026-04-13T07:44:32.529+0000] {kafka_load.py:40} INFO - Отправлено 700 сообщений
[2026-04-13T07:44:32.536+0000] {kafka_load.py:40} INFO - Отправлено 800 сообщений
[2026-04-13T07:44:32.541+0000] {kafka_load.py:40} INFO - Отправлено 900 сообщений
[2026-04-13T07:44:32.546+0000] {kafka_load.py:40} INFO - Отправлено 1000 сообщений
[2026-04-13T07:44:32.548+0000] {kafka_load.py:51} INFO - Обработка файла device_events.jsonl завершена
[2026-04-13T07:44:32.549+0000] {kafka_load.py:28} INFO - Обрабатывается файл: geo_events.jsonl
[2026-04-13T07:44:32.554+0000] {kafka_load.py:40} INFO - Отправлено 100 сообщений
[2026-04-13T07:44:32.564+0000] {kafka_load.py:40} INFO - Отправлено 200 сообщений
[2026-04-13T07:44:32.576+0000] {kafka_load.py:40} INFO - Отправлено 300 сообщений
[2026-04-13T07:44:32.601+0000] {kafka_load.py:40} INFO - Отправлено 400 сообщений
[2026-04-13T07:44:32.605+0000] {kafka_load.py:40} INFO - Отправлено 500 сообщений
[2026-04-13T07:44:32.642+0000] {kafka_load.py:40} INFO - Отправлено 600 сообщений
[2026-04-13T07:44:32.646+0000] {kafka_load.py:40} INFO - Отправлено 700 сообщений
[2026-04-13T07:44:32.662+0000] {kafka_load.py:40} INFO - Отправлено 800 сообщений
[2026-04-13T07:44:32.679+0000] {kafka_load.py:40} INFO - Отправлено 900 сообщений
[2026-04-13T07:44:32.686+0000] {kafka_load.py:40} INFO - Отправлено 1000 сообщений
[2026-04-13T07:44:32.688+0000] {kafka_load.py:51} INFO - Обработка файла geo_events.jsonl завершена
[2026-04-13T07:44:32.689+0000] {kafka_load.py:28} INFO - Обрабатывается файл: location_events.jsonl
[2026-04-13T07:44:32.695+0000] {kafka_load.py:40} INFO - Отправлено 100 сообщений
[2026-04-13T07:44:32.711+0000] {kafka_load.py:40} INFO - Отправлено 200 сообщений
[2026-04-13T07:44:32.720+0000] {kafka_load.py:40} INFO - Отправлено 300 сообщений
[2026-04-13T07:44:32.725+0000] {kafka_load.py:40} INFO - Отправлено 400 сообщений
[2026-04-13T07:44:32.736+0000] {kafka_load.py:40} INFO - Отправлено 500 сообщений
[2026-04-13T07:44:32.743+0000] {kafka_load.py:40} INFO - Отправлено 600 сообщений
[2026-04-13T07:44:32.747+0000] {kafka_load.py:40} INFO - Отправлено 700 сообщений
[2026-04-13T07:44:32.750+0000] {kafka_load.py:40} INFO - Отправлено 800 сообщений
[2026-04-13T07:44:32.761+0000] {kafka_load.py:40} INFO - Отправлено 900 сообщений
[2026-04-13T07:44:32.764+0000] {kafka_load.py:40} INFO - Отправлено 1000 сообщений
[2026-04-13T07:44:32.766+0000] {kafka_load.py:51} INFO - Обработка файла location_events.jsonl завершена
[2026-04-13T07:44:32.778+0000] {kafka_load.py:54} INFO - Обработка файлов успешно завершена
[2026-04-13T07:44:32.784+0000] {python.py:240} INFO - Done. Returned value was: None
[2026-04-13T07:44:32.811+0000] {taskinstance.py:341} INFO - ::group::Post task execution logs
[2026-04-13T07:44:32.813+0000] {taskinstance.py:353} INFO - Marking task as SUCCESS. dag_id=kafka_producer, task_id=send_jsonl_to_kafka, run_id=manual__2026-04-13T07:44:29.787541+00:00, execution_date=20260413T074429, start_date=20260413T074432, end_date=20260413T074432
[2026-04-13T07:44:32.912+0000] {local_task_job_runner.py:266} INFO - Task exited with return code 0
[2026-04-13T07:44:32.967+0000] {taskinstance.py:3901} INFO - 1 downstream tasks scheduled from follow-on schedule check
[2026-04-13T07:44:32.972+0000] {local_task_job_runner.py:245} INFO - ::endgroup::
