[2026-04-14T08:01:20.815+0000] {local_task_job_runner.py:123} INFO - ::group::Pre task execution logs
[2026-04-14T08:01:20.835+0000] {taskinstance.py:2614} INFO - Dependencies all met for dep_context=non-requeueable deps ti=<TaskInstance: layers_update.run_dbt manual__2026-04-14T08:01:12.934809+00:00 [queued]>
[2026-04-14T08:01:20.848+0000] {taskinstance.py:2614} INFO - Dependencies all met for dep_context=requeueable deps ti=<TaskInstance: layers_update.run_dbt manual__2026-04-14T08:01:12.934809+00:00 [queued]>
[2026-04-14T08:01:20.849+0000] {taskinstance.py:2867} INFO - Starting attempt 1 of 1
[2026-04-14T08:01:20.877+0000] {taskinstance.py:2890} INFO - Executing <Task(BashOperator): run_dbt> on 2026-04-14 08:01:12.934809+00:00
[2026-04-14T08:01:20.891+0000] {warnings.py:112} WARNING - /home/***/.local/lib/python3.12/site-packages/***/task/task_runner/standard_task_runner.py:70: DeprecationWarning: This process (pid=58) is multi-threaded, use of fork() may lead to deadlocks in the child.
  pid = os.fork()

[2026-04-14T08:01:20.894+0000] {standard_task_runner.py:72} INFO - Started process 59 to run task
[2026-04-14T08:01:20.898+0000] {standard_task_runner.py:104} INFO - Running: ['***', 'tasks', 'run', 'layers_update', 'run_dbt', 'manual__2026-04-14T08:01:12.934809+00:00', '--job-id', '4', '--raw', '--subdir', 'DAGS_FOLDER/layers_update.py', '--cfg-path', '/tmp/tmp9xuyrtfn']
[2026-04-14T08:01:20.901+0000] {standard_task_runner.py:105} INFO - Job 4: Subtask run_dbt
[2026-04-14T08:01:20.969+0000] {task_command.py:467} INFO - Running <TaskInstance: layers_update.run_dbt manual__2026-04-14T08:01:12.934809+00:00 [running]> on host 29f62e233f8d
[2026-04-14T08:01:21.075+0000] {taskinstance.py:3134} INFO - Exporting env vars: AIRFLOW_CTX_DAG_OWNER='***' AIRFLOW_CTX_DAG_ID='layers_update' AIRFLOW_CTX_TASK_ID='run_dbt' AIRFLOW_CTX_EXECUTION_DATE='2026-04-14T08:01:12.934809+00:00' AIRFLOW_CTX_TRY_NUMBER='1' AIRFLOW_CTX_DAG_RUN_ID='manual__2026-04-14T08:01:12.934809+00:00'
[2026-04-14T08:01:21.076+0000] {taskinstance.py:732} INFO - ::endgroup::
[2026-04-14T08:01:21.096+0000] {subprocess.py:78} INFO - Tmp dir root location: /tmp
[2026-04-14T08:01:21.098+0000] {subprocess.py:88} INFO - Running command: ['/usr/bin/bash', '-c', 'dbt run']
[2026-04-14T08:01:21.110+0000] {subprocess.py:99} INFO - Output:
[2026-04-14T08:01:26.145+0000] {subprocess.py:106} INFO - [0m08:01:26  Running with dbt=1.7.0
[2026-04-14T08:01:26.659+0000] {subprocess.py:106} INFO - [0m08:01:26  Registered adapter: clickhouse=1.7.0
[2026-04-14T08:01:28.677+0000] {subprocess.py:106} INFO - [0m08:01:28  [[33mWARNING[0m]: Configuration paths exist in your dbt_project.yml file which do not apply to any resources.
[2026-04-14T08:01:28.680+0000] {subprocess.py:106} INFO - There are 1 unused configuration paths:
[2026-04-14T08:01:28.681+0000] {subprocess.py:106} INFO - - models.clickhouse_etl.raw
[2026-04-14T08:01:28.720+0000] {subprocess.py:106} INFO - [0m08:01:28  Found 14 models, 20 tests, 4 sources, 0 exposures, 0 metrics, 536 macros, 0 groups, 0 semantic models
[2026-04-14T08:01:28.724+0000] {subprocess.py:106} INFO - [0m08:01:28
[2026-04-14T08:01:29.550+0000] {subprocess.py:106} INFO - [0m08:01:29  Concurrency: 1 threads (target='dev')
[2026-04-14T08:01:29.551+0000] {subprocess.py:106} INFO - [0m08:01:29
[2026-04-14T08:01:29.562+0000] {subprocess.py:106} INFO - [0m08:01:29  1 of 14 START sql incremental model `ods_ods`.`browser_data` ................... [RUN]
[2026-04-14T08:01:30.023+0000] {subprocess.py:106} INFO - [0m08:01:30  1 of 14 OK created sql incremental model `ods_ods`.`browser_data` .............. [[32mOK[0m in 0.46s]
[2026-04-14T08:01:30.026+0000] {subprocess.py:106} INFO - [0m08:01:30  2 of 14 START sql incremental model `ods_ods`.`device_data` .................... [RUN]
[2026-04-14T08:01:30.255+0000] {subprocess.py:106} INFO - [0m08:01:30  2 of 14 OK created sql incremental model `ods_ods`.`device_data` ............... [[32mOK[0m in 0.23s]
[2026-04-14T08:01:30.260+0000] {subprocess.py:106} INFO - [0m08:01:30  3 of 14 START sql incremental model `ods_ods`.`geo_data` ....................... [RUN]
[2026-04-14T08:01:30.532+0000] {subprocess.py:106} INFO - [0m08:01:30  3 of 14 OK created sql incremental model `ods_ods`.`geo_data` .................. [[32mOK[0m in 0.27s]
[2026-04-14T08:01:30.543+0000] {subprocess.py:106} INFO - [0m08:01:30  4 of 14 START sql incremental model `ods_ods`.`location_data` .................. [RUN]
[2026-04-14T08:01:30.858+0000] {subprocess.py:106} INFO - [0m08:01:30  4 of 14 OK created sql incremental model `ods_ods`.`location_data` ............. [[32mOK[0m in 0.31s]
[2026-04-14T08:01:30.861+0000] {subprocess.py:106} INFO - [0m08:01:30  5 of 14 START sql incremental model `ods_dds`.`dim_browser` .................... [RUN]
[2026-04-14T08:01:31.099+0000] {subprocess.py:106} INFO - [0m08:01:31  5 of 14 OK created sql incremental model `ods_dds`.`dim_browser` ............... [[32mOK[0m in 0.24s]
[2026-04-14T08:01:31.103+0000] {subprocess.py:106} INFO - [0m08:01:31  6 of 14 START sql incremental model `ods_dds`.`dim_device` ..................... [RUN]
[2026-04-14T08:01:31.344+0000] {subprocess.py:106} INFO - [0m08:01:31  6 of 14 OK created sql incremental model `ods_dds`.`dim_device` ................ [[32mOK[0m in 0.24s]
[2026-04-14T08:01:31.348+0000] {subprocess.py:106} INFO - [0m08:01:31  7 of 14 START sql incremental model `ods_dds`.`fct_click` ...................... [RUN]
[2026-04-14T08:01:31.592+0000] {subprocess.py:106} INFO - [0m08:01:31  7 of 14 OK created sql incremental model `ods_dds`.`fct_click` ................. [[32mOK[0m in 0.24s]
[2026-04-14T08:01:31.600+0000] {subprocess.py:106} INFO - [0m08:01:31  8 of 14 START sql incremental model `ods_dds`.`dim_geo` ........................ [RUN]
[2026-04-14T08:01:31.849+0000] {subprocess.py:106} INFO - [0m08:01:31  8 of 14 OK created sql incremental model `ods_dds`.`dim_geo` ................... [[32mOK[0m in 0.24s]
[2026-04-14T08:01:31.854+0000] {subprocess.py:106} INFO - [0m08:01:31  9 of 14 START sql incremental model `ods_dds`.`dim_location` ................... [RUN]
[2026-04-14T08:01:32.087+0000] {subprocess.py:106} INFO - [0m08:01:32  9 of 14 OK created sql incremental model `ods_dds`.`dim_location` .............. [[32mOK[0m in 0.23s]
[2026-04-14T08:01:32.090+0000] {subprocess.py:106} INFO - [0m08:01:32  10 of 14 START sql view model `ods_dm`.`geo_stat` .............................. [RUN]
[2026-04-14T08:01:32.171+0000] {subprocess.py:106} INFO - [0m08:01:32  10 of 14 OK created sql view model `ods_dm`.`geo_stat` ......................... [[32mOK[0m in 0.08s]
[2026-04-14T08:01:32.174+0000] {subprocess.py:106} INFO - [0m08:01:32  11 of 14 START sql incremental model `ods_dm`.`daily_aggregates` ............... [RUN]
[2026-04-14T08:01:32.284+0000] {subprocess.py:106} INFO - [0m08:01:32  11 of 14 OK created sql incremental model `ods_dm`.`daily_aggregates` .......... [[32mOK[0m in 0.11s]
[2026-04-14T08:01:32.288+0000] {subprocess.py:106} INFO - [0m08:01:32  12 of 14 START sql incremental model `ods_dm`.`dashboard` ...................... [RUN]
[2026-04-14T08:01:32.409+0000] {subprocess.py:106} INFO - [0m08:01:32  12 of 14 ERROR creating sql incremental model `ods_dm`.`dashboard` ............. [[31mERROR[0m in 0.12s]
[2026-04-14T08:01:32.413+0000] {subprocess.py:106} INFO - [0m08:01:32  13 of 14 START sql view model `ods_dm`.`popular_source` ........................ [RUN]
[2026-04-14T08:01:32.480+0000] {subprocess.py:106} INFO - [0m08:01:32  13 of 14 OK created sql view model `ods_dm`.`popular_source` ................... [[32mOK[0m in 0.06s]
[2026-04-14T08:01:32.487+0000] {subprocess.py:106} INFO - [0m08:01:32  14 of 14 SKIP relation ods_dm.dm_dashboard_recent_data ......................... [[33mSKIP[0m]
[2026-04-14T08:01:32.497+0000] {subprocess.py:106} INFO - [0m08:01:32
[2026-04-14T08:01:32.499+0000] {subprocess.py:106} INFO - [0m08:01:32  Finished running 11 incremental models, 3 view models in 0 hours 0 minutes and 3.77 seconds (3.77s).
[2026-04-14T08:01:32.533+0000] {subprocess.py:106} INFO - [0m08:01:32
[2026-04-14T08:01:32.535+0000] {subprocess.py:106} INFO - [0m08:01:32  [31mCompleted with 1 error and 0 warnings:[0m
[2026-04-14T08:01:32.537+0000] {subprocess.py:106} INFO - [0m08:01:32
[2026-04-14T08:01:32.538+0000] {subprocess.py:106} INFO - [0m08:01:32    Database Error in model dm_dashboard (models/dm/dm_dashboard.sql)
[2026-04-14T08:01:32.539+0000] {subprocess.py:106} INFO -   Code: 47.
[2026-04-14T08:01:32.540+0000] {subprocess.py:106} INFO -   DB::Exception: Missing columns: 'event_date' while processing: 'event_date, geo_country, browser_name, device_is_mobile, utm_source', required columns: 'event_date' 'geo_country' 'device_is_mobile' 'browser_name' 'utm_source', available columns: 'utm_source.size' 'device_is_mobile.size' 'utm_medium' '__dds_load_time' 'utm_medium.size' 'event_id' 'utm_campaign' 'device_is_mobile' 'event_timestamp' 'utm_source' 'browser_name' 'click_id' 'geo_country' 'utm_campaign.size' 'browser_name.size'. Stack trace:
[2026-04-14T08:01:32.540+0000] {subprocess.py:106} INFO - 
[2026-04-14T08:01:32.541+0000] {subprocess.py:106} INFO -   0. DB::Exception::Exception(DB::Exception::MessageMasked&&, int, bool) @ 0x00000000166dc66a
[2026-04-14T08:01:32.541+0000] {subprocess.py:106} INFO -   1. DB::Exception::Exception(String&&, int, String, bool) @ 0x000000000e55bf0e
[2026-04-14T08:01:32.542+0000] {subprocess.py:106} INFO -   2. DB::Exception::Exception(PreformattedMessage&&, int) @ 0x000000000e55b849
[2026-04-14T08:01:32.542+0000] {subprocess.py:106} INFO -   3. DB::TreeRewriterResult::collectUsedColumns(boost::intrusive_ptr<DB::IAST> const&, bool, bool) @ 0x000000001b9e8aae
[2026-04-14T08:01:32.543+0000] {subprocess.py:106} INFO -   4. DB::TreeRewriter::analyze(boost::intrusive_ptr<DB::IAST>&, DB::NamesAndTypesList const&, std::shared_ptr<DB::IStorage const>, std::shared_ptr<DB::StorageSnapshot> const&, bool, bool, bool, bool) const @ 0x000000001b9f46c5
[2026-04-14T08:01:32.544+0000] {subprocess.py:106} INFO -   5. DB::KeyDescription::getSortingKeyFromAST(boost::intrusive_ptr<DB::IAST> const&, DB::ColumnsDescription const&, std::shared_ptr<DB::Context const>, std::optional<String> const&) @ 0x000000001c229fd0
[2026-04-14T08:01:32.544+0000] {subprocess.py:106} INFO -   6. DB::create(DB::StorageFactory::Arguments const&) @ 0x000000001ce084e0
[2026-04-14T08:01:32.545+0000] {subprocess.py:106} INFO -   7. DB::StorageFactory::get(DB::ASTCreateQuery const&, String const&, std::shared_ptr<DB::Context>, std::shared_ptr<DB::Context>, DB::ColumnsDescription const&, DB::ConstraintsDescription const&, DB::LoadingStrictnessLevel, bool) const @ 0x000000001c291e1b
[2026-04-14T08:01:32.546+0000] {subprocess.py:106} INFO -   8. DB::InterpreterCreateQuery::doCreateTable(DB::ASTCreateQuery&, DB::InterpreterCreateQuery::TableProperties const&, std::unique_ptr<DB::DDLGuard, std::default_delete<DB::DDLGuard>>&, DB::LoadingStrictnessLevel) @ 0x000000001b5ffbf7
[2026-04-14T08:01:32.546+0000] {subprocess.py:106} INFO -   9. DB::InterpreterCreateQuery::createTable(DB::ASTCreateQuery&) @ 0x000000001b5f252d
[2026-04-14T08:01:32.547+0000] {subprocess.py:106} INFO -   10. DB::InterpreterCreateQuery::execute() @ 0x000000001b607158
[2026-04-14T08:01:32.553+0000] {subprocess.py:106} INFO -   11. DB::executeQueryImpl(char const*, char const*, std::shared_ptr<DB::Context>, DB::QueryFlags, DB::QueryProcessingStage::Enum, std::unique_ptr<DB::ReadBuffer, std::default_delete<DB::ReadBuffer>>&, boost::intrusive_ptr<DB::IAST>&, std::shared_ptr<DB::ImplicitTransactionControlExecutor>, std::function<void ()>, DB::QueryResultDetails&) @ 0x000000001ba8f03e
[2026-04-14T08:01:32.555+0000] {subprocess.py:106} INFO -   12. DB::executeQuery(String const&, std::shared_ptr<DB::Context>, DB::QueryFlags, DB::QueryProcessingStage::Enum) @ 0x000000001ba891c2
[2026-04-14T08:01:32.556+0000] {subprocess.py:106} INFO -   13. DB::TCPHandler::runImpl() @ 0x000000001d21a30d
[2026-04-14T08:01:32.558+0000] {subprocess.py:106} INFO -   14. DB::TCPHandler::run() @ 0x000000001d23cb24
[2026-04-14T08:01:32.560+0000] {subprocess.py:106} INFO -   15. Poco::Net::TCPServerConnection::start() @ 0x0000000022789647
[2026-04-14T08:01:32.561+0000] {subprocess.py:106} INFO -   16. Poco::Net::TCPServerDispatcher::run() @ 0x0000000022789bc2
[2026-04-14T08:01:32.563+0000] {subprocess.py:106} INFO -   17. Poco::PooledThread::run() @ 0x0000000022748345
[2026-04-14T08:01:32.565+0000] {subprocess.py:106} INFO -   18. Poco::ThreadImpl::runnableEntry(void*) @ 0x00000000227468cf
[2026-04-14T08:01:32.566+0000] {subprocess.py:106} INFO -   19. ? @ 0x0000000000094ac3
[2026-04-14T08:01:32.566+0000] {subprocess.py:106} INFO -   20. __clone @ 0x0000000000125a84
[2026-04-14T08:01:32.568+0000] {subprocess.py:106} INFO - [0m08:01:32
[2026-04-14T08:01:32.569+0000] {subprocess.py:106} INFO - [0m08:01:32  Done. PASS=12 WARN=0 ERROR=1 SKIP=1 TOTAL=14
[2026-04-14T08:01:33.799+0000] {subprocess.py:110} INFO - Command exited with return code 1
[2026-04-14T08:01:33.815+0000] {taskinstance.py:3313} ERROR - Task failed with exception
Traceback (most recent call last):
  File "/home/airflow/.local/lib/python3.12/site-packages/airflow/models/taskinstance.py", line 768, in _execute_task
    result = _execute_callable(context=context, **execute_callable_kwargs)
             ^^^^^^^^^^^^^^^^^^^^^^^^^^^^^^^^^^^^^^^^^^^^^^^^^^^^^^^^^^^^^
  File "/home/airflow/.local/lib/python3.12/site-packages/airflow/models/taskinstance.py", line 734, in _execute_callable
    return ExecutionCallableRunner(
           ^^^^^^^^^^^^^^^^^^^^^^^^
  File "/home/airflow/.local/lib/python3.12/site-packages/airflow/utils/operator_helpers.py", line 252, in run
    return self.func(*args, **kwargs)
           ^^^^^^^^^^^^^^^^^^^^^^^^^^
  File "/home/airflow/.local/lib/python3.12/site-packages/airflow/models/baseoperator.py", line 424, in wrapper
    return func(self, *args, **kwargs)
           ^^^^^^^^^^^^^^^^^^^^^^^^^^^
  File "/home/airflow/.local/lib/python3.12/site-packages/airflow/operators/bash.py", line 276, in execute
    raise AirflowException(
airflow.exceptions.AirflowException: Bash command failed. The command returned a non-zero exit code 1.
[2026-04-14T08:01:33.827+0000] {taskinstance.py:1226} INFO - Marking task as FAILED. dag_id=layers_update, task_id=run_dbt, run_id=manual__2026-04-14T08:01:12.934809+00:00, execution_date=20260414T080112, start_date=20260414T080120, end_date=20260414T080133
[2026-04-14T08:01:33.875+0000] {taskinstance.py:341} INFO - ::group::Post task execution logs
[2026-04-14T08:01:33.876+0000] {standard_task_runner.py:124} ERROR - Failed to execute job 4 for task run_dbt (Bash command failed. The command returned a non-zero exit code 1.; 59)
Traceback (most recent call last):
  File "/home/airflow/.local/lib/python3.12/site-packages/airflow/task/task_runner/standard_task_runner.py", line 117, in _start_by_fork
    ret = args.func(args, dag=self.dag)
          ^^^^^^^^^^^^^^^^^^^^^^^^^^^^^
  File "/home/airflow/.local/lib/python3.12/site-packages/airflow/cli/cli_config.py", line 49, in command
    return func(*args, **kwargs)
           ^^^^^^^^^^^^^^^^^^^^^
  File "/home/airflow/.local/lib/python3.12/site-packages/airflow/utils/cli.py", line 116, in wrapper
    return f(*args, **kwargs)
           ^^^^^^^^^^^^^^^^^^
  File "/home/airflow/.local/lib/python3.12/site-packages/airflow/cli/commands/task_command.py", line 483, in task_run
    task_return_code = _run_task_by_selected_method(args, _dag, ti)
                       ^^^^^^^^^^^^^^^^^^^^^^^^^^^^^^^^^^^^^^^^^^^^
  File "/home/airflow/.local/lib/python3.12/site-packages/airflow/cli/commands/task_command.py", line 256, in _run_task_by_selected_method
    return _run_raw_task(args, ti)
           ^^^^^^^^^^^^^^^^^^^^^^^
  File "/home/airflow/.local/lib/python3.12/site-packages/airflow/cli/commands/task_command.py", line 341, in _run_raw_task
    return ti._run_raw_task(
           ^^^^^^^^^^^^^^^^^
  File "/home/airflow/.local/lib/python3.12/site-packages/airflow/utils/session.py", line 97, in wrapper
    return func(*args, session=session, **kwargs)
           ^^^^^^^^^^^^^^^^^^^^^^^^^^^^^^^^^^^^^^
  File "/home/airflow/.local/lib/python3.12/site-packages/airflow/models/taskinstance.py", line 3006, in _run_raw_task
    return _run_raw_task(
           ^^^^^^^^^^^^^^
  File "/home/airflow/.local/lib/python3.12/site-packages/airflow/models/taskinstance.py", line 274, in _run_raw_task
    TaskInstance._execute_task_with_callbacks(
  File "/home/airflow/.local/lib/python3.12/site-packages/airflow/models/taskinstance.py", line 3161, in _execute_task_with_callbacks
    result = self._execute_task(context, task_orig)
             ^^^^^^^^^^^^^^^^^^^^^^^^^^^^^^^^^^^^^^
  File "/home/airflow/.local/lib/python3.12/site-packages/airflow/models/taskinstance.py", line 3185, in _execute_task
    return _execute_task(self, context, task_orig)
           ^^^^^^^^^^^^^^^^^^^^^^^^^^^^^^^^^^^^^^^
  File "/home/airflow/.local/lib/python3.12/site-packages/airflow/models/taskinstance.py", line 768, in _execute_task
    result = _execute_callable(context=context, **execute_callable_kwargs)
             ^^^^^^^^^^^^^^^^^^^^^^^^^^^^^^^^^^^^^^^^^^^^^^^^^^^^^^^^^^^^^
  File "/home/airflow/.local/lib/python3.12/site-packages/airflow/models/taskinstance.py", line 734, in _execute_callable
    return ExecutionCallableRunner(
           ^^^^^^^^^^^^^^^^^^^^^^^^
  File "/home/airflow/.local/lib/python3.12/site-packages/airflow/utils/operator_helpers.py", line 252, in run
    return self.func(*args, **kwargs)
           ^^^^^^^^^^^^^^^^^^^^^^^^^^
  File "/home/airflow/.local/lib/python3.12/site-packages/airflow/models/baseoperator.py", line 424, in wrapper
    return func(self, *args, **kwargs)
           ^^^^^^^^^^^^^^^^^^^^^^^^^^^
  File "/home/airflow/.local/lib/python3.12/site-packages/airflow/operators/bash.py", line 276, in execute
    raise AirflowException(
airflow.exceptions.AirflowException: Bash command failed. The command returned a non-zero exit code 1.
[2026-04-14T08:01:33.903+0000] {local_task_job_runner.py:266} INFO - Task exited with return code 1
[2026-04-14T08:01:33.948+0000] {taskinstance.py:3901} INFO - 0 downstream tasks scheduled from follow-on schedule check
[2026-04-14T08:01:33.962+0000] {local_task_job_runner.py:245} INFO - ::endgroup::
