[2026-04-26T13:20:17.785+0000] {local_task_job_runner.py:123} INFO - ::group::Pre task execution logs
[2026-04-26T13:20:17.808+0000] {taskinstance.py:2614} INFO - Dependencies all met for dep_context=non-requeueable deps ti=<TaskInstance: layers_update.run_dbt manual__2026-04-26T13:20:10.124788+00:00 [queued]>
[2026-04-26T13:20:17.818+0000] {taskinstance.py:2614} INFO - Dependencies all met for dep_context=requeueable deps ti=<TaskInstance: layers_update.run_dbt manual__2026-04-26T13:20:10.124788+00:00 [queued]>
[2026-04-26T13:20:17.819+0000] {taskinstance.py:2867} INFO - Starting attempt 1 of 1
[2026-04-26T13:20:17.841+0000] {taskinstance.py:2890} INFO - Executing <Task(BashOperator): run_dbt> on 2026-04-26 13:20:10.124788+00:00
[2026-04-26T13:20:17.849+0000] {warnings.py:112} WARNING - /home/***/.local/lib/python3.12/site-packages/***/task/task_runner/standard_task_runner.py:70: DeprecationWarning: This process (pid=58) is multi-threaded, use of fork() may lead to deadlocks in the child.
  pid = os.fork()

[2026-04-26T13:20:17.852+0000] {standard_task_runner.py:72} INFO - Started process 59 to run task
[2026-04-26T13:20:17.853+0000] {standard_task_runner.py:104} INFO - Running: ['***', 'tasks', 'run', 'layers_update', 'run_dbt', 'manual__2026-04-26T13:20:10.124788+00:00', '--job-id', '4', '--raw', '--subdir', 'DAGS_FOLDER/layers_update.py', '--cfg-path', '/tmp/tmpfwl1_5ag']
[2026-04-26T13:20:17.855+0000] {standard_task_runner.py:105} INFO - Job 4: Subtask run_dbt
[2026-04-26T13:20:17.933+0000] {task_command.py:467} INFO - Running <TaskInstance: layers_update.run_dbt manual__2026-04-26T13:20:10.124788+00:00 [running]> on host c1a2924df607
[2026-04-26T13:20:18.039+0000] {taskinstance.py:3134} INFO - Exporting env vars: AIRFLOW_CTX_DAG_OWNER='***' AIRFLOW_CTX_DAG_ID='layers_update' AIRFLOW_CTX_TASK_ID='run_dbt' AIRFLOW_CTX_EXECUTION_DATE='2026-04-26T13:20:10.124788+00:00' AIRFLOW_CTX_TRY_NUMBER='1' AIRFLOW_CTX_DAG_RUN_ID='manual__2026-04-26T13:20:10.124788+00:00'
[2026-04-26T13:20:18.040+0000] {taskinstance.py:732} INFO - ::endgroup::
[2026-04-26T13:20:18.057+0000] {subprocess.py:78} INFO - Tmp dir root location: /tmp
[2026-04-26T13:20:18.058+0000] {subprocess.py:88} INFO - Running command: ['/usr/bin/bash', '-c', 'dbt run']
[2026-04-26T13:20:18.070+0000] {subprocess.py:99} INFO - Output:
[2026-04-26T13:20:26.362+0000] {subprocess.py:106} INFO - [0m13:20:26  Running with dbt=1.7.0
[2026-04-26T13:20:26.849+0000] {subprocess.py:106} INFO - [0m13:20:26  Registered adapter: clickhouse=1.7.0
[2026-04-26T13:20:28.720+0000] {subprocess.py:106} INFO - [0m13:20:28  [[33mWARNING[0m]: Configuration paths exist in your dbt_project.yml file which do not apply to any resources.
[2026-04-26T13:20:28.721+0000] {subprocess.py:106} INFO - There are 1 unused configuration paths:
[2026-04-26T13:20:28.721+0000] {subprocess.py:106} INFO - - models.clickhouse_etl.raw
[2026-04-26T13:20:28.758+0000] {subprocess.py:106} INFO - [0m13:20:28  Found 11 models, 15 tests, 4 sources, 0 exposures, 0 metrics, 538 macros, 0 groups, 0 semantic models
[2026-04-26T13:20:28.763+0000] {subprocess.py:106} INFO - [0m13:20:28
[2026-04-26T13:20:29.513+0000] {subprocess.py:106} INFO - [0m13:20:29  Concurrency: 1 threads (target='dev')
[2026-04-26T13:20:29.514+0000] {subprocess.py:106} INFO - [0m13:20:29
[2026-04-26T13:20:29.525+0000] {subprocess.py:106} INFO - [0m13:20:29  1 of 11 START sql incremental model `ods`.`browser_data` ....................... [RUN]
[2026-04-26T13:20:29.974+0000] {subprocess.py:106} INFO - [0m13:20:29  1 of 11 OK created sql incremental model `ods`.`browser_data` .................. [[32mOK[0m in 0.44s]
[2026-04-26T13:20:29.978+0000] {subprocess.py:106} INFO - [0m13:20:29  2 of 11 START sql incremental model `ods`.`device_data` ........................ [RUN]
[2026-04-26T13:20:30.220+0000] {subprocess.py:106} INFO - [0m13:20:30  2 of 11 OK created sql incremental model `ods`.`device_data` ................... [[32mOK[0m in 0.24s]
[2026-04-26T13:20:30.224+0000] {subprocess.py:106} INFO - [0m13:20:30  3 of 11 START sql incremental model `ods`.`geo_data` ........................... [RUN]
[2026-04-26T13:20:30.454+0000] {subprocess.py:106} INFO - [0m13:20:30  3 of 11 OK created sql incremental model `ods`.`geo_data` ...................... [[32mOK[0m in 0.23s]
[2026-04-26T13:20:30.457+0000] {subprocess.py:106} INFO - [0m13:20:30  4 of 11 START sql incremental model `ods`.`location_data` ...................... [RUN]
[2026-04-26T13:20:30.683+0000] {subprocess.py:106} INFO - [0m13:20:30  4 of 11 OK created sql incremental model `ods`.`location_data` ................. [[32mOK[0m in 0.22s]
[2026-04-26T13:20:30.690+0000] {subprocess.py:106} INFO - [0m13:20:30  5 of 11 START sql incremental model `dds`.`dim_browser` ........................ [RUN]
[2026-04-26T13:20:30.916+0000] {subprocess.py:106} INFO - [0m13:20:30  5 of 11 OK created sql incremental model `dds`.`dim_browser` ................... [[32mOK[0m in 0.22s]
[2026-04-26T13:20:30.927+0000] {subprocess.py:106} INFO - [0m13:20:30  6 of 11 START sql incremental model `dds`.`dim_device` ......................... [RUN]
[2026-04-26T13:20:31.164+0000] {subprocess.py:106} INFO - [0m13:20:31  6 of 11 OK created sql incremental model `dds`.`dim_device` .................... [[32mOK[0m in 0.23s]
[2026-04-26T13:20:31.168+0000] {subprocess.py:106} INFO - [0m13:20:31  7 of 11 START sql incremental model `dds`.`fct_click` .......................... [RUN]
[2026-04-26T13:20:31.416+0000] {subprocess.py:106} INFO - [0m13:20:31  7 of 11 OK created sql incremental model `dds`.`fct_click` ..................... [[32mOK[0m in 0.24s]
[2026-04-26T13:20:31.420+0000] {subprocess.py:106} INFO - [0m13:20:31  8 of 11 START sql incremental model `dds`.`dim_geo` ............................ [RUN]
[2026-04-26T13:20:31.710+0000] {subprocess.py:106} INFO - [0m13:20:31  8 of 11 OK created sql incremental model `dds`.`dim_geo` ....................... [[32mOK[0m in 0.29s]
[2026-04-26T13:20:31.714+0000] {subprocess.py:106} INFO - [0m13:20:31  9 of 11 START sql incremental model `dds`.`dim_location` ....................... [RUN]
[2026-04-26T13:20:32.106+0000] {subprocess.py:106} INFO - [0m13:20:32  9 of 11 OK created sql incremental model `dds`.`dim_location` .................. [[32mOK[0m in 0.39s]
[2026-04-26T13:20:32.114+0000] {subprocess.py:106} INFO - [0m13:20:32  10 of 11 START sql incremental model `dm`.`dashboard` .......................... [RUN]
[2026-04-26T13:20:32.350+0000] {subprocess.py:106} INFO - [0m13:20:32  10 of 11 OK created sql incremental model `dm`.`dashboard` ..................... [[32mOK[0m in 0.23s]
[2026-04-26T13:20:32.357+0000] {subprocess.py:106} INFO - [0m13:20:32  11 of 11 START sql view model `dm`.`dashboard_recent_data` ..................... [RUN]
[2026-04-26T13:20:32.432+0000] {subprocess.py:106} INFO - [0m13:20:32  11 of 11 OK created sql view model `dm`.`dashboard_recent_data` ................ [[32mOK[0m in 0.07s]
[2026-04-26T13:20:32.439+0000] {subprocess.py:106} INFO - [0m13:20:32
[2026-04-26T13:20:32.440+0000] {subprocess.py:106} INFO - [0m13:20:32  Finished running 10 incremental models, 1 view model in 0 hours 0 minutes and 3.67 seconds (3.67s).
[2026-04-26T13:20:32.468+0000] {subprocess.py:106} INFO - [0m13:20:32
[2026-04-26T13:20:32.470+0000] {subprocess.py:106} INFO - [0m13:20:32  [32mCompleted successfully[0m
[2026-04-26T13:20:32.472+0000] {subprocess.py:106} INFO - [0m13:20:32
[2026-04-26T13:20:32.473+0000] {subprocess.py:106} INFO - [0m13:20:32  Done. PASS=11 WARN=0 ERROR=0 SKIP=0 TOTAL=11
[2026-04-26T13:20:33.746+0000] {subprocess.py:110} INFO - Command exited with return code 0
[2026-04-26T13:20:33.783+0000] {taskinstance.py:341} INFO - ::group::Post task execution logs
[2026-04-26T13:20:33.786+0000] {taskinstance.py:353} INFO - Marking task as SUCCESS. dag_id=layers_update, task_id=run_dbt, run_id=manual__2026-04-26T13:20:10.124788+00:00, execution_date=20260426T132010, start_date=20260426T132017, end_date=20260426T132033
[2026-04-26T13:20:33.863+0000] {local_task_job_runner.py:266} INFO - Task exited with return code 0
[2026-04-26T13:20:33.898+0000] {taskinstance.py:3901} INFO - 1 downstream tasks scheduled from follow-on schedule check
[2026-04-26T13:20:33.904+0000] {local_task_job_runner.py:245} INFO - ::endgroup::
