[2026-04-12T15:03:29.761+0000] {local_task_job_runner.py:123} INFO - ::group::Pre task execution logs
[2026-04-12T15:03:29.787+0000] {taskinstance.py:2614} INFO - Dependencies all met for dep_context=non-requeueable deps ti=<TaskInstance: layers_update.run_dbt manual__2026-04-12T15:02:14.470574+00:00 [queued]>
[2026-04-12T15:03:29.799+0000] {taskinstance.py:2614} INFO - Dependencies all met for dep_context=requeueable deps ti=<TaskInstance: layers_update.run_dbt manual__2026-04-12T15:02:14.470574+00:00 [queued]>
[2026-04-12T15:03:29.800+0000] {taskinstance.py:2867} INFO - Starting attempt 1 of 1
[2026-04-12T15:03:29.822+0000] {taskinstance.py:2890} INFO - Executing <Task(BashOperator): run_dbt> on 2026-04-12 15:02:14.470574+00:00
[2026-04-12T15:03:29.832+0000] {warnings.py:112} WARNING - /home/***/.local/lib/python3.12/site-packages/***/task/task_runner/standard_task_runner.py:70: DeprecationWarning: This process (pid=69) is multi-threaded, use of fork() may lead to deadlocks in the child.
  pid = os.fork()

[2026-04-12T15:03:29.834+0000] {standard_task_runner.py:72} INFO - Started process 72 to run task
[2026-04-12T15:03:29.838+0000] {standard_task_runner.py:104} INFO - Running: ['***', 'tasks', 'run', 'layers_update', 'run_dbt', 'manual__2026-04-12T15:02:14.470574+00:00', '--job-id', '7', '--raw', '--subdir', 'DAGS_FOLDER/layers_update.py', '--cfg-path', '/tmp/tmp_v7dk6my']
[2026-04-12T15:03:29.844+0000] {standard_task_runner.py:105} INFO - Job 7: Subtask run_dbt
[2026-04-12T15:03:29.960+0000] {task_command.py:467} INFO - Running <TaskInstance: layers_update.run_dbt manual__2026-04-12T15:02:14.470574+00:00 [running]> on host e32bda0232dc
[2026-04-12T15:03:30.161+0000] {taskinstance.py:3134} INFO - Exporting env vars: AIRFLOW_CTX_DAG_OWNER='***' AIRFLOW_CTX_DAG_ID='layers_update' AIRFLOW_CTX_TASK_ID='run_dbt' AIRFLOW_CTX_EXECUTION_DATE='2026-04-12T15:02:14.470574+00:00' AIRFLOW_CTX_TRY_NUMBER='1' AIRFLOW_CTX_DAG_RUN_ID='manual__2026-04-12T15:02:14.470574+00:00'
[2026-04-12T15:03:30.170+0000] {taskinstance.py:732} INFO - ::endgroup::
[2026-04-12T15:03:30.205+0000] {subprocess.py:78} INFO - Tmp dir root location: /tmp
[2026-04-12T15:03:30.208+0000] {subprocess.py:88} INFO - Running command: ['/usr/bin/bash', '-c', 'dbt run']
[2026-04-12T15:03:30.227+0000] {subprocess.py:99} INFO - Output:
[2026-04-12T15:03:35.261+0000] {subprocess.py:106} INFO - [0m15:03:35  Running with dbt=1.7.0
[2026-04-12T15:03:35.687+0000] {subprocess.py:106} INFO - [0m15:03:35  Registered adapter: clickhouse=1.7.0
[2026-04-12T15:03:36.389+0000] {subprocess.py:106} INFO - [0m15:03:36  [[33mWARNING[0m]: Configuration paths exist in your dbt_project.yml file which do not apply to any resources.
[2026-04-12T15:03:36.391+0000] {subprocess.py:106} INFO - There are 1 unused configuration paths:
[2026-04-12T15:03:36.392+0000] {subprocess.py:106} INFO - - models.clickhouse_etl.raw
[2026-04-12T15:03:36.477+0000] {subprocess.py:106} INFO - [0m15:03:36  Found 12 models, 20 tests, 4 sources, 0 exposures, 0 metrics, 536 macros, 0 groups, 0 semantic models
[2026-04-12T15:03:36.487+0000] {subprocess.py:106} INFO - [0m15:03:36
[2026-04-12T15:03:37.521+0000] {subprocess.py:106} INFO - [0m15:03:37  Concurrency: 1 threads (target='dev')
[2026-04-12T15:03:37.522+0000] {subprocess.py:106} INFO - [0m15:03:37
[2026-04-12T15:03:37.539+0000] {subprocess.py:106} INFO - [0m15:03:37  1 of 12 START sql incremental model `ods_ods`.`browser_data` ................... [RUN]
[2026-04-12T15:03:37.664+0000] {subprocess.py:106} INFO - [0m15:03:37  1 of 12 ERROR creating sql incremental model `ods_ods`.`browser_data` .......... [[31mERROR[0m in 0.12s]
[2026-04-12T15:03:37.669+0000] {subprocess.py:106} INFO - [0m15:03:37  2 of 12 START sql incremental model `ods_ods`.`device_data` .................... [RUN]
[2026-04-12T15:03:37.709+0000] {subprocess.py:106} INFO - [0m15:03:37  2 of 12 ERROR creating sql incremental model `ods_ods`.`device_data` ........... [[31mERROR[0m in 0.04s]
[2026-04-12T15:03:37.713+0000] {subprocess.py:106} INFO - [0m15:03:37  3 of 12 START sql incremental model `ods_ods`.`geo_data` ....................... [RUN]
[2026-04-12T15:03:37.766+0000] {subprocess.py:106} INFO - [0m15:03:37  3 of 12 ERROR creating sql incremental model `ods_ods`.`geo_data` .............. [[31mERROR[0m in 0.05s]
[2026-04-12T15:03:37.770+0000] {subprocess.py:106} INFO - [0m15:03:37  4 of 12 START sql incremental model `ods_ods`.`location_data` .................. [RUN]
[2026-04-12T15:03:37.821+0000] {subprocess.py:106} INFO - [0m15:03:37  4 of 12 ERROR creating sql incremental model `ods_ods`.`location_data` ......... [[31mERROR[0m in 0.05s]
[2026-04-12T15:03:37.824+0000] {subprocess.py:106} INFO - [0m15:03:37  5 of 12 SKIP relation ods_dds.dds_browser ...................................... [[33mSKIP[0m]
[2026-04-12T15:03:37.827+0000] {subprocess.py:106} INFO - [0m15:03:37  6 of 12 SKIP relation ods_dds.dds_device ....................................... [[33mSKIP[0m]
[2026-04-12T15:03:37.831+0000] {subprocess.py:106} INFO - [0m15:03:37  7 of 12 SKIP relation ods_dds.dds_fct_click .................................... [[33mSKIP[0m]
[2026-04-12T15:03:37.835+0000] {subprocess.py:106} INFO - [0m15:03:37  8 of 12 SKIP relation ods_dds.dds_geo .......................................... [[33mSKIP[0m]
[2026-04-12T15:03:37.840+0000] {subprocess.py:106} INFO - [0m15:03:37  9 of 12 SKIP relation ods_dds.dds_location ..................................... [[33mSKIP[0m]
[2026-04-12T15:03:37.845+0000] {subprocess.py:106} INFO - [0m15:03:37  10 of 12 SKIP relation ods_dm.dm_geo_stat ...................................... [[33mSKIP[0m]
[2026-04-12T15:03:37.853+0000] {subprocess.py:106} INFO - [0m15:03:37  11 of 12 SKIP relation ods_dm.dm_daily_aggregates .............................. [[33mSKIP[0m]
[2026-04-12T15:03:37.856+0000] {subprocess.py:106} INFO - [0m15:03:37  12 of 12 SKIP relation ods_dm.dm_popular_sources ............................... [[33mSKIP[0m]
[2026-04-12T15:03:37.865+0000] {subprocess.py:106} INFO - [0m15:03:37
[2026-04-12T15:03:37.866+0000] {subprocess.py:106} INFO - [0m15:03:37  Finished running 10 incremental models, 2 view models in 0 hours 0 minutes and 1.38 seconds (1.38s).
[2026-04-12T15:03:37.907+0000] {subprocess.py:106} INFO - [0m15:03:37
[2026-04-12T15:03:37.908+0000] {subprocess.py:106} INFO - [0m15:03:37  [31mCompleted with 4 errors and 0 warnings:[0m
[2026-04-12T15:03:37.909+0000] {subprocess.py:106} INFO - [0m15:03:37
[2026-04-12T15:03:37.910+0000] {subprocess.py:106} INFO - [0m15:03:37    Database Error in model ods_browser (models/ods/ods_browser.sql)
[2026-04-12T15:03:37.911+0000] {subprocess.py:106} INFO -   Code: 60.
[2026-04-12T15:03:37.912+0000] {subprocess.py:106} INFO -   DB::Exception: Table log.ETL_LOG does not exist. Maybe you meant system.text_log?. Stack trace:
[2026-04-12T15:03:37.913+0000] {subprocess.py:106} INFO - 
[2026-04-12T15:03:37.914+0000] {subprocess.py:106} INFO -   0. DB::Exception::Exception(DB::Exception::MessageMasked&&, int, bool) @ 0x00000000166dc66a
[2026-04-12T15:03:37.915+0000] {subprocess.py:106} INFO -   1. DB::Exception::Exception(String&&, int, String, bool) @ 0x000000000e55bf0e
[2026-04-12T15:03:37.916+0000] {subprocess.py:106} INFO -   2. DB::Exception::Exception(PreformattedMessage&&, int) @ 0x000000000e55b849
[2026-04-12T15:03:37.916+0000] {subprocess.py:106} INFO -   3. DB::Exception::Exception<String, String, String, String>(int, FormatStringHelperImpl<std::type_identity<String>::type, std::type_identity<String>::type, std::type_identity<String>::type, std::type_identity<String>::type>, String&&, String&&, String&&, String&&) @ 0x000000000e66f9f6
[2026-04-12T15:03:37.917+0000] {subprocess.py:106} INFO -   4. DB::IDatabase::getTable(String const&, std::shared_ptr<DB::Context const>) const @ 0x000000001a7368bd
[2026-04-12T15:03:37.917+0000] {subprocess.py:106} INFO -   5. DB::DatabaseCatalog::getTableImpl(DB::StorageID const&, std::shared_ptr<DB::Context const>, std::optional<DB::Exception>*) const @ 0x000000001b474992
[2026-04-12T15:03:37.918+0000] {subprocess.py:106} INFO -   6. std::pair<std::shared_ptr<DB::IDatabase>, std::shared_ptr<DB::IStorage>> std::__function::__policy_func<std::pair<std::shared_ptr<DB::IDatabase>, std::shared_ptr<DB::IStorage>> ()>::__call_func[abi:fe210105]<DB::DatabaseCatalog::getTable(DB::StorageID const&, std::shared_ptr<DB::Context const>) const::$_0>(std::__function::__policy_storage const*) @ 0x000000001b497eef
[2026-04-12T15:03:37.920+0000] {subprocess.py:106} INFO -   7. DB::Context::getOrCacheStorage(DB::StorageID const&, std::function<std::pair<std::shared_ptr<DB::IDatabase>, std::shared_ptr<DB::IStorage>> ()>, std::optional<DB::Exception>*) const @ 0x000000001b31690e
[2026-04-12T15:03:37.922+0000] {subprocess.py:106} INFO -   8. DB::DatabaseCatalog::getTable(DB::StorageID const&, std::shared_ptr<DB::Context const>) const @ 0x000000001b47d0fc
[2026-04-12T15:03:37.924+0000] {subprocess.py:106} INFO -   9. DB::InterpreterInsertQuery::getTable(DB::ASTInsertQuery&) @ 0x000000001b63bbe3
[2026-04-12T15:03:37.926+0000] {subprocess.py:106} INFO -   10. DB::AsynchronousInsertQueue::preprocessInsertQuery(boost::intrusive_ptr<DB::IAST> const&, std::shared_ptr<DB::Context const> const&) @ 0x000000001b298b7a
[2026-04-12T15:03:37.932+0000] {subprocess.py:106} INFO -   11. DB::AsynchronousInsertQueue::pushQueryWithInlinedData(boost::intrusive_ptr<DB::IAST>, std::shared_ptr<DB::Context const>) @ 0x000000001b299634
[2026-04-12T15:03:37.933+0000] {subprocess.py:106} INFO -   12. DB::executeQueryImpl(char const*, char const*, std::shared_ptr<DB::Context>, DB::QueryFlags, DB::QueryProcessingStage::Enum, std::unique_ptr<DB::ReadBuffer, std::default_delete<DB::ReadBuffer>>&, boost::intrusive_ptr<DB::IAST>&, std::shared_ptr<DB::ImplicitTransactionControlExecutor>, std::function<void ()>, DB::QueryResultDetails&) @ 0x000000001ba8e019
[2026-04-12T15:03:37.934+0000] {subprocess.py:106} INFO -   13. DB::executeQuery(String const&, std::shared_ptr<DB::Context>, DB::QueryFlags, DB::QueryProcessingStage::Enum) @ 0x000000001ba891c2
[2026-04-12T15:03:37.935+0000] {subprocess.py:106} INFO -   14. DB::TCPHandler::runImpl() @ 0x000000001d21a30d
[2026-04-12T15:03:37.935+0000] {subprocess.py:106} INFO -   15. DB::TCPHandler::run() @ 0x000000001d23cb24
[2026-04-12T15:03:37.936+0000] {subprocess.py:106} INFO -   16. Poco::Net::TCPServerConnection::start() @ 0x0000000022789647
[2026-04-12T15:03:37.937+0000] {subprocess.py:106} INFO -   17. Poco::Net::TCPServerDispatcher::run() @ 0x0000000022789bc2
[2026-04-12T15:03:37.939+0000] {subprocess.py:106} INFO -   18. Poco::PooledThread::run() @ 0x0000000022748345
[2026-04-12T15:03:37.943+0000] {subprocess.py:106} INFO -   19. Poco::ThreadImpl::runnableEntry(void*) @ 0x00000000227468cf
[2026-04-12T15:03:37.944+0000] {subprocess.py:106} INFO -   20. ? @ 0x0000000000094ac3
[2026-04-12T15:03:37.945+0000] {subprocess.py:106} INFO -   21. __clone @ 0x0000000000125a84
[2026-04-12T15:03:37.947+0000] {subprocess.py:106} INFO - [0m15:03:37
[2026-04-12T15:03:37.947+0000] {subprocess.py:106} INFO - [0m15:03:37    Database Error in model ods_device (models/ods/ods_device.sql)
[2026-04-12T15:03:37.948+0000] {subprocess.py:106} INFO -   Code: 60.
[2026-04-12T15:03:37.949+0000] {subprocess.py:106} INFO -   DB::Exception: Table log.ETL_LOG does not exist. Maybe you meant system.text_log?. Stack trace:
[2026-04-12T15:03:37.950+0000] {subprocess.py:106} INFO - 
[2026-04-12T15:03:37.950+0000] {subprocess.py:106} INFO -   0. DB::Exception::Exception(DB::Exception::MessageMasked&&, int, bool) @ 0x00000000166dc66a
[2026-04-12T15:03:37.951+0000] {subprocess.py:106} INFO -   1. DB::Exception::Exception(String&&, int, String, bool) @ 0x000000000e55bf0e
[2026-04-12T15:03:37.951+0000] {subprocess.py:106} INFO -   2. DB::Exception::Exception(PreformattedMessage&&, int) @ 0x000000000e55b849
[2026-04-12T15:03:37.952+0000] {subprocess.py:106} INFO -   3. DB::Exception::Exception<String, String, String, String>(int, FormatStringHelperImpl<std::type_identity<String>::type, std::type_identity<String>::type, std::type_identity<String>::type, std::type_identity<String>::type>, String&&, String&&, String&&, String&&) @ 0x000000000e66f9f6
[2026-04-12T15:03:37.953+0000] {subprocess.py:106} INFO -   4. DB::IDatabase::getTable(String const&, std::shared_ptr<DB::Context const>) const @ 0x000000001a7368bd
[2026-04-12T15:03:37.954+0000] {subprocess.py:106} INFO -   5. DB::DatabaseCatalog::getTableImpl(DB::StorageID const&, std::shared_ptr<DB::Context const>, std::optional<DB::Exception>*) const @ 0x000000001b474992
[2026-04-12T15:03:37.955+0000] {subprocess.py:106} INFO -   6. std::pair<std::shared_ptr<DB::IDatabase>, std::shared_ptr<DB::IStorage>> std::__function::__policy_func<std::pair<std::shared_ptr<DB::IDatabase>, std::shared_ptr<DB::IStorage>> ()>::__call_func[abi:fe210105]<DB::DatabaseCatalog::getTable(DB::StorageID const&, std::shared_ptr<DB::Context const>) const::$_0>(std::__function::__policy_storage const*) @ 0x000000001b497eef
[2026-04-12T15:03:37.956+0000] {subprocess.py:106} INFO -   7. DB::Context::getOrCacheStorage(DB::StorageID const&, std::function<std::pair<std::shared_ptr<DB::IDatabase>, std::shared_ptr<DB::IStorage>> ()>, std::optional<DB::Exception>*) const @ 0x000000001b31690e
[2026-04-12T15:03:37.957+0000] {subprocess.py:106} INFO -   8. DB::DatabaseCatalog::getTable(DB::StorageID const&, std::shared_ptr<DB::Context const>) const @ 0x000000001b47d0fc
[2026-04-12T15:03:37.961+0000] {subprocess.py:106} INFO -   9. DB::InterpreterInsertQuery::getTable(DB::ASTInsertQuery&) @ 0x000000001b63bbe3
[2026-04-12T15:03:37.962+0000] {subprocess.py:106} INFO -   10. DB::AsynchronousInsertQueue::preprocessInsertQuery(boost::intrusive_ptr<DB::IAST> const&, std::shared_ptr<DB::Context const> const&) @ 0x000000001b298b7a
[2026-04-12T15:03:37.963+0000] {subprocess.py:106} INFO -   11. DB::AsynchronousInsertQueue::pushQueryWithInlinedData(boost::intrusive_ptr<DB::IAST>, std::shared_ptr<DB::Context const>) @ 0x000000001b299634
[2026-04-12T15:03:37.964+0000] {subprocess.py:106} INFO -   12. DB::executeQueryImpl(char const*, char const*, std::shared_ptr<DB::Context>, DB::QueryFlags, DB::QueryProcessingStage::Enum, std::unique_ptr<DB::ReadBuffer, std::default_delete<DB::ReadBuffer>>&, boost::intrusive_ptr<DB::IAST>&, std::shared_ptr<DB::ImplicitTransactionControlExecutor>, std::function<void ()>, DB::QueryResultDetails&) @ 0x000000001ba8e019
[2026-04-12T15:03:37.965+0000] {subprocess.py:106} INFO -   13. DB::executeQuery(String const&, std::shared_ptr<DB::Context>, DB::QueryFlags, DB::QueryProcessingStage::Enum) @ 0x000000001ba891c2
[2026-04-12T15:03:37.966+0000] {subprocess.py:106} INFO -   14. DB::TCPHandler::runImpl() @ 0x000000001d21a30d
[2026-04-12T15:03:37.967+0000] {subprocess.py:106} INFO -   15. DB::TCPHandler::run() @ 0x000000001d23cb24
[2026-04-12T15:03:37.967+0000] {subprocess.py:106} INFO -   16. Poco::Net::TCPServerConnection::start() @ 0x0000000022789647
[2026-04-12T15:03:37.968+0000] {subprocess.py:106} INFO -   17. Poco::Net::TCPServerDispatcher::run() @ 0x0000000022789bc2
[2026-04-12T15:03:37.968+0000] {subprocess.py:106} INFO -   18. Poco::PooledThread::run() @ 0x0000000022748345
[2026-04-12T15:03:37.969+0000] {subprocess.py:106} INFO -   19. Poco::ThreadImpl::runnableEntry(void*) @ 0x00000000227468cf
[2026-04-12T15:03:37.970+0000] {subprocess.py:106} INFO -   20. ? @ 0x0000000000094ac3
[2026-04-12T15:03:37.971+0000] {subprocess.py:106} INFO -   21. __clone @ 0x0000000000125a84
[2026-04-12T15:03:37.971+0000] {subprocess.py:106} INFO - [0m15:03:37
[2026-04-12T15:03:37.972+0000] {subprocess.py:106} INFO - [0m15:03:37    Database Error in model ods_geo (models/ods/ods_geo.sql)
[2026-04-12T15:03:37.972+0000] {subprocess.py:106} INFO -   Code: 60.
[2026-04-12T15:03:37.973+0000] {subprocess.py:106} INFO -   DB::Exception: Table log.ETL_LOG does not exist. Maybe you meant system.text_log?. Stack trace:
[2026-04-12T15:03:37.974+0000] {subprocess.py:106} INFO - 
[2026-04-12T15:03:37.975+0000] {subprocess.py:106} INFO -   0. DB::Exception::Exception(DB::Exception::MessageMasked&&, int, bool) @ 0x00000000166dc66a
[2026-04-12T15:03:37.979+0000] {subprocess.py:106} INFO -   1. DB::Exception::Exception(String&&, int, String, bool) @ 0x000000000e55bf0e
[2026-04-12T15:03:37.980+0000] {subprocess.py:106} INFO -   2. DB::Exception::Exception(PreformattedMessage&&, int) @ 0x000000000e55b849
[2026-04-12T15:03:37.982+0000] {subprocess.py:106} INFO -   3. DB::Exception::Exception<String, String, String, String>(int, FormatStringHelperImpl<std::type_identity<String>::type, std::type_identity<String>::type, std::type_identity<String>::type, std::type_identity<String>::type>, String&&, String&&, String&&, String&&) @ 0x000000000e66f9f6
[2026-04-12T15:03:37.984+0000] {subprocess.py:106} INFO -   4. DB::IDatabase::getTable(String const&, std::shared_ptr<DB::Context const>) const @ 0x000000001a7368bd
[2026-04-12T15:03:37.985+0000] {subprocess.py:106} INFO -   5. DB::DatabaseCatalog::getTableImpl(DB::StorageID const&, std::shared_ptr<DB::Context const>, std::optional<DB::Exception>*) const @ 0x000000001b474992
[2026-04-12T15:03:37.985+0000] {subprocess.py:106} INFO -   6. std::pair<std::shared_ptr<DB::IDatabase>, std::shared_ptr<DB::IStorage>> std::__function::__policy_func<std::pair<std::shared_ptr<DB::IDatabase>, std::shared_ptr<DB::IStorage>> ()>::__call_func[abi:fe210105]<DB::DatabaseCatalog::getTable(DB::StorageID const&, std::shared_ptr<DB::Context const>) const::$_0>(std::__function::__policy_storage const*) @ 0x000000001b497eef
[2026-04-12T15:03:37.986+0000] {subprocess.py:106} INFO -   7. DB::Context::getOrCacheStorage(DB::StorageID const&, std::function<std::pair<std::shared_ptr<DB::IDatabase>, std::shared_ptr<DB::IStorage>> ()>, std::optional<DB::Exception>*) const @ 0x000000001b31690e
[2026-04-12T15:03:37.986+0000] {subprocess.py:106} INFO -   8. DB::DatabaseCatalog::getTable(DB::StorageID const&, std::shared_ptr<DB::Context const>) const @ 0x000000001b47d0fc
[2026-04-12T15:03:37.987+0000] {subprocess.py:106} INFO -   9. DB::InterpreterInsertQuery::getTable(DB::ASTInsertQuery&) @ 0x000000001b63bbe3
[2026-04-12T15:03:37.988+0000] {subprocess.py:106} INFO -   10. DB::AsynchronousInsertQueue::preprocessInsertQuery(boost::intrusive_ptr<DB::IAST> const&, std::shared_ptr<DB::Context const> const&) @ 0x000000001b298b7a
[2026-04-12T15:03:37.989+0000] {subprocess.py:106} INFO -   11. DB::AsynchronousInsertQueue::pushQueryWithInlinedData(boost::intrusive_ptr<DB::IAST>, std::shared_ptr<DB::Context const>) @ 0x000000001b299634
[2026-04-12T15:03:37.990+0000] {subprocess.py:106} INFO -   12. DB::executeQueryImpl(char const*, char const*, std::shared_ptr<DB::Context>, DB::QueryFlags, DB::QueryProcessingStage::Enum, std::unique_ptr<DB::ReadBuffer, std::default_delete<DB::ReadBuffer>>&, boost::intrusive_ptr<DB::IAST>&, std::shared_ptr<DB::ImplicitTransactionControlExecutor>, std::function<void ()>, DB::QueryResultDetails&) @ 0x000000001ba8e019
[2026-04-12T15:03:37.992+0000] {subprocess.py:106} INFO -   13. DB::executeQuery(String const&, std::shared_ptr<DB::Context>, DB::QueryFlags, DB::QueryProcessingStage::Enum) @ 0x000000001ba891c2
[2026-04-12T15:03:37.995+0000] {subprocess.py:106} INFO -   14. DB::TCPHandler::runImpl() @ 0x000000001d21a30d
[2026-04-12T15:03:37.996+0000] {subprocess.py:106} INFO -   15. DB::TCPHandler::run() @ 0x000000001d23cb24
[2026-04-12T15:03:37.997+0000] {subprocess.py:106} INFO -   16. Poco::Net::TCPServerConnection::start() @ 0x0000000022789647
[2026-04-12T15:03:37.998+0000] {subprocess.py:106} INFO -   17. Poco::Net::TCPServerDispatcher::run() @ 0x0000000022789bc2
[2026-04-12T15:03:37.998+0000] {subprocess.py:106} INFO -   18. Poco::PooledThread::run() @ 0x0000000022748345
[2026-04-12T15:03:37.999+0000] {subprocess.py:106} INFO -   19. Poco::ThreadImpl::runnableEntry(void*) @ 0x00000000227468cf
[2026-04-12T15:03:37.999+0000] {subprocess.py:106} INFO -   20. ? @ 0x0000000000094ac3
[2026-04-12T15:03:38.003+0000] {subprocess.py:106} INFO -   21. __clone @ 0x0000000000125a84
[2026-04-12T15:03:38.004+0000] {subprocess.py:106} INFO - [0m15:03:37
[2026-04-12T15:03:38.005+0000] {subprocess.py:106} INFO - [0m15:03:37    Database Error in model ods_location (models/ods/ods_location.sql)
[2026-04-12T15:03:38.006+0000] {subprocess.py:106} INFO -   Code: 60.
[2026-04-12T15:03:38.006+0000] {subprocess.py:106} INFO -   DB::Exception: Table log.ETL_LOG does not exist. Maybe you meant system.text_log?. Stack trace:
[2026-04-12T15:03:38.007+0000] {subprocess.py:106} INFO - 
[2026-04-12T15:03:38.008+0000] {subprocess.py:106} INFO -   0. DB::Exception::Exception(DB::Exception::MessageMasked&&, int, bool) @ 0x00000000166dc66a
[2026-04-12T15:03:38.008+0000] {subprocess.py:106} INFO -   1. DB::Exception::Exception(String&&, int, String, bool) @ 0x000000000e55bf0e
[2026-04-12T15:03:38.009+0000] {subprocess.py:106} INFO -   2. DB::Exception::Exception(PreformattedMessage&&, int) @ 0x000000000e55b849
[2026-04-12T15:03:38.010+0000] {subprocess.py:106} INFO -   3. DB::Exception::Exception<String, String, String, String>(int, FormatStringHelperImpl<std::type_identity<String>::type, std::type_identity<String>::type, std::type_identity<String>::type, std::type_identity<String>::type>, String&&, String&&, String&&, String&&) @ 0x000000000e66f9f6
[2026-04-12T15:03:38.010+0000] {subprocess.py:106} INFO -   4. DB::IDatabase::getTable(String const&, std::shared_ptr<DB::Context const>) const @ 0x000000001a7368bd
[2026-04-12T15:03:38.011+0000] {subprocess.py:106} INFO -   5. DB::DatabaseCatalog::getTableImpl(DB::StorageID const&, std::shared_ptr<DB::Context const>, std::optional<DB::Exception>*) const @ 0x000000001b474992
[2026-04-12T15:03:38.012+0000] {subprocess.py:106} INFO -   6. std::pair<std::shared_ptr<DB::IDatabase>, std::shared_ptr<DB::IStorage>> std::__function::__policy_func<std::pair<std::shared_ptr<DB::IDatabase>, std::shared_ptr<DB::IStorage>> ()>::__call_func[abi:fe210105]<DB::DatabaseCatalog::getTable(DB::StorageID const&, std::shared_ptr<DB::Context const>) const::$_0>(std::__function::__policy_storage const*) @ 0x000000001b497eef
[2026-04-12T15:03:38.014+0000] {subprocess.py:106} INFO -   7. DB::Context::getOrCacheStorage(DB::StorageID const&, std::function<std::pair<std::shared_ptr<DB::IDatabase>, std::shared_ptr<DB::IStorage>> ()>, std::optional<DB::Exception>*) const @ 0x000000001b31690e
[2026-04-12T15:03:38.020+0000] {subprocess.py:106} INFO -   8. DB::DatabaseCatalog::getTable(DB::StorageID const&, std::shared_ptr<DB::Context const>) const @ 0x000000001b47d0fc
[2026-04-12T15:03:38.025+0000] {subprocess.py:106} INFO -   9. DB::InterpreterInsertQuery::getTable(DB::ASTInsertQuery&) @ 0x000000001b63bbe3
[2026-04-12T15:03:38.026+0000] {subprocess.py:106} INFO -   10. DB::AsynchronousInsertQueue::preprocessInsertQuery(boost::intrusive_ptr<DB::IAST> const&, std::shared_ptr<DB::Context const> const&) @ 0x000000001b298b7a
[2026-04-12T15:03:38.028+0000] {subprocess.py:106} INFO -   11. DB::AsynchronousInsertQueue::pushQueryWithInlinedData(boost::intrusive_ptr<DB::IAST>, std::shared_ptr<DB::Context const>) @ 0x000000001b299634
[2026-04-12T15:03:38.029+0000] {subprocess.py:106} INFO -   12. DB::executeQueryImpl(char const*, char const*, std::shared_ptr<DB::Context>, DB::QueryFlags, DB::QueryProcessingStage::Enum, std::unique_ptr<DB::ReadBuffer, std::default_delete<DB::ReadBuffer>>&, boost::intrusive_ptr<DB::IAST>&, std::shared_ptr<DB::ImplicitTransactionControlExecutor>, std::function<void ()>, DB::QueryResultDetails&) @ 0x000000001ba8e019
[2026-04-12T15:03:38.031+0000] {subprocess.py:106} INFO -   13. DB::executeQuery(String const&, std::shared_ptr<DB::Context>, DB::QueryFlags, DB::QueryProcessingStage::Enum) @ 0x000000001ba891c2
[2026-04-12T15:03:38.031+0000] {subprocess.py:106} INFO -   14. DB::TCPHandler::runImpl() @ 0x000000001d21a30d
[2026-04-12T15:03:38.032+0000] {subprocess.py:106} INFO -   15. DB::TCPHandler::run() @ 0x000000001d23cb24
[2026-04-12T15:03:38.033+0000] {subprocess.py:106} INFO -   16. Poco::Net::TCPServerConnection::start() @ 0x0000000022789647
[2026-04-12T15:03:38.033+0000] {subprocess.py:106} INFO -   17. Poco::Net::TCPServerDispatcher::run() @ 0x0000000022789bc2
[2026-04-12T15:03:38.034+0000] {subprocess.py:106} INFO -   18. Poco::PooledThread::run() @ 0x0000000022748345
[2026-04-12T15:03:38.035+0000] {subprocess.py:106} INFO -   19. Poco::ThreadImpl::runnableEntry(void*) @ 0x00000000227468cf
[2026-04-12T15:03:38.036+0000] {subprocess.py:106} INFO -   20. ? @ 0x0000000000094ac3
[2026-04-12T15:03:38.036+0000] {subprocess.py:106} INFO -   21. __clone @ 0x0000000000125a84
[2026-04-12T15:03:38.037+0000] {subprocess.py:106} INFO - [0m15:03:37
[2026-04-12T15:03:38.038+0000] {subprocess.py:106} INFO - [0m15:03:37  Done. PASS=0 WARN=0 ERROR=4 SKIP=8 TOTAL=12
[2026-04-12T15:03:39.009+0000] {subprocess.py:110} INFO - Command exited with return code 1
[2026-04-12T15:03:39.025+0000] {taskinstance.py:3313} ERROR - Task failed with exception
Traceback (most recent call last):
  File "/home/airflow/.local/lib/python3.12/site-packages/airflow/models/taskinstance.py", line 768, in _execute_task
    result = _execute_callable(context=context, **execute_callable_kwargs)
             ^^^^^^^^^^^^^^^^^^^^^^^^^^^^^^^^^^^^^^^^^^^^^^^^^^^^^^^^^^^^^
  File "/home/airflow/.local/lib/python3.12/site-packages/airflow/models/taskinstance.py", line 734, in _execute_callable
    return ExecutionCallableRunner(
           ^^^^^^^^^^^^^^^^^^^^^^^^
  File "/home/airflow/.local/lib/python3.12/site-packages/airflow/utils/operator_helpers.py", line 252, in run
    return self.func(*args, **kwargs)
           ^^^^^^^^^^^^^^^^^^^^^^^^^^
  File "/home/airflow/.local/lib/python3.12/site-packages/airflow/models/baseoperator.py", line 424, in wrapper
    return func(self, *args, **kwargs)
           ^^^^^^^^^^^^^^^^^^^^^^^^^^^
  File "/home/airflow/.local/lib/python3.12/site-packages/airflow/operators/bash.py", line 276, in execute
    raise AirflowException(
airflow.exceptions.AirflowException: Bash command failed. The command returned a non-zero exit code 1.
[2026-04-12T15:03:39.036+0000] {taskinstance.py:1226} INFO - Marking task as FAILED. dag_id=layers_update, task_id=run_dbt, run_id=manual__2026-04-12T15:02:14.470574+00:00, execution_date=20260412T150214, start_date=20260412T150329, end_date=20260412T150339
[2026-04-12T15:03:39.088+0000] {taskinstance.py:341} INFO - ::group::Post task execution logs
[2026-04-12T15:03:39.089+0000] {standard_task_runner.py:124} ERROR - Failed to execute job 7 for task run_dbt (Bash command failed. The command returned a non-zero exit code 1.; 72)
Traceback (most recent call last):
  File "/home/airflow/.local/lib/python3.12/site-packages/airflow/task/task_runner/standard_task_runner.py", line 117, in _start_by_fork
    ret = args.func(args, dag=self.dag)
          ^^^^^^^^^^^^^^^^^^^^^^^^^^^^^
  File "/home/airflow/.local/lib/python3.12/site-packages/airflow/cli/cli_config.py", line 49, in command
    return func(*args, **kwargs)
           ^^^^^^^^^^^^^^^^^^^^^
  File "/home/airflow/.local/lib/python3.12/site-packages/airflow/utils/cli.py", line 116, in wrapper
    return f(*args, **kwargs)
           ^^^^^^^^^^^^^^^^^^
  File "/home/airflow/.local/lib/python3.12/site-packages/airflow/cli/commands/task_command.py", line 483, in task_run
    task_return_code = _run_task_by_selected_method(args, _dag, ti)
                       ^^^^^^^^^^^^^^^^^^^^^^^^^^^^^^^^^^^^^^^^^^^^
  File "/home/airflow/.local/lib/python3.12/site-packages/airflow/cli/commands/task_command.py", line 256, in _run_task_by_selected_method
    return _run_raw_task(args, ti)
           ^^^^^^^^^^^^^^^^^^^^^^^
  File "/home/airflow/.local/lib/python3.12/site-packages/airflow/cli/commands/task_command.py", line 341, in _run_raw_task
    return ti._run_raw_task(
           ^^^^^^^^^^^^^^^^^
  File "/home/airflow/.local/lib/python3.12/site-packages/airflow/utils/session.py", line 97, in wrapper
    return func(*args, session=session, **kwargs)
           ^^^^^^^^^^^^^^^^^^^^^^^^^^^^^^^^^^^^^^
  File "/home/airflow/.local/lib/python3.12/site-packages/airflow/models/taskinstance.py", line 3006, in _run_raw_task
    return _run_raw_task(
           ^^^^^^^^^^^^^^
  File "/home/airflow/.local/lib/python3.12/site-packages/airflow/models/taskinstance.py", line 274, in _run_raw_task
    TaskInstance._execute_task_with_callbacks(
  File "/home/airflow/.local/lib/python3.12/site-packages/airflow/models/taskinstance.py", line 3161, in _execute_task_with_callbacks
    result = self._execute_task(context, task_orig)
             ^^^^^^^^^^^^^^^^^^^^^^^^^^^^^^^^^^^^^^
  File "/home/airflow/.local/lib/python3.12/site-packages/airflow/models/taskinstance.py", line 3185, in _execute_task
    return _execute_task(self, context, task_orig)
           ^^^^^^^^^^^^^^^^^^^^^^^^^^^^^^^^^^^^^^^
  File "/home/airflow/.local/lib/python3.12/site-packages/airflow/models/taskinstance.py", line 768, in _execute_task
    result = _execute_callable(context=context, **execute_callable_kwargs)
             ^^^^^^^^^^^^^^^^^^^^^^^^^^^^^^^^^^^^^^^^^^^^^^^^^^^^^^^^^^^^^
  File "/home/airflow/.local/lib/python3.12/site-packages/airflow/models/taskinstance.py", line 734, in _execute_callable
    return ExecutionCallableRunner(
           ^^^^^^^^^^^^^^^^^^^^^^^^
  File "/home/airflow/.local/lib/python3.12/site-packages/airflow/utils/operator_helpers.py", line 252, in run
    return self.func(*args, **kwargs)
           ^^^^^^^^^^^^^^^^^^^^^^^^^^
  File "/home/airflow/.local/lib/python3.12/site-packages/airflow/models/baseoperator.py", line 424, in wrapper
    return func(self, *args, **kwargs)
           ^^^^^^^^^^^^^^^^^^^^^^^^^^^
  File "/home/airflow/.local/lib/python3.12/site-packages/airflow/operators/bash.py", line 276, in execute
    raise AirflowException(
airflow.exceptions.AirflowException: Bash command failed. The command returned a non-zero exit code 1.
[2026-04-12T15:03:39.153+0000] {local_task_job_runner.py:266} INFO - Task exited with return code 1
[2026-04-12T15:03:39.187+0000] {taskinstance.py:3901} INFO - 0 downstream tasks scheduled from follow-on schedule check
[2026-04-12T15:03:39.194+0000] {local_task_job_runner.py:245} INFO - ::endgroup::
