[2026-04-15T08:07:45.813+0000] {local_task_job_runner.py:123} INFO - ::group::Pre task execution logs
[2026-04-15T08:07:45.838+0000] {taskinstance.py:2614} INFO - Dependencies all met for dep_context=non-requeueable deps ti=<TaskInstance: kafka_producer.send_jsonl_to_kafka scheduled__2026-04-13T18:30:00+00:00 [queued]>
[2026-04-15T08:07:45.850+0000] {taskinstance.py:2614} INFO - Dependencies all met for dep_context=requeueable deps ti=<TaskInstance: kafka_producer.send_jsonl_to_kafka scheduled__2026-04-13T18:30:00+00:00 [queued]>
[2026-04-15T08:07:45.851+0000] {taskinstance.py:2867} INFO - Starting attempt 1 of 1
[2026-04-15T08:07:45.871+0000] {taskinstance.py:2890} INFO - Executing <Task(PythonOperator): send_jsonl_to_kafka> on 2026-04-13 18:30:00+00:00
[2026-04-15T08:07:45.882+0000] {warnings.py:112} WARNING - /home/***/.local/lib/python3.12/site-packages/***/task/task_runner/standard_task_runner.py:70: DeprecationWarning: This process (pid=49) is multi-threaded, use of fork() may lead to deadlocks in the child.
  pid = os.fork()

[2026-04-15T08:07:45.885+0000] {standard_task_runner.py:104} INFO - Running: ['***', 'tasks', 'run', 'kafka_producer', 'send_jsonl_to_kafka', 'scheduled__2026-04-13T18:30:00+00:00', '--job-id', '2', '--raw', '--subdir', 'DAGS_FOLDER/kafka_load.py', '--cfg-path', '/tmp/tmpvu4sioyi']
[2026-04-15T08:07:45.886+0000] {standard_task_runner.py:72} INFO - Started process 50 to run task
[2026-04-15T08:07:45.887+0000] {standard_task_runner.py:105} INFO - Job 2: Subtask send_jsonl_to_kafka
[2026-04-15T08:07:45.965+0000] {task_command.py:467} INFO - Running <TaskInstance: kafka_producer.send_jsonl_to_kafka scheduled__2026-04-13T18:30:00+00:00 [running]> on host 60f516562606
[2026-04-15T08:07:46.105+0000] {taskinstance.py:3134} INFO - Exporting env vars: AIRFLOW_CTX_DAG_OWNER='***' AIRFLOW_CTX_DAG_ID='kafka_producer' AIRFLOW_CTX_TASK_ID='send_jsonl_to_kafka' AIRFLOW_CTX_EXECUTION_DATE='2026-04-13T18:30:00+00:00' AIRFLOW_CTX_TRY_NUMBER='1' AIRFLOW_CTX_DAG_RUN_ID='scheduled__2026-04-13T18:30:00+00:00'
[2026-04-15T08:07:46.107+0000] {taskinstance.py:732} INFO - ::endgroup::
[2026-04-15T08:07:46.212+0000] {kafka_load.py:28} INFO - Обрабатывается файл: browser_events.jsonl
[2026-04-15T08:07:46.220+0000] {kafka_load.py:40} INFO - Отправлено 100 сообщений
[2026-04-15T08:07:46.223+0000] {kafka_load.py:40} INFO - Отправлено 200 сообщений
[2026-04-15T08:07:46.227+0000] {kafka_load.py:40} INFO - Отправлено 300 сообщений
[2026-04-15T08:07:46.230+0000] {kafka_load.py:40} INFO - Отправлено 400 сообщений
[2026-04-15T08:07:46.237+0000] {kafka_load.py:40} INFO - Отправлено 500 сообщений
[2026-04-15T08:07:46.245+0000] {kafka_load.py:40} INFO - Отправлено 600 сообщений
[2026-04-15T08:07:46.250+0000] {kafka_load.py:40} INFO - Отправлено 700 сообщений
[2026-04-15T08:07:46.254+0000] {kafka_load.py:40} INFO - Отправлено 800 сообщений
[2026-04-15T08:07:46.258+0000] {kafka_load.py:40} INFO - Отправлено 900 сообщений
[2026-04-15T08:07:46.267+0000] {kafka_load.py:40} INFO - Отправлено 1000 сообщений
[2026-04-15T08:07:46.269+0000] {kafka_load.py:51} INFO - Обработка файла browser_events.jsonl завершена
[2026-04-15T08:07:46.270+0000] {kafka_load.py:28} INFO - Обрабатывается файл: device_events.jsonl
[2026-04-15T08:07:46.285+0000] {kafka_load.py:40} INFO - Отправлено 100 сообщений
[2026-04-15T08:07:46.295+0000] {kafka_load.py:40} INFO - Отправлено 200 сообщений
[2026-04-15T08:07:46.301+0000] {kafka_load.py:40} INFO - Отправлено 300 сообщений
[2026-04-15T08:07:46.305+0000] {kafka_load.py:40} INFO - Отправлено 400 сообщений
[2026-04-15T08:07:46.307+0000] {kafka_load.py:40} INFO - Отправлено 500 сообщений
[2026-04-15T08:07:46.311+0000] {kafka_load.py:40} INFO - Отправлено 600 сообщений
[2026-04-15T08:07:46.321+0000] {kafka_load.py:40} INFO - Отправлено 700 сообщений
[2026-04-15T08:07:46.327+0000] {kafka_load.py:40} INFO - Отправлено 800 сообщений
[2026-04-15T08:07:46.386+0000] {kafka_load.py:40} INFO - Отправлено 900 сообщений
[2026-04-15T08:07:46.422+0000] {kafka_load.py:40} INFO - Отправлено 1000 сообщений
[2026-04-15T08:07:46.435+0000] {kafka_load.py:51} INFO - Обработка файла device_events.jsonl завершена
[2026-04-15T08:07:46.435+0000] {kafka_load.py:28} INFO - Обрабатывается файл: geo_events.jsonl
[2026-04-15T08:07:46.450+0000] {kafka_load.py:40} INFO - Отправлено 100 сообщений
[2026-04-15T08:07:46.455+0000] {kafka_load.py:40} INFO - Отправлено 200 сообщений
[2026-04-15T08:07:46.458+0000] {kafka_load.py:40} INFO - Отправлено 300 сообщений
[2026-04-15T08:07:46.479+0000] {kafka_load.py:40} INFO - Отправлено 400 сообщений
[2026-04-15T08:07:46.489+0000] {kafka_load.py:40} INFO - Отправлено 500 сообщений
[2026-04-15T08:07:46.507+0000] {kafka_load.py:40} INFO - Отправлено 600 сообщений
[2026-04-15T08:07:46.524+0000] {kafka_load.py:40} INFO - Отправлено 700 сообщений
[2026-04-15T08:07:46.533+0000] {kafka_load.py:40} INFO - Отправлено 800 сообщений
[2026-04-15T08:07:46.563+0000] {kafka_load.py:40} INFO - Отправлено 900 сообщений
[2026-04-15T08:07:46.574+0000] {kafka_load.py:40} INFO - Отправлено 1000 сообщений
[2026-04-15T08:07:46.576+0000] {kafka_load.py:51} INFO - Обработка файла geo_events.jsonl завершена
[2026-04-15T08:07:46.576+0000] {kafka_load.py:28} INFO - Обрабатывается файл: location_events.jsonl
[2026-04-15T08:07:46.591+0000] {kafka_load.py:40} INFO - Отправлено 100 сообщений
[2026-04-15T08:07:46.600+0000] {kafka_load.py:40} INFO - Отправлено 200 сообщений
[2026-04-15T08:07:46.604+0000] {kafka_load.py:40} INFO - Отправлено 300 сообщений
[2026-04-15T08:07:46.616+0000] {kafka_load.py:40} INFO - Отправлено 400 сообщений
[2026-04-15T08:07:46.625+0000] {kafka_load.py:40} INFO - Отправлено 500 сообщений
[2026-04-15T08:07:46.638+0000] {kafka_load.py:40} INFO - Отправлено 600 сообщений
[2026-04-15T08:07:46.644+0000] {kafka_load.py:40} INFO - Отправлено 700 сообщений
[2026-04-15T08:07:46.671+0000] {kafka_load.py:40} INFO - Отправлено 800 сообщений
[2026-04-15T08:07:46.709+0000] {kafka_load.py:40} INFO - Отправлено 900 сообщений
[2026-04-15T08:07:46.729+0000] {kafka_load.py:40} INFO - Отправлено 1000 сообщений
[2026-04-15T08:07:46.740+0000] {kafka_load.py:51} INFO - Обработка файла location_events.jsonl завершена
[2026-04-15T08:07:46.770+0000] {kafka_load.py:54} INFO - Обработка файлов успешно завершена
[2026-04-15T08:07:46.772+0000] {python.py:240} INFO - Done. Returned value was: None
[2026-04-15T08:07:46.794+0000] {taskinstance.py:341} INFO - ::group::Post task execution logs
[2026-04-15T08:07:46.795+0000] {taskinstance.py:353} INFO - Marking task as SUCCESS. dag_id=kafka_producer, task_id=send_jsonl_to_kafka, run_id=scheduled__2026-04-13T18:30:00+00:00, execution_date=20260413T183000, start_date=20260415T080745, end_date=20260415T080746
[2026-04-15T08:07:46.887+0000] {local_task_job_runner.py:266} INFO - Task exited with return code 0
[2026-04-15T08:07:46.928+0000] {taskinstance.py:3901} INFO - 1 downstream tasks scheduled from follow-on schedule check
[2026-04-15T08:07:46.934+0000] {local_task_job_runner.py:245} INFO - ::endgroup::
[2026-04-15T11:35:39.894+0000] {local_task_job_runner.py:123} INFO - ::group::Pre task execution logs
[2026-04-15T11:35:39.918+0000] {taskinstance.py:2614} INFO - Dependencies all met for dep_context=non-requeueable deps ti=<TaskInstance: kafka_producer.send_jsonl_to_kafka scheduled__2026-04-13T18:30:00+00:00 [queued]>
[2026-04-15T11:35:39.929+0000] {taskinstance.py:2614} INFO - Dependencies all met for dep_context=requeueable deps ti=<TaskInstance: kafka_producer.send_jsonl_to_kafka scheduled__2026-04-13T18:30:00+00:00 [queued]>
[2026-04-15T11:35:39.930+0000] {taskinstance.py:2867} INFO - Starting attempt 1 of 1
[2026-04-15T11:35:39.954+0000] {taskinstance.py:2890} INFO - Executing <Task(PythonOperator): send_jsonl_to_kafka> on 2026-04-13 18:30:00+00:00
[2026-04-15T11:35:39.963+0000] {warnings.py:112} WARNING - /home/***/.local/lib/python3.12/site-packages/***/task/task_runner/standard_task_runner.py:70: DeprecationWarning: This process (pid=47) is multi-threaded, use of fork() may lead to deadlocks in the child.
  pid = os.fork()

[2026-04-15T11:35:39.967+0000] {standard_task_runner.py:72} INFO - Started process 48 to run task
[2026-04-15T11:35:39.966+0000] {standard_task_runner.py:104} INFO - Running: ['***', 'tasks', 'run', 'kafka_producer', 'send_jsonl_to_kafka', 'scheduled__2026-04-13T18:30:00+00:00', '--job-id', '2', '--raw', '--subdir', 'DAGS_FOLDER/kafka_load.py', '--cfg-path', '/tmp/tmp0w6own1k']
[2026-04-15T11:35:39.968+0000] {standard_task_runner.py:105} INFO - Job 2: Subtask send_jsonl_to_kafka
[2026-04-15T11:35:40.050+0000] {task_command.py:467} INFO - Running <TaskInstance: kafka_producer.send_jsonl_to_kafka scheduled__2026-04-13T18:30:00+00:00 [running]> on host 06da903a9231
[2026-04-15T11:35:40.190+0000] {taskinstance.py:3134} INFO - Exporting env vars: AIRFLOW_CTX_DAG_OWNER='***' AIRFLOW_CTX_DAG_ID='kafka_producer' AIRFLOW_CTX_TASK_ID='send_jsonl_to_kafka' AIRFLOW_CTX_EXECUTION_DATE='2026-04-13T18:30:00+00:00' AIRFLOW_CTX_TRY_NUMBER='1' AIRFLOW_CTX_DAG_RUN_ID='scheduled__2026-04-13T18:30:00+00:00'
[2026-04-15T11:35:40.195+0000] {taskinstance.py:732} INFO - ::endgroup::
[2026-04-15T11:35:40.319+0000] {kafka_load.py:28} INFO - Обрабатывается файл: browser_events.jsonl
[2026-04-15T11:35:40.329+0000] {kafka_load.py:40} INFO - Отправлено 100 сообщений
[2026-04-15T11:35:40.333+0000] {kafka_load.py:40} INFO - Отправлено 200 сообщений
[2026-04-15T11:35:40.337+0000] {kafka_load.py:40} INFO - Отправлено 300 сообщений
[2026-04-15T11:35:40.340+0000] {kafka_load.py:40} INFO - Отправлено 400 сообщений
[2026-04-15T11:35:40.344+0000] {kafka_load.py:40} INFO - Отправлено 500 сообщений
[2026-04-15T11:35:40.348+0000] {kafka_load.py:40} INFO - Отправлено 600 сообщений
[2026-04-15T11:35:40.352+0000] {kafka_load.py:40} INFO - Отправлено 700 сообщений
[2026-04-15T11:35:40.355+0000] {kafka_load.py:40} INFO - Отправлено 800 сообщений
[2026-04-15T11:35:40.361+0000] {kafka_load.py:40} INFO - Отправлено 900 сообщений
[2026-04-15T11:35:40.366+0000] {kafka_load.py:40} INFO - Отправлено 1000 сообщений
[2026-04-15T11:35:40.367+0000] {kafka_load.py:51} INFO - Обработка файла browser_events.jsonl завершена
[2026-04-15T11:35:40.367+0000] {kafka_load.py:28} INFO - Обрабатывается файл: device_events.jsonl
[2026-04-15T11:35:40.376+0000] {kafka_load.py:40} INFO - Отправлено 100 сообщений
[2026-04-15T11:35:40.383+0000] {kafka_load.py:40} INFO - Отправлено 200 сообщений
[2026-04-15T11:35:40.386+0000] {kafka_load.py:40} INFO - Отправлено 300 сообщений
[2026-04-15T11:35:40.389+0000] {kafka_load.py:40} INFO - Отправлено 400 сообщений
[2026-04-15T11:35:40.391+0000] {kafka_load.py:40} INFO - Отправлено 500 сообщений
[2026-04-15T11:35:40.396+0000] {kafka_load.py:40} INFO - Отправлено 600 сообщений
[2026-04-15T11:35:40.399+0000] {kafka_load.py:40} INFO - Отправлено 700 сообщений
[2026-04-15T11:35:40.404+0000] {kafka_load.py:40} INFO - Отправлено 800 сообщений
[2026-04-15T11:35:40.421+0000] {kafka_load.py:40} INFO - Отправлено 900 сообщений
[2026-04-15T11:35:40.434+0000] {kafka_load.py:40} INFO - Отправлено 1000 сообщений
[2026-04-15T11:35:40.435+0000] {kafka_load.py:51} INFO - Обработка файла device_events.jsonl завершена
[2026-04-15T11:35:40.436+0000] {kafka_load.py:28} INFO - Обрабатывается файл: geo_events.jsonl
[2026-04-15T11:35:40.452+0000] {kafka_load.py:40} INFO - Отправлено 100 сообщений
[2026-04-15T11:35:40.462+0000] {kafka_load.py:40} INFO - Отправлено 200 сообщений
[2026-04-15T11:35:40.468+0000] {kafka_load.py:40} INFO - Отправлено 300 сообщений
[2026-04-15T11:35:40.483+0000] {kafka_load.py:40} INFO - Отправлено 400 сообщений
[2026-04-15T11:35:40.490+0000] {kafka_load.py:40} INFO - Отправлено 500 сообщений
[2026-04-15T11:35:40.497+0000] {kafka_load.py:40} INFO - Отправлено 600 сообщений
[2026-04-15T11:35:40.505+0000] {kafka_load.py:40} INFO - Отправлено 700 сообщений
[2026-04-15T11:35:40.514+0000] {kafka_load.py:40} INFO - Отправлено 800 сообщений
[2026-04-15T11:35:40.517+0000] {kafka_load.py:40} INFO - Отправлено 900 сообщений
[2026-04-15T11:35:40.519+0000] {kafka_load.py:40} INFO - Отправлено 1000 сообщений
[2026-04-15T11:35:40.520+0000] {kafka_load.py:51} INFO - Обработка файла geo_events.jsonl завершена
[2026-04-15T11:35:40.521+0000] {kafka_load.py:28} INFO - Обрабатывается файл: location_events.jsonl
[2026-04-15T11:35:40.530+0000] {kafka_load.py:40} INFO - Отправлено 100 сообщений
[2026-04-15T11:35:40.533+0000] {kafka_load.py:40} INFO - Отправлено 200 сообщений
[2026-04-15T11:35:40.536+0000] {kafka_load.py:40} INFO - Отправлено 300 сообщений
[2026-04-15T11:35:40.540+0000] {kafka_load.py:40} INFO - Отправлено 400 сообщений
[2026-04-15T11:35:40.546+0000] {kafka_load.py:40} INFO - Отправлено 500 сообщений
[2026-04-15T11:35:40.548+0000] {kafka_load.py:40} INFO - Отправлено 600 сообщений
[2026-04-15T11:35:40.551+0000] {kafka_load.py:40} INFO - Отправлено 700 сообщений
[2026-04-15T11:35:40.556+0000] {kafka_load.py:40} INFO - Отправлено 800 сообщений
[2026-04-15T11:35:40.563+0000] {kafka_load.py:40} INFO - Отправлено 900 сообщений
[2026-04-15T11:35:40.572+0000] {kafka_load.py:40} INFO - Отправлено 1000 сообщений
[2026-04-15T11:35:40.573+0000] {kafka_load.py:51} INFO - Обработка файла location_events.jsonl завершена
[2026-04-15T11:35:40.635+0000] {kafka_load.py:54} INFO - Обработка файлов успешно завершена
[2026-04-15T11:35:40.636+0000] {python.py:240} INFO - Done. Returned value was: None
[2026-04-15T11:35:40.653+0000] {taskinstance.py:341} INFO - ::group::Post task execution logs
[2026-04-15T11:35:40.653+0000] {taskinstance.py:353} INFO - Marking task as SUCCESS. dag_id=kafka_producer, task_id=send_jsonl_to_kafka, run_id=scheduled__2026-04-13T18:30:00+00:00, execution_date=20260413T183000, start_date=20260415T113539, end_date=20260415T113540
[2026-04-15T11:35:40.707+0000] {local_task_job_runner.py:266} INFO - Task exited with return code 0
[2026-04-15T11:35:40.740+0000] {taskinstance.py:3901} INFO - 1 downstream tasks scheduled from follow-on schedule check
[2026-04-15T11:35:40.747+0000] {local_task_job_runner.py:245} INFO - ::endgroup::
[2026-04-15T15:25:00.527+0000] {local_task_job_runner.py:123} INFO - ::group::Pre task execution logs
[2026-04-15T15:25:00.547+0000] {taskinstance.py:2614} INFO - Dependencies all met for dep_context=non-requeueable deps ti=<TaskInstance: kafka_producer.send_jsonl_to_kafka scheduled__2026-04-13T18:30:00+00:00 [queued]>
[2026-04-15T15:25:00.557+0000] {taskinstance.py:2614} INFO - Dependencies all met for dep_context=requeueable deps ti=<TaskInstance: kafka_producer.send_jsonl_to_kafka scheduled__2026-04-13T18:30:00+00:00 [queued]>
[2026-04-15T15:25:00.558+0000] {taskinstance.py:2867} INFO - Starting attempt 1 of 1
[2026-04-15T15:25:00.575+0000] {taskinstance.py:2890} INFO - Executing <Task(PythonOperator): send_jsonl_to_kafka> on 2026-04-13 18:30:00+00:00
[2026-04-15T15:25:00.582+0000] {warnings.py:112} WARNING - /home/***/.local/lib/python3.12/site-packages/***/task/task_runner/standard_task_runner.py:70: DeprecationWarning: This process (pid=47) is multi-threaded, use of fork() may lead to deadlocks in the child.
  pid = os.fork()

[2026-04-15T15:25:00.586+0000] {standard_task_runner.py:72} INFO - Started process 48 to run task
[2026-04-15T15:25:00.588+0000] {standard_task_runner.py:104} INFO - Running: ['***', 'tasks', 'run', 'kafka_producer', 'send_jsonl_to_kafka', 'scheduled__2026-04-13T18:30:00+00:00', '--job-id', '2', '--raw', '--subdir', 'DAGS_FOLDER/kafka_load.py', '--cfg-path', '/tmp/tmpgao6vbtp']
[2026-04-15T15:25:00.593+0000] {standard_task_runner.py:105} INFO - Job 2: Subtask send_jsonl_to_kafka
[2026-04-15T15:25:00.671+0000] {task_command.py:467} INFO - Running <TaskInstance: kafka_producer.send_jsonl_to_kafka scheduled__2026-04-13T18:30:00+00:00 [running]> on host c78d555ea858
[2026-04-15T15:25:00.828+0000] {taskinstance.py:3134} INFO - Exporting env vars: AIRFLOW_CTX_DAG_OWNER='***' AIRFLOW_CTX_DAG_ID='kafka_producer' AIRFLOW_CTX_TASK_ID='send_jsonl_to_kafka' AIRFLOW_CTX_EXECUTION_DATE='2026-04-13T18:30:00+00:00' AIRFLOW_CTX_TRY_NUMBER='1' AIRFLOW_CTX_DAG_RUN_ID='scheduled__2026-04-13T18:30:00+00:00'
[2026-04-15T15:25:00.835+0000] {taskinstance.py:732} INFO - ::endgroup::
[2026-04-15T15:25:01.026+0000] {kafka_load.py:28} INFO - Обрабатывается файл: browser_events.jsonl
[2026-04-15T15:25:01.035+0000] {kafka_load.py:40} INFO - Отправлено 100 сообщений
[2026-04-15T15:25:01.038+0000] {kafka_load.py:40} INFO - Отправлено 200 сообщений
[2026-04-15T15:25:01.041+0000] {kafka_load.py:40} INFO - Отправлено 300 сообщений
[2026-04-15T15:25:01.044+0000] {kafka_load.py:40} INFO - Отправлено 400 сообщений
[2026-04-15T15:25:01.046+0000] {kafka_load.py:40} INFO - Отправлено 500 сообщений
[2026-04-15T15:25:01.050+0000] {kafka_load.py:40} INFO - Отправлено 600 сообщений
[2026-04-15T15:25:01.054+0000] {kafka_load.py:40} INFO - Отправлено 700 сообщений
[2026-04-15T15:25:01.060+0000] {kafka_load.py:40} INFO - Отправлено 800 сообщений
[2026-04-15T15:25:01.069+0000] {kafka_load.py:40} INFO - Отправлено 900 сообщений
[2026-04-15T15:25:01.071+0000] {kafka_load.py:40} INFO - Отправлено 1000 сообщений
[2026-04-15T15:25:01.072+0000] {kafka_load.py:51} INFO - Обработка файла browser_events.jsonl завершена
[2026-04-15T15:25:01.073+0000] {kafka_load.py:28} INFO - Обрабатывается файл: device_events.jsonl
[2026-04-15T15:25:01.079+0000] {kafka_load.py:40} INFO - Отправлено 100 сообщений
[2026-04-15T15:25:01.084+0000] {kafka_load.py:40} INFO - Отправлено 200 сообщений
[2026-04-15T15:25:01.086+0000] {kafka_load.py:40} INFO - Отправлено 300 сообщений
[2026-04-15T15:25:01.089+0000] {kafka_load.py:40} INFO - Отправлено 400 сообщений
[2026-04-15T15:25:01.102+0000] {kafka_load.py:40} INFO - Отправлено 500 сообщений
[2026-04-15T15:25:01.112+0000] {kafka_load.py:40} INFO - Отправлено 600 сообщений
[2026-04-15T15:25:01.122+0000] {kafka_load.py:40} INFO - Отправлено 700 сообщений
[2026-04-15T15:25:01.127+0000] {kafka_load.py:40} INFO - Отправлено 800 сообщений
[2026-04-15T15:25:01.133+0000] {kafka_load.py:40} INFO - Отправлено 900 сообщений
[2026-04-15T15:25:01.143+0000] {kafka_load.py:40} INFO - Отправлено 1000 сообщений
[2026-04-15T15:25:01.144+0000] {kafka_load.py:51} INFO - Обработка файла device_events.jsonl завершена
[2026-04-15T15:25:01.145+0000] {kafka_load.py:28} INFO - Обрабатывается файл: geo_events.jsonl
[2026-04-15T15:25:01.161+0000] {kafka_load.py:40} INFO - Отправлено 100 сообщений
[2026-04-15T15:25:01.171+0000] {kafka_load.py:40} INFO - Отправлено 200 сообщений
[2026-04-15T15:25:01.174+0000] {kafka_load.py:40} INFO - Отправлено 300 сообщений
[2026-04-15T15:25:01.177+0000] {kafka_load.py:40} INFO - Отправлено 400 сообщений
[2026-04-15T15:25:01.179+0000] {kafka_load.py:40} INFO - Отправлено 500 сообщений
[2026-04-15T15:25:01.184+0000] {kafka_load.py:40} INFO - Отправлено 600 сообщений
[2026-04-15T15:25:01.196+0000] {kafka_load.py:40} INFO - Отправлено 700 сообщений
[2026-04-15T15:25:01.209+0000] {kafka_load.py:40} INFO - Отправлено 800 сообщений
[2026-04-15T15:25:01.221+0000] {kafka_load.py:40} INFO - Отправлено 900 сообщений
[2026-04-15T15:25:01.225+0000] {kafka_load.py:40} INFO - Отправлено 1000 сообщений
[2026-04-15T15:25:01.226+0000] {kafka_load.py:51} INFO - Обработка файла geo_events.jsonl завершена
[2026-04-15T15:25:01.226+0000] {kafka_load.py:28} INFO - Обрабатывается файл: location_events.jsonl
[2026-04-15T15:25:01.241+0000] {kafka_load.py:40} INFO - Отправлено 100 сообщений
[2026-04-15T15:25:01.249+0000] {kafka_load.py:40} INFO - Отправлено 200 сообщений
[2026-04-15T15:25:01.254+0000] {kafka_load.py:40} INFO - Отправлено 300 сообщений
[2026-04-15T15:25:01.257+0000] {kafka_load.py:40} INFO - Отправлено 400 сообщений
[2026-04-15T15:25:01.260+0000] {kafka_load.py:40} INFO - Отправлено 500 сообщений
[2026-04-15T15:25:01.264+0000] {kafka_load.py:40} INFO - Отправлено 600 сообщений
[2026-04-15T15:25:01.276+0000] {kafka_load.py:40} INFO - Отправлено 700 сообщений
[2026-04-15T15:25:01.286+0000] {kafka_load.py:40} INFO - Отправлено 800 сообщений
[2026-04-15T15:25:01.295+0000] {kafka_load.py:40} INFO - Отправлено 900 сообщений
[2026-04-15T15:25:01.307+0000] {kafka_load.py:40} INFO - Отправлено 1000 сообщений
[2026-04-15T15:25:01.309+0000] {kafka_load.py:51} INFO - Обработка файла location_events.jsonl завершена
[2026-04-15T15:25:01.344+0000] {kafka_load.py:54} INFO - Обработка файлов успешно завершена
[2026-04-15T15:25:01.346+0000] {python.py:240} INFO - Done. Returned value was: None
[2026-04-15T15:25:01.362+0000] {taskinstance.py:341} INFO - ::group::Post task execution logs
[2026-04-15T15:25:01.364+0000] {taskinstance.py:353} INFO - Marking task as SUCCESS. dag_id=kafka_producer, task_id=send_jsonl_to_kafka, run_id=scheduled__2026-04-13T18:30:00+00:00, execution_date=20260413T183000, start_date=20260415T152500, end_date=20260415T152501
[2026-04-15T15:25:01.451+0000] {local_task_job_runner.py:266} INFO - Task exited with return code 0
[2026-04-15T15:25:01.497+0000] {taskinstance.py:3901} INFO - 1 downstream tasks scheduled from follow-on schedule check
[2026-04-15T15:25:01.504+0000] {local_task_job_runner.py:245} INFO - ::endgroup::
[2026-04-15T15:29:25.133+0000] {local_task_job_runner.py:123} INFO - ::group::Pre task execution logs
[2026-04-15T15:29:25.162+0000] {taskinstance.py:2614} INFO - Dependencies all met for dep_context=non-requeueable deps ti=<TaskInstance: kafka_producer.send_jsonl_to_kafka scheduled__2026-04-13T18:30:00+00:00 [queued]>
[2026-04-15T15:29:25.174+0000] {taskinstance.py:2614} INFO - Dependencies all met for dep_context=requeueable deps ti=<TaskInstance: kafka_producer.send_jsonl_to_kafka scheduled__2026-04-13T18:30:00+00:00 [queued]>
[2026-04-15T15:29:25.175+0000] {taskinstance.py:2867} INFO - Starting attempt 1 of 1
[2026-04-15T15:29:25.195+0000] {taskinstance.py:2890} INFO - Executing <Task(PythonOperator): send_jsonl_to_kafka> on 2026-04-13 18:30:00+00:00
[2026-04-15T15:29:25.203+0000] {warnings.py:112} WARNING - /home/***/.local/lib/python3.12/site-packages/***/task/task_runner/standard_task_runner.py:70: DeprecationWarning: This process (pid=48) is multi-threaded, use of fork() may lead to deadlocks in the child.
  pid = os.fork()

[2026-04-15T15:29:25.210+0000] {standard_task_runner.py:72} INFO - Started process 49 to run task
[2026-04-15T15:29:25.216+0000] {standard_task_runner.py:104} INFO - Running: ['***', 'tasks', 'run', 'kafka_producer', 'send_jsonl_to_kafka', 'scheduled__2026-04-13T18:30:00+00:00', '--job-id', '2', '--raw', '--subdir', 'DAGS_FOLDER/kafka_load.py', '--cfg-path', '/tmp/tmpmv8ijc8s']
[2026-04-15T15:29:25.219+0000] {standard_task_runner.py:105} INFO - Job 2: Subtask send_jsonl_to_kafka
[2026-04-15T15:29:25.330+0000] {task_command.py:467} INFO - Running <TaskInstance: kafka_producer.send_jsonl_to_kafka scheduled__2026-04-13T18:30:00+00:00 [running]> on host 601f81cefde9
[2026-04-15T15:29:25.513+0000] {taskinstance.py:3134} INFO - Exporting env vars: AIRFLOW_CTX_DAG_OWNER='***' AIRFLOW_CTX_DAG_ID='kafka_producer' AIRFLOW_CTX_TASK_ID='send_jsonl_to_kafka' AIRFLOW_CTX_EXECUTION_DATE='2026-04-13T18:30:00+00:00' AIRFLOW_CTX_TRY_NUMBER='1' AIRFLOW_CTX_DAG_RUN_ID='scheduled__2026-04-13T18:30:00+00:00'
[2026-04-15T15:29:25.514+0000] {taskinstance.py:732} INFO - ::endgroup::
[2026-04-15T15:29:25.564+0000] {kafka_load.py:28} INFO - Обрабатывается файл: browser_events.jsonl
[2026-04-15T15:29:25.570+0000] {kafka_load.py:40} INFO - Отправлено 100 сообщений
[2026-04-15T15:29:25.572+0000] {kafka_load.py:40} INFO - Отправлено 200 сообщений
[2026-04-15T15:29:25.577+0000] {kafka_load.py:40} INFO - Отправлено 300 сообщений
[2026-04-15T15:29:25.579+0000] {kafka_load.py:40} INFO - Отправлено 400 сообщений
[2026-04-15T15:29:25.582+0000] {kafka_load.py:40} INFO - Отправлено 500 сообщений
[2026-04-15T15:29:25.584+0000] {kafka_load.py:40} INFO - Отправлено 600 сообщений
[2026-04-15T15:29:25.586+0000] {kafka_load.py:40} INFO - Отправлено 700 сообщений
[2026-04-15T15:29:25.589+0000] {kafka_load.py:40} INFO - Отправлено 800 сообщений
[2026-04-15T15:29:25.591+0000] {kafka_load.py:40} INFO - Отправлено 900 сообщений
[2026-04-15T15:29:25.593+0000] {kafka_load.py:40} INFO - Отправлено 1000 сообщений
[2026-04-15T15:29:25.595+0000] {kafka_load.py:51} INFO - Обработка файла browser_events.jsonl завершена
[2026-04-15T15:29:25.595+0000] {kafka_load.py:28} INFO - Обрабатывается файл: device_events.jsonl
[2026-04-15T15:29:25.600+0000] {kafka_load.py:40} INFO - Отправлено 100 сообщений
[2026-04-15T15:29:25.603+0000] {kafka_load.py:40} INFO - Отправлено 200 сообщений
[2026-04-15T15:29:25.605+0000] {kafka_load.py:40} INFO - Отправлено 300 сообщений
[2026-04-15T15:29:25.607+0000] {kafka_load.py:40} INFO - Отправлено 400 сообщений
[2026-04-15T15:29:25.610+0000] {kafka_load.py:40} INFO - Отправлено 500 сообщений
[2026-04-15T15:29:25.612+0000] {kafka_load.py:40} INFO - Отправлено 600 сообщений
[2026-04-15T15:29:25.616+0000] {kafka_load.py:40} INFO - Отправлено 700 сообщений
[2026-04-15T15:29:25.620+0000] {kafka_load.py:40} INFO - Отправлено 800 сообщений
[2026-04-15T15:29:25.626+0000] {kafka_load.py:40} INFO - Отправлено 900 сообщений
[2026-04-15T15:29:25.630+0000] {kafka_load.py:40} INFO - Отправлено 1000 сообщений
[2026-04-15T15:29:25.631+0000] {kafka_load.py:51} INFO - Обработка файла device_events.jsonl завершена
[2026-04-15T15:29:25.631+0000] {kafka_load.py:28} INFO - Обрабатывается файл: geo_events.jsonl
[2026-04-15T15:29:25.636+0000] {kafka_load.py:40} INFO - Отправлено 100 сообщений
[2026-04-15T15:29:25.638+0000] {kafka_load.py:40} INFO - Отправлено 200 сообщений
[2026-04-15T15:29:25.640+0000] {kafka_load.py:40} INFO - Отправлено 300 сообщений
[2026-04-15T15:29:25.643+0000] {kafka_load.py:40} INFO - Отправлено 400 сообщений
[2026-04-15T15:29:25.645+0000] {kafka_load.py:40} INFO - Отправлено 500 сообщений
[2026-04-15T15:29:25.648+0000] {kafka_load.py:40} INFO - Отправлено 600 сообщений
[2026-04-15T15:29:25.652+0000] {kafka_load.py:40} INFO - Отправлено 700 сообщений
[2026-04-15T15:29:25.655+0000] {kafka_load.py:40} INFO - Отправлено 800 сообщений
[2026-04-15T15:29:25.658+0000] {kafka_load.py:40} INFO - Отправлено 900 сообщений
[2026-04-15T15:29:25.661+0000] {kafka_load.py:40} INFO - Отправлено 1000 сообщений
[2026-04-15T15:29:25.662+0000] {kafka_load.py:51} INFO - Обработка файла geo_events.jsonl завершена
[2026-04-15T15:29:25.663+0000] {kafka_load.py:28} INFO - Обрабатывается файл: location_events.jsonl
[2026-04-15T15:29:25.668+0000] {kafka_load.py:40} INFO - Отправлено 100 сообщений
[2026-04-15T15:29:25.672+0000] {kafka_load.py:40} INFO - Отправлено 200 сообщений
[2026-04-15T15:29:25.676+0000] {kafka_load.py:40} INFO - Отправлено 300 сообщений
[2026-04-15T15:29:25.679+0000] {kafka_load.py:40} INFO - Отправлено 400 сообщений
[2026-04-15T15:29:25.682+0000] {kafka_load.py:40} INFO - Отправлено 500 сообщений
[2026-04-15T15:29:25.685+0000] {kafka_load.py:40} INFO - Отправлено 600 сообщений
[2026-04-15T15:29:25.688+0000] {kafka_load.py:40} INFO - Отправлено 700 сообщений
[2026-04-15T15:29:25.690+0000] {kafka_load.py:40} INFO - Отправлено 800 сообщений
[2026-04-15T15:29:25.692+0000] {kafka_load.py:40} INFO - Отправлено 900 сообщений
[2026-04-15T15:29:25.695+0000] {kafka_load.py:40} INFO - Отправлено 1000 сообщений
[2026-04-15T15:29:25.695+0000] {kafka_load.py:51} INFO - Обработка файла location_events.jsonl завершена
[2026-04-15T15:29:28.248+0000] {kafka_load.py:54} INFO - Обработка файлов успешно завершена
[2026-04-15T15:29:28.255+0000] {python.py:240} INFO - Done. Returned value was: None
[2026-04-15T15:29:28.274+0000] {taskinstance.py:341} INFO - ::group::Post task execution logs
[2026-04-15T15:29:28.274+0000] {taskinstance.py:353} INFO - Marking task as SUCCESS. dag_id=kafka_producer, task_id=send_jsonl_to_kafka, run_id=scheduled__2026-04-13T18:30:00+00:00, execution_date=20260413T183000, start_date=20260415T152925, end_date=20260415T152928
[2026-04-15T15:29:28.372+0000] {local_task_job_runner.py:266} INFO - Task exited with return code 0
[2026-04-15T15:29:28.405+0000] {taskinstance.py:3901} INFO - 1 downstream tasks scheduled from follow-on schedule check
[2026-04-15T15:29:28.408+0000] {local_task_job_runner.py:245} INFO - ::endgroup::
[2026-04-15T15:39:16.441+0000] {local_task_job_runner.py:123} INFO - ::group::Pre task execution logs
[2026-04-15T15:39:16.466+0000] {taskinstance.py:2614} INFO - Dependencies all met for dep_context=non-requeueable deps ti=<TaskInstance: kafka_producer.send_jsonl_to_kafka scheduled__2026-04-13T18:30:00+00:00 [queued]>
[2026-04-15T15:39:16.478+0000] {taskinstance.py:2614} INFO - Dependencies all met for dep_context=requeueable deps ti=<TaskInstance: kafka_producer.send_jsonl_to_kafka scheduled__2026-04-13T18:30:00+00:00 [queued]>
[2026-04-15T15:39:16.479+0000] {taskinstance.py:2867} INFO - Starting attempt 1 of 1
[2026-04-15T15:39:16.500+0000] {taskinstance.py:2890} INFO - Executing <Task(PythonOperator): send_jsonl_to_kafka> on 2026-04-13 18:30:00+00:00
[2026-04-15T15:39:16.510+0000] {warnings.py:112} WARNING - /home/***/.local/lib/python3.12/site-packages/***/task/task_runner/standard_task_runner.py:70: DeprecationWarning: This process (pid=49) is multi-threaded, use of fork() may lead to deadlocks in the child.
  pid = os.fork()

[2026-04-15T15:39:16.516+0000] {standard_task_runner.py:72} INFO - Started process 50 to run task
[2026-04-15T15:39:16.518+0000] {standard_task_runner.py:104} INFO - Running: ['***', 'tasks', 'run', 'kafka_producer', 'send_jsonl_to_kafka', 'scheduled__2026-04-13T18:30:00+00:00', '--job-id', '2', '--raw', '--subdir', 'DAGS_FOLDER/kafka_load.py', '--cfg-path', '/tmp/tmp3bkw6c85']
[2026-04-15T15:39:16.521+0000] {standard_task_runner.py:105} INFO - Job 2: Subtask send_jsonl_to_kafka
[2026-04-15T15:39:16.624+0000] {task_command.py:467} INFO - Running <TaskInstance: kafka_producer.send_jsonl_to_kafka scheduled__2026-04-13T18:30:00+00:00 [running]> on host fb4321952059
[2026-04-15T15:39:16.740+0000] {taskinstance.py:3134} INFO - Exporting env vars: AIRFLOW_CTX_DAG_OWNER='***' AIRFLOW_CTX_DAG_ID='kafka_producer' AIRFLOW_CTX_TASK_ID='send_jsonl_to_kafka' AIRFLOW_CTX_EXECUTION_DATE='2026-04-13T18:30:00+00:00' AIRFLOW_CTX_TRY_NUMBER='1' AIRFLOW_CTX_DAG_RUN_ID='scheduled__2026-04-13T18:30:00+00:00'
[2026-04-15T15:39:16.743+0000] {taskinstance.py:732} INFO - ::endgroup::
[2026-04-15T15:39:16.805+0000] {kafka_load.py:28} INFO - Обрабатывается файл: browser_events.jsonl
[2026-04-15T15:39:16.809+0000] {kafka_load.py:40} INFO - Отправлено 100 сообщений
[2026-04-15T15:39:16.816+0000] {kafka_load.py:40} INFO - Отправлено 200 сообщений
[2026-04-15T15:39:16.818+0000] {kafka_load.py:40} INFO - Отправлено 300 сообщений
[2026-04-15T15:39:16.820+0000] {kafka_load.py:40} INFO - Отправлено 400 сообщений
[2026-04-15T15:39:16.822+0000] {kafka_load.py:40} INFO - Отправлено 500 сообщений
[2026-04-15T15:39:16.824+0000] {kafka_load.py:40} INFO - Отправлено 600 сообщений
[2026-04-15T15:39:16.826+0000] {kafka_load.py:40} INFO - Отправлено 700 сообщений
[2026-04-15T15:39:16.830+0000] {kafka_load.py:40} INFO - Отправлено 800 сообщений
[2026-04-15T15:39:16.832+0000] {kafka_load.py:40} INFO - Отправлено 900 сообщений
[2026-04-15T15:39:16.834+0000] {kafka_load.py:40} INFO - Отправлено 1000 сообщений
[2026-04-15T15:39:16.835+0000] {kafka_load.py:51} INFO - Обработка файла browser_events.jsonl завершена
[2026-04-15T15:39:16.836+0000] {kafka_load.py:28} INFO - Обрабатывается файл: device_events.jsonl
[2026-04-15T15:39:16.839+0000] {kafka_load.py:40} INFO - Отправлено 100 сообщений
[2026-04-15T15:39:16.841+0000] {kafka_load.py:40} INFO - Отправлено 200 сообщений
[2026-04-15T15:39:16.842+0000] {kafka_load.py:40} INFO - Отправлено 300 сообщений
[2026-04-15T15:39:16.846+0000] {kafka_load.py:40} INFO - Отправлено 400 сообщений
[2026-04-15T15:39:16.848+0000] {kafka_load.py:40} INFO - Отправлено 500 сообщений
[2026-04-15T15:39:16.850+0000] {kafka_load.py:40} INFO - Отправлено 600 сообщений
[2026-04-15T15:39:16.852+0000] {kafka_load.py:40} INFO - Отправлено 700 сообщений
[2026-04-15T15:39:16.857+0000] {kafka_load.py:40} INFO - Отправлено 800 сообщений
[2026-04-15T15:39:16.865+0000] {kafka_load.py:40} INFO - Отправлено 900 сообщений
[2026-04-15T15:39:16.869+0000] {kafka_load.py:40} INFO - Отправлено 1000 сообщений
[2026-04-15T15:39:16.870+0000] {kafka_load.py:51} INFO - Обработка файла device_events.jsonl завершена
[2026-04-15T15:39:16.870+0000] {kafka_load.py:28} INFO - Обрабатывается файл: geo_events.jsonl
[2026-04-15T15:39:16.874+0000] {kafka_load.py:40} INFO - Отправлено 100 сообщений
[2026-04-15T15:39:16.877+0000] {kafka_load.py:40} INFO - Отправлено 200 сообщений
[2026-04-15T15:39:16.880+0000] {kafka_load.py:40} INFO - Отправлено 300 сообщений
[2026-04-15T15:39:16.882+0000] {kafka_load.py:40} INFO - Отправлено 400 сообщений
[2026-04-15T15:39:16.883+0000] {kafka_load.py:40} INFO - Отправлено 500 сообщений
[2026-04-15T15:39:16.885+0000] {kafka_load.py:40} INFO - Отправлено 600 сообщений
[2026-04-15T15:39:16.888+0000] {kafka_load.py:40} INFO - Отправлено 700 сообщений
[2026-04-15T15:39:16.896+0000] {kafka_load.py:40} INFO - Отправлено 800 сообщений
[2026-04-15T15:39:16.898+0000] {kafka_load.py:40} INFO - Отправлено 900 сообщений
[2026-04-15T15:39:16.900+0000] {kafka_load.py:40} INFO - Отправлено 1000 сообщений
[2026-04-15T15:39:16.901+0000] {kafka_load.py:51} INFO - Обработка файла geo_events.jsonl завершена
[2026-04-15T15:39:16.902+0000] {kafka_load.py:28} INFO - Обрабатывается файл: location_events.jsonl
[2026-04-15T15:39:16.905+0000] {kafka_load.py:40} INFO - Отправлено 100 сообщений
[2026-04-15T15:39:16.913+0000] {kafka_load.py:40} INFO - Отправлено 200 сообщений
[2026-04-15T15:39:16.916+0000] {kafka_load.py:40} INFO - Отправлено 300 сообщений
[2026-04-15T15:39:16.919+0000] {kafka_load.py:40} INFO - Отправлено 400 сообщений
[2026-04-15T15:39:16.927+0000] {kafka_load.py:40} INFO - Отправлено 500 сообщений
[2026-04-15T15:39:16.933+0000] {kafka_load.py:40} INFO - Отправлено 600 сообщений
[2026-04-15T15:39:16.936+0000] {kafka_load.py:40} INFO - Отправлено 700 сообщений
[2026-04-15T15:39:16.941+0000] {kafka_load.py:40} INFO - Отправлено 800 сообщений
[2026-04-15T15:39:16.952+0000] {kafka_load.py:40} INFO - Отправлено 900 сообщений
[2026-04-15T15:39:16.957+0000] {kafka_load.py:40} INFO - Отправлено 1000 сообщений
[2026-04-15T15:39:16.958+0000] {kafka_load.py:51} INFO - Обработка файла location_events.jsonl завершена
[2026-04-15T15:39:17.022+0000] {kafka_load.py:54} INFO - Обработка файлов успешно завершена
[2026-04-15T15:39:17.023+0000] {python.py:240} INFO - Done. Returned value was: None
[2026-04-15T15:39:17.037+0000] {taskinstance.py:341} INFO - ::group::Post task execution logs
[2026-04-15T15:39:17.037+0000] {taskinstance.py:353} INFO - Marking task as SUCCESS. dag_id=kafka_producer, task_id=send_jsonl_to_kafka, run_id=scheduled__2026-04-13T18:30:00+00:00, execution_date=20260413T183000, start_date=20260415T153916, end_date=20260415T153917
[2026-04-15T15:39:17.098+0000] {local_task_job_runner.py:266} INFO - Task exited with return code 0
[2026-04-15T15:39:17.179+0000] {taskinstance.py:3901} INFO - 1 downstream tasks scheduled from follow-on schedule check
[2026-04-15T15:39:17.184+0000] {local_task_job_runner.py:245} INFO - ::endgroup::
[2026-04-15T15:49:48.120+0000] {local_task_job_runner.py:123} INFO - ::group::Pre task execution logs
[2026-04-15T15:49:48.145+0000] {taskinstance.py:2614} INFO - Dependencies all met for dep_context=non-requeueable deps ti=<TaskInstance: kafka_producer.send_jsonl_to_kafka scheduled__2026-04-13T18:30:00+00:00 [queued]>
[2026-04-15T15:49:48.154+0000] {taskinstance.py:2614} INFO - Dependencies all met for dep_context=requeueable deps ti=<TaskInstance: kafka_producer.send_jsonl_to_kafka scheduled__2026-04-13T18:30:00+00:00 [queued]>
[2026-04-15T15:49:48.155+0000] {taskinstance.py:2867} INFO - Starting attempt 1 of 1
[2026-04-15T15:49:48.172+0000] {taskinstance.py:2890} INFO - Executing <Task(PythonOperator): send_jsonl_to_kafka> on 2026-04-13 18:30:00+00:00
[2026-04-15T15:49:48.180+0000] {warnings.py:112} WARNING - /home/***/.local/lib/python3.12/site-packages/***/task/task_runner/standard_task_runner.py:70: DeprecationWarning: This process (pid=48) is multi-threaded, use of fork() may lead to deadlocks in the child.
  pid = os.fork()

[2026-04-15T15:49:48.183+0000] {standard_task_runner.py:72} INFO - Started process 49 to run task
[2026-04-15T15:49:48.186+0000] {standard_task_runner.py:104} INFO - Running: ['***', 'tasks', 'run', 'kafka_producer', 'send_jsonl_to_kafka', 'scheduled__2026-04-13T18:30:00+00:00', '--job-id', '2', '--raw', '--subdir', 'DAGS_FOLDER/kafka_load.py', '--cfg-path', '/tmp/tmp20tbyt45']
[2026-04-15T15:49:48.188+0000] {standard_task_runner.py:105} INFO - Job 2: Subtask send_jsonl_to_kafka
[2026-04-15T15:49:48.262+0000] {task_command.py:467} INFO - Running <TaskInstance: kafka_producer.send_jsonl_to_kafka scheduled__2026-04-13T18:30:00+00:00 [running]> on host 501efe15e1f8
[2026-04-15T15:49:48.371+0000] {taskinstance.py:3134} INFO - Exporting env vars: AIRFLOW_CTX_DAG_OWNER='***' AIRFLOW_CTX_DAG_ID='kafka_producer' AIRFLOW_CTX_TASK_ID='send_jsonl_to_kafka' AIRFLOW_CTX_EXECUTION_DATE='2026-04-13T18:30:00+00:00' AIRFLOW_CTX_TRY_NUMBER='1' AIRFLOW_CTX_DAG_RUN_ID='scheduled__2026-04-13T18:30:00+00:00'
[2026-04-15T15:49:48.372+0000] {taskinstance.py:732} INFO - ::endgroup::
[2026-04-15T15:49:48.422+0000] {kafka_load.py:28} INFO - Обрабатывается файл: browser_events.jsonl
[2026-04-15T15:49:48.433+0000] {kafka_load.py:40} INFO - Отправлено 100 сообщений
[2026-04-15T15:49:48.435+0000] {kafka_load.py:40} INFO - Отправлено 200 сообщений
[2026-04-15T15:49:48.438+0000] {kafka_load.py:40} INFO - Отправлено 300 сообщений
[2026-04-15T15:49:48.441+0000] {kafka_load.py:40} INFO - Отправлено 400 сообщений
[2026-04-15T15:49:48.444+0000] {kafka_load.py:40} INFO - Отправлено 500 сообщений
[2026-04-15T15:49:48.446+0000] {kafka_load.py:40} INFO - Отправлено 600 сообщений
[2026-04-15T15:49:48.449+0000] {kafka_load.py:40} INFO - Отправлено 700 сообщений
[2026-04-15T15:49:48.452+0000] {kafka_load.py:40} INFO - Отправлено 800 сообщений
[2026-04-15T15:49:48.455+0000] {kafka_load.py:40} INFO - Отправлено 900 сообщений
[2026-04-15T15:49:48.458+0000] {kafka_load.py:40} INFO - Отправлено 1000 сообщений
[2026-04-15T15:49:48.459+0000] {kafka_load.py:51} INFO - Обработка файла browser_events.jsonl завершена
[2026-04-15T15:49:48.459+0000] {kafka_load.py:28} INFO - Обрабатывается файл: device_events.jsonl
[2026-04-15T15:49:48.463+0000] {kafka_load.py:40} INFO - Отправлено 100 сообщений
[2026-04-15T15:49:48.466+0000] {kafka_load.py:40} INFO - Отправлено 200 сообщений
[2026-04-15T15:49:48.468+0000] {kafka_load.py:40} INFO - Отправлено 300 сообщений
[2026-04-15T15:49:48.470+0000] {kafka_load.py:40} INFO - Отправлено 400 сообщений
[2026-04-15T15:49:48.473+0000] {kafka_load.py:40} INFO - Отправлено 500 сообщений
[2026-04-15T15:49:48.479+0000] {kafka_load.py:40} INFO - Отправлено 600 сообщений
[2026-04-15T15:49:48.489+0000] {kafka_load.py:40} INFO - Отправлено 700 сообщений
[2026-04-15T15:49:48.492+0000] {kafka_load.py:40} INFO - Отправлено 800 сообщений
[2026-04-15T15:49:48.495+0000] {kafka_load.py:40} INFO - Отправлено 900 сообщений
[2026-04-15T15:49:48.498+0000] {kafka_load.py:40} INFO - Отправлено 1000 сообщений
[2026-04-15T15:49:48.499+0000] {kafka_load.py:42} ERROR - Ошибка JSON в строке: 1001: Expecting ':' delimiter: line 1 column 19 (char 18)
[2026-04-15T15:49:48.501+0000] {kafka_load.py:51} INFO - Обработка файла device_events.jsonl завершена
[2026-04-15T15:49:48.502+0000] {kafka_load.py:28} INFO - Обрабатывается файл: geo_events.jsonl
[2026-04-15T15:49:48.509+0000] {kafka_load.py:40} INFO - Отправлено 100 сообщений
[2026-04-15T15:49:48.514+0000] {kafka_load.py:40} INFO - Отправлено 200 сообщений
[2026-04-15T15:49:48.517+0000] {kafka_load.py:40} INFO - Отправлено 300 сообщений
[2026-04-15T15:49:48.520+0000] {kafka_load.py:40} INFO - Отправлено 400 сообщений
[2026-04-15T15:49:48.523+0000] {kafka_load.py:40} INFO - Отправлено 500 сообщений
[2026-04-15T15:49:48.526+0000] {kafka_load.py:40} INFO - Отправлено 600 сообщений
[2026-04-15T15:49:48.529+0000] {kafka_load.py:40} INFO - Отправлено 700 сообщений
[2026-04-15T15:49:48.532+0000] {kafka_load.py:40} INFO - Отправлено 800 сообщений
[2026-04-15T15:49:48.534+0000] {kafka_load.py:40} INFO - Отправлено 900 сообщений
[2026-04-15T15:49:48.537+0000] {kafka_load.py:40} INFO - Отправлено 1000 сообщений
[2026-04-15T15:49:48.538+0000] {kafka_load.py:51} INFO - Обработка файла geo_events.jsonl завершена
[2026-04-15T15:49:48.538+0000] {kafka_load.py:28} INFO - Обрабатывается файл: location_events.jsonl
[2026-04-15T15:49:48.543+0000] {kafka_load.py:40} INFO - Отправлено 100 сообщений
[2026-04-15T15:49:48.546+0000] {kafka_load.py:40} INFO - Отправлено 200 сообщений
[2026-04-15T15:49:48.549+0000] {kafka_load.py:40} INFO - Отправлено 300 сообщений
[2026-04-15T15:49:48.553+0000] {kafka_load.py:40} INFO - Отправлено 400 сообщений
[2026-04-15T15:49:48.556+0000] {kafka_load.py:40} INFO - Отправлено 500 сообщений
[2026-04-15T15:49:48.558+0000] {kafka_load.py:40} INFO - Отправлено 600 сообщений
[2026-04-15T15:49:48.560+0000] {kafka_load.py:40} INFO - Отправлено 700 сообщений
[2026-04-15T15:49:48.567+0000] {kafka_load.py:40} INFO - Отправлено 800 сообщений
[2026-04-15T15:49:48.570+0000] {kafka_load.py:40} INFO - Отправлено 900 сообщений
[2026-04-15T15:49:48.575+0000] {kafka_load.py:40} INFO - Отправлено 1000 сообщений
[2026-04-15T15:49:48.576+0000] {kafka_load.py:51} INFO - Обработка файла location_events.jsonl завершена
[2026-04-15T15:49:48.885+0000] {kafka_load.py:54} INFO - Обработка файлов успешно завершена
[2026-04-15T15:49:48.887+0000] {python.py:240} INFO - Done. Returned value was: None
[2026-04-15T15:49:48.900+0000] {taskinstance.py:341} INFO - ::group::Post task execution logs
[2026-04-15T15:49:48.901+0000] {taskinstance.py:353} INFO - Marking task as SUCCESS. dag_id=kafka_producer, task_id=send_jsonl_to_kafka, run_id=scheduled__2026-04-13T18:30:00+00:00, execution_date=20260413T183000, start_date=20260415T154948, end_date=20260415T154948
[2026-04-15T15:49:48.963+0000] {local_task_job_runner.py:266} INFO - Task exited with return code 0
[2026-04-15T15:49:48.994+0000] {taskinstance.py:3901} INFO - 1 downstream tasks scheduled from follow-on schedule check
[2026-04-15T15:49:48.998+0000] {local_task_job_runner.py:245} INFO - ::endgroup::
[2026-04-15T16:18:19.719+0000] {local_task_job_runner.py:123} INFO - ::group::Pre task execution logs
[2026-04-15T16:18:19.739+0000] {taskinstance.py:2614} INFO - Dependencies all met for dep_context=non-requeueable deps ti=<TaskInstance: kafka_producer.send_jsonl_to_kafka scheduled__2026-04-13T18:30:00+00:00 [queued]>
[2026-04-15T16:18:19.749+0000] {taskinstance.py:2614} INFO - Dependencies all met for dep_context=requeueable deps ti=<TaskInstance: kafka_producer.send_jsonl_to_kafka scheduled__2026-04-13T18:30:00+00:00 [queued]>
[2026-04-15T16:18:19.752+0000] {taskinstance.py:2867} INFO - Starting attempt 1 of 1
[2026-04-15T16:18:19.771+0000] {taskinstance.py:2890} INFO - Executing <Task(PythonOperator): send_jsonl_to_kafka> on 2026-04-13 18:30:00+00:00
[2026-04-15T16:18:19.781+0000] {warnings.py:112} WARNING - /home/***/.local/lib/python3.12/site-packages/***/task/task_runner/standard_task_runner.py:70: DeprecationWarning: This process (pid=49) is multi-threaded, use of fork() may lead to deadlocks in the child.
  pid = os.fork()

[2026-04-15T16:18:19.785+0000] {standard_task_runner.py:72} INFO - Started process 50 to run task
[2026-04-15T16:18:19.785+0000] {standard_task_runner.py:104} INFO - Running: ['***', 'tasks', 'run', 'kafka_producer', 'send_jsonl_to_kafka', 'scheduled__2026-04-13T18:30:00+00:00', '--job-id', '2', '--raw', '--subdir', 'DAGS_FOLDER/kafka_load.py', '--cfg-path', '/tmp/tmpgp4vbk26']
[2026-04-15T16:18:19.787+0000] {standard_task_runner.py:105} INFO - Job 2: Subtask send_jsonl_to_kafka
[2026-04-15T16:18:19.860+0000] {task_command.py:467} INFO - Running <TaskInstance: kafka_producer.send_jsonl_to_kafka scheduled__2026-04-13T18:30:00+00:00 [running]> on host f0767addd50b
[2026-04-15T16:18:19.970+0000] {taskinstance.py:3134} INFO - Exporting env vars: AIRFLOW_CTX_DAG_OWNER='***' AIRFLOW_CTX_DAG_ID='kafka_producer' AIRFLOW_CTX_TASK_ID='send_jsonl_to_kafka' AIRFLOW_CTX_EXECUTION_DATE='2026-04-13T18:30:00+00:00' AIRFLOW_CTX_TRY_NUMBER='1' AIRFLOW_CTX_DAG_RUN_ID='scheduled__2026-04-13T18:30:00+00:00'
[2026-04-15T16:18:19.971+0000] {taskinstance.py:732} INFO - ::endgroup::
[2026-04-15T16:18:20.027+0000] {kafka_load.py:28} INFO - Обрабатывается файл: browser_events.jsonl
[2026-04-15T16:18:20.033+0000] {kafka_load.py:40} INFO - Отправлено 100 сообщений
[2026-04-15T16:18:20.037+0000] {kafka_load.py:40} INFO - Отправлено 200 сообщений
[2026-04-15T16:18:20.040+0000] {kafka_load.py:40} INFO - Отправлено 300 сообщений
[2026-04-15T16:18:20.042+0000] {kafka_load.py:40} INFO - Отправлено 400 сообщений
[2026-04-15T16:18:20.045+0000] {kafka_load.py:40} INFO - Отправлено 500 сообщений
[2026-04-15T16:18:20.048+0000] {kafka_load.py:40} INFO - Отправлено 600 сообщений
[2026-04-15T16:18:20.051+0000] {kafka_load.py:40} INFO - Отправлено 700 сообщений
[2026-04-15T16:18:20.053+0000] {kafka_load.py:40} INFO - Отправлено 800 сообщений
[2026-04-15T16:18:20.056+0000] {kafka_load.py:40} INFO - Отправлено 900 сообщений
[2026-04-15T16:18:20.060+0000] {kafka_load.py:40} INFO - Отправлено 1000 сообщений
[2026-04-15T16:18:20.061+0000] {kafka_load.py:51} INFO - Обработка файла browser_events.jsonl завершена
[2026-04-15T16:18:20.062+0000] {kafka_load.py:28} INFO - Обрабатывается файл: device_events.jsonl
[2026-04-15T16:18:20.066+0000] {kafka_load.py:40} INFO - Отправлено 100 сообщений
[2026-04-15T16:18:20.069+0000] {kafka_load.py:40} INFO - Отправлено 200 сообщений
[2026-04-15T16:18:20.071+0000] {kafka_load.py:40} INFO - Отправлено 300 сообщений
[2026-04-15T16:18:20.076+0000] {kafka_load.py:40} INFO - Отправлено 400 сообщений
[2026-04-15T16:18:20.080+0000] {kafka_load.py:40} INFO - Отправлено 500 сообщений
[2026-04-15T16:18:20.085+0000] {kafka_load.py:40} INFO - Отправлено 600 сообщений
[2026-04-15T16:18:20.089+0000] {kafka_load.py:40} INFO - Отправлено 700 сообщений
[2026-04-15T16:18:20.092+0000] {kafka_load.py:40} INFO - Отправлено 800 сообщений
[2026-04-15T16:18:20.095+0000] {kafka_load.py:40} INFO - Отправлено 900 сообщений
[2026-04-15T16:18:20.098+0000] {kafka_load.py:40} INFO - Отправлено 1000 сообщений
[2026-04-15T16:18:20.099+0000] {kafka_load.py:42} ERROR - Ошибка JSON в строке: 1001: Expecting ':' delimiter: line 1 column 19 (char 18)
[2026-04-15T16:18:20.100+0000] {kafka_load.py:51} INFO - Обработка файла device_events.jsonl завершена
[2026-04-15T16:18:20.101+0000] {kafka_load.py:28} INFO - Обрабатывается файл: geo_events.jsonl
[2026-04-15T16:18:20.107+0000] {kafka_load.py:40} INFO - Отправлено 100 сообщений
[2026-04-15T16:18:20.111+0000] {kafka_load.py:40} INFO - Отправлено 200 сообщений
[2026-04-15T16:18:20.115+0000] {kafka_load.py:40} INFO - Отправлено 300 сообщений
[2026-04-15T16:18:20.119+0000] {kafka_load.py:40} INFO - Отправлено 400 сообщений
[2026-04-15T16:18:20.121+0000] {kafka_load.py:40} INFO - Отправлено 500 сообщений
[2026-04-15T16:18:20.125+0000] {kafka_load.py:40} INFO - Отправлено 600 сообщений
[2026-04-15T16:18:20.128+0000] {kafka_load.py:40} INFO - Отправлено 700 сообщений
[2026-04-15T16:18:20.131+0000] {kafka_load.py:40} INFO - Отправлено 800 сообщений
[2026-04-15T16:18:20.133+0000] {kafka_load.py:40} INFO - Отправлено 900 сообщений
[2026-04-15T16:18:20.136+0000] {kafka_load.py:40} INFO - Отправлено 1000 сообщений
[2026-04-15T16:18:20.138+0000] {kafka_load.py:51} INFO - Обработка файла geo_events.jsonl завершена
[2026-04-15T16:18:20.139+0000] {kafka_load.py:28} INFO - Обрабатывается файл: location_events.jsonl
[2026-04-15T16:18:20.148+0000] {kafka_load.py:40} INFO - Отправлено 100 сообщений
[2026-04-15T16:18:20.153+0000] {kafka_load.py:40} INFO - Отправлено 200 сообщений
[2026-04-15T16:18:20.159+0000] {kafka_load.py:40} INFO - Отправлено 300 сообщений
[2026-04-15T16:18:20.164+0000] {kafka_load.py:40} INFO - Отправлено 400 сообщений
[2026-04-15T16:18:20.168+0000] {kafka_load.py:40} INFO - Отправлено 500 сообщений
[2026-04-15T16:18:20.170+0000] {kafka_load.py:40} INFO - Отправлено 600 сообщений
[2026-04-15T16:18:20.173+0000] {kafka_load.py:40} INFO - Отправлено 700 сообщений
[2026-04-15T16:18:20.177+0000] {kafka_load.py:40} INFO - Отправлено 800 сообщений
[2026-04-15T16:18:20.182+0000] {kafka_load.py:40} INFO - Отправлено 900 сообщений
[2026-04-15T16:18:20.189+0000] {kafka_load.py:40} INFO - Отправлено 1000 сообщений
[2026-04-15T16:18:20.190+0000] {kafka_load.py:51} INFO - Обработка файла location_events.jsonl завершена
[2026-04-15T16:18:20.267+0000] {kafka_load.py:54} INFO - Обработка файлов успешно завершена
[2026-04-15T16:18:20.268+0000] {python.py:240} INFO - Done. Returned value was: None
[2026-04-15T16:18:20.281+0000] {taskinstance.py:341} INFO - ::group::Post task execution logs
[2026-04-15T16:18:20.281+0000] {taskinstance.py:353} INFO - Marking task as SUCCESS. dag_id=kafka_producer, task_id=send_jsonl_to_kafka, run_id=scheduled__2026-04-13T18:30:00+00:00, execution_date=20260413T183000, start_date=20260415T161819, end_date=20260415T161820
[2026-04-15T16:18:20.364+0000] {local_task_job_runner.py:266} INFO - Task exited with return code 0
[2026-04-15T16:18:20.394+0000] {taskinstance.py:3901} INFO - 1 downstream tasks scheduled from follow-on schedule check
[2026-04-15T16:18:20.397+0000] {local_task_job_runner.py:245} INFO - ::endgroup::
[2026-04-15T16:29:14.817+0000] {local_task_job_runner.py:123} INFO - ::group::Pre task execution logs
[2026-04-15T16:29:14.847+0000] {taskinstance.py:2614} INFO - Dependencies all met for dep_context=non-requeueable deps ti=<TaskInstance: kafka_producer.send_jsonl_to_kafka scheduled__2026-04-13T18:30:00+00:00 [queued]>
[2026-04-15T16:29:14.877+0000] {taskinstance.py:2614} INFO - Dependencies all met for dep_context=requeueable deps ti=<TaskInstance: kafka_producer.send_jsonl_to_kafka scheduled__2026-04-13T18:30:00+00:00 [queued]>
[2026-04-15T16:29:14.878+0000] {taskinstance.py:2867} INFO - Starting attempt 1 of 1
[2026-04-15T16:29:14.898+0000] {taskinstance.py:2890} INFO - Executing <Task(PythonOperator): send_jsonl_to_kafka> on 2026-04-13 18:30:00+00:00
[2026-04-15T16:29:14.910+0000] {standard_task_runner.py:104} INFO - Running: ['***', 'tasks', 'run', 'kafka_producer', 'send_jsonl_to_kafka', 'scheduled__2026-04-13T18:30:00+00:00', '--job-id', '2', '--raw', '--subdir', 'DAGS_FOLDER/kafka_load.py', '--cfg-path', '/tmp/tmp596ku5gm']
[2026-04-15T16:29:14.913+0000] {standard_task_runner.py:105} INFO - Job 2: Subtask send_jsonl_to_kafka
[2026-04-15T16:29:14.909+0000] {warnings.py:112} WARNING - /home/***/.local/lib/python3.12/site-packages/***/task/task_runner/standard_task_runner.py:70: DeprecationWarning: This process (pid=48) is multi-threaded, use of fork() may lead to deadlocks in the child.
  pid = os.fork()

[2026-04-15T16:29:14.915+0000] {standard_task_runner.py:72} INFO - Started process 49 to run task
[2026-04-15T16:29:15.002+0000] {task_command.py:467} INFO - Running <TaskInstance: kafka_producer.send_jsonl_to_kafka scheduled__2026-04-13T18:30:00+00:00 [running]> on host 4bee53555a23
[2026-04-15T16:29:15.132+0000] {taskinstance.py:3134} INFO - Exporting env vars: AIRFLOW_CTX_DAG_OWNER='***' AIRFLOW_CTX_DAG_ID='kafka_producer' AIRFLOW_CTX_TASK_ID='send_jsonl_to_kafka' AIRFLOW_CTX_EXECUTION_DATE='2026-04-13T18:30:00+00:00' AIRFLOW_CTX_TRY_NUMBER='1' AIRFLOW_CTX_DAG_RUN_ID='scheduled__2026-04-13T18:30:00+00:00'
[2026-04-15T16:29:15.133+0000] {taskinstance.py:732} INFO - ::endgroup::
[2026-04-15T16:29:15.193+0000] {kafka_load.py:28} INFO - Обрабатывается файл: browser_events.jsonl
[2026-04-15T16:29:15.199+0000] {kafka_load.py:40} INFO - Отправлено 100 сообщений
[2026-04-15T16:29:15.202+0000] {kafka_load.py:40} INFO - Отправлено 200 сообщений
[2026-04-15T16:29:15.204+0000] {kafka_load.py:40} INFO - Отправлено 300 сообщений
[2026-04-15T16:29:15.208+0000] {kafka_load.py:40} INFO - Отправлено 400 сообщений
[2026-04-15T16:29:15.211+0000] {kafka_load.py:40} INFO - Отправлено 500 сообщений
[2026-04-15T16:29:15.214+0000] {kafka_load.py:40} INFO - Отправлено 600 сообщений
[2026-04-15T16:29:15.216+0000] {kafka_load.py:40} INFO - Отправлено 700 сообщений
[2026-04-15T16:29:15.218+0000] {kafka_load.py:40} INFO - Отправлено 800 сообщений
[2026-04-15T16:29:15.220+0000] {kafka_load.py:40} INFO - Отправлено 900 сообщений
[2026-04-15T16:29:15.223+0000] {kafka_load.py:40} INFO - Отправлено 1000 сообщений
[2026-04-15T16:29:15.225+0000] {kafka_load.py:52} INFO - Обработка файла browser_events.jsonl завершена
[2026-04-15T16:29:15.226+0000] {kafka_load.py:28} INFO - Обрабатывается файл: device_events.jsonl
[2026-04-15T16:29:15.232+0000] {kafka_load.py:40} INFO - Отправлено 100 сообщений
[2026-04-15T16:29:15.234+0000] {kafka_load.py:40} INFO - Отправлено 200 сообщений
[2026-04-15T16:29:15.236+0000] {kafka_load.py:40} INFO - Отправлено 300 сообщений
[2026-04-15T16:29:15.239+0000] {kafka_load.py:40} INFO - Отправлено 400 сообщений
[2026-04-15T16:29:15.245+0000] {kafka_load.py:40} INFO - Отправлено 500 сообщений
[2026-04-15T16:29:15.250+0000] {kafka_load.py:40} INFO - Отправлено 600 сообщений
[2026-04-15T16:29:15.254+0000] {kafka_load.py:40} INFO - Отправлено 700 сообщений
[2026-04-15T16:29:15.265+0000] {kafka_load.py:40} INFO - Отправлено 800 сообщений
[2026-04-15T16:29:15.268+0000] {kafka_load.py:40} INFO - Отправлено 900 сообщений
[2026-04-15T16:29:15.280+0000] {kafka_load.py:40} INFO - Отправлено 1000 сообщений
[2026-04-15T16:29:15.282+0000] {kafka_load.py:42} ERROR - Ошибка JSON в строке: 1001: Expecting ':' delimiter: line 1 column 19 (char 18)
[2026-04-15T16:29:15.288+0000] {kafka_load.py:52} INFO - Обработка файла device_events.jsonl завершена
[2026-04-15T16:29:15.289+0000] {kafka_load.py:28} INFO - Обрабатывается файл: geo_events.jsonl
[2026-04-15T16:29:15.366+0000] {kafka_load.py:40} INFO - Отправлено 100 сообщений
[2026-04-15T16:29:15.396+0000] {kafka_load.py:40} INFO - Отправлено 200 сообщений
[2026-04-15T16:29:15.399+0000] {kafka_load.py:40} INFO - Отправлено 300 сообщений
[2026-04-15T16:29:15.498+0000] {kafka_load.py:40} INFO - Отправлено 400 сообщений
[2026-04-15T16:29:15.565+0000] {kafka_load.py:40} INFO - Отправлено 500 сообщений
[2026-04-15T16:29:15.616+0000] {kafka_load.py:40} INFO - Отправлено 600 сообщений
[2026-04-15T16:29:15.670+0000] {kafka_load.py:40} INFO - Отправлено 700 сообщений
[2026-04-15T16:29:15.674+0000] {kafka_load.py:40} INFO - Отправлено 800 сообщений
[2026-04-15T16:29:15.683+0000] {kafka_load.py:40} INFO - Отправлено 900 сообщений
[2026-04-15T16:29:15.693+0000] {kafka_load.py:40} INFO - Отправлено 1000 сообщений
[2026-04-15T16:29:15.695+0000] {kafka_load.py:52} INFO - Обработка файла geo_events.jsonl завершена
[2026-04-15T16:29:15.700+0000] {kafka_load.py:28} INFO - Обрабатывается файл: location_events.jsonl
[2026-04-15T16:29:15.720+0000] {kafka_load.py:40} INFO - Отправлено 100 сообщений
[2026-04-15T16:29:15.728+0000] {kafka_load.py:40} INFO - Отправлено 200 сообщений
[2026-04-15T16:29:15.733+0000] {kafka_load.py:40} INFO - Отправлено 300 сообщений
[2026-04-15T16:29:15.737+0000] {kafka_load.py:40} INFO - Отправлено 400 сообщений
[2026-04-15T16:29:15.741+0000] {kafka_load.py:40} INFO - Отправлено 500 сообщений
[2026-04-15T16:29:15.750+0000] {kafka_load.py:40} INFO - Отправлено 600 сообщений
[2026-04-15T16:29:15.755+0000] {kafka_load.py:40} INFO - Отправлено 700 сообщений
[2026-04-15T16:29:15.778+0000] {kafka_load.py:40} INFO - Отправлено 800 сообщений
[2026-04-15T16:29:15.781+0000] {kafka_load.py:40} INFO - Отправлено 900 сообщений
[2026-04-15T16:29:15.797+0000] {kafka_load.py:40} INFO - Отправлено 1000 сообщений
[2026-04-15T16:29:15.799+0000] {kafka_load.py:52} INFO - Обработка файла location_events.jsonl завершена
[2026-04-15T16:29:15.828+0000] {kafka_load.py:55} INFO - Обработка файлов успешно завершена
[2026-04-15T16:29:15.835+0000] {python.py:240} INFO - Done. Returned value was: None
[2026-04-15T16:29:15.870+0000] {taskinstance.py:341} INFO - ::group::Post task execution logs
[2026-04-15T16:29:15.871+0000] {taskinstance.py:353} INFO - Marking task as SUCCESS. dag_id=kafka_producer, task_id=send_jsonl_to_kafka, run_id=scheduled__2026-04-13T18:30:00+00:00, execution_date=20260413T183000, start_date=20260415T162914, end_date=20260415T162915
[2026-04-15T16:29:16.021+0000] {local_task_job_runner.py:266} INFO - Task exited with return code 0
[2026-04-15T16:29:16.124+0000] {taskinstance.py:3901} INFO - 1 downstream tasks scheduled from follow-on schedule check
[2026-04-15T16:29:16.130+0000] {local_task_job_runner.py:245} INFO - ::endgroup::
[2026-04-15T16:55:41.932+0000] {local_task_job_runner.py:123} INFO - ::group::Pre task execution logs
[2026-04-15T16:55:41.953+0000] {taskinstance.py:2614} INFO - Dependencies all met for dep_context=non-requeueable deps ti=<TaskInstance: kafka_producer.send_jsonl_to_kafka scheduled__2026-04-13T18:30:00+00:00 [queued]>
[2026-04-15T16:55:41.964+0000] {taskinstance.py:2614} INFO - Dependencies all met for dep_context=requeueable deps ti=<TaskInstance: kafka_producer.send_jsonl_to_kafka scheduled__2026-04-13T18:30:00+00:00 [queued]>
[2026-04-15T16:55:41.964+0000] {taskinstance.py:2867} INFO - Starting attempt 1 of 1
[2026-04-15T16:55:41.982+0000] {taskinstance.py:2890} INFO - Executing <Task(PythonOperator): send_jsonl_to_kafka> on 2026-04-13 18:30:00+00:00
[2026-04-15T16:55:41.989+0000] {warnings.py:112} WARNING - /home/***/.local/lib/python3.12/site-packages/***/task/task_runner/standard_task_runner.py:70: DeprecationWarning: This process (pid=48) is multi-threaded, use of fork() may lead to deadlocks in the child.
  pid = os.fork()

[2026-04-15T16:55:41.993+0000] {standard_task_runner.py:72} INFO - Started process 49 to run task
[2026-04-15T16:55:41.994+0000] {standard_task_runner.py:104} INFO - Running: ['***', 'tasks', 'run', 'kafka_producer', 'send_jsonl_to_kafka', 'scheduled__2026-04-13T18:30:00+00:00', '--job-id', '2', '--raw', '--subdir', 'DAGS_FOLDER/kafka_load.py', '--cfg-path', '/tmp/tmp4nnlzf6a']
[2026-04-15T16:55:41.997+0000] {standard_task_runner.py:105} INFO - Job 2: Subtask send_jsonl_to_kafka
[2026-04-15T16:55:42.071+0000] {task_command.py:467} INFO - Running <TaskInstance: kafka_producer.send_jsonl_to_kafka scheduled__2026-04-13T18:30:00+00:00 [running]> on host a622c0004c83
[2026-04-15T16:55:42.182+0000] {taskinstance.py:3134} INFO - Exporting env vars: AIRFLOW_CTX_DAG_OWNER='***' AIRFLOW_CTX_DAG_ID='kafka_producer' AIRFLOW_CTX_TASK_ID='send_jsonl_to_kafka' AIRFLOW_CTX_EXECUTION_DATE='2026-04-13T18:30:00+00:00' AIRFLOW_CTX_TRY_NUMBER='1' AIRFLOW_CTX_DAG_RUN_ID='scheduled__2026-04-13T18:30:00+00:00'
[2026-04-15T16:55:42.183+0000] {taskinstance.py:732} INFO - ::endgroup::
[2026-04-15T16:55:42.243+0000] {kafka_load.py:28} INFO - Обрабатывается файл: browser_events.jsonl
[2026-04-15T16:55:42.247+0000] {kafka_load.py:40} INFO - Отправлено 100 сообщений
[2026-04-15T16:55:42.250+0000] {kafka_load.py:40} INFO - Отправлено 200 сообщений
[2026-04-15T16:55:42.253+0000] {kafka_load.py:40} INFO - Отправлено 300 сообщений
[2026-04-15T16:55:42.264+0000] {kafka_load.py:40} INFO - Отправлено 400 сообщений
[2026-04-15T16:55:42.267+0000] {kafka_load.py:40} INFO - Отправлено 500 сообщений
[2026-04-15T16:55:42.274+0000] {kafka_load.py:40} INFO - Отправлено 600 сообщений
[2026-04-15T16:55:42.276+0000] {kafka_load.py:40} INFO - Отправлено 700 сообщений
[2026-04-15T16:55:42.278+0000] {kafka_load.py:40} INFO - Отправлено 800 сообщений
[2026-04-15T16:55:42.280+0000] {kafka_load.py:40} INFO - Отправлено 900 сообщений
[2026-04-15T16:55:42.282+0000] {kafka_load.py:40} INFO - Отправлено 1000 сообщений
[2026-04-15T16:55:42.283+0000] {kafka_load.py:52} INFO - Обработка файла browser_events.jsonl завершена
[2026-04-15T16:55:42.284+0000] {kafka_load.py:28} INFO - Обрабатывается файл: device_events.jsonl
[2026-04-15T16:55:42.298+0000] {kafka_load.py:40} INFO - Отправлено 100 сообщений
[2026-04-15T16:55:42.307+0000] {kafka_load.py:40} INFO - Отправлено 200 сообщений
[2026-04-15T16:55:42.311+0000] {kafka_load.py:40} INFO - Отправлено 300 сообщений
[2026-04-15T16:55:42.313+0000] {kafka_load.py:40} INFO - Отправлено 400 сообщений
[2026-04-15T16:55:42.315+0000] {kafka_load.py:40} INFO - Отправлено 500 сообщений
[2026-04-15T16:55:42.317+0000] {kafka_load.py:40} INFO - Отправлено 600 сообщений
[2026-04-15T16:55:42.320+0000] {kafka_load.py:40} INFO - Отправлено 700 сообщений
[2026-04-15T16:55:42.322+0000] {kafka_load.py:40} INFO - Отправлено 800 сообщений
[2026-04-15T16:55:42.325+0000] {kafka_load.py:40} INFO - Отправлено 900 сообщений
[2026-04-15T16:55:42.328+0000] {kafka_load.py:40} INFO - Отправлено 1000 сообщений
[2026-04-15T16:55:42.328+0000] {kafka_load.py:42} ERROR - Ошибка JSON в строке: 1001: Expecting ':' delimiter: line 1 column 19 (char 18)
[2026-04-15T16:55:42.329+0000] {kafka_load.py:48} ERROR - УСПЕШНО ЗАВЕРШИЛСЯ error_log
[2026-04-15T16:55:42.330+0000] {kafka_load.py:52} INFO - Обработка файла device_events.jsonl завершена
[2026-04-15T16:55:42.330+0000] {kafka_load.py:28} INFO - Обрабатывается файл: geo_events.jsonl
[2026-04-15T16:55:42.340+0000] {kafka_load.py:40} INFO - Отправлено 100 сообщений
[2026-04-15T16:55:42.343+0000] {kafka_load.py:40} INFO - Отправлено 200 сообщений
[2026-04-15T16:55:42.346+0000] {kafka_load.py:40} INFO - Отправлено 300 сообщений
[2026-04-15T16:55:42.350+0000] {kafka_load.py:40} INFO - Отправлено 400 сообщений
[2026-04-15T16:55:42.352+0000] {kafka_load.py:40} INFO - Отправлено 500 сообщений
[2026-04-15T16:55:42.354+0000] {kafka_load.py:40} INFO - Отправлено 600 сообщений
[2026-04-15T16:55:42.356+0000] {kafka_load.py:40} INFO - Отправлено 700 сообщений
[2026-04-15T16:55:42.359+0000] {kafka_load.py:40} INFO - Отправлено 800 сообщений
[2026-04-15T16:55:42.367+0000] {kafka_load.py:40} INFO - Отправлено 900 сообщений
[2026-04-15T16:55:42.370+0000] {kafka_load.py:40} INFO - Отправлено 1000 сообщений
[2026-04-15T16:55:42.376+0000] {kafka_load.py:52} INFO - Обработка файла geo_events.jsonl завершена
[2026-04-15T16:55:42.377+0000] {kafka_load.py:28} INFO - Обрабатывается файл: location_events.jsonl
[2026-04-15T16:55:42.386+0000] {kafka_load.py:40} INFO - Отправлено 100 сообщений
[2026-04-15T16:55:42.392+0000] {kafka_load.py:40} INFO - Отправлено 200 сообщений
[2026-04-15T16:55:42.395+0000] {kafka_load.py:40} INFO - Отправлено 300 сообщений
[2026-04-15T16:55:42.397+0000] {kafka_load.py:40} INFO - Отправлено 400 сообщений
[2026-04-15T16:55:42.400+0000] {kafka_load.py:40} INFO - Отправлено 500 сообщений
[2026-04-15T16:55:42.405+0000] {kafka_load.py:40} INFO - Отправлено 600 сообщений
[2026-04-15T16:55:42.408+0000] {kafka_load.py:40} INFO - Отправлено 700 сообщений
[2026-04-15T16:55:42.412+0000] {kafka_load.py:40} INFO - Отправлено 800 сообщений
[2026-04-15T16:55:42.415+0000] {kafka_load.py:40} INFO - Отправлено 900 сообщений
[2026-04-15T16:55:42.420+0000] {kafka_load.py:40} INFO - Отправлено 1000 сообщений
[2026-04-15T16:55:42.421+0000] {kafka_load.py:52} INFO - Обработка файла location_events.jsonl завершена
[2026-04-15T16:55:42.494+0000] {kafka_load.py:55} INFO - Обработка файлов успешно завершена
[2026-04-15T16:55:42.495+0000] {python.py:240} INFO - Done. Returned value was: None
[2026-04-15T16:55:42.508+0000] {taskinstance.py:341} INFO - ::group::Post task execution logs
[2026-04-15T16:55:42.509+0000] {taskinstance.py:353} INFO - Marking task as SUCCESS. dag_id=kafka_producer, task_id=send_jsonl_to_kafka, run_id=scheduled__2026-04-13T18:30:00+00:00, execution_date=20260413T183000, start_date=20260415T165541, end_date=20260415T165542
[2026-04-15T16:55:42.574+0000] {local_task_job_runner.py:266} INFO - Task exited with return code 0
[2026-04-15T16:55:42.608+0000] {taskinstance.py:3901} INFO - 1 downstream tasks scheduled from follow-on schedule check
[2026-04-15T16:55:42.614+0000] {local_task_job_runner.py:245} INFO - ::endgroup::
[2026-04-15T17:12:49.975+0000] {local_task_job_runner.py:123} INFO - ::group::Pre task execution logs
[2026-04-15T17:12:49.999+0000] {taskinstance.py:2614} INFO - Dependencies all met for dep_context=non-requeueable deps ti=<TaskInstance: kafka_producer.send_jsonl_to_kafka scheduled__2026-04-13T18:30:00+00:00 [queued]>
[2026-04-15T17:12:50.010+0000] {taskinstance.py:2614} INFO - Dependencies all met for dep_context=requeueable deps ti=<TaskInstance: kafka_producer.send_jsonl_to_kafka scheduled__2026-04-13T18:30:00+00:00 [queued]>
[2026-04-15T17:12:50.011+0000] {taskinstance.py:2867} INFO - Starting attempt 1 of 1
[2026-04-15T17:12:50.028+0000] {taskinstance.py:2890} INFO - Executing <Task(PythonOperator): send_jsonl_to_kafka> on 2026-04-13 18:30:00+00:00
[2026-04-15T17:12:50.038+0000] {warnings.py:112} WARNING - /home/***/.local/lib/python3.12/site-packages/***/task/task_runner/standard_task_runner.py:70: DeprecationWarning: This process (pid=49) is multi-threaded, use of fork() may lead to deadlocks in the child.
  pid = os.fork()

[2026-04-15T17:12:50.041+0000] {standard_task_runner.py:72} INFO - Started process 50 to run task
[2026-04-15T17:12:50.040+0000] {standard_task_runner.py:104} INFO - Running: ['***', 'tasks', 'run', 'kafka_producer', 'send_jsonl_to_kafka', 'scheduled__2026-04-13T18:30:00+00:00', '--job-id', '2', '--raw', '--subdir', 'DAGS_FOLDER/kafka_load.py', '--cfg-path', '/tmp/tmp1lok5kmo']
[2026-04-15T17:12:50.043+0000] {standard_task_runner.py:105} INFO - Job 2: Subtask send_jsonl_to_kafka
[2026-04-15T17:12:50.120+0000] {task_command.py:467} INFO - Running <TaskInstance: kafka_producer.send_jsonl_to_kafka scheduled__2026-04-13T18:30:00+00:00 [running]> on host bfdc81498a94
[2026-04-15T17:12:50.292+0000] {taskinstance.py:3134} INFO - Exporting env vars: AIRFLOW_CTX_DAG_OWNER='***' AIRFLOW_CTX_DAG_ID='kafka_producer' AIRFLOW_CTX_TASK_ID='send_jsonl_to_kafka' AIRFLOW_CTX_EXECUTION_DATE='2026-04-13T18:30:00+00:00' AIRFLOW_CTX_TRY_NUMBER='1' AIRFLOW_CTX_DAG_RUN_ID='scheduled__2026-04-13T18:30:00+00:00'
[2026-04-15T17:12:50.294+0000] {taskinstance.py:732} INFO - ::endgroup::
[2026-04-15T17:12:50.368+0000] {kafka_load.py:28} INFO - Обрабатывается файл: browser_events.jsonl
[2026-04-15T17:12:50.376+0000] {kafka_load.py:40} INFO - Отправлено 100 сообщений
[2026-04-15T17:12:50.378+0000] {kafka_load.py:40} INFO - Отправлено 200 сообщений
[2026-04-15T17:12:50.381+0000] {kafka_load.py:40} INFO - Отправлено 300 сообщений
[2026-04-15T17:12:50.387+0000] {kafka_load.py:40} INFO - Отправлено 400 сообщений
[2026-04-15T17:12:50.389+0000] {kafka_load.py:40} INFO - Отправлено 500 сообщений
[2026-04-15T17:12:50.391+0000] {kafka_load.py:40} INFO - Отправлено 600 сообщений
[2026-04-15T17:12:50.394+0000] {kafka_load.py:40} INFO - Отправлено 700 сообщений
[2026-04-15T17:12:50.396+0000] {kafka_load.py:40} INFO - Отправлено 800 сообщений
[2026-04-15T17:12:50.401+0000] {kafka_load.py:40} INFO - Отправлено 900 сообщений
[2026-04-15T17:12:50.404+0000] {kafka_load.py:40} INFO - Отправлено 1000 сообщений
[2026-04-15T17:12:50.405+0000] {kafka_load.py:53} INFO - Обработка файла browser_events.jsonl завершена
[2026-04-15T17:12:50.405+0000] {kafka_load.py:28} INFO - Обрабатывается файл: device_events.jsonl
[2026-04-15T17:12:50.409+0000] {kafka_load.py:40} INFO - Отправлено 100 сообщений
[2026-04-15T17:12:50.411+0000] {kafka_load.py:40} INFO - Отправлено 200 сообщений
[2026-04-15T17:12:50.412+0000] {kafka_load.py:40} INFO - Отправлено 300 сообщений
[2026-04-15T17:12:50.419+0000] {kafka_load.py:40} INFO - Отправлено 400 сообщений
[2026-04-15T17:12:50.424+0000] {kafka_load.py:40} INFO - Отправлено 500 сообщений
[2026-04-15T17:12:50.427+0000] {kafka_load.py:40} INFO - Отправлено 600 сообщений
[2026-04-15T17:12:50.429+0000] {kafka_load.py:40} INFO - Отправлено 700 сообщений
[2026-04-15T17:12:50.430+0000] {kafka_load.py:40} INFO - Отправлено 800 сообщений
[2026-04-15T17:12:50.436+0000] {kafka_load.py:40} INFO - Отправлено 900 сообщений
[2026-04-15T17:12:50.439+0000] {kafka_load.py:40} INFO - Отправлено 1000 сообщений
[2026-04-15T17:12:50.439+0000] {kafka_load.py:42} ERROR - Ошибка JSON в строке: 1001: Expecting ':' delimiter: line 1 column 19 (char 18)
[2026-04-15T17:12:50.622+0000] {kafka_load.py:53} INFO - Обработка файла device_events.jsonl завершена
[2026-04-15T17:12:50.622+0000] {kafka_load.py:28} INFO - Обрабатывается файл: geo_events.jsonl
[2026-04-15T17:12:50.630+0000] {kafka_load.py:40} INFO - Отправлено 100 сообщений
[2026-04-15T17:12:50.636+0000] {kafka_load.py:40} INFO - Отправлено 200 сообщений
[2026-04-15T17:12:50.638+0000] {kafka_load.py:40} INFO - Отправлено 300 сообщений
[2026-04-15T17:12:50.640+0000] {kafka_load.py:40} INFO - Отправлено 400 сообщений
[2026-04-15T17:12:50.642+0000] {kafka_load.py:40} INFO - Отправлено 500 сообщений
[2026-04-15T17:12:50.644+0000] {kafka_load.py:40} INFO - Отправлено 600 сообщений
[2026-04-15T17:12:50.646+0000] {kafka_load.py:40} INFO - Отправлено 700 сообщений
[2026-04-15T17:12:50.650+0000] {kafka_load.py:40} INFO - Отправлено 800 сообщений
[2026-04-15T17:12:50.653+0000] {kafka_load.py:40} INFO - Отправлено 900 сообщений
[2026-04-15T17:12:50.658+0000] {kafka_load.py:40} INFO - Отправлено 1000 сообщений
[2026-04-15T17:12:50.666+0000] {kafka_load.py:53} INFO - Обработка файла geo_events.jsonl завершена
[2026-04-15T17:12:50.667+0000] {kafka_load.py:28} INFO - Обрабатывается файл: location_events.jsonl
[2026-04-15T17:12:50.679+0000] {kafka_load.py:40} INFO - Отправлено 100 сообщений
[2026-04-15T17:12:50.682+0000] {kafka_load.py:40} INFO - Отправлено 200 сообщений
[2026-04-15T17:12:50.687+0000] {kafka_load.py:40} INFO - Отправлено 300 сообщений
[2026-04-15T17:12:50.690+0000] {kafka_load.py:40} INFO - Отправлено 400 сообщений
[2026-04-15T17:12:50.692+0000] {kafka_load.py:40} INFO - Отправлено 500 сообщений
[2026-04-15T17:12:50.694+0000] {kafka_load.py:40} INFO - Отправлено 600 сообщений
[2026-04-15T17:12:50.696+0000] {kafka_load.py:40} INFO - Отправлено 700 сообщений
[2026-04-15T17:12:50.705+0000] {kafka_load.py:40} INFO - Отправлено 800 сообщений
[2026-04-15T17:12:50.711+0000] {kafka_load.py:40} INFO - Отправлено 900 сообщений
[2026-04-15T17:12:50.719+0000] {kafka_load.py:40} INFO - Отправлено 1000 сообщений
[2026-04-15T17:12:50.720+0000] {kafka_load.py:53} INFO - Обработка файла location_events.jsonl завершена
[2026-04-15T17:12:50.788+0000] {kafka_load.py:56} INFO - Обработка файлов успешно завершена
[2026-04-15T17:12:50.790+0000] {python.py:240} INFO - Done. Returned value was: None
[2026-04-15T17:12:50.805+0000] {taskinstance.py:341} INFO - ::group::Post task execution logs
[2026-04-15T17:12:50.805+0000] {taskinstance.py:353} INFO - Marking task as SUCCESS. dag_id=kafka_producer, task_id=send_jsonl_to_kafka, run_id=scheduled__2026-04-13T18:30:00+00:00, execution_date=20260413T183000, start_date=20260415T171249, end_date=20260415T171250
[2026-04-15T17:12:50.865+0000] {local_task_job_runner.py:266} INFO - Task exited with return code 0
[2026-04-15T17:12:50.894+0000] {taskinstance.py:3901} INFO - 1 downstream tasks scheduled from follow-on schedule check
[2026-04-15T17:12:50.897+0000] {local_task_job_runner.py:245} INFO - ::endgroup::
