[2026-03-29T12:22:32.582+0000] {local_task_job_runner.py:123} INFO - ::group::Pre task execution logs
[2026-03-29T12:22:32.603+0000] {taskinstance.py:2614} INFO - Dependencies all met for dep_context=non-requeueable deps ti=<TaskInstance: kafka_producer.send_jsonl_to_kafka manual__2026-03-29T12:22:29.655991+00:00 [queued]>
[2026-03-29T12:22:32.613+0000] {taskinstance.py:2614} INFO - Dependencies all met for dep_context=requeueable deps ti=<TaskInstance: kafka_producer.send_jsonl_to_kafka manual__2026-03-29T12:22:29.655991+00:00 [queued]>
[2026-03-29T12:22:32.614+0000] {taskinstance.py:2867} INFO - Starting attempt 1 of 1
[2026-03-29T12:22:32.633+0000] {taskinstance.py:2890} INFO - Executing <Task(PythonOperator): send_jsonl_to_kafka> on 2026-03-29 12:22:29.655991+00:00
[2026-03-29T12:22:32.641+0000] {warnings.py:112} WARNING - /home/***/.local/lib/python3.12/site-packages/***/task/task_runner/standard_task_runner.py:70: DeprecationWarning: This process (pid=48) is multi-threaded, use of fork() may lead to deadlocks in the child.
  pid = os.fork()

[2026-03-29T12:22:32.644+0000] {standard_task_runner.py:72} INFO - Started process 49 to run task
[2026-03-29T12:22:32.643+0000] {standard_task_runner.py:104} INFO - Running: ['***', 'tasks', 'run', 'kafka_producer', 'send_jsonl_to_kafka', 'manual__2026-03-29T12:22:29.655991+00:00', '--job-id', '2', '--raw', '--subdir', 'DAGS_FOLDER/kafka_load.py', '--cfg-path', '/tmp/tmpfe37h12b']
[2026-03-29T12:22:32.645+0000] {standard_task_runner.py:105} INFO - Job 2: Subtask send_jsonl_to_kafka
[2026-03-29T12:22:32.717+0000] {task_command.py:467} INFO - Running <TaskInstance: kafka_producer.send_jsonl_to_kafka manual__2026-03-29T12:22:29.655991+00:00 [running]> on host 9e990a00ceda
[2026-03-29T12:22:33.435+0000] {taskinstance.py:3134} INFO - Exporting env vars: AIRFLOW_CTX_DAG_OWNER='***' AIRFLOW_CTX_DAG_ID='kafka_producer' AIRFLOW_CTX_TASK_ID='send_jsonl_to_kafka' AIRFLOW_CTX_EXECUTION_DATE='2026-03-29T12:22:29.655991+00:00' AIRFLOW_CTX_TRY_NUMBER='1' AIRFLOW_CTX_DAG_RUN_ID='manual__2026-03-29T12:22:29.655991+00:00'
[2026-03-29T12:22:33.436+0000] {taskinstance.py:732} INFO - ::endgroup::
[2026-03-29T12:22:33.491+0000] {logging_mixin.py:190} INFO - 📄 Обработка файла: browser_events.jsonl
[2026-03-29T12:22:33.501+0000] {logging_mixin.py:190} INFO -   📨 Отправлено 100 сообщений
[2026-03-29T12:22:33.503+0000] {logging_mixin.py:190} INFO -   📨 Отправлено 200 сообщений
[2026-03-29T12:22:33.506+0000] {logging_mixin.py:190} INFO -   📨 Отправлено 300 сообщений
[2026-03-29T12:22:33.509+0000] {logging_mixin.py:190} INFO -   📨 Отправлено 400 сообщений
[2026-03-29T12:22:33.512+0000] {logging_mixin.py:190} INFO -   📨 Отправлено 500 сообщений
[2026-03-29T12:22:33.514+0000] {logging_mixin.py:190} INFO -   📨 Отправлено 600 сообщений
[2026-03-29T12:22:33.516+0000] {logging_mixin.py:190} INFO -   📨 Отправлено 700 сообщений
[2026-03-29T12:22:33.519+0000] {logging_mixin.py:190} INFO -   📨 Отправлено 800 сообщений
[2026-03-29T12:22:33.522+0000] {logging_mixin.py:190} INFO -   📨 Отправлено 900 сообщений
[2026-03-29T12:22:33.525+0000] {logging_mixin.py:190} INFO -   📨 Отправлено 1000 сообщений
[2026-03-29T12:22:33.526+0000] {logging_mixin.py:190} INFO -   ✅ Файл browser_events.jsonl обработан
[2026-03-29T12:22:33.527+0000] {logging_mixin.py:190} INFO - 📄 Обработка файла: device_events.jsonl
[2026-03-29T12:22:33.531+0000] {logging_mixin.py:190} INFO -   📨 Отправлено 100 сообщений
[2026-03-29T12:22:33.534+0000] {logging_mixin.py:190} INFO -   📨 Отправлено 200 сообщений
[2026-03-29T12:22:33.536+0000] {logging_mixin.py:190} INFO -   📨 Отправлено 300 сообщений
[2026-03-29T12:22:33.538+0000] {logging_mixin.py:190} INFO -   📨 Отправлено 400 сообщений
[2026-03-29T12:22:33.541+0000] {logging_mixin.py:190} INFO -   📨 Отправлено 500 сообщений
[2026-03-29T12:22:33.544+0000] {logging_mixin.py:190} INFO -   📨 Отправлено 600 сообщений
[2026-03-29T12:22:33.553+0000] {logging_mixin.py:190} INFO -   📨 Отправлено 700 сообщений
[2026-03-29T12:22:33.556+0000] {logging_mixin.py:190} INFO -   📨 Отправлено 800 сообщений
[2026-03-29T12:22:33.559+0000] {logging_mixin.py:190} INFO -   📨 Отправлено 900 сообщений
[2026-03-29T12:22:33.562+0000] {logging_mixin.py:190} INFO -   📨 Отправлено 1000 сообщений
[2026-03-29T12:22:33.564+0000] {logging_mixin.py:190} INFO -   ✅ Файл device_events.jsonl обработан
[2026-03-29T12:22:33.565+0000] {logging_mixin.py:190} INFO - 📄 Обработка файла: geo_events.jsonl
[2026-03-29T12:22:33.571+0000] {logging_mixin.py:190} INFO -   📨 Отправлено 100 сообщений
[2026-03-29T12:22:33.576+0000] {logging_mixin.py:190} INFO -   📨 Отправлено 200 сообщений
[2026-03-29T12:22:33.583+0000] {logging_mixin.py:190} INFO -   📨 Отправлено 300 сообщений
[2026-03-29T12:22:33.587+0000] {logging_mixin.py:190} INFO -   📨 Отправлено 400 сообщений
[2026-03-29T12:22:33.590+0000] {logging_mixin.py:190} INFO -   📨 Отправлено 500 сообщений
[2026-03-29T12:22:33.595+0000] {logging_mixin.py:190} INFO -   📨 Отправлено 600 сообщений
[2026-03-29T12:22:33.599+0000] {logging_mixin.py:190} INFO -   📨 Отправлено 700 сообщений
[2026-03-29T12:22:33.601+0000] {logging_mixin.py:190} INFO -   📨 Отправлено 800 сообщений
[2026-03-29T12:22:33.604+0000] {logging_mixin.py:190} INFO -   📨 Отправлено 900 сообщений
[2026-03-29T12:22:33.606+0000] {logging_mixin.py:190} INFO -   📨 Отправлено 1000 сообщений
[2026-03-29T12:22:33.608+0000] {logging_mixin.py:190} INFO -   ✅ Файл geo_events.jsonl обработан
[2026-03-29T12:22:33.608+0000] {logging_mixin.py:190} INFO - 📄 Обработка файла: location_events.jsonl
[2026-03-29T12:22:33.614+0000] {logging_mixin.py:190} INFO -   📨 Отправлено 100 сообщений
[2026-03-29T12:22:33.621+0000] {logging_mixin.py:190} INFO -   📨 Отправлено 200 сообщений
[2026-03-29T12:22:33.625+0000] {logging_mixin.py:190} INFO -   📨 Отправлено 300 сообщений
[2026-03-29T12:22:33.628+0000] {logging_mixin.py:190} INFO -   📨 Отправлено 400 сообщений
[2026-03-29T12:22:33.632+0000] {logging_mixin.py:190} INFO -   📨 Отправлено 500 сообщений
[2026-03-29T12:22:33.637+0000] {logging_mixin.py:190} INFO -   📨 Отправлено 600 сообщений
[2026-03-29T12:22:33.640+0000] {logging_mixin.py:190} INFO -   📨 Отправлено 700 сообщений
[2026-03-29T12:22:33.642+0000] {logging_mixin.py:190} INFO -   📨 Отправлено 800 сообщений
[2026-03-29T12:22:33.645+0000] {logging_mixin.py:190} INFO -   📨 Отправлено 900 сообщений
[2026-03-29T12:22:33.648+0000] {logging_mixin.py:190} INFO -   📨 Отправлено 1000 сообщений
[2026-03-29T12:22:33.649+0000] {logging_mixin.py:190} INFO -   ✅ Файл location_events.jsonl обработан
[2026-03-29T12:22:45.043+0000] {logging_mixin.py:190} INFO - 
✅ Итого: 4 файлов, 4000 сообщений отправлено в топик 'browser_events'
[2026-03-29T12:22:45.045+0000] {python.py:240} INFO - Done. Returned value was: None
[2026-03-29T12:22:45.058+0000] {taskinstance.py:341} INFO - ::group::Post task execution logs
[2026-03-29T12:22:45.058+0000] {taskinstance.py:353} INFO - Marking task as SUCCESS. dag_id=kafka_producer, task_id=send_jsonl_to_kafka, run_id=manual__2026-03-29T12:22:29.655991+00:00, execution_date=20260329T122229, start_date=20260329T122232, end_date=20260329T122245
[2026-03-29T12:22:45.146+0000] {local_task_job_runner.py:266} INFO - Task exited with return code 0
[2026-03-29T12:22:45.164+0000] {taskinstance.py:3901} INFO - 0 downstream tasks scheduled from follow-on schedule check
[2026-03-29T12:22:45.172+0000] {local_task_job_runner.py:245} INFO - ::endgroup::
