[2026-03-27T09:24:20.435+0000] {local_task_job_runner.py:123} INFO - ::group::Pre task execution logs
[2026-03-27T09:24:20.465+0000] {taskinstance.py:2614} INFO - Dependencies all met for dep_context=non-requeueable deps ti=<TaskInstance: kafka_producer.send_jsonl_to_kafka manual__2026-03-27T09:24:18.257274+00:00 [queued]>
[2026-03-27T09:24:20.475+0000] {taskinstance.py:2614} INFO - Dependencies all met for dep_context=requeueable deps ti=<TaskInstance: kafka_producer.send_jsonl_to_kafka manual__2026-03-27T09:24:18.257274+00:00 [queued]>
[2026-03-27T09:24:20.476+0000] {taskinstance.py:2867} INFO - Starting attempt 1 of 1
[2026-03-27T09:24:20.493+0000] {taskinstance.py:2890} INFO - Executing <Task(PythonOperator): send_jsonl_to_kafka> on 2026-03-27 09:24:18.257274+00:00
[2026-03-27T09:24:20.500+0000] {warnings.py:112} WARNING - /home/***/.local/lib/python3.12/site-packages/***/task/task_runner/standard_task_runner.py:70: DeprecationWarning: This process (pid=47) is multi-threaded, use of fork() may lead to deadlocks in the child.
  pid = os.fork()

[2026-03-27T09:24:20.503+0000] {standard_task_runner.py:72} INFO - Started process 48 to run task
[2026-03-27T09:24:20.503+0000] {standard_task_runner.py:104} INFO - Running: ['***', 'tasks', 'run', 'kafka_producer', 'send_jsonl_to_kafka', 'manual__2026-03-27T09:24:18.257274+00:00', '--job-id', '2', '--raw', '--subdir', 'DAGS_FOLDER/kafka_load.py', '--cfg-path', '/tmp/tmpxwzw21z8']
[2026-03-27T09:24:20.505+0000] {standard_task_runner.py:105} INFO - Job 2: Subtask send_jsonl_to_kafka
[2026-03-27T09:24:20.571+0000] {task_command.py:467} INFO - Running <TaskInstance: kafka_producer.send_jsonl_to_kafka manual__2026-03-27T09:24:18.257274+00:00 [running]> on host 7272db946eb2
[2026-03-27T09:24:20.680+0000] {taskinstance.py:3134} INFO - Exporting env vars: AIRFLOW_CTX_DAG_OWNER='***' AIRFLOW_CTX_DAG_ID='kafka_producer' AIRFLOW_CTX_TASK_ID='send_jsonl_to_kafka' AIRFLOW_CTX_EXECUTION_DATE='2026-03-27T09:24:18.257274+00:00' AIRFLOW_CTX_TRY_NUMBER='1' AIRFLOW_CTX_DAG_RUN_ID='manual__2026-03-27T09:24:18.257274+00:00'
[2026-03-27T09:24:20.681+0000] {taskinstance.py:732} INFO - ::endgroup::
[2026-03-27T09:24:20.740+0000] {logging_mixin.py:190} INFO - 📄 Обработка файла: browser_events.jsonl
[2026-03-27T09:24:20.747+0000] {logging_mixin.py:190} INFO -   📨 Отправлено 100 сообщений
[2026-03-27T09:24:20.750+0000] {logging_mixin.py:190} INFO -   📨 Отправлено 200 сообщений
[2026-03-27T09:24:20.753+0000] {logging_mixin.py:190} INFO -   📨 Отправлено 300 сообщений
[2026-03-27T09:24:20.758+0000] {logging_mixin.py:190} INFO -   📨 Отправлено 400 сообщений
[2026-03-27T09:24:20.762+0000] {logging_mixin.py:190} INFO -   📨 Отправлено 500 сообщений
[2026-03-27T09:24:20.767+0000] {logging_mixin.py:190} INFO -   📨 Отправлено 600 сообщений
[2026-03-27T09:24:20.769+0000] {logging_mixin.py:190} INFO -   📨 Отправлено 700 сообщений
[2026-03-27T09:24:20.772+0000] {logging_mixin.py:190} INFO -   📨 Отправлено 800 сообщений
[2026-03-27T09:24:20.776+0000] {logging_mixin.py:190} INFO -   📨 Отправлено 900 сообщений
[2026-03-27T09:24:20.782+0000] {logging_mixin.py:190} INFO -   📨 Отправлено 1000 сообщений
[2026-03-27T09:24:20.783+0000] {logging_mixin.py:190} INFO -   ✅ Файл browser_events.jsonl обработан
[2026-03-27T09:24:20.787+0000] {logging_mixin.py:190} INFO - 📄 Обработка файла: device_events.jsonl
[2026-03-27T09:24:20.792+0000] {logging_mixin.py:190} INFO -   📨 Отправлено 100 сообщений
[2026-03-27T09:24:20.796+0000] {logging_mixin.py:190} INFO -   📨 Отправлено 200 сообщений
[2026-03-27T09:24:20.800+0000] {logging_mixin.py:190} INFO -   📨 Отправлено 300 сообщений
[2026-03-27T09:24:20.804+0000] {logging_mixin.py:190} INFO -   📨 Отправлено 400 сообщений
[2026-03-27T09:24:20.806+0000] {logging_mixin.py:190} INFO -   📨 Отправлено 500 сообщений
[2026-03-27T09:24:20.808+0000] {logging_mixin.py:190} INFO -   📨 Отправлено 600 сообщений
[2026-03-27T09:24:20.811+0000] {logging_mixin.py:190} INFO -   📨 Отправлено 700 сообщений
[2026-03-27T09:24:20.813+0000] {logging_mixin.py:190} INFO -   📨 Отправлено 800 сообщений
[2026-03-27T09:24:20.816+0000] {logging_mixin.py:190} INFO -   📨 Отправлено 900 сообщений
[2026-03-27T09:24:20.818+0000] {logging_mixin.py:190} INFO -   📨 Отправлено 1000 сообщений
[2026-03-27T09:24:20.819+0000] {logging_mixin.py:190} INFO -   ✅ Файл device_events.jsonl обработан
[2026-03-27T09:24:20.822+0000] {logging_mixin.py:190} INFO - 📄 Обработка файла: geo_events.jsonl
[2026-03-27T09:24:20.827+0000] {logging_mixin.py:190} INFO -   📨 Отправлено 100 сообщений
[2026-03-27T09:24:20.836+0000] {logging_mixin.py:190} INFO -   📨 Отправлено 200 сообщений
[2026-03-27T09:24:20.845+0000] {logging_mixin.py:190} INFO -   📨 Отправлено 300 сообщений
[2026-03-27T09:24:20.849+0000] {logging_mixin.py:190} INFO -   📨 Отправлено 400 сообщений
[2026-03-27T09:24:20.852+0000] {logging_mixin.py:190} INFO -   📨 Отправлено 500 сообщений
[2026-03-27T09:24:20.856+0000] {logging_mixin.py:190} INFO -   📨 Отправлено 600 сообщений
[2026-03-27T09:24:20.862+0000] {logging_mixin.py:190} INFO -   📨 Отправлено 700 сообщений
[2026-03-27T09:24:20.865+0000] {logging_mixin.py:190} INFO -   📨 Отправлено 800 сообщений
[2026-03-27T09:24:20.868+0000] {logging_mixin.py:190} INFO -   📨 Отправлено 900 сообщений
[2026-03-27T09:24:20.871+0000] {logging_mixin.py:190} INFO -   📨 Отправлено 1000 сообщений
[2026-03-27T09:24:20.872+0000] {logging_mixin.py:190} INFO -   ✅ Файл geo_events.jsonl обработан
[2026-03-27T09:24:20.873+0000] {logging_mixin.py:190} INFO - 📄 Обработка файла: location_events.jsonl
[2026-03-27T09:24:20.878+0000] {logging_mixin.py:190} INFO -   📨 Отправлено 100 сообщений
[2026-03-27T09:24:20.883+0000] {logging_mixin.py:190} INFO -   📨 Отправлено 200 сообщений
[2026-03-27T09:24:20.887+0000] {logging_mixin.py:190} INFO -   📨 Отправлено 300 сообщений
[2026-03-27T09:24:20.893+0000] {logging_mixin.py:190} INFO -   📨 Отправлено 400 сообщений
[2026-03-27T09:24:20.895+0000] {logging_mixin.py:190} INFO -   📨 Отправлено 500 сообщений
[2026-03-27T09:24:20.897+0000] {logging_mixin.py:190} INFO -   📨 Отправлено 600 сообщений
[2026-03-27T09:24:20.899+0000] {logging_mixin.py:190} INFO -   📨 Отправлено 700 сообщений
[2026-03-27T09:24:20.902+0000] {logging_mixin.py:190} INFO -   📨 Отправлено 800 сообщений
[2026-03-27T09:24:20.904+0000] {logging_mixin.py:190} INFO -   📨 Отправлено 900 сообщений
[2026-03-27T09:24:20.906+0000] {logging_mixin.py:190} INFO -   📨 Отправлено 1000 сообщений
[2026-03-27T09:24:20.907+0000] {logging_mixin.py:190} INFO -   ✅ Файл location_events.jsonl обработан
[2026-03-27T09:24:20.992+0000] {logging_mixin.py:190} INFO - 
✅ Итого: 4 файлов, 4000 сообщений отправлено в топик 'browser_events'
[2026-03-27T09:24:20.993+0000] {python.py:240} INFO - Done. Returned value was: None
[2026-03-27T09:24:21.006+0000] {taskinstance.py:341} INFO - ::group::Post task execution logs
[2026-03-27T09:24:21.007+0000] {taskinstance.py:353} INFO - Marking task as SUCCESS. dag_id=kafka_producer, task_id=send_jsonl_to_kafka, run_id=manual__2026-03-27T09:24:18.257274+00:00, execution_date=20260327T092418, start_date=20260327T092420, end_date=20260327T092421
[2026-03-27T09:24:21.081+0000] {local_task_job_runner.py:266} INFO - Task exited with return code 0
[2026-03-27T09:24:21.101+0000] {taskinstance.py:3901} INFO - 0 downstream tasks scheduled from follow-on schedule check
[2026-03-27T09:24:21.106+0000] {local_task_job_runner.py:245} INFO - ::endgroup::
