[2026-04-14T08:01:10.242+0000] {local_task_job_runner.py:123} INFO - ::group::Pre task execution logs
[2026-04-14T08:01:10.263+0000] {taskinstance.py:2614} INFO - Dependencies all met for dep_context=non-requeueable deps ti=<TaskInstance: kafka_producer.send_jsonl_to_kafka scheduled__2026-04-12T18:30:00+00:00 [queued]>
[2026-04-14T08:01:10.274+0000] {taskinstance.py:2614} INFO - Dependencies all met for dep_context=requeueable deps ti=<TaskInstance: kafka_producer.send_jsonl_to_kafka scheduled__2026-04-12T18:30:00+00:00 [queued]>
[2026-04-14T08:01:10.274+0000] {taskinstance.py:2867} INFO - Starting attempt 1 of 1
[2026-04-14T08:01:10.293+0000] {taskinstance.py:2890} INFO - Executing <Task(PythonOperator): send_jsonl_to_kafka> on 2026-04-12 18:30:00+00:00
[2026-04-14T08:01:10.304+0000] {standard_task_runner.py:104} INFO - Running: ['***', 'tasks', 'run', 'kafka_producer', 'send_jsonl_to_kafka', 'scheduled__2026-04-12T18:30:00+00:00', '--job-id', '2', '--raw', '--subdir', 'DAGS_FOLDER/kafka_load.py', '--cfg-path', '/tmp/tmpshxl3bp9']
[2026-04-14T08:01:10.302+0000] {warnings.py:112} WARNING - /home/***/.local/lib/python3.12/site-packages/***/task/task_runner/standard_task_runner.py:70: DeprecationWarning: This process (pid=48) is multi-threaded, use of fork() may lead to deadlocks in the child.
  pid = os.fork()

[2026-04-14T08:01:10.307+0000] {standard_task_runner.py:105} INFO - Job 2: Subtask send_jsonl_to_kafka
[2026-04-14T08:01:10.308+0000] {standard_task_runner.py:72} INFO - Started process 49 to run task
[2026-04-14T08:01:10.410+0000] {task_command.py:467} INFO - Running <TaskInstance: kafka_producer.send_jsonl_to_kafka scheduled__2026-04-12T18:30:00+00:00 [running]> on host 29f62e233f8d
[2026-04-14T08:01:10.557+0000] {taskinstance.py:3134} INFO - Exporting env vars: AIRFLOW_CTX_DAG_OWNER='***' AIRFLOW_CTX_DAG_ID='kafka_producer' AIRFLOW_CTX_TASK_ID='send_jsonl_to_kafka' AIRFLOW_CTX_EXECUTION_DATE='2026-04-12T18:30:00+00:00' AIRFLOW_CTX_TRY_NUMBER='1' AIRFLOW_CTX_DAG_RUN_ID='scheduled__2026-04-12T18:30:00+00:00'
[2026-04-14T08:01:10.560+0000] {taskinstance.py:732} INFO - ::endgroup::
[2026-04-14T08:01:10.658+0000] {kafka_load.py:28} INFO - Обрабатывается файл: browser_events.jsonl
[2026-04-14T08:01:10.667+0000] {kafka_load.py:40} INFO - Отправлено 100 сообщений
[2026-04-14T08:01:10.670+0000] {kafka_load.py:40} INFO - Отправлено 200 сообщений
[2026-04-14T08:01:10.673+0000] {kafka_load.py:40} INFO - Отправлено 300 сообщений
[2026-04-14T08:01:10.676+0000] {kafka_load.py:40} INFO - Отправлено 400 сообщений
[2026-04-14T08:01:10.678+0000] {kafka_load.py:40} INFO - Отправлено 500 сообщений
[2026-04-14T08:01:10.682+0000] {kafka_load.py:40} INFO - Отправлено 600 сообщений
[2026-04-14T08:01:10.685+0000] {kafka_load.py:40} INFO - Отправлено 700 сообщений
[2026-04-14T08:01:10.688+0000] {kafka_load.py:40} INFO - Отправлено 800 сообщений
[2026-04-14T08:01:10.690+0000] {kafka_load.py:40} INFO - Отправлено 900 сообщений
[2026-04-14T08:01:10.693+0000] {kafka_load.py:40} INFO - Отправлено 1000 сообщений
[2026-04-14T08:01:10.695+0000] {kafka_load.py:51} INFO - Обработка файла browser_events.jsonl завершена
[2026-04-14T08:01:10.696+0000] {kafka_load.py:28} INFO - Обрабатывается файл: device_events.jsonl
[2026-04-14T08:01:10.702+0000] {kafka_load.py:40} INFO - Отправлено 100 сообщений
[2026-04-14T08:01:10.706+0000] {kafka_load.py:40} INFO - Отправлено 200 сообщений
[2026-04-14T08:01:10.717+0000] {kafka_load.py:40} INFO - Отправлено 300 сообщений
[2026-04-14T08:01:10.726+0000] {kafka_load.py:40} INFO - Отправлено 400 сообщений
[2026-04-14T08:01:10.728+0000] {kafka_load.py:40} INFO - Отправлено 500 сообщений
[2026-04-14T08:01:10.731+0000] {kafka_load.py:40} INFO - Отправлено 600 сообщений
[2026-04-14T08:01:10.734+0000] {kafka_load.py:40} INFO - Отправлено 700 сообщений
[2026-04-14T08:01:10.736+0000] {kafka_load.py:40} INFO - Отправлено 800 сообщений
[2026-04-14T08:01:10.739+0000] {kafka_load.py:40} INFO - Отправлено 900 сообщений
[2026-04-14T08:01:10.768+0000] {kafka_load.py:40} INFO - Отправлено 1000 сообщений
[2026-04-14T08:01:10.770+0000] {kafka_load.py:51} INFO - Обработка файла device_events.jsonl завершена
[2026-04-14T08:01:10.771+0000] {kafka_load.py:28} INFO - Обрабатывается файл: geo_events.jsonl
[2026-04-14T08:01:10.792+0000] {kafka_load.py:40} INFO - Отправлено 100 сообщений
[2026-04-14T08:01:10.813+0000] {kafka_load.py:40} INFO - Отправлено 200 сообщений
[2026-04-14T08:01:10.829+0000] {kafka_load.py:40} INFO - Отправлено 300 сообщений
[2026-04-14T08:01:10.848+0000] {kafka_load.py:40} INFO - Отправлено 400 сообщений
[2026-04-14T08:01:10.857+0000] {kafka_load.py:40} INFO - Отправлено 500 сообщений
[2026-04-14T08:01:10.870+0000] {kafka_load.py:40} INFO - Отправлено 600 сообщений
[2026-04-14T08:01:10.883+0000] {kafka_load.py:40} INFO - Отправлено 700 сообщений
[2026-04-14T08:01:10.895+0000] {kafka_load.py:40} INFO - Отправлено 800 сообщений
[2026-04-14T08:01:10.904+0000] {kafka_load.py:40} INFO - Отправлено 900 сообщений
[2026-04-14T08:01:10.909+0000] {kafka_load.py:40} INFO - Отправлено 1000 сообщений
[2026-04-14T08:01:10.910+0000] {kafka_load.py:51} INFO - Обработка файла geo_events.jsonl завершена
[2026-04-14T08:01:10.910+0000] {kafka_load.py:28} INFO - Обрабатывается файл: location_events.jsonl
[2026-04-14T08:01:10.937+0000] {kafka_load.py:40} INFO - Отправлено 100 сообщений
[2026-04-14T08:01:10.942+0000] {kafka_load.py:40} INFO - Отправлено 200 сообщений
[2026-04-14T08:01:10.957+0000] {kafka_load.py:40} INFO - Отправлено 300 сообщений
[2026-04-14T08:01:10.979+0000] {kafka_load.py:40} INFO - Отправлено 400 сообщений
[2026-04-14T08:01:10.998+0000] {kafka_load.py:40} INFO - Отправлено 500 сообщений
[2026-04-14T08:01:11.023+0000] {kafka_load.py:40} INFO - Отправлено 600 сообщений
[2026-04-14T08:01:11.036+0000] {kafka_load.py:40} INFO - Отправлено 700 сообщений
[2026-04-14T08:01:11.072+0000] {kafka_load.py:40} INFO - Отправлено 800 сообщений
[2026-04-14T08:01:11.100+0000] {kafka_load.py:40} INFO - Отправлено 900 сообщений
[2026-04-14T08:01:11.118+0000] {kafka_load.py:40} INFO - Отправлено 1000 сообщений
[2026-04-14T08:01:11.120+0000] {kafka_load.py:51} INFO - Обработка файла location_events.jsonl завершена
[2026-04-14T08:01:11.133+0000] {kafka_load.py:54} INFO - Обработка файлов успешно завершена
[2026-04-14T08:01:11.137+0000] {python.py:240} INFO - Done. Returned value was: None
[2026-04-14T08:01:11.201+0000] {taskinstance.py:341} INFO - ::group::Post task execution logs
[2026-04-14T08:01:11.204+0000] {taskinstance.py:353} INFO - Marking task as SUCCESS. dag_id=kafka_producer, task_id=send_jsonl_to_kafka, run_id=scheduled__2026-04-12T18:30:00+00:00, execution_date=20260412T183000, start_date=20260414T080110, end_date=20260414T080111
[2026-04-14T08:01:11.366+0000] {local_task_job_runner.py:266} INFO - Task exited with return code 0
[2026-04-14T08:01:11.402+0000] {taskinstance.py:3901} INFO - 1 downstream tasks scheduled from follow-on schedule check
[2026-04-14T08:01:11.406+0000] {local_task_job_runner.py:245} INFO - ::endgroup::
