[2026-04-21T08:20:29.917+0000] {local_task_job_runner.py:123} INFO - ::group::Pre task execution logs
[2026-04-21T08:20:29.936+0000] {taskinstance.py:2614} INFO - Dependencies all met for dep_context=non-requeueable deps ti=<TaskInstance: layers_update.run_dbt manual__2026-04-21T08:20:26.818285+00:00 [queued]>
[2026-04-21T08:20:29.947+0000] {taskinstance.py:2614} INFO - Dependencies all met for dep_context=requeueable deps ti=<TaskInstance: layers_update.run_dbt manual__2026-04-21T08:20:26.818285+00:00 [queued]>
[2026-04-21T08:20:29.949+0000] {taskinstance.py:2867} INFO - Starting attempt 1 of 1
[2026-04-21T08:20:29.968+0000] {taskinstance.py:2890} INFO - Executing <Task(BashOperator): run_dbt> on 2026-04-21 08:20:26.818285+00:00
[2026-04-21T08:20:29.977+0000] {warnings.py:112} WARNING - /home/***/.local/lib/python3.12/site-packages/***/task/task_runner/standard_task_runner.py:70: DeprecationWarning: This process (pid=380) is multi-threaded, use of fork() may lead to deadlocks in the child.
  pid = os.fork()

[2026-04-21T08:20:29.979+0000] {standard_task_runner.py:72} INFO - Started process 381 to run task
[2026-04-21T08:20:29.980+0000] {standard_task_runner.py:104} INFO - Running: ['***', 'tasks', 'run', 'layers_update', 'run_dbt', 'manual__2026-04-21T08:20:26.818285+00:00', '--job-id', '49', '--raw', '--subdir', 'DAGS_FOLDER/layers_update.py', '--cfg-path', '/tmp/tmpuv2apgfr']
[2026-04-21T08:20:29.982+0000] {standard_task_runner.py:105} INFO - Job 49: Subtask run_dbt
[2026-04-21T08:20:30.046+0000] {task_command.py:467} INFO - Running <TaskInstance: layers_update.run_dbt manual__2026-04-21T08:20:26.818285+00:00 [running]> on host 685b945180b2
[2026-04-21T08:20:30.157+0000] {taskinstance.py:3134} INFO - Exporting env vars: AIRFLOW_CTX_DAG_OWNER='***' AIRFLOW_CTX_DAG_ID='layers_update' AIRFLOW_CTX_TASK_ID='run_dbt' AIRFLOW_CTX_EXECUTION_DATE='2026-04-21T08:20:26.818285+00:00' AIRFLOW_CTX_TRY_NUMBER='1' AIRFLOW_CTX_DAG_RUN_ID='manual__2026-04-21T08:20:26.818285+00:00'
[2026-04-21T08:20:30.158+0000] {taskinstance.py:732} INFO - ::endgroup::
[2026-04-21T08:20:30.176+0000] {subprocess.py:78} INFO - Tmp dir root location: /tmp
[2026-04-21T08:20:30.177+0000] {subprocess.py:88} INFO - Running command: ['/usr/bin/bash', '-c', 'dbt run']
[2026-04-21T08:20:30.190+0000] {subprocess.py:99} INFO - Output:
[2026-04-21T08:20:34.104+0000] {subprocess.py:106} INFO - [0m08:20:34  Running with dbt=1.7.0
[2026-04-21T08:20:34.488+0000] {subprocess.py:106} INFO - [0m08:20:34  Registered adapter: clickhouse=1.7.0
[2026-04-21T08:20:35.755+0000] {subprocess.py:106} INFO - [0m08:20:35  [[33mWARNING[0m]: Configuration paths exist in your dbt_project.yml file which do not apply to any resources.
[2026-04-21T08:20:35.756+0000] {subprocess.py:106} INFO - There are 1 unused configuration paths:
[2026-04-21T08:20:35.757+0000] {subprocess.py:106} INFO - - models.clickhouse_etl.raw
[2026-04-21T08:20:35.798+0000] {subprocess.py:106} INFO - [0m08:20:35  Found 11 models, 15 tests, 4 sources, 0 exposures, 0 metrics, 538 macros, 0 groups, 0 semantic models
[2026-04-21T08:20:35.802+0000] {subprocess.py:106} INFO - [0m08:20:35
[2026-04-21T08:20:36.324+0000] {subprocess.py:106} INFO - [0m08:20:36  Concurrency: 1 threads (target='dev')
[2026-04-21T08:20:36.325+0000] {subprocess.py:106} INFO - [0m08:20:36
[2026-04-21T08:20:36.342+0000] {subprocess.py:106} INFO - [0m08:20:36  1 of 11 START sql incremental model `ods`.`browser_data` ....................... [RUN]
[2026-04-21T08:20:36.666+0000] {subprocess.py:106} INFO - [0m08:20:36  1 of 11 OK created sql incremental model `ods`.`browser_data` .................. [[32mOK[0m in 0.32s]
[2026-04-21T08:20:36.669+0000] {subprocess.py:106} INFO - [0m08:20:36  2 of 11 START sql incremental model `ods`.`device_data` ........................ [RUN]
[2026-04-21T08:20:36.878+0000] {subprocess.py:106} INFO - [0m08:20:36  2 of 11 OK created sql incremental model `ods`.`device_data` ................... [[32mOK[0m in 0.21s]
[2026-04-21T08:20:36.881+0000] {subprocess.py:106} INFO - [0m08:20:36  3 of 11 START sql incremental model `ods`.`geo_data` ........................... [RUN]
[2026-04-21T08:20:37.122+0000] {subprocess.py:106} INFO - [0m08:20:37  3 of 11 OK created sql incremental model `ods`.`geo_data` ...................... [[32mOK[0m in 0.24s]
[2026-04-21T08:20:37.133+0000] {subprocess.py:106} INFO - [0m08:20:37  4 of 11 START sql incremental model `ods`.`location_data` ...................... [RUN]
[2026-04-21T08:20:37.546+0000] {subprocess.py:106} INFO - [0m08:20:37  4 of 11 OK created sql incremental model `ods`.`location_data` ................. [[32mOK[0m in 0.40s]
[2026-04-21T08:20:37.577+0000] {subprocess.py:106} INFO - [0m08:20:37  5 of 11 START sql incremental model `dds`.`dim_browser` ........................ [RUN]
[2026-04-21T08:20:37.837+0000] {subprocess.py:106} INFO - [0m08:20:37  5 of 11 OK created sql incremental model `dds`.`dim_browser` ................... [[32mOK[0m in 0.25s]
[2026-04-21T08:20:37.842+0000] {subprocess.py:106} INFO - [0m08:20:37  6 of 11 START sql incremental model `dds`.`dim_device` ......................... [RUN]
[2026-04-21T08:20:38.066+0000] {subprocess.py:106} INFO - [0m08:20:38  6 of 11 OK created sql incremental model `dds`.`dim_device` .................... [[32mOK[0m in 0.22s]
[2026-04-21T08:20:38.072+0000] {subprocess.py:106} INFO - [0m08:20:38  7 of 11 START sql incremental model `dds`.`fct_click` .......................... [RUN]
[2026-04-21T08:20:38.297+0000] {subprocess.py:106} INFO - [0m08:20:38  7 of 11 OK created sql incremental model `dds`.`fct_click` ..................... [[32mOK[0m in 0.22s]
[2026-04-21T08:20:38.300+0000] {subprocess.py:106} INFO - [0m08:20:38  8 of 11 START sql incremental model `dds`.`dim_geo` ............................ [RUN]
[2026-04-21T08:20:38.490+0000] {subprocess.py:106} INFO - [0m08:20:38  8 of 11 OK created sql incremental model `dds`.`dim_geo` ....................... [[32mOK[0m in 0.19s]
[2026-04-21T08:20:38.499+0000] {subprocess.py:106} INFO - [0m08:20:38  9 of 11 START sql incremental model `dds`.`dim_location` ....................... [RUN]
[2026-04-21T08:20:38.725+0000] {subprocess.py:106} INFO - [0m08:20:38  9 of 11 OK created sql incremental model `dds`.`dim_location` .................. [[32mOK[0m in 0.22s]
[2026-04-21T08:20:38.736+0000] {subprocess.py:106} INFO - [0m08:20:38  10 of 11 START sql incremental model `dm`.`dashboard` .......................... [RUN]
[2026-04-21T08:20:40.030+0000] {subprocess.py:106} INFO - [0m08:20:40  10 of 11 OK created sql incremental model `dm`.`dashboard` ..................... [[32mOK[0m in 1.29s]
[2026-04-21T08:20:40.034+0000] {subprocess.py:106} INFO - [0m08:20:40  11 of 11 START sql view model `dm`.`dashboard_recent_data` ..................... [RUN]
[2026-04-21T08:20:40.227+0000] {subprocess.py:106} INFO - [0m08:20:40  11 of 11 OK created sql view model `dm`.`dashboard_recent_data` ................ [[32mOK[0m in 0.19s]
[2026-04-21T08:20:40.234+0000] {subprocess.py:106} INFO - [0m08:20:40
[2026-04-21T08:20:40.235+0000] {subprocess.py:106} INFO - [0m08:20:40  Finished running 10 incremental models, 1 view model in 0 hours 0 minutes and 4.43 seconds (4.43s).
[2026-04-21T08:20:40.275+0000] {subprocess.py:106} INFO - [0m08:20:40
[2026-04-21T08:20:40.277+0000] {subprocess.py:106} INFO - [0m08:20:40  [32mCompleted successfully[0m
[2026-04-21T08:20:40.277+0000] {subprocess.py:106} INFO - [0m08:20:40
[2026-04-21T08:20:40.279+0000] {subprocess.py:106} INFO - [0m08:20:40  Done. PASS=11 WARN=0 ERROR=0 SKIP=0 TOTAL=11
[2026-04-21T08:20:41.412+0000] {subprocess.py:110} INFO - Command exited with return code 0
[2026-04-21T08:20:41.447+0000] {taskinstance.py:341} INFO - ::group::Post task execution logs
[2026-04-21T08:20:41.447+0000] {taskinstance.py:353} INFO - Marking task as SUCCESS. dag_id=layers_update, task_id=run_dbt, run_id=manual__2026-04-21T08:20:26.818285+00:00, execution_date=20260421T082026, start_date=20260421T082029, end_date=20260421T082041
[2026-04-21T08:20:41.535+0000] {local_task_job_runner.py:266} INFO - Task exited with return code 0
[2026-04-21T08:20:41.569+0000] {taskinstance.py:3901} INFO - 1 downstream tasks scheduled from follow-on schedule check
[2026-04-21T08:20:41.573+0000] {local_task_job_runner.py:245} INFO - ::endgroup::
