[2026-04-15T08:40:01.401+0000] {local_task_job_runner.py:123} INFO - ::group::Pre task execution logs
[2026-04-15T08:40:01.424+0000] {taskinstance.py:2614} INFO - Dependencies all met for dep_context=non-requeueable deps ti=<TaskInstance: layers_update.run_dbt manual__2026-04-15T08:39:59.836182+00:00 [queued]>
[2026-04-15T08:40:01.435+0000] {taskinstance.py:2614} INFO - Dependencies all met for dep_context=requeueable deps ti=<TaskInstance: layers_update.run_dbt manual__2026-04-15T08:39:59.836182+00:00 [queued]>
[2026-04-15T08:40:01.435+0000] {taskinstance.py:2867} INFO - Starting attempt 1 of 1
[2026-04-15T08:40:01.453+0000] {taskinstance.py:2890} INFO - Executing <Task(BashOperator): run_dbt> on 2026-04-15 08:39:59.836182+00:00
[2026-04-15T08:40:01.461+0000] {warnings.py:112} WARNING - /home/***/.local/lib/python3.12/site-packages/***/task/task_runner/standard_task_runner.py:70: DeprecationWarning: This process (pid=106) is multi-threaded, use of fork() may lead to deadlocks in the child.
  pid = os.fork()

[2026-04-15T08:40:01.464+0000] {standard_task_runner.py:72} INFO - Started process 107 to run task
[2026-04-15T08:40:01.464+0000] {standard_task_runner.py:104} INFO - Running: ['***', 'tasks', 'run', 'layers_update', 'run_dbt', 'manual__2026-04-15T08:39:59.836182+00:00', '--job-id', '9', '--raw', '--subdir', 'DAGS_FOLDER/layers_update.py', '--cfg-path', '/tmp/tmpsjfer9nf']
[2026-04-15T08:40:01.465+0000] {standard_task_runner.py:105} INFO - Job 9: Subtask run_dbt
[2026-04-15T08:40:01.532+0000] {task_command.py:467} INFO - Running <TaskInstance: layers_update.run_dbt manual__2026-04-15T08:39:59.836182+00:00 [running]> on host 60f516562606
[2026-04-15T08:40:01.653+0000] {taskinstance.py:3134} INFO - Exporting env vars: AIRFLOW_CTX_DAG_OWNER='***' AIRFLOW_CTX_DAG_ID='layers_update' AIRFLOW_CTX_TASK_ID='run_dbt' AIRFLOW_CTX_EXECUTION_DATE='2026-04-15T08:39:59.836182+00:00' AIRFLOW_CTX_TRY_NUMBER='1' AIRFLOW_CTX_DAG_RUN_ID='manual__2026-04-15T08:39:59.836182+00:00'
[2026-04-15T08:40:01.654+0000] {taskinstance.py:732} INFO - ::endgroup::
[2026-04-15T08:40:01.675+0000] {subprocess.py:78} INFO - Tmp dir root location: /tmp
[2026-04-15T08:40:01.677+0000] {subprocess.py:88} INFO - Running command: ['/usr/bin/bash', '-c', 'dbt run']
[2026-04-15T08:40:01.690+0000] {subprocess.py:99} INFO - Output:
[2026-04-15T08:40:05.201+0000] {subprocess.py:106} INFO - [0m08:40:05  Running with dbt=1.7.0
[2026-04-15T08:40:05.566+0000] {subprocess.py:106} INFO - [0m08:40:05  Registered adapter: clickhouse=1.7.0
[2026-04-15T08:40:06.926+0000] {subprocess.py:106} INFO - [0m08:40:06  [[33mWARNING[0m]: Configuration paths exist in your dbt_project.yml file which do not apply to any resources.
[2026-04-15T08:40:06.928+0000] {subprocess.py:106} INFO - There are 1 unused configuration paths:
[2026-04-15T08:40:06.929+0000] {subprocess.py:106} INFO - - models.clickhouse_etl.raw
[2026-04-15T08:40:06.972+0000] {subprocess.py:106} INFO - [0m08:40:06  Found 11 models, 15 tests, 4 sources, 0 exposures, 0 metrics, 537 macros, 0 groups, 0 semantic models
[2026-04-15T08:40:06.977+0000] {subprocess.py:106} INFO - [0m08:40:06
[2026-04-15T08:40:07.687+0000] {subprocess.py:106} INFO - [0m08:40:07  Concurrency: 1 threads (target='dev')
[2026-04-15T08:40:07.688+0000] {subprocess.py:106} INFO - [0m08:40:07
[2026-04-15T08:40:07.703+0000] {subprocess.py:106} INFO - [0m08:40:07  1 of 11 START sql incremental model `ods_ods`.`browser_data` ................... [RUN]
[2026-04-15T08:40:07.817+0000] {subprocess.py:106} INFO - [0m08:40:07  1 of 11 ERROR creating sql incremental model `ods_ods`.`browser_data` .......... [[31mERROR[0m in 0.11s]
[2026-04-15T08:40:07.823+0000] {subprocess.py:106} INFO - [0m08:40:07  2 of 11 START sql incremental model `ods_ods`.`device_data` .................... [RUN]
[2026-04-15T08:40:07.870+0000] {subprocess.py:106} INFO - [0m08:40:07  2 of 11 ERROR creating sql incremental model `ods_ods`.`device_data` ........... [[31mERROR[0m in 0.04s]
[2026-04-15T08:40:07.873+0000] {subprocess.py:106} INFO - [0m08:40:07  3 of 11 START sql incremental model `ods_ods`.`geo_data` ....................... [RUN]
[2026-04-15T08:40:07.937+0000] {subprocess.py:106} INFO - [0m08:40:07  3 of 11 ERROR creating sql incremental model `ods_ods`.`geo_data` .............. [[31mERROR[0m in 0.06s]
[2026-04-15T08:40:07.949+0000] {subprocess.py:106} INFO - [0m08:40:07  4 of 11 START sql incremental model `ods_ods`.`location_data` .................. [RUN]
[2026-04-15T08:40:07.999+0000] {subprocess.py:106} INFO - [0m08:40:07  4 of 11 ERROR creating sql incremental model `ods_ods`.`location_data` ......... [[31mERROR[0m in 0.05s]
[2026-04-15T08:40:08.003+0000] {subprocess.py:106} INFO - [0m08:40:08  5 of 11 SKIP relation ods_dds.dds_browser ...................................... [[33mSKIP[0m]
[2026-04-15T08:40:08.005+0000] {subprocess.py:106} INFO - [0m08:40:08  6 of 11 SKIP relation ods_dds.dds_device ....................................... [[33mSKIP[0m]
[2026-04-15T08:40:08.008+0000] {subprocess.py:106} INFO - [0m08:40:08  7 of 11 SKIP relation ods_dds.dds_fct_click .................................... [[33mSKIP[0m]
[2026-04-15T08:40:08.013+0000] {subprocess.py:106} INFO - [0m08:40:08  8 of 11 SKIP relation ods_dds.dds_geo .......................................... [[33mSKIP[0m]
[2026-04-15T08:40:08.015+0000] {subprocess.py:106} INFO - [0m08:40:08  9 of 11 SKIP relation ods_dds.dds_location ..................................... [[33mSKIP[0m]
[2026-04-15T08:40:08.019+0000] {subprocess.py:106} INFO - [0m08:40:08  10 of 11 SKIP relation ods_dm.dm_dashboard ..................................... [[33mSKIP[0m]
[2026-04-15T08:40:08.023+0000] {subprocess.py:106} INFO - [0m08:40:08  11 of 11 SKIP relation ods_dm.dm_dashboard_recent_data ......................... [[33mSKIP[0m]
[2026-04-15T08:40:08.031+0000] {subprocess.py:106} INFO - [0m08:40:08
[2026-04-15T08:40:08.032+0000] {subprocess.py:106} INFO - [0m08:40:08  Finished running 10 incremental models, 1 view model in 0 hours 0 minutes and 1.05 seconds (1.05s).
[2026-04-15T08:40:08.058+0000] {subprocess.py:106} INFO - [0m08:40:08
[2026-04-15T08:40:08.060+0000] {subprocess.py:106} INFO - [0m08:40:08  [31mCompleted with 4 errors and 0 warnings:[0m
[2026-04-15T08:40:08.061+0000] {subprocess.py:106} INFO - [0m08:40:08
[2026-04-15T08:40:08.062+0000] {subprocess.py:106} INFO - [0m08:40:08    Database Error in model ods_browser (models/ods/ods_browser.sql)
[2026-04-15T08:40:08.063+0000] {subprocess.py:106} INFO -   Code: 60.
[2026-04-15T08:40:08.064+0000] {subprocess.py:106} INFO -   DB::Exception: Table log.ETL_LOG does not exist. Maybe you meant system.text_log?. Stack trace:
[2026-04-15T08:40:08.064+0000] {subprocess.py:106} INFO - 
[2026-04-15T08:40:08.065+0000] {subprocess.py:106} INFO -   0. DB::Exception::Exception(DB::Exception::MessageMasked&&, int, bool) @ 0x00000000166dc66a
[2026-04-15T08:40:08.065+0000] {subprocess.py:106} INFO -   1. DB::Exception::Exception(String&&, int, String, bool) @ 0x000000000e55bf0e
[2026-04-15T08:40:08.066+0000] {subprocess.py:106} INFO -   2. DB::Exception::Exception(PreformattedMessage&&, int) @ 0x000000000e55b849
[2026-04-15T08:40:08.066+0000] {subprocess.py:106} INFO -   3. DB::Exception::Exception<String, String, String, String>(int, FormatStringHelperImpl<std::type_identity<String>::type, std::type_identity<String>::type, std::type_identity<String>::type, std::type_identity<String>::type>, String&&, String&&, String&&, String&&) @ 0x000000000e66f9f6
[2026-04-15T08:40:08.067+0000] {subprocess.py:106} INFO -   4. DB::IDatabase::getTable(String const&, std::shared_ptr<DB::Context const>) const @ 0x000000001a7368bd
[2026-04-15T08:40:08.068+0000] {subprocess.py:106} INFO -   5. DB::DatabaseCatalog::getTableImpl(DB::StorageID const&, std::shared_ptr<DB::Context const>, std::optional<DB::Exception>*) const @ 0x000000001b474992
[2026-04-15T08:40:08.069+0000] {subprocess.py:106} INFO -   6. std::pair<std::shared_ptr<DB::IDatabase>, std::shared_ptr<DB::IStorage>> std::__function::__policy_func<std::pair<std::shared_ptr<DB::IDatabase>, std::shared_ptr<DB::IStorage>> ()>::__call_func[abi:fe210105]<DB::DatabaseCatalog::getTable(DB::StorageID const&, std::shared_ptr<DB::Context const>) const::$_0>(std::__function::__policy_storage const*) @ 0x000000001b497eef
[2026-04-15T08:40:08.069+0000] {subprocess.py:106} INFO -   7. DB::Context::getOrCacheStorage(DB::StorageID const&, std::function<std::pair<std::shared_ptr<DB::IDatabase>, std::shared_ptr<DB::IStorage>> ()>, std::optional<DB::Exception>*) const @ 0x000000001b31690e
[2026-04-15T08:40:08.070+0000] {subprocess.py:106} INFO -   8. DB::DatabaseCatalog::getTable(DB::StorageID const&, std::shared_ptr<DB::Context const>) const @ 0x000000001b47d0fc
[2026-04-15T08:40:08.071+0000] {subprocess.py:106} INFO -   9. DB::InterpreterInsertQuery::getTable(DB::ASTInsertQuery&) @ 0x000000001b63bbe3
[2026-04-15T08:40:08.071+0000] {subprocess.py:106} INFO -   10. DB::AsynchronousInsertQueue::preprocessInsertQuery(boost::intrusive_ptr<DB::IAST> const&, std::shared_ptr<DB::Context const> const&) @ 0x000000001b298b7a
[2026-04-15T08:40:08.072+0000] {subprocess.py:106} INFO -   11. DB::AsynchronousInsertQueue::pushQueryWithInlinedData(boost::intrusive_ptr<DB::IAST>, std::shared_ptr<DB::Context const>) @ 0x000000001b299634
[2026-04-15T08:40:08.072+0000] {subprocess.py:106} INFO -   12. DB::executeQueryImpl(char const*, char const*, std::shared_ptr<DB::Context>, DB::QueryFlags, DB::QueryProcessingStage::Enum, std::unique_ptr<DB::ReadBuffer, std::default_delete<DB::ReadBuffer>>&, boost::intrusive_ptr<DB::IAST>&, std::shared_ptr<DB::ImplicitTransactionControlExecutor>, std::function<void ()>, DB::QueryResultDetails&) @ 0x000000001ba8e019
[2026-04-15T08:40:08.073+0000] {subprocess.py:106} INFO -   13. DB::executeQuery(String const&, std::shared_ptr<DB::Context>, DB::QueryFlags, DB::QueryProcessingStage::Enum) @ 0x000000001ba891c2
[2026-04-15T08:40:08.073+0000] {subprocess.py:106} INFO -   14. DB::TCPHandler::runImpl() @ 0x000000001d21a30d
[2026-04-15T08:40:08.074+0000] {subprocess.py:106} INFO -   15. DB::TCPHandler::run() @ 0x000000001d23cb24
[2026-04-15T08:40:08.074+0000] {subprocess.py:106} INFO -   16. Poco::Net::TCPServerConnection::start() @ 0x0000000022789647
[2026-04-15T08:40:08.075+0000] {subprocess.py:106} INFO -   17. Poco::Net::TCPServerDispatcher::run() @ 0x0000000022789bc2
[2026-04-15T08:40:08.075+0000] {subprocess.py:106} INFO -   18. Poco::PooledThread::run() @ 0x0000000022748345
[2026-04-15T08:40:08.077+0000] {subprocess.py:106} INFO -   19. Poco::ThreadImpl::runnableEntry(void*) @ 0x00000000227468cf
[2026-04-15T08:40:08.078+0000] {subprocess.py:106} INFO -   20. ? @ 0x0000000000094ac3
[2026-04-15T08:40:08.078+0000] {subprocess.py:106} INFO -   21. __clone @ 0x0000000000125a84
[2026-04-15T08:40:08.079+0000] {subprocess.py:106} INFO - [0m08:40:08
[2026-04-15T08:40:08.079+0000] {subprocess.py:106} INFO - [0m08:40:08    Database Error in model ods_device (models/ods/ods_device.sql)
[2026-04-15T08:40:08.080+0000] {subprocess.py:106} INFO -   Code: 60.
[2026-04-15T08:40:08.080+0000] {subprocess.py:106} INFO -   DB::Exception: Table log.ETL_LOG does not exist. Maybe you meant system.text_log?. Stack trace:
[2026-04-15T08:40:08.081+0000] {subprocess.py:106} INFO - 
[2026-04-15T08:40:08.084+0000] {subprocess.py:106} INFO -   0. DB::Exception::Exception(DB::Exception::MessageMasked&&, int, bool) @ 0x00000000166dc66a
[2026-04-15T08:40:08.085+0000] {subprocess.py:106} INFO -   1. DB::Exception::Exception(String&&, int, String, bool) @ 0x000000000e55bf0e
[2026-04-15T08:40:08.086+0000] {subprocess.py:106} INFO -   2. DB::Exception::Exception(PreformattedMessage&&, int) @ 0x000000000e55b849
[2026-04-15T08:40:08.086+0000] {subprocess.py:106} INFO -   3. DB::Exception::Exception<String, String, String, String>(int, FormatStringHelperImpl<std::type_identity<String>::type, std::type_identity<String>::type, std::type_identity<String>::type, std::type_identity<String>::type>, String&&, String&&, String&&, String&&) @ 0x000000000e66f9f6
[2026-04-15T08:40:08.087+0000] {subprocess.py:106} INFO -   4. DB::IDatabase::getTable(String const&, std::shared_ptr<DB::Context const>) const @ 0x000000001a7368bd
[2026-04-15T08:40:08.087+0000] {subprocess.py:106} INFO -   5. DB::DatabaseCatalog::getTableImpl(DB::StorageID const&, std::shared_ptr<DB::Context const>, std::optional<DB::Exception>*) const @ 0x000000001b474992
[2026-04-15T08:40:08.088+0000] {subprocess.py:106} INFO -   6. std::pair<std::shared_ptr<DB::IDatabase>, std::shared_ptr<DB::IStorage>> std::__function::__policy_func<std::pair<std::shared_ptr<DB::IDatabase>, std::shared_ptr<DB::IStorage>> ()>::__call_func[abi:fe210105]<DB::DatabaseCatalog::getTable(DB::StorageID const&, std::shared_ptr<DB::Context const>) const::$_0>(std::__function::__policy_storage const*) @ 0x000000001b497eef
[2026-04-15T08:40:08.088+0000] {subprocess.py:106} INFO -   7. DB::Context::getOrCacheStorage(DB::StorageID const&, std::function<std::pair<std::shared_ptr<DB::IDatabase>, std::shared_ptr<DB::IStorage>> ()>, std::optional<DB::Exception>*) const @ 0x000000001b31690e
[2026-04-15T08:40:08.089+0000] {subprocess.py:106} INFO -   8. DB::DatabaseCatalog::getTable(DB::StorageID const&, std::shared_ptr<DB::Context const>) const @ 0x000000001b47d0fc
[2026-04-15T08:40:08.089+0000] {subprocess.py:106} INFO -   9. DB::InterpreterInsertQuery::getTable(DB::ASTInsertQuery&) @ 0x000000001b63bbe3
[2026-04-15T08:40:08.090+0000] {subprocess.py:106} INFO -   10. DB::AsynchronousInsertQueue::preprocessInsertQuery(boost::intrusive_ptr<DB::IAST> const&, std::shared_ptr<DB::Context const> const&) @ 0x000000001b298b7a
[2026-04-15T08:40:08.090+0000] {subprocess.py:106} INFO -   11. DB::AsynchronousInsertQueue::pushQueryWithInlinedData(boost::intrusive_ptr<DB::IAST>, std::shared_ptr<DB::Context const>) @ 0x000000001b299634
[2026-04-15T08:40:08.091+0000] {subprocess.py:106} INFO -   12. DB::executeQueryImpl(char const*, char const*, std::shared_ptr<DB::Context>, DB::QueryFlags, DB::QueryProcessingStage::Enum, std::unique_ptr<DB::ReadBuffer, std::default_delete<DB::ReadBuffer>>&, boost::intrusive_ptr<DB::IAST>&, std::shared_ptr<DB::ImplicitTransactionControlExecutor>, std::function<void ()>, DB::QueryResultDetails&) @ 0x000000001ba8e019
[2026-04-15T08:40:08.091+0000] {subprocess.py:106} INFO -   13. DB::executeQuery(String const&, std::shared_ptr<DB::Context>, DB::QueryFlags, DB::QueryProcessingStage::Enum) @ 0x000000001ba891c2
[2026-04-15T08:40:08.092+0000] {subprocess.py:106} INFO -   14. DB::TCPHandler::runImpl() @ 0x000000001d21a30d
[2026-04-15T08:40:08.092+0000] {subprocess.py:106} INFO -   15. DB::TCPHandler::run() @ 0x000000001d23cb24
[2026-04-15T08:40:08.094+0000] {subprocess.py:106} INFO -   16. Poco::Net::TCPServerConnection::start() @ 0x0000000022789647
[2026-04-15T08:40:08.095+0000] {subprocess.py:106} INFO -   17. Poco::Net::TCPServerDispatcher::run() @ 0x0000000022789bc2
[2026-04-15T08:40:08.095+0000] {subprocess.py:106} INFO -   18. Poco::PooledThread::run() @ 0x0000000022748345
[2026-04-15T08:40:08.096+0000] {subprocess.py:106} INFO -   19. Poco::ThreadImpl::runnableEntry(void*) @ 0x00000000227468cf
[2026-04-15T08:40:08.096+0000] {subprocess.py:106} INFO -   20. ? @ 0x0000000000094ac3
[2026-04-15T08:40:08.097+0000] {subprocess.py:106} INFO -   21. __clone @ 0x0000000000125a84
[2026-04-15T08:40:08.097+0000] {subprocess.py:106} INFO - [0m08:40:08
[2026-04-15T08:40:08.098+0000] {subprocess.py:106} INFO - [0m08:40:08    Database Error in model ods_geo (models/ods/ods_geo.sql)
[2026-04-15T08:40:08.099+0000] {subprocess.py:106} INFO -   Code: 60.
[2026-04-15T08:40:08.100+0000] {subprocess.py:106} INFO -   DB::Exception: Table log.ETL_LOG does not exist. Maybe you meant system.text_log?. Stack trace:
[2026-04-15T08:40:08.100+0000] {subprocess.py:106} INFO - 
[2026-04-15T08:40:08.101+0000] {subprocess.py:106} INFO -   0. DB::Exception::Exception(DB::Exception::MessageMasked&&, int, bool) @ 0x00000000166dc66a
[2026-04-15T08:40:08.101+0000] {subprocess.py:106} INFO -   1. DB::Exception::Exception(String&&, int, String, bool) @ 0x000000000e55bf0e
[2026-04-15T08:40:08.102+0000] {subprocess.py:106} INFO -   2. DB::Exception::Exception(PreformattedMessage&&, int) @ 0x000000000e55b849
[2026-04-15T08:40:08.102+0000] {subprocess.py:106} INFO -   3. DB::Exception::Exception<String, String, String, String>(int, FormatStringHelperImpl<std::type_identity<String>::type, std::type_identity<String>::type, std::type_identity<String>::type, std::type_identity<String>::type>, String&&, String&&, String&&, String&&) @ 0x000000000e66f9f6
[2026-04-15T08:40:08.103+0000] {subprocess.py:106} INFO -   4. DB::IDatabase::getTable(String const&, std::shared_ptr<DB::Context const>) const @ 0x000000001a7368bd
[2026-04-15T08:40:08.103+0000] {subprocess.py:106} INFO -   5. DB::DatabaseCatalog::getTableImpl(DB::StorageID const&, std::shared_ptr<DB::Context const>, std::optional<DB::Exception>*) const @ 0x000000001b474992
[2026-04-15T08:40:08.104+0000] {subprocess.py:106} INFO -   6. std::pair<std::shared_ptr<DB::IDatabase>, std::shared_ptr<DB::IStorage>> std::__function::__policy_func<std::pair<std::shared_ptr<DB::IDatabase>, std::shared_ptr<DB::IStorage>> ()>::__call_func[abi:fe210105]<DB::DatabaseCatalog::getTable(DB::StorageID const&, std::shared_ptr<DB::Context const>) const::$_0>(std::__function::__policy_storage const*) @ 0x000000001b497eef
[2026-04-15T08:40:08.104+0000] {subprocess.py:106} INFO -   7. DB::Context::getOrCacheStorage(DB::StorageID const&, std::function<std::pair<std::shared_ptr<DB::IDatabase>, std::shared_ptr<DB::IStorage>> ()>, std::optional<DB::Exception>*) const @ 0x000000001b31690e
[2026-04-15T08:40:08.105+0000] {subprocess.py:106} INFO -   8. DB::DatabaseCatalog::getTable(DB::StorageID const&, std::shared_ptr<DB::Context const>) const @ 0x000000001b47d0fc
[2026-04-15T08:40:08.105+0000] {subprocess.py:106} INFO -   9. DB::InterpreterInsertQuery::getTable(DB::ASTInsertQuery&) @ 0x000000001b63bbe3
[2026-04-15T08:40:08.106+0000] {subprocess.py:106} INFO -   10. DB::AsynchronousInsertQueue::preprocessInsertQuery(boost::intrusive_ptr<DB::IAST> const&, std::shared_ptr<DB::Context const> const&) @ 0x000000001b298b7a
[2026-04-15T08:40:08.106+0000] {subprocess.py:106} INFO -   11. DB::AsynchronousInsertQueue::pushQueryWithInlinedData(boost::intrusive_ptr<DB::IAST>, std::shared_ptr<DB::Context const>) @ 0x000000001b299634
[2026-04-15T08:40:08.107+0000] {subprocess.py:106} INFO -   12. DB::executeQueryImpl(char const*, char const*, std::shared_ptr<DB::Context>, DB::QueryFlags, DB::QueryProcessingStage::Enum, std::unique_ptr<DB::ReadBuffer, std::default_delete<DB::ReadBuffer>>&, boost::intrusive_ptr<DB::IAST>&, std::shared_ptr<DB::ImplicitTransactionControlExecutor>, std::function<void ()>, DB::QueryResultDetails&) @ 0x000000001ba8e019
[2026-04-15T08:40:08.107+0000] {subprocess.py:106} INFO -   13. DB::executeQuery(String const&, std::shared_ptr<DB::Context>, DB::QueryFlags, DB::QueryProcessingStage::Enum) @ 0x000000001ba891c2
[2026-04-15T08:40:08.108+0000] {subprocess.py:106} INFO -   14. DB::TCPHandler::runImpl() @ 0x000000001d21a30d
[2026-04-15T08:40:08.108+0000] {subprocess.py:106} INFO -   15. DB::TCPHandler::run() @ 0x000000001d23cb24
[2026-04-15T08:40:08.109+0000] {subprocess.py:106} INFO -   16. Poco::Net::TCPServerConnection::start() @ 0x0000000022789647
[2026-04-15T08:40:08.110+0000] {subprocess.py:106} INFO -   17. Poco::Net::TCPServerDispatcher::run() @ 0x0000000022789bc2
[2026-04-15T08:40:08.111+0000] {subprocess.py:106} INFO -   18. Poco::PooledThread::run() @ 0x0000000022748345
[2026-04-15T08:40:08.111+0000] {subprocess.py:106} INFO -   19. Poco::ThreadImpl::runnableEntry(void*) @ 0x00000000227468cf
[2026-04-15T08:40:08.112+0000] {subprocess.py:106} INFO -   20. ? @ 0x0000000000094ac3
[2026-04-15T08:40:08.112+0000] {subprocess.py:106} INFO -   21. __clone @ 0x0000000000125a84
[2026-04-15T08:40:08.113+0000] {subprocess.py:106} INFO - [0m08:40:08
[2026-04-15T08:40:08.114+0000] {subprocess.py:106} INFO - [0m08:40:08    Database Error in model ods_location (models/ods/ods_location.sql)
[2026-04-15T08:40:08.114+0000] {subprocess.py:106} INFO -   Code: 60.
[2026-04-15T08:40:08.115+0000] {subprocess.py:106} INFO -   DB::Exception: Table log.ETL_LOG does not exist. Maybe you meant system.text_log?. Stack trace:
[2026-04-15T08:40:08.115+0000] {subprocess.py:106} INFO - 
[2026-04-15T08:40:08.116+0000] {subprocess.py:106} INFO -   0. DB::Exception::Exception(DB::Exception::MessageMasked&&, int, bool) @ 0x00000000166dc66a
[2026-04-15T08:40:08.117+0000] {subprocess.py:106} INFO -   1. DB::Exception::Exception(String&&, int, String, bool) @ 0x000000000e55bf0e
[2026-04-15T08:40:08.118+0000] {subprocess.py:106} INFO -   2. DB::Exception::Exception(PreformattedMessage&&, int) @ 0x000000000e55b849
[2026-04-15T08:40:08.118+0000] {subprocess.py:106} INFO -   3. DB::Exception::Exception<String, String, String, String>(int, FormatStringHelperImpl<std::type_identity<String>::type, std::type_identity<String>::type, std::type_identity<String>::type, std::type_identity<String>::type>, String&&, String&&, String&&, String&&) @ 0x000000000e66f9f6
[2026-04-15T08:40:08.119+0000] {subprocess.py:106} INFO -   4. DB::IDatabase::getTable(String const&, std::shared_ptr<DB::Context const>) const @ 0x000000001a7368bd
[2026-04-15T08:40:08.119+0000] {subprocess.py:106} INFO -   5. DB::DatabaseCatalog::getTableImpl(DB::StorageID const&, std::shared_ptr<DB::Context const>, std::optional<DB::Exception>*) const @ 0x000000001b474992
[2026-04-15T08:40:08.120+0000] {subprocess.py:106} INFO -   6. std::pair<std::shared_ptr<DB::IDatabase>, std::shared_ptr<DB::IStorage>> std::__function::__policy_func<std::pair<std::shared_ptr<DB::IDatabase>, std::shared_ptr<DB::IStorage>> ()>::__call_func[abi:fe210105]<DB::DatabaseCatalog::getTable(DB::StorageID const&, std::shared_ptr<DB::Context const>) const::$_0>(std::__function::__policy_storage const*) @ 0x000000001b497eef
[2026-04-15T08:40:08.120+0000] {subprocess.py:106} INFO -   7. DB::Context::getOrCacheStorage(DB::StorageID const&, std::function<std::pair<std::shared_ptr<DB::IDatabase>, std::shared_ptr<DB::IStorage>> ()>, std::optional<DB::Exception>*) const @ 0x000000001b31690e
[2026-04-15T08:40:08.121+0000] {subprocess.py:106} INFO -   8. DB::DatabaseCatalog::getTable(DB::StorageID const&, std::shared_ptr<DB::Context const>) const @ 0x000000001b47d0fc
[2026-04-15T08:40:08.121+0000] {subprocess.py:106} INFO -   9. DB::InterpreterInsertQuery::getTable(DB::ASTInsertQuery&) @ 0x000000001b63bbe3
[2026-04-15T08:40:08.122+0000] {subprocess.py:106} INFO -   10. DB::AsynchronousInsertQueue::preprocessInsertQuery(boost::intrusive_ptr<DB::IAST> const&, std::shared_ptr<DB::Context const> const&) @ 0x000000001b298b7a
[2026-04-15T08:40:08.122+0000] {subprocess.py:106} INFO -   11. DB::AsynchronousInsertQueue::pushQueryWithInlinedData(boost::intrusive_ptr<DB::IAST>, std::shared_ptr<DB::Context const>) @ 0x000000001b299634
[2026-04-15T08:40:08.123+0000] {subprocess.py:106} INFO -   12. DB::executeQueryImpl(char const*, char const*, std::shared_ptr<DB::Context>, DB::QueryFlags, DB::QueryProcessingStage::Enum, std::unique_ptr<DB::ReadBuffer, std::default_delete<DB::ReadBuffer>>&, boost::intrusive_ptr<DB::IAST>&, std::shared_ptr<DB::ImplicitTransactionControlExecutor>, std::function<void ()>, DB::QueryResultDetails&) @ 0x000000001ba8e019
[2026-04-15T08:40:08.123+0000] {subprocess.py:106} INFO -   13. DB::executeQuery(String const&, std::shared_ptr<DB::Context>, DB::QueryFlags, DB::QueryProcessingStage::Enum) @ 0x000000001ba891c2
[2026-04-15T08:40:08.124+0000] {subprocess.py:106} INFO -   14. DB::TCPHandler::runImpl() @ 0x000000001d21a30d
[2026-04-15T08:40:08.125+0000] {subprocess.py:106} INFO -   15. DB::TCPHandler::run() @ 0x000000001d23cb24
[2026-04-15T08:40:08.126+0000] {subprocess.py:106} INFO -   16. Poco::Net::TCPServerConnection::start() @ 0x0000000022789647
[2026-04-15T08:40:08.128+0000] {subprocess.py:106} INFO -   17. Poco::Net::TCPServerDispatcher::run() @ 0x0000000022789bc2
[2026-04-15T08:40:08.128+0000] {subprocess.py:106} INFO -   18. Poco::PooledThread::run() @ 0x0000000022748345
[2026-04-15T08:40:08.130+0000] {subprocess.py:106} INFO -   19. Poco::ThreadImpl::runnableEntry(void*) @ 0x00000000227468cf
[2026-04-15T08:40:08.130+0000] {subprocess.py:106} INFO -   20. ? @ 0x0000000000094ac3
[2026-04-15T08:40:08.131+0000] {subprocess.py:106} INFO -   21. __clone @ 0x0000000000125a84
[2026-04-15T08:40:08.132+0000] {subprocess.py:106} INFO - [0m08:40:08
[2026-04-15T08:40:08.132+0000] {subprocess.py:106} INFO - [0m08:40:08  Done. PASS=0 WARN=0 ERROR=4 SKIP=7 TOTAL=11
[2026-04-15T08:40:09.056+0000] {subprocess.py:110} INFO - Command exited with return code 1
[2026-04-15T08:40:09.072+0000] {taskinstance.py:3313} ERROR - Task failed with exception
Traceback (most recent call last):
  File "/home/airflow/.local/lib/python3.12/site-packages/airflow/models/taskinstance.py", line 768, in _execute_task
    result = _execute_callable(context=context, **execute_callable_kwargs)
             ^^^^^^^^^^^^^^^^^^^^^^^^^^^^^^^^^^^^^^^^^^^^^^^^^^^^^^^^^^^^^
  File "/home/airflow/.local/lib/python3.12/site-packages/airflow/models/taskinstance.py", line 734, in _execute_callable
    return ExecutionCallableRunner(
           ^^^^^^^^^^^^^^^^^^^^^^^^
  File "/home/airflow/.local/lib/python3.12/site-packages/airflow/utils/operator_helpers.py", line 252, in run
    return self.func(*args, **kwargs)
           ^^^^^^^^^^^^^^^^^^^^^^^^^^
  File "/home/airflow/.local/lib/python3.12/site-packages/airflow/models/baseoperator.py", line 424, in wrapper
    return func(self, *args, **kwargs)
           ^^^^^^^^^^^^^^^^^^^^^^^^^^^
  File "/home/airflow/.local/lib/python3.12/site-packages/airflow/operators/bash.py", line 276, in execute
    raise AirflowException(
airflow.exceptions.AirflowException: Bash command failed. The command returned a non-zero exit code 1.
[2026-04-15T08:40:09.078+0000] {taskinstance.py:1226} INFO - Marking task as FAILED. dag_id=layers_update, task_id=run_dbt, run_id=manual__2026-04-15T08:39:59.836182+00:00, execution_date=20260415T083959, start_date=20260415T084001, end_date=20260415T084009
[2026-04-15T08:40:09.114+0000] {taskinstance.py:341} INFO - ::group::Post task execution logs
[2026-04-15T08:40:09.115+0000] {standard_task_runner.py:124} ERROR - Failed to execute job 9 for task run_dbt (Bash command failed. The command returned a non-zero exit code 1.; 107)
Traceback (most recent call last):
  File "/home/airflow/.local/lib/python3.12/site-packages/airflow/task/task_runner/standard_task_runner.py", line 117, in _start_by_fork
    ret = args.func(args, dag=self.dag)
          ^^^^^^^^^^^^^^^^^^^^^^^^^^^^^
  File "/home/airflow/.local/lib/python3.12/site-packages/airflow/cli/cli_config.py", line 49, in command
    return func(*args, **kwargs)
           ^^^^^^^^^^^^^^^^^^^^^
  File "/home/airflow/.local/lib/python3.12/site-packages/airflow/utils/cli.py", line 116, in wrapper
    return f(*args, **kwargs)
           ^^^^^^^^^^^^^^^^^^
  File "/home/airflow/.local/lib/python3.12/site-packages/airflow/cli/commands/task_command.py", line 483, in task_run
    task_return_code = _run_task_by_selected_method(args, _dag, ti)
                       ^^^^^^^^^^^^^^^^^^^^^^^^^^^^^^^^^^^^^^^^^^^^
  File "/home/airflow/.local/lib/python3.12/site-packages/airflow/cli/commands/task_command.py", line 256, in _run_task_by_selected_method
    return _run_raw_task(args, ti)
           ^^^^^^^^^^^^^^^^^^^^^^^
  File "/home/airflow/.local/lib/python3.12/site-packages/airflow/cli/commands/task_command.py", line 341, in _run_raw_task
    return ti._run_raw_task(
           ^^^^^^^^^^^^^^^^^
  File "/home/airflow/.local/lib/python3.12/site-packages/airflow/utils/session.py", line 97, in wrapper
    return func(*args, session=session, **kwargs)
           ^^^^^^^^^^^^^^^^^^^^^^^^^^^^^^^^^^^^^^
  File "/home/airflow/.local/lib/python3.12/site-packages/airflow/models/taskinstance.py", line 3006, in _run_raw_task
    return _run_raw_task(
           ^^^^^^^^^^^^^^
  File "/home/airflow/.local/lib/python3.12/site-packages/airflow/models/taskinstance.py", line 274, in _run_raw_task
    TaskInstance._execute_task_with_callbacks(
  File "/home/airflow/.local/lib/python3.12/site-packages/airflow/models/taskinstance.py", line 3161, in _execute_task_with_callbacks
    result = self._execute_task(context, task_orig)
             ^^^^^^^^^^^^^^^^^^^^^^^^^^^^^^^^^^^^^^
  File "/home/airflow/.local/lib/python3.12/site-packages/airflow/models/taskinstance.py", line 3185, in _execute_task
    return _execute_task(self, context, task_orig)
           ^^^^^^^^^^^^^^^^^^^^^^^^^^^^^^^^^^^^^^^
  File "/home/airflow/.local/lib/python3.12/site-packages/airflow/models/taskinstance.py", line 768, in _execute_task
    result = _execute_callable(context=context, **execute_callable_kwargs)
             ^^^^^^^^^^^^^^^^^^^^^^^^^^^^^^^^^^^^^^^^^^^^^^^^^^^^^^^^^^^^^
  File "/home/airflow/.local/lib/python3.12/site-packages/airflow/models/taskinstance.py", line 734, in _execute_callable
    return ExecutionCallableRunner(
           ^^^^^^^^^^^^^^^^^^^^^^^^
  File "/home/airflow/.local/lib/python3.12/site-packages/airflow/utils/operator_helpers.py", line 252, in run
    return self.func(*args, **kwargs)
           ^^^^^^^^^^^^^^^^^^^^^^^^^^
  File "/home/airflow/.local/lib/python3.12/site-packages/airflow/models/baseoperator.py", line 424, in wrapper
    return func(self, *args, **kwargs)
           ^^^^^^^^^^^^^^^^^^^^^^^^^^^
  File "/home/airflow/.local/lib/python3.12/site-packages/airflow/operators/bash.py", line 276, in execute
    raise AirflowException(
airflow.exceptions.AirflowException: Bash command failed. The command returned a non-zero exit code 1.
[2026-04-15T08:40:09.132+0000] {local_task_job_runner.py:266} INFO - Task exited with return code 1
[2026-04-15T08:40:09.164+0000] {taskinstance.py:3901} INFO - 0 downstream tasks scheduled from follow-on schedule check
[2026-04-15T08:40:09.171+0000] {local_task_job_runner.py:245} INFO - ::endgroup::
