[2026-04-15T16:42:05.111+0000] {local_task_job_runner.py:123} INFO - ::group::Pre task execution logs
[2026-04-15T16:42:05.132+0000] {taskinstance.py:2614} INFO - Dependencies all met for dep_context=non-requeueable deps ti=<TaskInstance: layers_update.run_dbt manual__2026-04-15T16:42:01.929427+00:00 [queued]>
[2026-04-15T16:42:05.144+0000] {taskinstance.py:2614} INFO - Dependencies all met for dep_context=requeueable deps ti=<TaskInstance: layers_update.run_dbt manual__2026-04-15T16:42:01.929427+00:00 [queued]>
[2026-04-15T16:42:05.145+0000] {taskinstance.py:2867} INFO - Starting attempt 1 of 1
[2026-04-15T16:42:05.165+0000] {taskinstance.py:2890} INFO - Executing <Task(BashOperator): run_dbt> on 2026-04-15 16:42:01.929427+00:00
[2026-04-15T16:42:05.174+0000] {warnings.py:112} WARNING - /home/***/.local/lib/python3.12/site-packages/***/task/task_runner/standard_task_runner.py:70: DeprecationWarning: This process (pid=92) is multi-threaded, use of fork() may lead to deadlocks in the child.
  pid = os.fork()

[2026-04-15T16:42:05.179+0000] {standard_task_runner.py:104} INFO - Running: ['***', 'tasks', 'run', 'layers_update', 'run_dbt', 'manual__2026-04-15T16:42:01.929427+00:00', '--job-id', '9', '--raw', '--subdir', 'DAGS_FOLDER/layers_update.py', '--cfg-path', '/tmp/tmpyp187de2']
[2026-04-15T16:42:05.180+0000] {standard_task_runner.py:72} INFO - Started process 93 to run task
[2026-04-15T16:42:05.181+0000] {standard_task_runner.py:105} INFO - Job 9: Subtask run_dbt
[2026-04-15T16:42:05.258+0000] {task_command.py:467} INFO - Running <TaskInstance: layers_update.run_dbt manual__2026-04-15T16:42:01.929427+00:00 [running]> on host 4bee53555a23
[2026-04-15T16:42:05.375+0000] {taskinstance.py:3134} INFO - Exporting env vars: AIRFLOW_CTX_DAG_OWNER='***' AIRFLOW_CTX_DAG_ID='layers_update' AIRFLOW_CTX_TASK_ID='run_dbt' AIRFLOW_CTX_EXECUTION_DATE='2026-04-15T16:42:01.929427+00:00' AIRFLOW_CTX_TRY_NUMBER='1' AIRFLOW_CTX_DAG_RUN_ID='manual__2026-04-15T16:42:01.929427+00:00'
[2026-04-15T16:42:05.378+0000] {taskinstance.py:732} INFO - ::endgroup::
[2026-04-15T16:42:05.398+0000] {subprocess.py:78} INFO - Tmp dir root location: /tmp
[2026-04-15T16:42:05.399+0000] {subprocess.py:88} INFO - Running command: ['/usr/bin/bash', '-c', 'dbt run']
[2026-04-15T16:42:05.412+0000] {subprocess.py:99} INFO - Output:
[2026-04-15T16:42:09.349+0000] {subprocess.py:106} INFO - [0m16:42:09  Running with dbt=1.7.0
[2026-04-15T16:42:09.815+0000] {subprocess.py:106} INFO - [0m16:42:09  Registered adapter: clickhouse=1.7.0
[2026-04-15T16:42:11.167+0000] {subprocess.py:106} INFO - [0m16:42:11  [[33mWARNING[0m]: Configuration paths exist in your dbt_project.yml file which do not apply to any resources.
[2026-04-15T16:42:11.168+0000] {subprocess.py:106} INFO - There are 1 unused configuration paths:
[2026-04-15T16:42:11.169+0000] {subprocess.py:106} INFO - - models.clickhouse_etl.raw
[2026-04-15T16:42:11.226+0000] {subprocess.py:106} INFO - [0m16:42:11  Found 11 models, 15 tests, 4 sources, 0 exposures, 0 metrics, 538 macros, 0 groups, 0 semantic models
[2026-04-15T16:42:11.230+0000] {subprocess.py:106} INFO - [0m16:42:11
[2026-04-15T16:42:13.052+0000] {subprocess.py:106} INFO - [0m16:42:13  Concurrency: 1 threads (target='dev')
[2026-04-15T16:42:13.053+0000] {subprocess.py:106} INFO - [0m16:42:13
[2026-04-15T16:42:13.066+0000] {subprocess.py:106} INFO - [0m16:42:13  1 of 11 START sql incremental model `ods`.`browser_data` ....................... [RUN]
[2026-04-15T16:42:13.416+0000] {subprocess.py:106} INFO - [0m16:42:13  1 of 11 OK created sql incremental model `ods`.`browser_data` .................. [[32mOK[0m in 0.35s]
[2026-04-15T16:42:13.423+0000] {subprocess.py:106} INFO - [0m16:42:13  2 of 11 START sql incremental model `ods`.`device_data` ........................ [RUN]
[2026-04-15T16:42:13.640+0000] {subprocess.py:106} INFO - [0m16:42:13  2 of 11 OK created sql incremental model `ods`.`device_data` ................... [[32mOK[0m in 0.21s]
[2026-04-15T16:42:13.653+0000] {subprocess.py:106} INFO - [0m16:42:13  3 of 11 START sql incremental model `ods`.`geo_data` ........................... [RUN]
[2026-04-15T16:42:14.000+0000] {subprocess.py:106} INFO - [0m16:42:13  3 of 11 OK created sql incremental model `ods`.`geo_data` ...................... [[32mOK[0m in 0.34s]
[2026-04-15T16:42:14.007+0000] {subprocess.py:106} INFO - [0m16:42:14  4 of 11 START sql incremental model `ods`.`location_data` ...................... [RUN]
[2026-04-15T16:42:14.895+0000] {subprocess.py:106} INFO - [0m16:42:14  4 of 11 OK created sql incremental model `ods`.`location_data` ................. [[32mOK[0m in 0.89s]
[2026-04-15T16:42:14.899+0000] {subprocess.py:106} INFO - [0m16:42:14  5 of 11 START sql incremental model `dds`.`dim_browser` ........................ [RUN]
[2026-04-15T16:42:15.116+0000] {subprocess.py:106} INFO - [0m16:42:15  5 of 11 OK created sql incremental model `dds`.`dim_browser` ................... [[32mOK[0m in 0.21s]
[2026-04-15T16:42:15.122+0000] {subprocess.py:106} INFO - [0m16:42:15  6 of 11 START sql incremental model `dds`.`dim_device` ......................... [RUN]
[2026-04-15T16:42:15.327+0000] {subprocess.py:106} INFO - [0m16:42:15  6 of 11 OK created sql incremental model `dds`.`dim_device` .................... [[32mOK[0m in 0.20s]
[2026-04-15T16:42:15.330+0000] {subprocess.py:106} INFO - [0m16:42:15  7 of 11 START sql incremental model `dds`.`fct_click` .......................... [RUN]
[2026-04-15T16:42:15.581+0000] {subprocess.py:106} INFO - [0m16:42:15  7 of 11 OK created sql incremental model `dds`.`fct_click` ..................... [[32mOK[0m in 0.25s]
[2026-04-15T16:42:15.585+0000] {subprocess.py:106} INFO - [0m16:42:15  8 of 11 START sql incremental model `dds`.`dim_geo` ............................ [RUN]
[2026-04-15T16:42:15.804+0000] {subprocess.py:106} INFO - [0m16:42:15  8 of 11 OK created sql incremental model `dds`.`dim_geo` ....................... [[32mOK[0m in 0.22s]
[2026-04-15T16:42:15.808+0000] {subprocess.py:106} INFO - [0m16:42:15  9 of 11 START sql incremental model `dds`.`dim_location` ....................... [RUN]
[2026-04-15T16:42:16.654+0000] {subprocess.py:106} INFO - [0m16:42:16  9 of 11 OK created sql incremental model `dds`.`dim_location` .................. [[32mOK[0m in 0.84s]
[2026-04-15T16:42:16.660+0000] {subprocess.py:106} INFO - [0m16:42:16  10 of 11 START sql incremental model `dm`.`dashboard` .......................... [RUN]
[2026-04-15T16:42:16.878+0000] {subprocess.py:106} INFO - [0m16:42:16  10 of 11 OK created sql incremental model `dm`.`dashboard` ..................... [[32mOK[0m in 0.22s]
[2026-04-15T16:42:16.882+0000] {subprocess.py:106} INFO - [0m16:42:16  11 of 11 START sql view model `dm`.`dashboard_recent_data` ..................... [RUN]
[2026-04-15T16:42:17.055+0000] {subprocess.py:106} INFO - [0m16:42:17  11 of 11 OK created sql view model `dm`.`dashboard_recent_data` ................ [[32mOK[0m in 0.17s]
[2026-04-15T16:42:17.061+0000] {subprocess.py:106} INFO - [0m16:42:17
[2026-04-15T16:42:17.062+0000] {subprocess.py:106} INFO - [0m16:42:17  Finished running 10 incremental models, 1 view model in 0 hours 0 minutes and 5.83 seconds (5.83s).
[2026-04-15T16:42:17.094+0000] {subprocess.py:106} INFO - [0m16:42:17
[2026-04-15T16:42:17.095+0000] {subprocess.py:106} INFO - [0m16:42:17  [32mCompleted successfully[0m
[2026-04-15T16:42:17.096+0000] {subprocess.py:106} INFO - [0m16:42:17
[2026-04-15T16:42:17.097+0000] {subprocess.py:106} INFO - [0m16:42:17  Done. PASS=11 WARN=0 ERROR=0 SKIP=0 TOTAL=11
[2026-04-15T16:42:18.224+0000] {subprocess.py:110} INFO - Command exited with return code 0
[2026-04-15T16:42:18.260+0000] {taskinstance.py:341} INFO - ::group::Post task execution logs
[2026-04-15T16:42:18.261+0000] {taskinstance.py:353} INFO - Marking task as SUCCESS. dag_id=layers_update, task_id=run_dbt, run_id=manual__2026-04-15T16:42:01.929427+00:00, execution_date=20260415T164201, start_date=20260415T164205, end_date=20260415T164218
[2026-04-15T16:42:18.335+0000] {local_task_job_runner.py:266} INFO - Task exited with return code 0
[2026-04-15T16:42:18.363+0000] {taskinstance.py:3901} INFO - 1 downstream tasks scheduled from follow-on schedule check
[2026-04-15T16:42:18.368+0000] {local_task_job_runner.py:245} INFO - ::endgroup::
