[2026-04-21T08:21:35.030+0000] {local_task_job_runner.py:123} INFO - ::group::Pre task execution logs
[2026-04-21T08:21:35.051+0000] {taskinstance.py:2614} INFO - Dependencies all met for dep_context=non-requeueable deps ti=<TaskInstance: kafka_producer.get_data manual__2026-04-21T08:21:33.715270+00:00 [queued]>
[2026-04-21T08:21:35.061+0000] {taskinstance.py:2614} INFO - Dependencies all met for dep_context=requeueable deps ti=<TaskInstance: kafka_producer.get_data manual__2026-04-21T08:21:33.715270+00:00 [queued]>
[2026-04-21T08:21:35.062+0000] {taskinstance.py:2867} INFO - Starting attempt 1 of 1
[2026-04-21T08:21:35.082+0000] {taskinstance.py:2890} INFO - Executing <Task(PythonOperator): get_data> on 2026-04-21 08:21:33.715270+00:00
[2026-04-21T08:21:35.090+0000] {warnings.py:112} WARNING - /home/***/.local/lib/python3.12/site-packages/***/task/task_runner/standard_task_runner.py:70: DeprecationWarning: This process (pid=404) is multi-threaded, use of fork() may lead to deadlocks in the child.
  pid = os.fork()

[2026-04-21T08:21:35.093+0000] {standard_task_runner.py:72} INFO - Started process 405 to run task
[2026-04-21T08:21:35.092+0000] {standard_task_runner.py:104} INFO - Running: ['***', 'tasks', 'run', 'kafka_producer', 'get_data', 'manual__2026-04-21T08:21:33.715270+00:00', '--job-id', '52', '--raw', '--subdir', 'DAGS_FOLDER/kafka_load.py', '--cfg-path', '/tmp/tmpogg8h02b']
[2026-04-21T08:21:35.095+0000] {standard_task_runner.py:105} INFO - Job 52: Subtask get_data
[2026-04-21T08:21:35.160+0000] {task_command.py:467} INFO - Running <TaskInstance: kafka_producer.get_data manual__2026-04-21T08:21:33.715270+00:00 [running]> on host 685b945180b2
[2026-04-21T08:21:35.274+0000] {taskinstance.py:3134} INFO - Exporting env vars: AIRFLOW_CTX_DAG_OWNER='***' AIRFLOW_CTX_DAG_ID='kafka_producer' AIRFLOW_CTX_TASK_ID='get_data' AIRFLOW_CTX_EXECUTION_DATE='2026-04-21T08:21:33.715270+00:00' AIRFLOW_CTX_TRY_NUMBER='1' AIRFLOW_CTX_DAG_RUN_ID='manual__2026-04-21T08:21:33.715270+00:00'
[2026-04-21T08:21:35.276+0000] {taskinstance.py:732} INFO - ::endgroup::
[2026-04-21T08:21:35.308+0000] {kafka_load.py:29} INFO - Обрабатывается файл: browser_events.jsonl
[2026-04-21T08:21:35.317+0000] {kafka_load.py:42} INFO - Отправлено 100 сообщений
[2026-04-21T08:21:35.320+0000] {kafka_load.py:42} INFO - Отправлено 200 сообщений
[2026-04-21T08:21:35.325+0000] {kafka_load.py:42} INFO - Отправлено 300 сообщений
[2026-04-21T08:21:35.328+0000] {kafka_load.py:42} INFO - Отправлено 400 сообщений
[2026-04-21T08:21:35.333+0000] {kafka_load.py:42} INFO - Отправлено 500 сообщений
[2026-04-21T08:21:35.337+0000] {kafka_load.py:42} INFO - Отправлено 600 сообщений
[2026-04-21T08:21:35.342+0000] {kafka_load.py:42} INFO - Отправлено 700 сообщений
[2026-04-21T08:21:35.346+0000] {kafka_load.py:42} INFO - Отправлено 800 сообщений
[2026-04-21T08:21:35.349+0000] {kafka_load.py:42} INFO - Отправлено 900 сообщений
[2026-04-21T08:21:35.352+0000] {kafka_load.py:42} INFO - Отправлено 1000 сообщений
[2026-04-21T08:21:35.353+0000] {kafka_load.py:56} INFO - Обработка файла browser_events.jsonl завершена
[2026-04-21T08:21:35.353+0000] {kafka_load.py:29} INFO - Обрабатывается файл: device_events.jsonl
[2026-04-21T08:21:35.356+0000] {kafka_load.py:42} INFO - Отправлено 100 сообщений
[2026-04-21T08:21:35.361+0000] {kafka_load.py:42} INFO - Отправлено 200 сообщений
[2026-04-21T08:21:35.364+0000] {kafka_load.py:42} INFO - Отправлено 300 сообщений
[2026-04-21T08:21:35.368+0000] {kafka_load.py:42} INFO - Отправлено 400 сообщений
[2026-04-21T08:21:35.370+0000] {kafka_load.py:42} INFO - Отправлено 500 сообщений
[2026-04-21T08:21:35.373+0000] {kafka_load.py:42} INFO - Отправлено 600 сообщений
[2026-04-21T08:21:35.376+0000] {kafka_load.py:42} INFO - Отправлено 700 сообщений
[2026-04-21T08:21:35.379+0000] {kafka_load.py:42} INFO - Отправлено 800 сообщений
[2026-04-21T08:21:35.381+0000] {kafka_load.py:42} INFO - Отправлено 900 сообщений
[2026-04-21T08:21:35.384+0000] {kafka_load.py:42} INFO - Отправлено 1000 сообщений
[2026-04-21T08:21:35.385+0000] {kafka_load.py:44} ERROR - Ошибка JSON в строке: 1001: Expecting ':' delimiter: line 1 column 19 (char 18)
[2026-04-21T08:21:35.389+0000] {kafka_load.py:56} INFO - Обработка файла device_events.jsonl завершена
[2026-04-21T08:21:35.389+0000] {kafka_load.py:29} INFO - Обрабатывается файл: geo_events.jsonl
[2026-04-21T08:21:35.393+0000] {kafka_load.py:42} INFO - Отправлено 100 сообщений
[2026-04-21T08:21:35.395+0000] {kafka_load.py:42} INFO - Отправлено 200 сообщений
[2026-04-21T08:21:35.398+0000] {kafka_load.py:42} INFO - Отправлено 300 сообщений
[2026-04-21T08:21:35.400+0000] {kafka_load.py:42} INFO - Отправлено 400 сообщений
[2026-04-21T08:21:35.403+0000] {kafka_load.py:42} INFO - Отправлено 500 сообщений
[2026-04-21T08:21:35.405+0000] {kafka_load.py:42} INFO - Отправлено 600 сообщений
[2026-04-21T08:21:35.407+0000] {kafka_load.py:42} INFO - Отправлено 700 сообщений
[2026-04-21T08:21:35.409+0000] {kafka_load.py:42} INFO - Отправлено 800 сообщений
[2026-04-21T08:21:35.411+0000] {kafka_load.py:42} INFO - Отправлено 900 сообщений
[2026-04-21T08:21:35.414+0000] {kafka_load.py:42} INFO - Отправлено 1000 сообщений
[2026-04-21T08:21:35.414+0000] {kafka_load.py:56} INFO - Обработка файла geo_events.jsonl завершена
[2026-04-21T08:21:35.415+0000] {kafka_load.py:29} INFO - Обрабатывается файл: location_events.jsonl
[2026-04-21T08:21:35.419+0000] {kafka_load.py:42} INFO - Отправлено 100 сообщений
[2026-04-21T08:21:35.421+0000] {kafka_load.py:42} INFO - Отправлено 200 сообщений
[2026-04-21T08:21:35.424+0000] {kafka_load.py:42} INFO - Отправлено 300 сообщений
[2026-04-21T08:21:35.427+0000] {kafka_load.py:42} INFO - Отправлено 400 сообщений
[2026-04-21T08:21:35.430+0000] {kafka_load.py:42} INFO - Отправлено 500 сообщений
[2026-04-21T08:21:35.432+0000] {kafka_load.py:42} INFO - Отправлено 600 сообщений
[2026-04-21T08:21:35.435+0000] {kafka_load.py:42} INFO - Отправлено 700 сообщений
[2026-04-21T08:21:35.440+0000] {kafka_load.py:42} INFO - Отправлено 800 сообщений
[2026-04-21T08:21:35.443+0000] {kafka_load.py:42} INFO - Отправлено 900 сообщений
[2026-04-21T08:21:35.445+0000] {kafka_load.py:42} INFO - Отправлено 1000 сообщений
[2026-04-21T08:21:35.447+0000] {kafka_load.py:56} INFO - Обработка файла location_events.jsonl завершена
[2026-04-21T08:21:35.448+0000] {kafka_load.py:59} INFO - Обработка файлов успешно завершена
[2026-04-21T08:21:35.450+0000] {python.py:240} INFO - Done. Returned value was: None
[2026-04-21T08:21:35.463+0000] {taskinstance.py:341} INFO - ::group::Post task execution logs
[2026-04-21T08:21:35.464+0000] {taskinstance.py:353} INFO - Marking task as SUCCESS. dag_id=kafka_producer, task_id=get_data, run_id=manual__2026-04-21T08:21:33.715270+00:00, execution_date=20260421T082133, start_date=20260421T082135, end_date=20260421T082135
[2026-04-21T08:21:35.510+0000] {local_task_job_runner.py:266} INFO - Task exited with return code 0
[2026-04-21T08:21:35.541+0000] {taskinstance.py:3901} INFO - 1 downstream tasks scheduled from follow-on schedule check
[2026-04-21T08:21:35.545+0000] {local_task_job_runner.py:245} INFO - ::endgroup::
