[2026-04-21T08:11:24.548+0000] {local_task_job_runner.py:123} INFO - ::group::Pre task execution logs
[2026-04-21T08:11:24.571+0000] {taskinstance.py:2614} INFO - Dependencies all met for dep_context=non-requeueable deps ti=<TaskInstance: layers_update.run_dbt manual__2026-04-21T08:11:22.013036+00:00 [queued]>
[2026-04-21T08:11:24.581+0000] {taskinstance.py:2614} INFO - Dependencies all met for dep_context=requeueable deps ti=<TaskInstance: layers_update.run_dbt manual__2026-04-21T08:11:22.013036+00:00 [queued]>
[2026-04-21T08:11:24.582+0000] {taskinstance.py:2867} INFO - Starting attempt 1 of 1
[2026-04-21T08:11:24.605+0000] {taskinstance.py:2890} INFO - Executing <Task(BashOperator): run_dbt> on 2026-04-21 08:11:22.013036+00:00
[2026-04-21T08:11:24.613+0000] {warnings.py:112} WARNING - /home/***/.local/lib/python3.12/site-packages/***/task/task_runner/standard_task_runner.py:70: DeprecationWarning: This process (pid=180) is multi-threaded, use of fork() may lead to deadlocks in the child.
  pid = os.fork()

[2026-04-21T08:11:24.615+0000] {standard_task_runner.py:72} INFO - Started process 181 to run task
[2026-04-21T08:11:24.618+0000] {standard_task_runner.py:104} INFO - Running: ['***', 'tasks', 'run', 'layers_update', 'run_dbt', 'manual__2026-04-21T08:11:22.013036+00:00', '--job-id', '19', '--raw', '--subdir', 'DAGS_FOLDER/layers_update.py', '--cfg-path', '/tmp/tmp9fr0_vaj']
[2026-04-21T08:11:24.620+0000] {standard_task_runner.py:105} INFO - Job 19: Subtask run_dbt
[2026-04-21T08:11:24.689+0000] {task_command.py:467} INFO - Running <TaskInstance: layers_update.run_dbt manual__2026-04-21T08:11:22.013036+00:00 [running]> on host 685b945180b2
[2026-04-21T08:11:24.818+0000] {taskinstance.py:3134} INFO - Exporting env vars: AIRFLOW_CTX_DAG_OWNER='***' AIRFLOW_CTX_DAG_ID='layers_update' AIRFLOW_CTX_TASK_ID='run_dbt' AIRFLOW_CTX_EXECUTION_DATE='2026-04-21T08:11:22.013036+00:00' AIRFLOW_CTX_TRY_NUMBER='1' AIRFLOW_CTX_DAG_RUN_ID='manual__2026-04-21T08:11:22.013036+00:00'
[2026-04-21T08:11:24.820+0000] {taskinstance.py:732} INFO - ::endgroup::
[2026-04-21T08:11:24.842+0000] {subprocess.py:78} INFO - Tmp dir root location: /tmp
[2026-04-21T08:11:24.842+0000] {subprocess.py:88} INFO - Running command: ['/usr/bin/bash', '-c', 'dbt run']
[2026-04-21T08:11:24.855+0000] {subprocess.py:99} INFO - Output:
[2026-04-21T08:11:29.329+0000] {subprocess.py:106} INFO - [0m08:11:29  Running with dbt=1.7.0
[2026-04-21T08:11:29.765+0000] {subprocess.py:106} INFO - [0m08:11:29  Registered adapter: clickhouse=1.7.0
[2026-04-21T08:11:31.299+0000] {subprocess.py:106} INFO - [0m08:11:31  [[33mWARNING[0m]: Configuration paths exist in your dbt_project.yml file which do not apply to any resources.
[2026-04-21T08:11:31.300+0000] {subprocess.py:106} INFO - There are 1 unused configuration paths:
[2026-04-21T08:11:31.301+0000] {subprocess.py:106} INFO - - models.clickhouse_etl.raw
[2026-04-21T08:11:31.334+0000] {subprocess.py:106} INFO - [0m08:11:31  Found 11 models, 15 tests, 4 sources, 0 exposures, 0 metrics, 538 macros, 0 groups, 0 semantic models
[2026-04-21T08:11:31.338+0000] {subprocess.py:106} INFO - [0m08:11:31
[2026-04-21T08:11:31.796+0000] {subprocess.py:106} INFO - [0m08:11:31  Concurrency: 1 threads (target='dev')
[2026-04-21T08:11:31.797+0000] {subprocess.py:106} INFO - [0m08:11:31
[2026-04-21T08:11:31.814+0000] {subprocess.py:106} INFO - [0m08:11:31  1 of 11 START sql incremental model `ods`.`browser_data` ....................... [RUN]
[2026-04-21T08:11:32.116+0000] {subprocess.py:106} INFO - [0m08:11:32  1 of 11 OK created sql incremental model `ods`.`browser_data` .................. [[32mOK[0m in 0.30s]
[2026-04-21T08:11:32.121+0000] {subprocess.py:106} INFO - [0m08:11:32  2 of 11 START sql incremental model `ods`.`device_data` ........................ [RUN]
[2026-04-21T08:11:32.337+0000] {subprocess.py:106} INFO - [0m08:11:32  2 of 11 OK created sql incremental model `ods`.`device_data` ................... [[32mOK[0m in 0.21s]
[2026-04-21T08:11:32.342+0000] {subprocess.py:106} INFO - [0m08:11:32  3 of 11 START sql incremental model `ods`.`geo_data` ........................... [RUN]
[2026-04-21T08:11:32.549+0000] {subprocess.py:106} INFO - [0m08:11:32  3 of 11 OK created sql incremental model `ods`.`geo_data` ...................... [[32mOK[0m in 0.21s]
[2026-04-21T08:11:32.553+0000] {subprocess.py:106} INFO - [0m08:11:32  4 of 11 START sql incremental model `ods`.`location_data` ...................... [RUN]
[2026-04-21T08:11:32.764+0000] {subprocess.py:106} INFO - [0m08:11:32  4 of 11 OK created sql incremental model `ods`.`location_data` ................. [[32mOK[0m in 0.21s]
[2026-04-21T08:11:32.767+0000] {subprocess.py:106} INFO - [0m08:11:32  5 of 11 START sql incremental model `dds`.`dim_browser` ........................ [RUN]
[2026-04-21T08:11:32.974+0000] {subprocess.py:106} INFO - [0m08:11:32  5 of 11 OK created sql incremental model `dds`.`dim_browser` ................... [[32mOK[0m in 0.20s]
[2026-04-21T08:11:32.977+0000] {subprocess.py:106} INFO - [0m08:11:32  6 of 11 START sql incremental model `dds`.`dim_device` ......................... [RUN]
[2026-04-21T08:11:33.189+0000] {subprocess.py:106} INFO - [0m08:11:33  6 of 11 OK created sql incremental model `dds`.`dim_device` .................... [[32mOK[0m in 0.21s]
[2026-04-21T08:11:33.193+0000] {subprocess.py:106} INFO - [0m08:11:33  7 of 11 START sql incremental model `dds`.`fct_click` .......................... [RUN]
[2026-04-21T08:11:33.462+0000] {subprocess.py:106} INFO - [0m08:11:33  7 of 11 OK created sql incremental model `dds`.`fct_click` ..................... [[32mOK[0m in 0.27s]
[2026-04-21T08:11:33.466+0000] {subprocess.py:106} INFO - [0m08:11:33  8 of 11 START sql incremental model `dds`.`dim_geo` ............................ [RUN]
[2026-04-21T08:11:33.665+0000] {subprocess.py:106} INFO - [0m08:11:33  8 of 11 OK created sql incremental model `dds`.`dim_geo` ....................... [[32mOK[0m in 0.20s]
[2026-04-21T08:11:33.668+0000] {subprocess.py:106} INFO - [0m08:11:33  9 of 11 START sql incremental model `dds`.`dim_location` ....................... [RUN]
[2026-04-21T08:11:33.870+0000] {subprocess.py:106} INFO - [0m08:11:33  9 of 11 OK created sql incremental model `dds`.`dim_location` .................. [[32mOK[0m in 0.20s]
[2026-04-21T08:11:33.875+0000] {subprocess.py:106} INFO - [0m08:11:33  10 of 11 START sql incremental model `dm`.`dashboard` .......................... [RUN]
[2026-04-21T08:11:34.133+0000] {subprocess.py:106} INFO - [0m08:11:34  10 of 11 OK created sql incremental model `dm`.`dashboard` ..................... [[32mOK[0m in 0.26s]
[2026-04-21T08:11:34.137+0000] {subprocess.py:106} INFO - [0m08:11:34  11 of 11 START sql view model `dm`.`dashboard_recent_data` ..................... [RUN]
[2026-04-21T08:11:34.307+0000] {subprocess.py:106} INFO - [0m08:11:34  11 of 11 OK created sql view model `dm`.`dashboard_recent_data` ................ [[32mOK[0m in 0.17s]
[2026-04-21T08:11:34.314+0000] {subprocess.py:106} INFO - [0m08:11:34
[2026-04-21T08:11:34.316+0000] {subprocess.py:106} INFO - [0m08:11:34  Finished running 10 incremental models, 1 view model in 0 hours 0 minutes and 2.97 seconds (2.97s).
[2026-04-21T08:11:34.353+0000] {subprocess.py:106} INFO - [0m08:11:34
[2026-04-21T08:11:34.353+0000] {subprocess.py:106} INFO - [0m08:11:34  [32mCompleted successfully[0m
[2026-04-21T08:11:34.354+0000] {subprocess.py:106} INFO - [0m08:11:34
[2026-04-21T08:11:34.355+0000] {subprocess.py:106} INFO - [0m08:11:34  Done. PASS=11 WARN=0 ERROR=0 SKIP=0 TOTAL=11
[2026-04-21T08:11:35.526+0000] {subprocess.py:110} INFO - Command exited with return code 0
[2026-04-21T08:11:35.568+0000] {taskinstance.py:341} INFO - ::group::Post task execution logs
[2026-04-21T08:11:35.569+0000] {taskinstance.py:353} INFO - Marking task as SUCCESS. dag_id=layers_update, task_id=run_dbt, run_id=manual__2026-04-21T08:11:22.013036+00:00, execution_date=20260421T081122, start_date=20260421T081124, end_date=20260421T081135
[2026-04-21T08:11:35.650+0000] {local_task_job_runner.py:266} INFO - Task exited with return code 0
[2026-04-21T08:11:35.683+0000] {taskinstance.py:3901} INFO - 1 downstream tasks scheduled from follow-on schedule check
[2026-04-21T08:11:35.688+0000] {local_task_job_runner.py:245} INFO - ::endgroup::
