[0m11:36:41.125036 [debug] [MainThread]: Sending event: {'category': 'dbt', 'action': 'invocation', 'label': 'start', 'context': [<snowplow_tracker.self_describing_json.SelfDescribingJson object at 0x000001719C6F7A10>, <snowplow_tracker.self_describing_json.SelfDescribingJson object at 0x000001719F1BBED0>, <snowplow_tracker.self_describing_json.SelfDescribingJson object at 0x000001719F1BBB10>]}


============================== 11:36:41.134151 | 1f4bc3f8-d7aa-4de0-97ae-6efc5302b662 ==============================
[0m11:36:41.134151 [info ] [MainThread]: Running with dbt=1.7.19
[0m11:36:41.135174 [debug] [MainThread]: running dbt with arguments {'printer_width': '80', 'indirect_selection': 'eager', 'log_cache_events': 'False', 'write_json': 'True', 'partial_parse': 'True', 'cache_selected_only': 'False', 'warn_error': 'None', 'debug': 'False', 'version_check': 'True', 'log_path': 'logs', 'profiles_dir': 'C:\\Users\\Kirill\\.dbt', 'fail_fast': 'False', 'use_colors': 'True', 'use_experimental_parser': 'False', 'no_print': 'None', 'quiet': 'False', 'log_format': 'default', 'static_parser': 'True', 'invocation_command': 'dbt debug', 'introspect': 'True', 'target_path': 'None', 'warn_error_options': 'WarnErrorOptions(include=[], exclude=[])', 'send_anonymous_usage_stats': 'True'}
[0m11:36:41.136336 [info ] [MainThread]: dbt version: 1.7.19
[0m11:36:41.137105 [info ] [MainThread]: python version: 3.13.3
[0m11:36:41.137794 [info ] [MainThread]: python path: C:\Users\Kirill\AppData\Local\Programs\Python\Python313\python.exe
[0m11:36:41.138566 [info ] [MainThread]: os info: Windows-11-10.0.22631-SP0
[0m11:36:41.139200 [info ] [MainThread]: Using profiles dir at C:\Users\Kirill\.dbt
[0m11:36:41.139795 [info ] [MainThread]: Using profiles.yml file at C:\Users\Kirill\.dbt\profiles.yml
[0m11:36:41.140353 [info ] [MainThread]: Using dbt_project.yml file at C:\Users\Kirill\gazprom_test\ETL\dbt_project.yml
[0m11:36:41.141069 [info ] [MainThread]: Configuration:
[0m11:36:41.141614 [info ] [MainThread]:   profiles.yml file [[31mERROR not found[0m]
[0m11:36:41.142169 [info ] [MainThread]:   dbt_project.yml file [[31mERROR not found[0m]
[0m11:36:41.142760 [info ] [MainThread]: Required dependencies:
[0m11:36:41.144358 [debug] [MainThread]: Executing "git --help"
[0m11:36:41.152522 [info ] [MainThread]:  - git [[31mERROR[0m]

[0m11:36:41.153161 [info ] [MainThread]: Connection test skipped since no profile was found
[0m11:36:41.153708 [info ] [MainThread]: [31m3 checks failed:[0m
[0m11:36:41.154303 [info ] [MainThread]: dbt looked for a profiles.yml file in C:\Users\Kirill\.dbt\profiles.yml, but did
not find one. For more information on configuring your profile, consult the
documentation:

https://docs.getdbt.com/docs/configure-your-profile


[0m11:36:41.155671 [info ] [MainThread]: Project loading failed for the following reason:
 project path <C:\Users\Kirill\gazprom_test\ETL\dbt_project.yml> not found

[0m11:36:41.156292 [info ] [MainThread]: Error from git --help: Could not find command, ensure it is in the user's PATH and that the user has permissions to run it: "git"

[0m11:36:41.157596 [debug] [MainThread]: Command `dbt debug` failed at 11:36:41.157425 after 0.19 seconds
[0m11:36:41.158001 [debug] [MainThread]: Sending event: {'category': 'dbt', 'action': 'invocation', 'label': 'end', 'context': [<snowplow_tracker.self_describing_json.SelfDescribingJson object at 0x000001719F0236F0>, <snowplow_tracker.self_describing_json.SelfDescribingJson object at 0x000001719F1EB2F0>, <snowplow_tracker.self_describing_json.SelfDescribingJson object at 0x000001719F0C1480>]}
[0m11:36:41.158394 [debug] [MainThread]: Flushing usage events
[0m09:44:27.366585 [debug] [MainThread]: Sending event: {'category': 'dbt', 'action': 'invocation', 'label': 'start', 'context': [<snowplow_tracker.self_describing_json.SelfDescribingJson object at 0x000001BEB5857A10>, <snowplow_tracker.self_describing_json.SelfDescribingJson object at 0x000001BEB831BD90>, <snowplow_tracker.self_describing_json.SelfDescribingJson object at 0x000001BEB831BB10>]}


============================== 09:44:27.371245 | 3795df02-3342-4b36-add1-e9bd9b66d4af ==============================
[0m09:44:27.371245 [info ] [MainThread]: Running with dbt=1.7.19
[0m09:44:27.372097 [debug] [MainThread]: running dbt with arguments {'printer_width': '80', 'indirect_selection': 'eager', 'log_cache_events': 'False', 'write_json': 'True', 'partial_parse': 'True', 'cache_selected_only': 'False', 'warn_error': 'None', 'version_check': 'True', 'debug': 'False', 'log_path': 'logs', 'profiles_dir': 'dbt', 'fail_fast': 'False', 'use_colors': 'True', 'use_experimental_parser': 'False', 'no_print': 'None', 'quiet': 'False', 'warn_error_options': 'WarnErrorOptions(include=[], exclude=[])', 'introspect': 'True', 'static_parser': 'True', 'invocation_command': 'dbt run --full-refresh --profiles-dir dbt', 'target_path': 'None', 'log_format': 'default', 'send_anonymous_usage_stats': 'True'}
[0m09:44:27.372673 [error] [MainThread]: Encountered an error:
Runtime Error
  No dbt_project.yml found at expected path C:\Users\Kirill\gazprom_test\ETL\dbt_project.yml
  Verify that each entry within packages.yml (and their transitive dependencies) contains a file named dbt_project.yml
  
[0m09:44:27.374000 [debug] [MainThread]: Command `dbt run` failed at 09:44:27.373807 after 0.15 seconds
[0m09:44:27.374472 [debug] [MainThread]: Sending event: {'category': 'dbt', 'action': 'invocation', 'label': 'end', 'context': [<snowplow_tracker.self_describing_json.SelfDescribingJson object at 0x000001BEB81836F0>, <snowplow_tracker.self_describing_json.SelfDescribingJson object at 0x000001BEB834F1D0>, <snowplow_tracker.self_describing_json.SelfDescribingJson object at 0x000001BEB82216A0>]}
[0m09:44:27.375090 [debug] [MainThread]: Flushing usage events
[0m14:27:49.585317 [debug] [MainThread]: Sending event: {'category': 'dbt', 'action': 'invocation', 'label': 'start', 'context': [<snowplow_tracker.self_describing_json.SelfDescribingJson object at 0x73eb7b164b30>, <snowplow_tracker.self_describing_json.SelfDescribingJson object at 0x73eb7b4de360>, <snowplow_tracker.self_describing_json.SelfDescribingJson object at 0x73eb7b3e4980>]}


============================== 14:27:49.594487 | 496b93e4-c9fe-478a-9c9f-4720d5d75ffe ==============================
[0m14:27:49.594487 [info ] [MainThread]: Running with dbt=1.7.0
[0m14:27:49.596010 [debug] [MainThread]: running dbt with arguments {'printer_width': '80', 'indirect_selection': 'eager', 'log_cache_events': 'False', 'write_json': 'True', 'partial_parse': 'True', 'cache_selected_only': 'False', 'warn_error': 'None', 'fail_fast': 'False', 'version_check': 'True', 'log_path': 'logs', 'debug': 'False', 'profiles_dir': '/home/airflow/.dbt', 'use_colors': 'True', 'use_experimental_parser': 'False', 'no_print': 'None', 'quiet': 'False', 'log_format': 'default', 'invocation_command': 'dbt debug', 'static_parser': 'True', 'introspect': 'True', 'target_path': 'None', 'warn_error_options': 'WarnErrorOptions(include=[], exclude=[])', 'send_anonymous_usage_stats': 'True'}
[0m14:27:49.598461 [info ] [MainThread]: dbt version: 1.7.0
[0m14:27:49.600058 [info ] [MainThread]: python version: 3.12.9
[0m14:27:49.601739 [info ] [MainThread]: python path: /home/airflow/.local/bin/python
[0m14:27:49.602872 [info ] [MainThread]: os info: Linux-6.6.87.2-microsoft-standard-WSL2-x86_64-with-glibc2.36
[0m14:27:49.604041 [info ] [MainThread]: Using profiles dir at /home/airflow/.dbt
[0m14:27:49.605026 [info ] [MainThread]: Using profiles.yml file at /home/airflow/.dbt/profiles.yml
[0m14:27:49.606413 [info ] [MainThread]: Using dbt_project.yml file at /opt/airflow/dbt_project.yml
[0m14:27:49.607535 [info ] [MainThread]: Configuration:
[0m14:27:49.608495 [info ] [MainThread]:   profiles.yml file [[31mERROR not found[0m]
[0m14:27:49.609663 [info ] [MainThread]:   dbt_project.yml file [[31mERROR not found[0m]
[0m14:27:49.613095 [info ] [MainThread]: Required dependencies:
[0m14:27:49.616120 [debug] [MainThread]: Executing "git --help"
[0m14:27:49.618985 [info ] [MainThread]:  - git [[31mERROR[0m]

[0m14:27:49.620418 [info ] [MainThread]: Connection test skipped since no profile was found
[0m14:27:49.621384 [info ] [MainThread]: [31m3 checks failed:[0m
[0m14:27:49.622397 [info ] [MainThread]: dbt looked for a profiles.yml file in /home/airflow/.dbt/profiles.yml, but did
not find one. For more information on configuring your profile, consult the
documentation:

https://docs.getdbt.com/docs/configure-your-profile


[0m14:27:49.623606 [info ] [MainThread]: Project loading failed for the following reason:
 project path </opt/airflow/dbt_project.yml> not found

[0m14:27:49.624512 [info ] [MainThread]: Error from git --help: User does not have permissions for this command: "git"

[0m14:27:49.626161 [debug] [MainThread]: Resource report: {"command_name": "debug", "command_wall_clock_time": 0.046729237, "process_user_time": 3.117751, "process_kernel_time": 0.281603, "process_mem_max_rss": "112416", "command_success": false, "process_in_blocks": "0", "process_out_blocks": "0"}
[0m14:27:49.627138 [debug] [MainThread]: Command `dbt debug` failed at 14:27:49.626891 after 0.05 seconds
[0m14:27:49.628647 [debug] [MainThread]: Sending event: {'category': 'dbt', 'action': 'invocation', 'label': 'end', 'context': [<snowplow_tracker.self_describing_json.SelfDescribingJson object at 0x73eb7b3c2720>, <snowplow_tracker.self_describing_json.SelfDescribingJson object at 0x73eb7b31da60>, <snowplow_tracker.self_describing_json.SelfDescribingJson object at 0x73eb7b167500>]}
[0m14:27:49.629838 [debug] [MainThread]: Flushing usage events
[0m14:41:43.633311 [debug] [MainThread]: Sending event: {'category': 'dbt', 'action': 'invocation', 'label': 'start', 'context': [<snowplow_tracker.self_describing_json.SelfDescribingJson object at 0x7697048e2c30>, <snowplow_tracker.self_describing_json.SelfDescribingJson object at 0x7697048e1fd0>, <snowplow_tracker.self_describing_json.SelfDescribingJson object at 0x7697048e23c0>]}


============================== 14:41:43.639299 | fd8f3897-5fe1-4111-a385-80aadff9a377 ==============================
[0m14:41:43.639299 [info ] [MainThread]: Running with dbt=1.7.0
[0m14:41:43.642433 [debug] [MainThread]: running dbt with arguments {'printer_width': '80', 'indirect_selection': 'eager', 'log_cache_events': 'False', 'write_json': 'True', 'partial_parse': 'True', 'cache_selected_only': 'False', 'profiles_dir': '/opt/airflow/dbt', 'fail_fast': 'False', 'version_check': 'True', 'log_path': 'logs', 'warn_error': 'None', 'debug': 'False', 'use_colors': 'True', 'use_experimental_parser': 'False', 'no_print': 'None', 'quiet': 'False', 'log_format': 'default', 'introspect': 'True', 'warn_error_options': 'WarnErrorOptions(include=[], exclude=[])', 'invocation_command': 'dbt ls --resource-type test --profiles-dir /opt/airflow/dbt', 'target_path': 'None', 'static_parser': 'True', 'send_anonymous_usage_stats': 'True'}
[0m14:41:43.644549 [error] [MainThread]: Encountered an error:
Runtime Error
  No dbt_project.yml found at expected path /opt/airflow/dbt_project.yml
  Verify that each entry within packages.yml (and their transitive dependencies) contains a file named dbt_project.yml
  
[0m14:41:43.648227 [debug] [MainThread]: Resource report: {"command_name": "list", "command_wall_clock_time": 0.08257595, "process_user_time": 2.527237, "process_kernel_time": 0.234076, "process_mem_max_rss": "106236", "process_in_blocks": "6232", "command_success": false, "process_out_blocks": "0"}
[0m14:41:43.651368 [debug] [MainThread]: Command `dbt ls` failed at 14:41:43.649844 after 0.08 seconds
[0m14:41:43.652640 [debug] [MainThread]: Sending event: {'category': 'dbt', 'action': 'invocation', 'label': 'end', 'context': [<snowplow_tracker.self_describing_json.SelfDescribingJson object at 0x769704b037d0>, <snowplow_tracker.self_describing_json.SelfDescribingJson object at 0x769704be9b20>, <snowplow_tracker.self_describing_json.SelfDescribingJson object at 0x7697049b1be0>]}
[0m14:41:43.654361 [debug] [MainThread]: Flushing usage events
