[2026-04-15T17:15:24.819+0000] {local_task_job_runner.py:123} INFO - ::group::Pre task execution logs
[2026-04-15T17:15:24.847+0000] {taskinstance.py:2614} INFO - Dependencies all met for dep_context=non-requeueable deps ti=<TaskInstance: layers_update.run_dbt manual__2026-04-15T17:15:21.688067+00:00 [queued]>
[2026-04-15T17:15:24.860+0000] {taskinstance.py:2614} INFO - Dependencies all met for dep_context=requeueable deps ti=<TaskInstance: layers_update.run_dbt manual__2026-04-15T17:15:21.688067+00:00 [queued]>
[2026-04-15T17:15:24.861+0000] {taskinstance.py:2867} INFO - Starting attempt 1 of 1
[2026-04-15T17:15:24.881+0000] {taskinstance.py:2890} INFO - Executing <Task(BashOperator): run_dbt> on 2026-04-15 17:15:21.688067+00:00
[2026-04-15T17:15:24.888+0000] {warnings.py:112} WARNING - /home/***/.local/lib/python3.12/site-packages/***/task/task_runner/standard_task_runner.py:70: DeprecationWarning: This process (pid=93) is multi-threaded, use of fork() may lead to deadlocks in the child.
  pid = os.fork()

[2026-04-15T17:15:24.891+0000] {standard_task_runner.py:72} INFO - Started process 94 to run task
[2026-04-15T17:15:24.891+0000] {standard_task_runner.py:104} INFO - Running: ['***', 'tasks', 'run', 'layers_update', 'run_dbt', 'manual__2026-04-15T17:15:21.688067+00:00', '--job-id', '9', '--raw', '--subdir', 'DAGS_FOLDER/layers_update.py', '--cfg-path', '/tmp/tmp2vy5k83h']
[2026-04-15T17:15:24.893+0000] {standard_task_runner.py:105} INFO - Job 9: Subtask run_dbt
[2026-04-15T17:15:24.961+0000] {task_command.py:467} INFO - Running <TaskInstance: layers_update.run_dbt manual__2026-04-15T17:15:21.688067+00:00 [running]> on host bfdc81498a94
[2026-04-15T17:15:25.075+0000] {taskinstance.py:3134} INFO - Exporting env vars: AIRFLOW_CTX_DAG_OWNER='***' AIRFLOW_CTX_DAG_ID='layers_update' AIRFLOW_CTX_TASK_ID='run_dbt' AIRFLOW_CTX_EXECUTION_DATE='2026-04-15T17:15:21.688067+00:00' AIRFLOW_CTX_TRY_NUMBER='1' AIRFLOW_CTX_DAG_RUN_ID='manual__2026-04-15T17:15:21.688067+00:00'
[2026-04-15T17:15:25.076+0000] {taskinstance.py:732} INFO - ::endgroup::
[2026-04-15T17:15:25.095+0000] {subprocess.py:78} INFO - Tmp dir root location: /tmp
[2026-04-15T17:15:25.096+0000] {subprocess.py:88} INFO - Running command: ['/usr/bin/bash', '-c', 'dbt run']
[2026-04-15T17:15:25.109+0000] {subprocess.py:99} INFO - Output:
[2026-04-15T17:15:29.263+0000] {subprocess.py:106} INFO - [0m17:15:29  Running with dbt=1.7.0
[2026-04-15T17:15:29.779+0000] {subprocess.py:106} INFO - [0m17:15:29  Registered adapter: clickhouse=1.7.0
[2026-04-15T17:15:31.100+0000] {subprocess.py:106} INFO - [0m17:15:31  [[33mWARNING[0m]: Configuration paths exist in your dbt_project.yml file which do not apply to any resources.
[2026-04-15T17:15:31.101+0000] {subprocess.py:106} INFO - There are 1 unused configuration paths:
[2026-04-15T17:15:31.102+0000] {subprocess.py:106} INFO - - models.clickhouse_etl.raw
[2026-04-15T17:15:31.143+0000] {subprocess.py:106} INFO - [0m17:15:31  Found 11 models, 15 tests, 4 sources, 0 exposures, 0 metrics, 538 macros, 0 groups, 0 semantic models
[2026-04-15T17:15:31.147+0000] {subprocess.py:106} INFO - [0m17:15:31
[2026-04-15T17:15:31.613+0000] {subprocess.py:106} INFO - [0m17:15:31  Concurrency: 1 threads (target='dev')
[2026-04-15T17:15:31.613+0000] {subprocess.py:106} INFO - [0m17:15:31
[2026-04-15T17:15:31.624+0000] {subprocess.py:106} INFO - [0m17:15:31  1 of 11 START sql incremental model `ods`.`browser_data` ....................... [RUN]
[2026-04-15T17:15:31.930+0000] {subprocess.py:106} INFO - [0m17:15:31  1 of 11 OK created sql incremental model `ods`.`browser_data` .................. [[32mOK[0m in 0.30s]
[2026-04-15T17:15:31.933+0000] {subprocess.py:106} INFO - [0m17:15:31  2 of 11 START sql incremental model `ods`.`device_data` ........................ [RUN]
[2026-04-15T17:15:32.132+0000] {subprocess.py:106} INFO - [0m17:15:32  2 of 11 OK created sql incremental model `ods`.`device_data` ................... [[32mOK[0m in 0.20s]
[2026-04-15T17:15:32.136+0000] {subprocess.py:106} INFO - [0m17:15:32  3 of 11 START sql incremental model `ods`.`geo_data` ........................... [RUN]
[2026-04-15T17:15:32.359+0000] {subprocess.py:106} INFO - [0m17:15:32  3 of 11 OK created sql incremental model `ods`.`geo_data` ...................... [[32mOK[0m in 0.22s]
[2026-04-15T17:15:32.363+0000] {subprocess.py:106} INFO - [0m17:15:32  4 of 11 START sql incremental model `ods`.`location_data` ...................... [RUN]
[2026-04-15T17:15:32.622+0000] {subprocess.py:106} INFO - [0m17:15:32  4 of 11 OK created sql incremental model `ods`.`location_data` ................. [[32mOK[0m in 0.26s]
[2026-04-15T17:15:32.627+0000] {subprocess.py:106} INFO - [0m17:15:32  5 of 11 START sql incremental model `dds`.`dim_browser` ........................ [RUN]
[2026-04-15T17:15:32.833+0000] {subprocess.py:106} INFO - [0m17:15:32  5 of 11 OK created sql incremental model `dds`.`dim_browser` ................... [[32mOK[0m in 0.20s]
[2026-04-15T17:15:32.836+0000] {subprocess.py:106} INFO - [0m17:15:32  6 of 11 START sql incremental model `dds`.`dim_device` ......................... [RUN]
[2026-04-15T17:15:33.037+0000] {subprocess.py:106} INFO - [0m17:15:33  6 of 11 OK created sql incremental model `dds`.`dim_device` .................... [[32mOK[0m in 0.20s]
[2026-04-15T17:15:33.040+0000] {subprocess.py:106} INFO - [0m17:15:33  7 of 11 START sql incremental model `dds`.`fct_click` .......................... [RUN]
[2026-04-15T17:15:33.298+0000] {subprocess.py:106} INFO - [0m17:15:33  7 of 11 OK created sql incremental model `dds`.`fct_click` ..................... [[32mOK[0m in 0.26s]
[2026-04-15T17:15:33.306+0000] {subprocess.py:106} INFO - [0m17:15:33  8 of 11 START sql incremental model `dds`.`dim_geo` ............................ [RUN]
[2026-04-15T17:15:33.530+0000] {subprocess.py:106} INFO - [0m17:15:33  8 of 11 OK created sql incremental model `dds`.`dim_geo` ....................... [[32mOK[0m in 0.22s]
[2026-04-15T17:15:33.532+0000] {subprocess.py:106} INFO - [0m17:15:33  9 of 11 START sql incremental model `dds`.`dim_location` ....................... [RUN]
[2026-04-15T17:15:33.733+0000] {subprocess.py:106} INFO - [0m17:15:33  9 of 11 OK created sql incremental model `dds`.`dim_location` .................. [[32mOK[0m in 0.20s]
[2026-04-15T17:15:33.737+0000] {subprocess.py:106} INFO - [0m17:15:33  10 of 11 START sql incremental model `dm`.`dashboard` .......................... [RUN]
[2026-04-15T17:15:34.109+0000] {subprocess.py:106} INFO - [0m17:15:34  10 of 11 OK created sql incremental model `dm`.`dashboard` ..................... [[32mOK[0m in 0.37s]
[2026-04-15T17:15:34.116+0000] {subprocess.py:106} INFO - [0m17:15:34  11 of 11 START sql view model `dm`.`dashboard_recent_data` ..................... [RUN]
[2026-04-15T17:15:34.296+0000] {subprocess.py:106} INFO - [0m17:15:34  11 of 11 OK created sql view model `dm`.`dashboard_recent_data` ................ [[32mOK[0m in 0.18s]
[2026-04-15T17:15:34.303+0000] {subprocess.py:106} INFO - [0m17:15:34
[2026-04-15T17:15:34.304+0000] {subprocess.py:106} INFO - [0m17:15:34  Finished running 10 incremental models, 1 view model in 0 hours 0 minutes and 3.15 seconds (3.15s).
[2026-04-15T17:15:34.335+0000] {subprocess.py:106} INFO - [0m17:15:34
[2026-04-15T17:15:34.336+0000] {subprocess.py:106} INFO - [0m17:15:34  [32mCompleted successfully[0m
[2026-04-15T17:15:34.337+0000] {subprocess.py:106} INFO - [0m17:15:34
[2026-04-15T17:15:34.338+0000] {subprocess.py:106} INFO - [0m17:15:34  Done. PASS=11 WARN=0 ERROR=0 SKIP=0 TOTAL=11
[2026-04-15T17:15:35.561+0000] {subprocess.py:110} INFO - Command exited with return code 0
[2026-04-15T17:15:35.596+0000] {taskinstance.py:341} INFO - ::group::Post task execution logs
[2026-04-15T17:15:35.597+0000] {taskinstance.py:353} INFO - Marking task as SUCCESS. dag_id=layers_update, task_id=run_dbt, run_id=manual__2026-04-15T17:15:21.688067+00:00, execution_date=20260415T171521, start_date=20260415T171524, end_date=20260415T171535
[2026-04-15T17:15:35.670+0000] {local_task_job_runner.py:266} INFO - Task exited with return code 0
[2026-04-15T17:15:35.705+0000] {taskinstance.py:3901} INFO - 1 downstream tasks scheduled from follow-on schedule check
[2026-04-15T17:15:35.710+0000] {local_task_job_runner.py:245} INFO - ::endgroup::
