[2026-03-27T08:24:08.485+0000] {local_task_job_runner.py:123} INFO - ::group::Pre task execution logs
[2026-03-27T08:24:08.507+0000] {taskinstance.py:2614} INFO - Dependencies all met for dep_context=non-requeueable deps ti=<TaskInstance: kafka_producer.send_jsonl_to_kafka manual__2026-03-27T08:24:06.591394+00:00 [queued]>
[2026-03-27T08:24:08.518+0000] {taskinstance.py:2614} INFO - Dependencies all met for dep_context=requeueable deps ti=<TaskInstance: kafka_producer.send_jsonl_to_kafka manual__2026-03-27T08:24:06.591394+00:00 [queued]>
[2026-03-27T08:24:08.519+0000] {taskinstance.py:2867} INFO - Starting attempt 1 of 1
[2026-03-27T08:24:08.537+0000] {taskinstance.py:2890} INFO - Executing <Task(PythonOperator): send_jsonl_to_kafka> on 2026-03-27 08:24:06.591394+00:00
[2026-03-27T08:24:08.548+0000] {warnings.py:112} WARNING - /home/***/.local/lib/python3.12/site-packages/***/task/task_runner/standard_task_runner.py:70: DeprecationWarning: This process (pid=49) is multi-threaded, use of fork() may lead to deadlocks in the child.
  pid = os.fork()

[2026-03-27T08:24:08.553+0000] {standard_task_runner.py:72} INFO - Started process 50 to run task
[2026-03-27T08:24:08.552+0000] {standard_task_runner.py:104} INFO - Running: ['***', 'tasks', 'run', 'kafka_producer', 'send_jsonl_to_kafka', 'manual__2026-03-27T08:24:06.591394+00:00', '--job-id', '2', '--raw', '--subdir', 'DAGS_FOLDER/kafka_load.py', '--cfg-path', '/tmp/tmpl3owlikg']
[2026-03-27T08:24:08.554+0000] {standard_task_runner.py:105} INFO - Job 2: Subtask send_jsonl_to_kafka
[2026-03-27T08:24:08.628+0000] {task_command.py:467} INFO - Running <TaskInstance: kafka_producer.send_jsonl_to_kafka manual__2026-03-27T08:24:06.591394+00:00 [running]> on host bd6d68eb3879
[2026-03-27T08:24:08.729+0000] {taskinstance.py:3134} INFO - Exporting env vars: AIRFLOW_CTX_DAG_OWNER='***' AIRFLOW_CTX_DAG_ID='kafka_producer' AIRFLOW_CTX_TASK_ID='send_jsonl_to_kafka' AIRFLOW_CTX_EXECUTION_DATE='2026-03-27T08:24:06.591394+00:00' AIRFLOW_CTX_TRY_NUMBER='1' AIRFLOW_CTX_DAG_RUN_ID='manual__2026-03-27T08:24:06.591394+00:00'
[2026-03-27T08:24:08.733+0000] {taskinstance.py:732} INFO - ::endgroup::
[2026-03-27T08:24:08.842+0000] {logging_mixin.py:190} INFO - 📄 Обработка файла: browser_events.jsonl
[2026-03-27T08:24:08.848+0000] {logging_mixin.py:190} INFO -   📨 Отправлено 100 сообщений
[2026-03-27T08:24:08.852+0000] {logging_mixin.py:190} INFO -   📨 Отправлено 200 сообщений
[2026-03-27T08:24:08.856+0000] {logging_mixin.py:190} INFO -   📨 Отправлено 300 сообщений
[2026-03-27T08:24:08.859+0000] {logging_mixin.py:190} INFO -   📨 Отправлено 400 сообщений
[2026-03-27T08:24:08.865+0000] {logging_mixin.py:190} INFO -   📨 Отправлено 500 сообщений
[2026-03-27T08:24:08.869+0000] {logging_mixin.py:190} INFO -   📨 Отправлено 600 сообщений
[2026-03-27T08:24:08.875+0000] {logging_mixin.py:190} INFO -   📨 Отправлено 700 сообщений
[2026-03-27T08:24:08.878+0000] {logging_mixin.py:190} INFO -   📨 Отправлено 800 сообщений
[2026-03-27T08:24:08.882+0000] {logging_mixin.py:190} INFO -   📨 Отправлено 900 сообщений
[2026-03-27T08:24:08.888+0000] {logging_mixin.py:190} INFO -   📨 Отправлено 1000 сообщений
[2026-03-27T08:24:08.890+0000] {logging_mixin.py:190} INFO -   ✅ Файл browser_events.jsonl обработан
[2026-03-27T08:24:08.893+0000] {logging_mixin.py:190} INFO - 📄 Обработка файла: device_events.jsonl
[2026-03-27T08:24:08.901+0000] {logging_mixin.py:190} INFO -   📨 Отправлено 100 сообщений
[2026-03-27T08:24:08.905+0000] {logging_mixin.py:190} INFO -   📨 Отправлено 200 сообщений
[2026-03-27T08:24:08.909+0000] {logging_mixin.py:190} INFO -   📨 Отправлено 300 сообщений
[2026-03-27T08:24:08.914+0000] {logging_mixin.py:190} INFO -   📨 Отправлено 400 сообщений
[2026-03-27T08:24:08.918+0000] {logging_mixin.py:190} INFO -   📨 Отправлено 500 сообщений
[2026-03-27T08:24:08.921+0000] {logging_mixin.py:190} INFO -   📨 Отправлено 600 сообщений
[2026-03-27T08:24:08.927+0000] {logging_mixin.py:190} INFO -   📨 Отправлено 700 сообщений
[2026-03-27T08:24:08.933+0000] {logging_mixin.py:190} INFO -   📨 Отправлено 800 сообщений
[2026-03-27T08:24:08.938+0000] {logging_mixin.py:190} INFO -   📨 Отправлено 900 сообщений
[2026-03-27T08:24:08.942+0000] {logging_mixin.py:190} INFO -   📨 Отправлено 1000 сообщений
[2026-03-27T08:24:08.943+0000] {logging_mixin.py:190} INFO -   ✅ Файл device_events.jsonl обработан
[2026-03-27T08:24:08.944+0000] {logging_mixin.py:190} INFO - 📄 Обработка файла: geo_events.jsonl
[2026-03-27T08:24:08.949+0000] {logging_mixin.py:190} INFO -   📨 Отправлено 100 сообщений
[2026-03-27T08:24:08.964+0000] {logging_mixin.py:190} INFO -   📨 Отправлено 200 сообщений
[2026-03-27T08:24:08.972+0000] {logging_mixin.py:190} INFO -   📨 Отправлено 300 сообщений
[2026-03-27T08:24:08.979+0000] {logging_mixin.py:190} INFO -   📨 Отправлено 400 сообщений
[2026-03-27T08:24:08.984+0000] {logging_mixin.py:190} INFO -   📨 Отправлено 500 сообщений
[2026-03-27T08:24:08.988+0000] {logging_mixin.py:190} INFO -   📨 Отправлено 600 сообщений
[2026-03-27T08:24:08.991+0000] {logging_mixin.py:190} INFO -   📨 Отправлено 700 сообщений
[2026-03-27T08:24:08.995+0000] {logging_mixin.py:190} INFO -   📨 Отправлено 800 сообщений
[2026-03-27T08:24:09.005+0000] {logging_mixin.py:190} INFO -   📨 Отправлено 900 сообщений
[2026-03-27T08:24:09.012+0000] {logging_mixin.py:190} INFO -   📨 Отправлено 1000 сообщений
[2026-03-27T08:24:09.013+0000] {logging_mixin.py:190} INFO -   ✅ Файл geo_events.jsonl обработан
[2026-03-27T08:24:09.014+0000] {logging_mixin.py:190} INFO - 📄 Обработка файла: location_events.jsonl
[2026-03-27T08:24:09.022+0000] {logging_mixin.py:190} INFO -   📨 Отправлено 100 сообщений
[2026-03-27T08:24:09.025+0000] {logging_mixin.py:190} INFO -   📨 Отправлено 200 сообщений
[2026-03-27T08:24:09.032+0000] {logging_mixin.py:190} INFO -   📨 Отправлено 300 сообщений
[2026-03-27T08:24:09.044+0000] {logging_mixin.py:190} INFO -   📨 Отправлено 400 сообщений
[2026-03-27T08:24:09.049+0000] {logging_mixin.py:190} INFO -   📨 Отправлено 500 сообщений
[2026-03-27T08:24:09.052+0000] {logging_mixin.py:190} INFO -   📨 Отправлено 600 сообщений
[2026-03-27T08:24:09.059+0000] {logging_mixin.py:190} INFO -   📨 Отправлено 700 сообщений
[2026-03-27T08:24:09.064+0000] {logging_mixin.py:190} INFO -   📨 Отправлено 800 сообщений
[2026-03-27T08:24:09.069+0000] {logging_mixin.py:190} INFO -   📨 Отправлено 900 сообщений
[2026-03-27T08:24:09.082+0000] {logging_mixin.py:190} INFO -   📨 Отправлено 1000 сообщений
[2026-03-27T08:24:09.084+0000] {logging_mixin.py:190} INFO -   ✅ Файл location_events.jsonl обработан
[2026-03-27T08:24:09.345+0000] {logging_mixin.py:190} INFO - 
✅ Итого: 4 файлов, 4000 сообщений отправлено в топик 'browser_events'
[2026-03-27T08:24:09.349+0000] {python.py:240} INFO - Done. Returned value was: None
[2026-03-27T08:24:09.378+0000] {taskinstance.py:341} INFO - ::group::Post task execution logs
[2026-03-27T08:24:09.379+0000] {taskinstance.py:353} INFO - Marking task as SUCCESS. dag_id=kafka_producer, task_id=send_jsonl_to_kafka, run_id=manual__2026-03-27T08:24:06.591394+00:00, execution_date=20260327T082406, start_date=20260327T082408, end_date=20260327T082409
[2026-03-27T08:24:09.465+0000] {local_task_job_runner.py:266} INFO - Task exited with return code 0
[2026-03-27T08:24:09.504+0000] {taskinstance.py:3901} INFO - 0 downstream tasks scheduled from follow-on schedule check
[2026-03-27T08:24:09.514+0000] {local_task_job_runner.py:245} INFO - ::endgroup::
