[2026-04-15T16:42:00.435+0000] {local_task_job_runner.py:123} INFO - ::group::Pre task execution logs
[2026-04-15T16:42:00.459+0000] {taskinstance.py:2614} INFO - Dependencies all met for dep_context=non-requeueable deps ti=<TaskInstance: kafka_producer.send_jsonl_to_kafka manual__2026-04-15T16:41:58.227791+00:00 [queued]>
[2026-04-15T16:42:00.473+0000] {taskinstance.py:2614} INFO - Dependencies all met for dep_context=requeueable deps ti=<TaskInstance: kafka_producer.send_jsonl_to_kafka manual__2026-04-15T16:41:58.227791+00:00 [queued]>
[2026-04-15T16:42:00.475+0000] {taskinstance.py:2867} INFO - Starting attempt 1 of 1
[2026-04-15T16:42:00.495+0000] {taskinstance.py:2890} INFO - Executing <Task(PythonOperator): send_jsonl_to_kafka> on 2026-04-15 16:41:58.227791+00:00
[2026-04-15T16:42:00.504+0000] {warnings.py:112} WARNING - /home/***/.local/lib/python3.12/site-packages/***/task/task_runner/standard_task_runner.py:70: DeprecationWarning: This process (pid=82) is multi-threaded, use of fork() may lead to deadlocks in the child.
  pid = os.fork()

[2026-04-15T16:42:00.508+0000] {standard_task_runner.py:72} INFO - Started process 83 to run task
[2026-04-15T16:42:00.508+0000] {standard_task_runner.py:104} INFO - Running: ['***', 'tasks', 'run', 'kafka_producer', 'send_jsonl_to_kafka', 'manual__2026-04-15T16:41:58.227791+00:00', '--job-id', '7', '--raw', '--subdir', 'DAGS_FOLDER/kafka_load.py', '--cfg-path', '/tmp/tmpiqadymy0']
[2026-04-15T16:42:00.511+0000] {standard_task_runner.py:105} INFO - Job 7: Subtask send_jsonl_to_kafka
[2026-04-15T16:42:00.585+0000] {task_command.py:467} INFO - Running <TaskInstance: kafka_producer.send_jsonl_to_kafka manual__2026-04-15T16:41:58.227791+00:00 [running]> on host 4bee53555a23
[2026-04-15T16:42:00.702+0000] {taskinstance.py:3134} INFO - Exporting env vars: AIRFLOW_CTX_DAG_OWNER='***' AIRFLOW_CTX_DAG_ID='kafka_producer' AIRFLOW_CTX_TASK_ID='send_jsonl_to_kafka' AIRFLOW_CTX_EXECUTION_DATE='2026-04-15T16:41:58.227791+00:00' AIRFLOW_CTX_TRY_NUMBER='1' AIRFLOW_CTX_DAG_RUN_ID='manual__2026-04-15T16:41:58.227791+00:00'
[2026-04-15T16:42:00.703+0000] {taskinstance.py:732} INFO - ::endgroup::
[2026-04-15T16:42:00.733+0000] {kafka_load.py:28} INFO - Обрабатывается файл: browser_events.jsonl
[2026-04-15T16:42:00.738+0000] {kafka_load.py:40} INFO - Отправлено 100 сообщений
[2026-04-15T16:42:00.741+0000] {kafka_load.py:40} INFO - Отправлено 200 сообщений
[2026-04-15T16:42:00.744+0000] {kafka_load.py:40} INFO - Отправлено 300 сообщений
[2026-04-15T16:42:00.746+0000] {kafka_load.py:40} INFO - Отправлено 400 сообщений
[2026-04-15T16:42:00.749+0000] {kafka_load.py:40} INFO - Отправлено 500 сообщений
[2026-04-15T16:42:00.751+0000] {kafka_load.py:40} INFO - Отправлено 600 сообщений
[2026-04-15T16:42:00.754+0000] {kafka_load.py:40} INFO - Отправлено 700 сообщений
[2026-04-15T16:42:00.756+0000] {kafka_load.py:40} INFO - Отправлено 800 сообщений
[2026-04-15T16:42:00.759+0000] {kafka_load.py:40} INFO - Отправлено 900 сообщений
[2026-04-15T16:42:00.762+0000] {kafka_load.py:40} INFO - Отправлено 1000 сообщений
[2026-04-15T16:42:00.763+0000] {kafka_load.py:52} INFO - Обработка файла browser_events.jsonl завершена
[2026-04-15T16:42:00.764+0000] {kafka_load.py:28} INFO - Обрабатывается файл: device_events.jsonl
[2026-04-15T16:42:00.768+0000] {kafka_load.py:40} INFO - Отправлено 100 сообщений
[2026-04-15T16:42:00.770+0000] {kafka_load.py:40} INFO - Отправлено 200 сообщений
[2026-04-15T16:42:00.773+0000] {kafka_load.py:40} INFO - Отправлено 300 сообщений
[2026-04-15T16:42:00.776+0000] {kafka_load.py:40} INFO - Отправлено 400 сообщений
[2026-04-15T16:42:00.778+0000] {kafka_load.py:40} INFO - Отправлено 500 сообщений
[2026-04-15T16:42:00.781+0000] {kafka_load.py:40} INFO - Отправлено 600 сообщений
[2026-04-15T16:42:00.785+0000] {kafka_load.py:40} INFO - Отправлено 700 сообщений
[2026-04-15T16:42:00.789+0000] {kafka_load.py:40} INFO - Отправлено 800 сообщений
[2026-04-15T16:42:00.797+0000] {kafka_load.py:40} INFO - Отправлено 900 сообщений
[2026-04-15T16:42:00.804+0000] {kafka_load.py:40} INFO - Отправлено 1000 сообщений
[2026-04-15T16:42:00.805+0000] {kafka_load.py:42} ERROR - Ошибка JSON в строке: 1001: Expecting ':' delimiter: line 1 column 19 (char 18)
[2026-04-15T16:42:00.809+0000] {kafka_load.py:52} INFO - Обработка файла device_events.jsonl завершена
[2026-04-15T16:42:00.809+0000] {kafka_load.py:28} INFO - Обрабатывается файл: geo_events.jsonl
[2026-04-15T16:42:00.815+0000] {kafka_load.py:40} INFO - Отправлено 100 сообщений
[2026-04-15T16:42:00.818+0000] {kafka_load.py:40} INFO - Отправлено 200 сообщений
[2026-04-15T16:42:00.822+0000] {kafka_load.py:40} INFO - Отправлено 300 сообщений
[2026-04-15T16:42:00.825+0000] {kafka_load.py:40} INFO - Отправлено 400 сообщений
[2026-04-15T16:42:00.828+0000] {kafka_load.py:40} INFO - Отправлено 500 сообщений
[2026-04-15T16:42:00.831+0000] {kafka_load.py:40} INFO - Отправлено 600 сообщений
[2026-04-15T16:42:00.833+0000] {kafka_load.py:40} INFO - Отправлено 700 сообщений
[2026-04-15T16:42:00.836+0000] {kafka_load.py:40} INFO - Отправлено 800 сообщений
[2026-04-15T16:42:00.839+0000] {kafka_load.py:40} INFO - Отправлено 900 сообщений
[2026-04-15T16:42:00.842+0000] {kafka_load.py:40} INFO - Отправлено 1000 сообщений
[2026-04-15T16:42:00.843+0000] {kafka_load.py:52} INFO - Обработка файла geo_events.jsonl завершена
[2026-04-15T16:42:00.844+0000] {kafka_load.py:28} INFO - Обрабатывается файл: location_events.jsonl
[2026-04-15T16:42:00.849+0000] {kafka_load.py:40} INFO - Отправлено 100 сообщений
[2026-04-15T16:42:00.852+0000] {kafka_load.py:40} INFO - Отправлено 200 сообщений
[2026-04-15T16:42:00.856+0000] {kafka_load.py:40} INFO - Отправлено 300 сообщений
[2026-04-15T16:42:00.859+0000] {kafka_load.py:40} INFO - Отправлено 400 сообщений
[2026-04-15T16:42:00.864+0000] {kafka_load.py:40} INFO - Отправлено 500 сообщений
[2026-04-15T16:42:00.866+0000] {kafka_load.py:40} INFO - Отправлено 600 сообщений
[2026-04-15T16:42:00.871+0000] {kafka_load.py:40} INFO - Отправлено 700 сообщений
[2026-04-15T16:42:00.873+0000] {kafka_load.py:40} INFO - Отправлено 800 сообщений
[2026-04-15T16:42:00.877+0000] {kafka_load.py:40} INFO - Отправлено 900 сообщений
[2026-04-15T16:42:00.880+0000] {kafka_load.py:40} INFO - Отправлено 1000 сообщений
[2026-04-15T16:42:00.881+0000] {kafka_load.py:52} INFO - Обработка файла location_events.jsonl завершена
[2026-04-15T16:42:00.885+0000] {kafka_load.py:55} INFO - Обработка файлов успешно завершена
[2026-04-15T16:42:00.886+0000] {python.py:240} INFO - Done. Returned value was: None
[2026-04-15T16:42:00.901+0000] {taskinstance.py:341} INFO - ::group::Post task execution logs
[2026-04-15T16:42:00.901+0000] {taskinstance.py:353} INFO - Marking task as SUCCESS. dag_id=kafka_producer, task_id=send_jsonl_to_kafka, run_id=manual__2026-04-15T16:41:58.227791+00:00, execution_date=20260415T164158, start_date=20260415T164200, end_date=20260415T164200
[2026-04-15T16:42:00.966+0000] {local_task_job_runner.py:266} INFO - Task exited with return code 0
[2026-04-15T16:42:00.977+0000] {local_task_job_runner.py:245} INFO - ::endgroup::
