[2026-04-21T08:21:38.963+0000] {local_task_job_runner.py:123} INFO - ::group::Pre task execution logs
[2026-04-21T08:21:38.982+0000] {taskinstance.py:2614} INFO - Dependencies all met for dep_context=non-requeueable deps ti=<TaskInstance: layers_update.run_dbt manual__2026-04-21T08:21:36.589906+00:00 [queued]>
[2026-04-21T08:21:38.992+0000] {taskinstance.py:2614} INFO - Dependencies all met for dep_context=requeueable deps ti=<TaskInstance: layers_update.run_dbt manual__2026-04-21T08:21:36.589906+00:00 [queued]>
[2026-04-21T08:21:38.993+0000] {taskinstance.py:2867} INFO - Starting attempt 1 of 1
[2026-04-21T08:21:39.011+0000] {taskinstance.py:2890} INFO - Executing <Task(BashOperator): run_dbt> on 2026-04-21 08:21:36.589906+00:00
[2026-04-21T08:21:39.018+0000] {warnings.py:112} WARNING - /home/***/.local/lib/python3.12/site-packages/***/task/task_runner/standard_task_runner.py:70: DeprecationWarning: This process (pid=414) is multi-threaded, use of fork() may lead to deadlocks in the child.
  pid = os.fork()

[2026-04-21T08:21:39.020+0000] {standard_task_runner.py:72} INFO - Started process 415 to run task
[2026-04-21T08:21:39.021+0000] {standard_task_runner.py:104} INFO - Running: ['***', 'tasks', 'run', 'layers_update', 'run_dbt', 'manual__2026-04-21T08:21:36.589906+00:00', '--job-id', '54', '--raw', '--subdir', 'DAGS_FOLDER/layers_update.py', '--cfg-path', '/tmp/tmp6tqex487']
[2026-04-21T08:21:39.023+0000] {standard_task_runner.py:105} INFO - Job 54: Subtask run_dbt
[2026-04-21T08:21:39.085+0000] {task_command.py:467} INFO - Running <TaskInstance: layers_update.run_dbt manual__2026-04-21T08:21:36.589906+00:00 [running]> on host 685b945180b2
[2026-04-21T08:21:39.203+0000] {taskinstance.py:3134} INFO - Exporting env vars: AIRFLOW_CTX_DAG_OWNER='***' AIRFLOW_CTX_DAG_ID='layers_update' AIRFLOW_CTX_TASK_ID='run_dbt' AIRFLOW_CTX_EXECUTION_DATE='2026-04-21T08:21:36.589906+00:00' AIRFLOW_CTX_TRY_NUMBER='1' AIRFLOW_CTX_DAG_RUN_ID='manual__2026-04-21T08:21:36.589906+00:00'
[2026-04-21T08:21:39.205+0000] {taskinstance.py:732} INFO - ::endgroup::
[2026-04-21T08:21:39.225+0000] {subprocess.py:78} INFO - Tmp dir root location: /tmp
[2026-04-21T08:21:39.226+0000] {subprocess.py:88} INFO - Running command: ['/usr/bin/bash', '-c', 'dbt run']
[2026-04-21T08:21:39.240+0000] {subprocess.py:99} INFO - Output:
[2026-04-21T08:21:43.062+0000] {subprocess.py:106} INFO - [0m08:21:43  Running with dbt=1.7.0
[2026-04-21T08:21:43.468+0000] {subprocess.py:106} INFO - [0m08:21:43  Registered adapter: clickhouse=1.7.0
[2026-04-21T08:21:44.824+0000] {subprocess.py:106} INFO - [0m08:21:44  [[33mWARNING[0m]: Configuration paths exist in your dbt_project.yml file which do not apply to any resources.
[2026-04-21T08:21:44.825+0000] {subprocess.py:106} INFO - There are 1 unused configuration paths:
[2026-04-21T08:21:44.825+0000] {subprocess.py:106} INFO - - models.clickhouse_etl.raw
[2026-04-21T08:21:44.873+0000] {subprocess.py:106} INFO - [0m08:21:44  Found 11 models, 15 tests, 4 sources, 0 exposures, 0 metrics, 538 macros, 0 groups, 0 semantic models
[2026-04-21T08:21:44.881+0000] {subprocess.py:106} INFO - [0m08:21:44
[2026-04-21T08:21:47.715+0000] {subprocess.py:106} INFO - [0m08:21:47  Concurrency: 1 threads (target='dev')
[2026-04-21T08:21:47.716+0000] {subprocess.py:106} INFO - [0m08:21:47
[2026-04-21T08:21:47.730+0000] {subprocess.py:106} INFO - [0m08:21:47  1 of 11 START sql incremental model `ods`.`browser_data` ....................... [RUN]
[2026-04-21T08:21:47.988+0000] {subprocess.py:106} INFO - [0m08:21:47  1 of 11 OK created sql incremental model `ods`.`browser_data` .................. [[32mOK[0m in 0.25s]
[2026-04-21T08:21:47.992+0000] {subprocess.py:106} INFO - [0m08:21:47  2 of 11 START sql incremental model `ods`.`device_data` ........................ [RUN]
[2026-04-21T08:21:48.208+0000] {subprocess.py:106} INFO - [0m08:21:48  2 of 11 OK created sql incremental model `ods`.`device_data` ................... [[32mOK[0m in 0.21s]
[2026-04-21T08:21:48.211+0000] {subprocess.py:106} INFO - [0m08:21:48  3 of 11 START sql incremental model `ods`.`geo_data` ........................... [RUN]
[2026-04-21T08:21:48.442+0000] {subprocess.py:106} INFO - [0m08:21:48  3 of 11 OK created sql incremental model `ods`.`geo_data` ...................... [[32mOK[0m in 0.23s]
[2026-04-21T08:21:48.446+0000] {subprocess.py:106} INFO - [0m08:21:48  4 of 11 START sql incremental model `ods`.`location_data` ...................... [RUN]
[2026-04-21T08:21:48.646+0000] {subprocess.py:106} INFO - [0m08:21:48  4 of 11 OK created sql incremental model `ods`.`location_data` ................. [[32mOK[0m in 0.20s]
[2026-04-21T08:21:48.651+0000] {subprocess.py:106} INFO - [0m08:21:48  5 of 11 START sql incremental model `dds`.`dim_browser` ........................ [RUN]
[2026-04-21T08:21:48.858+0000] {subprocess.py:106} INFO - [0m08:21:48  5 of 11 OK created sql incremental model `dds`.`dim_browser` ................... [[32mOK[0m in 0.20s]
[2026-04-21T08:21:48.862+0000] {subprocess.py:106} INFO - [0m08:21:48  6 of 11 START sql incremental model `dds`.`dim_device` ......................... [RUN]
[2026-04-21T08:21:49.053+0000] {subprocess.py:106} INFO - [0m08:21:49  6 of 11 OK created sql incremental model `dds`.`dim_device` .................... [[32mOK[0m in 0.19s]
[2026-04-21T08:21:49.057+0000] {subprocess.py:106} INFO - [0m08:21:49  7 of 11 START sql incremental model `dds`.`fct_click` .......................... [RUN]
[2026-04-21T08:21:49.285+0000] {subprocess.py:106} INFO - [0m08:21:49  7 of 11 OK created sql incremental model `dds`.`fct_click` ..................... [[32mOK[0m in 0.23s]
[2026-04-21T08:21:49.288+0000] {subprocess.py:106} INFO - [0m08:21:49  8 of 11 START sql incremental model `dds`.`dim_geo` ............................ [RUN]
[2026-04-21T08:21:49.513+0000] {subprocess.py:106} INFO - [0m08:21:49  8 of 11 OK created sql incremental model `dds`.`dim_geo` ....................... [[32mOK[0m in 0.22s]
[2026-04-21T08:21:49.518+0000] {subprocess.py:106} INFO - [0m08:21:49  9 of 11 START sql incremental model `dds`.`dim_location` ....................... [RUN]
[2026-04-21T08:21:49.715+0000] {subprocess.py:106} INFO - [0m08:21:49  9 of 11 OK created sql incremental model `dds`.`dim_location` .................. [[32mOK[0m in 0.19s]
[2026-04-21T08:21:49.724+0000] {subprocess.py:106} INFO - [0m08:21:49  10 of 11 START sql incremental model `dm`.`dashboard` .......................... [RUN]
[2026-04-21T08:21:49.960+0000] {subprocess.py:106} INFO - [0m08:21:49  10 of 11 OK created sql incremental model `dm`.`dashboard` ..................... [[32mOK[0m in 0.23s]
[2026-04-21T08:21:49.964+0000] {subprocess.py:106} INFO - [0m08:21:49  11 of 11 START sql view model `dm`.`dashboard_recent_data` ..................... [RUN]
[2026-04-21T08:21:50.131+0000] {subprocess.py:106} INFO - [0m08:21:50  11 of 11 OK created sql view model `dm`.`dashboard_recent_data` ................ [[32mOK[0m in 0.16s]
[2026-04-21T08:21:50.138+0000] {subprocess.py:106} INFO - [0m08:21:50
[2026-04-21T08:21:50.139+0000] {subprocess.py:106} INFO - [0m08:21:50  Finished running 10 incremental models, 1 view model in 0 hours 0 minutes and 5.25 seconds (5.25s).
[2026-04-21T08:21:50.194+0000] {subprocess.py:106} INFO - [0m08:21:50
[2026-04-21T08:21:50.196+0000] {subprocess.py:106} INFO - [0m08:21:50  [32mCompleted successfully[0m
[2026-04-21T08:21:50.197+0000] {subprocess.py:106} INFO - [0m08:21:50
[2026-04-21T08:21:50.199+0000] {subprocess.py:106} INFO - [0m08:21:50  Done. PASS=11 WARN=0 ERROR=0 SKIP=0 TOTAL=11
[2026-04-21T08:21:51.299+0000] {subprocess.py:110} INFO - Command exited with return code 0
[2026-04-21T08:21:51.337+0000] {taskinstance.py:341} INFO - ::group::Post task execution logs
[2026-04-21T08:21:51.338+0000] {taskinstance.py:353} INFO - Marking task as SUCCESS. dag_id=layers_update, task_id=run_dbt, run_id=manual__2026-04-21T08:21:36.589906+00:00, execution_date=20260421T082136, start_date=20260421T082138, end_date=20260421T082151
[2026-04-21T08:21:51.423+0000] {local_task_job_runner.py:266} INFO - Task exited with return code 0
[2026-04-21T08:21:51.434+0000] {local_task_job_runner.py:245} INFO - ::endgroup::
