[2026-04-21T06:32:41.010+0000] {local_task_job_runner.py:123} INFO - ::group::Pre task execution logs
[2026-04-21T06:32:41.035+0000] {taskinstance.py:2614} INFO - Dependencies all met for dep_context=non-requeueable deps ti=<TaskInstance: layers_update.run_dbt manual__2026-04-21T06:32:37.862360+00:00 [queued]>
[2026-04-21T06:32:41.046+0000] {taskinstance.py:2614} INFO - Dependencies all met for dep_context=requeueable deps ti=<TaskInstance: layers_update.run_dbt manual__2026-04-21T06:32:37.862360+00:00 [queued]>
[2026-04-21T06:32:41.054+0000] {taskinstance.py:2867} INFO - Starting attempt 1 of 1
[2026-04-21T06:32:41.083+0000] {taskinstance.py:2890} INFO - Executing <Task(BashOperator): run_dbt> on 2026-04-21 06:32:37.862360+00:00
[2026-04-21T06:32:41.093+0000] {warnings.py:112} WARNING - /home/***/.local/lib/python3.12/site-packages/***/task/task_runner/standard_task_runner.py:70: DeprecationWarning: This process (pid=92) is multi-threaded, use of fork() may lead to deadlocks in the child.
  pid = os.fork()

[2026-04-21T06:32:41.095+0000] {standard_task_runner.py:72} INFO - Started process 93 to run task
[2026-04-21T06:32:41.094+0000] {standard_task_runner.py:104} INFO - Running: ['***', 'tasks', 'run', 'layers_update', 'run_dbt', 'manual__2026-04-21T06:32:37.862360+00:00', '--job-id', '9', '--raw', '--subdir', 'DAGS_FOLDER/layers_update.py', '--cfg-path', '/tmp/tmpc0ufm1b6']
[2026-04-21T06:32:41.096+0000] {standard_task_runner.py:105} INFO - Job 9: Subtask run_dbt
[2026-04-21T06:32:41.156+0000] {task_command.py:467} INFO - Running <TaskInstance: layers_update.run_dbt manual__2026-04-21T06:32:37.862360+00:00 [running]> on host 102489dc19a9
[2026-04-21T06:32:41.263+0000] {taskinstance.py:3134} INFO - Exporting env vars: AIRFLOW_CTX_DAG_OWNER='***' AIRFLOW_CTX_DAG_ID='layers_update' AIRFLOW_CTX_TASK_ID='run_dbt' AIRFLOW_CTX_EXECUTION_DATE='2026-04-21T06:32:37.862360+00:00' AIRFLOW_CTX_TRY_NUMBER='1' AIRFLOW_CTX_DAG_RUN_ID='manual__2026-04-21T06:32:37.862360+00:00'
[2026-04-21T06:32:41.265+0000] {taskinstance.py:732} INFO - ::endgroup::
[2026-04-21T06:32:41.284+0000] {subprocess.py:78} INFO - Tmp dir root location: /tmp
[2026-04-21T06:32:41.285+0000] {subprocess.py:88} INFO - Running command: ['/usr/bin/bash', '-c', 'dbt run']
[2026-04-21T06:32:41.296+0000] {subprocess.py:99} INFO - Output:
[2026-04-21T06:32:45.072+0000] {subprocess.py:106} INFO - [0m06:32:45  Running with dbt=1.7.0
[2026-04-21T06:32:45.430+0000] {subprocess.py:106} INFO - [0m06:32:45  Registered adapter: clickhouse=1.7.0
[2026-04-21T06:32:46.699+0000] {subprocess.py:106} INFO - [0m06:32:46  [[33mWARNING[0m]: Configuration paths exist in your dbt_project.yml file which do not apply to any resources.
[2026-04-21T06:32:46.699+0000] {subprocess.py:106} INFO - There are 1 unused configuration paths:
[2026-04-21T06:32:46.700+0000] {subprocess.py:106} INFO - - models.clickhouse_etl.raw
[2026-04-21T06:32:46.738+0000] {subprocess.py:106} INFO - [0m06:32:46  Found 11 models, 15 tests, 4 sources, 0 exposures, 0 metrics, 538 macros, 0 groups, 0 semantic models
[2026-04-21T06:32:46.745+0000] {subprocess.py:106} INFO - [0m06:32:46
[2026-04-21T06:32:47.296+0000] {subprocess.py:106} INFO - [0m06:32:47  Concurrency: 1 threads (target='dev')
[2026-04-21T06:32:47.297+0000] {subprocess.py:106} INFO - [0m06:32:47
[2026-04-21T06:32:47.310+0000] {subprocess.py:106} INFO - [0m06:32:47  1 of 11 START sql incremental model `ods`.`browser_data` ....................... [RUN]
[2026-04-21T06:32:47.613+0000] {subprocess.py:106} INFO - [0m06:32:47  1 of 11 OK created sql incremental model `ods`.`browser_data` .................. [[32mOK[0m in 0.30s]
[2026-04-21T06:32:47.617+0000] {subprocess.py:106} INFO - [0m06:32:47  2 of 11 START sql incremental model `ods`.`device_data` ........................ [RUN]
[2026-04-21T06:32:47.822+0000] {subprocess.py:106} INFO - [0m06:32:47  2 of 11 OK created sql incremental model `ods`.`device_data` ................... [[32mOK[0m in 0.20s]
[2026-04-21T06:32:47.828+0000] {subprocess.py:106} INFO - [0m06:32:47  3 of 11 START sql incremental model `ods`.`geo_data` ........................... [RUN]
[2026-04-21T06:32:48.035+0000] {subprocess.py:106} INFO - [0m06:32:48  3 of 11 OK created sql incremental model `ods`.`geo_data` ...................... [[32mOK[0m in 0.21s]
[2026-04-21T06:32:48.039+0000] {subprocess.py:106} INFO - [0m06:32:48  4 of 11 START sql incremental model `ods`.`location_data` ...................... [RUN]
[2026-04-21T06:32:48.309+0000] {subprocess.py:106} INFO - [0m06:32:48  4 of 11 OK created sql incremental model `ods`.`location_data` ................. [[32mOK[0m in 0.27s]
[2026-04-21T06:32:48.312+0000] {subprocess.py:106} INFO - [0m06:32:48  5 of 11 START sql incremental model `dds`.`dim_browser` ........................ [RUN]
[2026-04-21T06:32:48.599+0000] {subprocess.py:106} INFO - [0m06:32:48  5 of 11 OK created sql incremental model `dds`.`dim_browser` ................... [[32mOK[0m in 0.28s]
[2026-04-21T06:32:48.611+0000] {subprocess.py:106} INFO - [0m06:32:48  6 of 11 START sql incremental model `dds`.`dim_device` ......................... [RUN]
[2026-04-21T06:32:48.852+0000] {subprocess.py:106} INFO - [0m06:32:48  6 of 11 OK created sql incremental model `dds`.`dim_device` .................... [[32mOK[0m in 0.23s]
[2026-04-21T06:32:48.860+0000] {subprocess.py:106} INFO - [0m06:32:48  7 of 11 START sql incremental model `dds`.`fct_click` .......................... [RUN]
[2026-04-21T06:32:49.177+0000] {subprocess.py:106} INFO - [0m06:32:49  7 of 11 OK created sql incremental model `dds`.`fct_click` ..................... [[32mOK[0m in 0.31s]
[2026-04-21T06:32:49.181+0000] {subprocess.py:106} INFO - [0m06:32:49  8 of 11 START sql incremental model `dds`.`dim_geo` ............................ [RUN]
[2026-04-21T06:32:49.389+0000] {subprocess.py:106} INFO - [0m06:32:49  8 of 11 OK created sql incremental model `dds`.`dim_geo` ....................... [[32mOK[0m in 0.21s]
[2026-04-21T06:32:49.392+0000] {subprocess.py:106} INFO - [0m06:32:49  9 of 11 START sql incremental model `dds`.`dim_location` ....................... [RUN]
[2026-04-21T06:32:49.591+0000] {subprocess.py:106} INFO - [0m06:32:49  9 of 11 OK created sql incremental model `dds`.`dim_location` .................. [[32mOK[0m in 0.20s]
[2026-04-21T06:32:49.595+0000] {subprocess.py:106} INFO - [0m06:32:49  10 of 11 START sql incremental model `dm`.`dashboard` .......................... [RUN]
[2026-04-21T06:32:49.821+0000] {subprocess.py:106} INFO - [0m06:32:49  10 of 11 OK created sql incremental model `dm`.`dashboard` ..................... [[32mOK[0m in 0.22s]
[2026-04-21T06:32:49.826+0000] {subprocess.py:106} INFO - [0m06:32:49  11 of 11 START sql view model `dm`.`dashboard_recent_data` ..................... [RUN]
[2026-04-21T06:32:50.009+0000] {subprocess.py:106} INFO - [0m06:32:50  11 of 11 OK created sql view model `dm`.`dashboard_recent_data` ................ [[32mOK[0m in 0.18s]
[2026-04-21T06:32:50.017+0000] {subprocess.py:106} INFO - [0m06:32:50
[2026-04-21T06:32:50.019+0000] {subprocess.py:106} INFO - [0m06:32:50  Finished running 10 incremental models, 1 view model in 0 hours 0 minutes and 3.27 seconds (3.27s).
[2026-04-21T06:32:50.057+0000] {subprocess.py:106} INFO - [0m06:32:50
[2026-04-21T06:32:50.058+0000] {subprocess.py:106} INFO - [0m06:32:50  [32mCompleted successfully[0m
[2026-04-21T06:32:50.059+0000] {subprocess.py:106} INFO - [0m06:32:50
[2026-04-21T06:32:50.060+0000] {subprocess.py:106} INFO - [0m06:32:50  Done. PASS=11 WARN=0 ERROR=0 SKIP=0 TOTAL=11
[2026-04-21T06:32:51.364+0000] {subprocess.py:110} INFO - Command exited with return code 0
[2026-04-21T06:32:51.399+0000] {taskinstance.py:341} INFO - ::group::Post task execution logs
[2026-04-21T06:32:51.400+0000] {taskinstance.py:353} INFO - Marking task as SUCCESS. dag_id=layers_update, task_id=run_dbt, run_id=manual__2026-04-21T06:32:37.862360+00:00, execution_date=20260421T063237, start_date=20260421T063241, end_date=20260421T063251
[2026-04-21T06:32:51.461+0000] {local_task_job_runner.py:266} INFO - Task exited with return code 0
[2026-04-21T06:32:51.487+0000] {taskinstance.py:3901} INFO - 1 downstream tasks scheduled from follow-on schedule check
[2026-04-21T06:32:51.492+0000] {local_task_job_runner.py:245} INFO - ::endgroup::
