[2026-04-21T07:28:45.162+0000] {local_task_job_runner.py:123} INFO - ::group::Pre task execution logs
[2026-04-21T07:28:45.181+0000] {taskinstance.py:2614} INFO - Dependencies all met for dep_context=non-requeueable deps ti=<TaskInstance: layers_update.run_dbt manual__2026-04-21T07:28:41.438031+00:00 [queued]>
[2026-04-21T07:28:45.192+0000] {taskinstance.py:2614} INFO - Dependencies all met for dep_context=requeueable deps ti=<TaskInstance: layers_update.run_dbt manual__2026-04-21T07:28:41.438031+00:00 [queued]>
[2026-04-21T07:28:45.194+0000] {taskinstance.py:2867} INFO - Starting attempt 1 of 1
[2026-04-21T07:28:45.213+0000] {taskinstance.py:2890} INFO - Executing <Task(BashOperator): run_dbt> on 2026-04-21 07:28:41.438031+00:00
[2026-04-21T07:28:45.221+0000] {warnings.py:112} WARNING - /home/***/.local/lib/python3.12/site-packages/***/task/task_runner/standard_task_runner.py:70: DeprecationWarning: This process (pid=158) is multi-threaded, use of fork() may lead to deadlocks in the child.
  pid = os.fork()

[2026-04-21T07:28:45.223+0000] {standard_task_runner.py:72} INFO - Started process 159 to run task
[2026-04-21T07:28:45.224+0000] {standard_task_runner.py:104} INFO - Running: ['***', 'tasks', 'run', 'layers_update', 'run_dbt', 'manual__2026-04-21T07:28:41.438031+00:00', '--job-id', '19', '--raw', '--subdir', 'DAGS_FOLDER/layers_update.py', '--cfg-path', '/tmp/tmpk6kj5vtp']
[2026-04-21T07:28:45.226+0000] {standard_task_runner.py:105} INFO - Job 19: Subtask run_dbt
[2026-04-21T07:28:45.298+0000] {task_command.py:467} INFO - Running <TaskInstance: layers_update.run_dbt manual__2026-04-21T07:28:41.438031+00:00 [running]> on host 102489dc19a9
[2026-04-21T07:28:45.415+0000] {taskinstance.py:3134} INFO - Exporting env vars: AIRFLOW_CTX_DAG_OWNER='***' AIRFLOW_CTX_DAG_ID='layers_update' AIRFLOW_CTX_TASK_ID='run_dbt' AIRFLOW_CTX_EXECUTION_DATE='2026-04-21T07:28:41.438031+00:00' AIRFLOW_CTX_TRY_NUMBER='1' AIRFLOW_CTX_DAG_RUN_ID='manual__2026-04-21T07:28:41.438031+00:00'
[2026-04-21T07:28:45.417+0000] {taskinstance.py:732} INFO - ::endgroup::
[2026-04-21T07:28:45.438+0000] {subprocess.py:78} INFO - Tmp dir root location: /tmp
[2026-04-21T07:28:45.439+0000] {subprocess.py:88} INFO - Running command: ['/usr/bin/bash', '-c', 'dbt run']
[2026-04-21T07:28:45.454+0000] {subprocess.py:99} INFO - Output:
[2026-04-21T07:28:49.566+0000] {subprocess.py:106} INFO - [0m07:28:49  Running with dbt=1.7.0
[2026-04-21T07:28:50.616+0000] {subprocess.py:106} INFO - [0m07:28:50  Registered adapter: clickhouse=1.7.0
[2026-04-21T07:28:51.888+0000] {subprocess.py:106} INFO - [0m07:28:51  [[33mWARNING[0m]: Configuration paths exist in your dbt_project.yml file which do not apply to any resources.
[2026-04-21T07:28:51.889+0000] {subprocess.py:106} INFO - There are 1 unused configuration paths:
[2026-04-21T07:28:51.890+0000] {subprocess.py:106} INFO - - models.clickhouse_etl.raw
[2026-04-21T07:28:51.933+0000] {subprocess.py:106} INFO - [0m07:28:51  Found 11 models, 15 tests, 4 sources, 0 exposures, 0 metrics, 538 macros, 0 groups, 0 semantic models
[2026-04-21T07:28:51.937+0000] {subprocess.py:106} INFO - [0m07:28:51
[2026-04-21T07:28:57.597+0000] {subprocess.py:106} INFO - [0m07:28:57  Concurrency: 1 threads (target='dev')
[2026-04-21T07:28:57.597+0000] {subprocess.py:106} INFO - [0m07:28:57
[2026-04-21T07:28:57.609+0000] {subprocess.py:106} INFO - [0m07:28:57  1 of 11 START sql incremental model `ods`.`browser_data` ....................... [RUN]
[2026-04-21T07:28:57.901+0000] {subprocess.py:106} INFO - [0m07:28:57  1 of 11 OK created sql incremental model `ods`.`browser_data` .................. [[32mOK[0m in 0.29s]
[2026-04-21T07:28:57.905+0000] {subprocess.py:106} INFO - [0m07:28:57  2 of 11 START sql incremental model `ods`.`device_data` ........................ [RUN]
[2026-04-21T07:28:58.103+0000] {subprocess.py:106} INFO - [0m07:28:58  2 of 11 OK created sql incremental model `ods`.`device_data` ................... [[32mOK[0m in 0.20s]
[2026-04-21T07:28:58.106+0000] {subprocess.py:106} INFO - [0m07:28:58  3 of 11 START sql incremental model `ods`.`geo_data` ........................... [RUN]
[2026-04-21T07:28:58.317+0000] {subprocess.py:106} INFO - [0m07:28:58  3 of 11 OK created sql incremental model `ods`.`geo_data` ...................... [[32mOK[0m in 0.21s]
[2026-04-21T07:28:58.321+0000] {subprocess.py:106} INFO - [0m07:28:58  4 of 11 START sql incremental model `ods`.`location_data` ...................... [RUN]
[2026-04-21T07:28:58.520+0000] {subprocess.py:106} INFO - [0m07:28:58  4 of 11 OK created sql incremental model `ods`.`location_data` ................. [[32mOK[0m in 0.20s]
[2026-04-21T07:28:58.524+0000] {subprocess.py:106} INFO - [0m07:28:58  5 of 11 START sql incremental model `dds`.`dim_browser` ........................ [RUN]
[2026-04-21T07:28:58.715+0000] {subprocess.py:106} INFO - [0m07:28:58  5 of 11 OK created sql incremental model `dds`.`dim_browser` ................... [[32mOK[0m in 0.19s]
[2026-04-21T07:28:58.719+0000] {subprocess.py:106} INFO - [0m07:28:58  6 of 11 START sql incremental model `dds`.`dim_device` ......................... [RUN]
[2026-04-21T07:28:58.927+0000] {subprocess.py:106} INFO - [0m07:28:58  6 of 11 OK created sql incremental model `dds`.`dim_device` .................... [[32mOK[0m in 0.20s]
[2026-04-21T07:28:58.932+0000] {subprocess.py:106} INFO - [0m07:28:58  7 of 11 START sql incremental model `dds`.`fct_click` .......................... [RUN]
[2026-04-21T07:28:59.268+0000] {subprocess.py:106} INFO - [0m07:28:59  7 of 11 OK created sql incremental model `dds`.`fct_click` ..................... [[32mOK[0m in 0.33s]
[2026-04-21T07:28:59.272+0000] {subprocess.py:106} INFO - [0m07:28:59  8 of 11 START sql incremental model `dds`.`dim_geo` ............................ [RUN]
[2026-04-21T07:28:59.482+0000] {subprocess.py:106} INFO - [0m07:28:59  8 of 11 OK created sql incremental model `dds`.`dim_geo` ....................... [[32mOK[0m in 0.21s]
[2026-04-21T07:28:59.486+0000] {subprocess.py:106} INFO - [0m07:28:59  9 of 11 START sql incremental model `dds`.`dim_location` ....................... [RUN]
[2026-04-21T07:28:59.695+0000] {subprocess.py:106} INFO - [0m07:28:59  9 of 11 OK created sql incremental model `dds`.`dim_location` .................. [[32mOK[0m in 0.21s]
[2026-04-21T07:28:59.699+0000] {subprocess.py:106} INFO - [0m07:28:59  10 of 11 START sql incremental model `dm`.`dashboard` .......................... [RUN]
[2026-04-21T07:28:59.920+0000] {subprocess.py:106} INFO - [0m07:28:59  10 of 11 OK created sql incremental model `dm`.`dashboard` ..................... [[32mOK[0m in 0.22s]
[2026-04-21T07:28:59.924+0000] {subprocess.py:106} INFO - [0m07:28:59  11 of 11 START sql view model `dm`.`dashboard_recent_data` ..................... [RUN]
[2026-04-21T07:29:00.111+0000] {subprocess.py:106} INFO - [0m07:29:00  11 of 11 OK created sql view model `dm`.`dashboard_recent_data` ................ [[32mOK[0m in 0.19s]
[2026-04-21T07:29:00.120+0000] {subprocess.py:106} INFO - [0m07:29:00
[2026-04-21T07:29:00.122+0000] {subprocess.py:106} INFO - [0m07:29:00  Finished running 10 incremental models, 1 view model in 0 hours 0 minutes and 8.18 seconds (8.18s).
[2026-04-21T07:29:00.150+0000] {subprocess.py:106} INFO - [0m07:29:00
[2026-04-21T07:29:00.152+0000] {subprocess.py:106} INFO - [0m07:29:00  [32mCompleted successfully[0m
[2026-04-21T07:29:00.153+0000] {subprocess.py:106} INFO - [0m07:29:00
[2026-04-21T07:29:00.155+0000] {subprocess.py:106} INFO - [0m07:29:00  Done. PASS=11 WARN=0 ERROR=0 SKIP=0 TOTAL=11
[2026-04-21T07:29:01.502+0000] {subprocess.py:110} INFO - Command exited with return code 0
[2026-04-21T07:29:01.539+0000] {taskinstance.py:341} INFO - ::group::Post task execution logs
[2026-04-21T07:29:01.540+0000] {taskinstance.py:353} INFO - Marking task as SUCCESS. dag_id=layers_update, task_id=run_dbt, run_id=manual__2026-04-21T07:28:41.438031+00:00, execution_date=20260421T072841, start_date=20260421T072845, end_date=20260421T072901
[2026-04-21T07:29:01.644+0000] {local_task_job_runner.py:266} INFO - Task exited with return code 0
[2026-04-21T07:29:01.676+0000] {taskinstance.py:3901} INFO - 1 downstream tasks scheduled from follow-on schedule check
[2026-04-21T07:29:01.679+0000] {local_task_job_runner.py:245} INFO - ::endgroup::
