[2026-04-21T07:35:38.028+0000] {local_task_job_runner.py:123} INFO - ::group::Pre task execution logs
[2026-04-21T07:35:38.050+0000] {taskinstance.py:2614} INFO - Dependencies all met for dep_context=non-requeueable deps ti=<TaskInstance: kafka_producer.get_data manual__2026-04-21T07:35:35.598989+00:00 [queued]>
[2026-04-21T07:35:38.060+0000] {taskinstance.py:2614} INFO - Dependencies all met for dep_context=requeueable deps ti=<TaskInstance: kafka_producer.get_data manual__2026-04-21T07:35:35.598989+00:00 [queued]>
[2026-04-21T07:35:38.060+0000] {taskinstance.py:2867} INFO - Starting attempt 1 of 1
[2026-04-21T07:35:38.083+0000] {taskinstance.py:2890} INFO - Executing <Task(PythonOperator): get_data> on 2026-04-21 07:35:35.598989+00:00
[2026-04-21T07:35:38.096+0000] {standard_task_runner.py:104} INFO - Running: ['***', 'tasks', 'run', 'kafka_producer', 'get_data', 'manual__2026-04-21T07:35:35.598989+00:00', '--job-id', '7', '--raw', '--subdir', 'DAGS_FOLDER/kafka_load.py', '--cfg-path', '/tmp/tmp7ebges10']
[2026-04-21T07:35:38.092+0000] {warnings.py:112} WARNING - /home/***/.local/lib/python3.12/site-packages/***/task/task_runner/standard_task_runner.py:70: DeprecationWarning: This process (pid=80) is multi-threaded, use of fork() may lead to deadlocks in the child.
  pid = os.fork()

[2026-04-21T07:35:38.100+0000] {standard_task_runner.py:105} INFO - Job 7: Subtask get_data
[2026-04-21T07:35:38.101+0000] {standard_task_runner.py:72} INFO - Started process 81 to run task
[2026-04-21T07:35:38.174+0000] {task_command.py:467} INFO - Running <TaskInstance: kafka_producer.get_data manual__2026-04-21T07:35:35.598989+00:00 [running]> on host f8fb5e06f85d
[2026-04-21T07:35:38.297+0000] {taskinstance.py:3134} INFO - Exporting env vars: AIRFLOW_CTX_DAG_OWNER='***' AIRFLOW_CTX_DAG_ID='kafka_producer' AIRFLOW_CTX_TASK_ID='get_data' AIRFLOW_CTX_EXECUTION_DATE='2026-04-21T07:35:35.598989+00:00' AIRFLOW_CTX_TRY_NUMBER='1' AIRFLOW_CTX_DAG_RUN_ID='manual__2026-04-21T07:35:35.598989+00:00'
[2026-04-21T07:35:38.299+0000] {taskinstance.py:732} INFO - ::endgroup::
[2026-04-21T07:35:38.334+0000] {kafka_load.py:63} ERROR - Выполнение цепочки DAG прервано из-за кричической ошибки при загрузке данных в Kafka: [Errno 6] No such device or address
[2026-04-21T07:35:38.335+0000] {python.py:240} INFO - Done. Returned value was: None
[2026-04-21T07:35:38.358+0000] {taskinstance.py:341} INFO - ::group::Post task execution logs
[2026-04-21T07:35:38.359+0000] {taskinstance.py:353} INFO - Marking task as SUCCESS. dag_id=kafka_producer, task_id=get_data, run_id=manual__2026-04-21T07:35:35.598989+00:00, execution_date=20260421T073535, start_date=20260421T073538, end_date=20260421T073538
[2026-04-21T07:35:38.443+0000] {local_task_job_runner.py:266} INFO - Task exited with return code 0
[2026-04-21T07:35:38.484+0000] {taskinstance.py:3901} INFO - 1 downstream tasks scheduled from follow-on schedule check
[2026-04-21T07:35:38.487+0000] {local_task_job_runner.py:245} INFO - ::endgroup::
