[2026-04-21T06:23:17.225+0000] {local_task_job_runner.py:123} INFO - ::group::Pre task execution logs
[2026-04-21T06:23:17.248+0000] {taskinstance.py:2614} INFO - Dependencies all met for dep_context=non-requeueable deps ti=<TaskInstance: layers_update.run_dbt manual__2026-04-21T06:23:11.339015+00:00 [queued]>
[2026-04-21T06:23:17.260+0000] {taskinstance.py:2614} INFO - Dependencies all met for dep_context=requeueable deps ti=<TaskInstance: layers_update.run_dbt manual__2026-04-21T06:23:11.339015+00:00 [queued]>
[2026-04-21T06:23:17.261+0000] {taskinstance.py:2867} INFO - Starting attempt 1 of 1
[2026-04-21T06:23:17.276+0000] {taskinstance.py:2890} INFO - Executing <Task(BashOperator): run_dbt> on 2026-04-21 06:23:11.339015+00:00
[2026-04-21T06:23:17.284+0000] {warnings.py:112} WARNING - /home/***/.local/lib/python3.12/site-packages/***/task/task_runner/standard_task_runner.py:70: DeprecationWarning: This process (pid=58) is multi-threaded, use of fork() may lead to deadlocks in the child.
  pid = os.fork()

[2026-04-21T06:23:17.286+0000] {standard_task_runner.py:72} INFO - Started process 59 to run task
[2026-04-21T06:23:17.286+0000] {standard_task_runner.py:104} INFO - Running: ['***', 'tasks', 'run', 'layers_update', 'run_dbt', 'manual__2026-04-21T06:23:11.339015+00:00', '--job-id', '4', '--raw', '--subdir', 'DAGS_FOLDER/layers_update.py', '--cfg-path', '/tmp/tmpcddyfvfe']
[2026-04-21T06:23:17.288+0000] {standard_task_runner.py:105} INFO - Job 4: Subtask run_dbt
[2026-04-21T06:23:17.350+0000] {task_command.py:467} INFO - Running <TaskInstance: layers_update.run_dbt manual__2026-04-21T06:23:11.339015+00:00 [running]> on host 102489dc19a9
[2026-04-21T06:23:17.460+0000] {taskinstance.py:3134} INFO - Exporting env vars: AIRFLOW_CTX_DAG_OWNER='***' AIRFLOW_CTX_DAG_ID='layers_update' AIRFLOW_CTX_TASK_ID='run_dbt' AIRFLOW_CTX_EXECUTION_DATE='2026-04-21T06:23:11.339015+00:00' AIRFLOW_CTX_TRY_NUMBER='1' AIRFLOW_CTX_DAG_RUN_ID='manual__2026-04-21T06:23:11.339015+00:00'
[2026-04-21T06:23:17.462+0000] {taskinstance.py:732} INFO - ::endgroup::
[2026-04-21T06:23:17.482+0000] {subprocess.py:78} INFO - Tmp dir root location: /tmp
[2026-04-21T06:23:17.483+0000] {subprocess.py:88} INFO - Running command: ['/usr/bin/bash', '-c', 'dbt run']
[2026-04-21T06:23:17.496+0000] {subprocess.py:99} INFO - Output:
[2026-04-21T06:23:22.017+0000] {subprocess.py:106} INFO - [0m06:23:22  Running with dbt=1.7.0
[2026-04-21T06:23:22.378+0000] {subprocess.py:106} INFO - [0m06:23:22  Registered adapter: clickhouse=1.7.0
[2026-04-21T06:23:23.462+0000] {subprocess.py:106} INFO - [0m06:23:23  [[33mWARNING[0m]: Configuration paths exist in your dbt_project.yml file which do not apply to any resources.
[2026-04-21T06:23:23.463+0000] {subprocess.py:106} INFO - There are 1 unused configuration paths:
[2026-04-21T06:23:23.463+0000] {subprocess.py:106} INFO - - models.clickhouse_etl.raw
[2026-04-21T06:23:23.496+0000] {subprocess.py:106} INFO - [0m06:23:23  Found 11 models, 15 tests, 4 sources, 0 exposures, 0 metrics, 538 macros, 0 groups, 0 semantic models
[2026-04-21T06:23:23.500+0000] {subprocess.py:106} INFO - [0m06:23:23
[2026-04-21T06:23:24.230+0000] {subprocess.py:106} INFO - [0m06:23:24  Concurrency: 1 threads (target='dev')
[2026-04-21T06:23:24.232+0000] {subprocess.py:106} INFO - [0m06:23:24
[2026-04-21T06:23:24.243+0000] {subprocess.py:106} INFO - [0m06:23:24  1 of 11 START sql incremental model `ods`.`browser_data` ....................... [RUN]
[2026-04-21T06:23:24.645+0000] {subprocess.py:106} INFO - [0m06:23:24  1 of 11 OK created sql incremental model `ods`.`browser_data` .................. [[32mOK[0m in 0.40s]
[2026-04-21T06:23:24.649+0000] {subprocess.py:106} INFO - [0m06:23:24  2 of 11 START sql incremental model `ods`.`device_data` ........................ [RUN]
[2026-04-21T06:23:24.876+0000] {subprocess.py:106} INFO - [0m06:23:24  2 of 11 OK created sql incremental model `ods`.`device_data` ................... [[32mOK[0m in 0.23s]
[2026-04-21T06:23:24.878+0000] {subprocess.py:106} INFO - [0m06:23:24  3 of 11 START sql incremental model `ods`.`geo_data` ........................... [RUN]
[2026-04-21T06:23:25.088+0000] {subprocess.py:106} INFO - [0m06:23:25  3 of 11 OK created sql incremental model `ods`.`geo_data` ...................... [[32mOK[0m in 0.21s]
[2026-04-21T06:23:25.091+0000] {subprocess.py:106} INFO - [0m06:23:25  4 of 11 START sql incremental model `ods`.`location_data` ...................... [RUN]
[2026-04-21T06:23:25.333+0000] {subprocess.py:106} INFO - [0m06:23:25  4 of 11 OK created sql incremental model `ods`.`location_data` ................. [[32mOK[0m in 0.24s]
[2026-04-21T06:23:25.337+0000] {subprocess.py:106} INFO - [0m06:23:25  5 of 11 START sql incremental model `dds`.`dim_browser` ........................ [RUN]
[2026-04-21T06:23:25.585+0000] {subprocess.py:106} INFO - [0m06:23:25  5 of 11 OK created sql incremental model `dds`.`dim_browser` ................... [[32mOK[0m in 0.25s]
[2026-04-21T06:23:25.587+0000] {subprocess.py:106} INFO - [0m06:23:25  6 of 11 START sql incremental model `dds`.`dim_device` ......................... [RUN]
[2026-04-21T06:23:25.834+0000] {subprocess.py:106} INFO - [0m06:23:25  6 of 11 OK created sql incremental model `dds`.`dim_device` .................... [[32mOK[0m in 0.24s]
[2026-04-21T06:23:25.837+0000] {subprocess.py:106} INFO - [0m06:23:25  7 of 11 START sql incremental model `dds`.`fct_click` .......................... [RUN]
[2026-04-21T06:23:26.074+0000] {subprocess.py:106} INFO - [0m06:23:26  7 of 11 OK created sql incremental model `dds`.`fct_click` ..................... [[32mOK[0m in 0.23s]
[2026-04-21T06:23:26.077+0000] {subprocess.py:106} INFO - [0m06:23:26  8 of 11 START sql incremental model `dds`.`dim_geo` ............................ [RUN]
[2026-04-21T06:23:26.325+0000] {subprocess.py:106} INFO - [0m06:23:26  8 of 11 OK created sql incremental model `dds`.`dim_geo` ....................... [[32mOK[0m in 0.24s]
[2026-04-21T06:23:26.328+0000] {subprocess.py:106} INFO - [0m06:23:26  9 of 11 START sql incremental model `dds`.`dim_location` ....................... [RUN]
[2026-04-21T06:23:26.548+0000] {subprocess.py:106} INFO - [0m06:23:26  9 of 11 OK created sql incremental model `dds`.`dim_location` .................. [[32mOK[0m in 0.22s]
[2026-04-21T06:23:26.552+0000] {subprocess.py:106} INFO - [0m06:23:26  10 of 11 START sql incremental model `dm`.`dashboard` .......................... [RUN]
[2026-04-21T06:23:26.862+0000] {subprocess.py:106} INFO - [0m06:23:26  10 of 11 OK created sql incremental model `dm`.`dashboard` ..................... [[32mOK[0m in 0.31s]
[2026-04-21T06:23:26.868+0000] {subprocess.py:106} INFO - [0m06:23:26  11 of 11 START sql view model `dm`.`dashboard_recent_data` ..................... [RUN]
[2026-04-21T06:23:26.960+0000] {subprocess.py:106} INFO - [0m06:23:26  11 of 11 OK created sql view model `dm`.`dashboard_recent_data` ................ [[32mOK[0m in 0.09s]
[2026-04-21T06:23:26.969+0000] {subprocess.py:106} INFO - [0m06:23:26
[2026-04-21T06:23:26.970+0000] {subprocess.py:106} INFO - [0m06:23:26  Finished running 10 incremental models, 1 view model in 0 hours 0 minutes and 3.47 seconds (3.47s).
[2026-04-21T06:23:27.006+0000] {subprocess.py:106} INFO - [0m06:23:27
[2026-04-21T06:23:27.007+0000] {subprocess.py:106} INFO - [0m06:23:27  [32mCompleted successfully[0m
[2026-04-21T06:23:27.008+0000] {subprocess.py:106} INFO - [0m06:23:27
[2026-04-21T06:23:27.009+0000] {subprocess.py:106} INFO - [0m06:23:27  Done. PASS=11 WARN=0 ERROR=0 SKIP=0 TOTAL=11
[2026-04-21T06:23:28.502+0000] {subprocess.py:110} INFO - Command exited with return code 0
[2026-04-21T06:23:28.539+0000] {taskinstance.py:341} INFO - ::group::Post task execution logs
[2026-04-21T06:23:28.540+0000] {taskinstance.py:353} INFO - Marking task as SUCCESS. dag_id=layers_update, task_id=run_dbt, run_id=manual__2026-04-21T06:23:11.339015+00:00, execution_date=20260421T062311, start_date=20260421T062317, end_date=20260421T062328
[2026-04-21T06:23:28.622+0000] {local_task_job_runner.py:266} INFO - Task exited with return code 0
[2026-04-21T06:23:28.653+0000] {taskinstance.py:3901} INFO - 1 downstream tasks scheduled from follow-on schedule check
[2026-04-21T06:23:28.657+0000] {local_task_job_runner.py:245} INFO - ::endgroup::
