[2026-04-21T08:12:39.194+0000] {local_task_job_runner.py:123} INFO - ::group::Pre task execution logs
[2026-04-21T08:12:39.215+0000] {taskinstance.py:2614} INFO - Dependencies all met for dep_context=non-requeueable deps ti=<TaskInstance: kafka_producer.get_data manual__2026-04-21T08:12:37.562707+00:00 [queued]>
[2026-04-21T08:12:39.228+0000] {taskinstance.py:2614} INFO - Dependencies all met for dep_context=requeueable deps ti=<TaskInstance: kafka_producer.get_data manual__2026-04-21T08:12:37.562707+00:00 [queued]>
[2026-04-21T08:12:39.229+0000] {taskinstance.py:2867} INFO - Starting attempt 1 of 1
[2026-04-21T08:12:39.248+0000] {taskinstance.py:2890} INFO - Executing <Task(PythonOperator): get_data> on 2026-04-21 08:12:37.562707+00:00
[2026-04-21T08:12:39.256+0000] {warnings.py:112} WARNING - /home/***/.local/lib/python3.12/site-packages/***/task/task_runner/standard_task_runner.py:70: DeprecationWarning: This process (pid=204) is multi-threaded, use of fork() may lead to deadlocks in the child.
  pid = os.fork()

[2026-04-21T08:12:39.259+0000] {standard_task_runner.py:72} INFO - Started process 205 to run task
[2026-04-21T08:12:39.259+0000] {standard_task_runner.py:104} INFO - Running: ['***', 'tasks', 'run', 'kafka_producer', 'get_data', 'manual__2026-04-21T08:12:37.562707+00:00', '--job-id', '22', '--raw', '--subdir', 'DAGS_FOLDER/kafka_load.py', '--cfg-path', '/tmp/tmp4nrtocx5']
[2026-04-21T08:12:39.261+0000] {standard_task_runner.py:105} INFO - Job 22: Subtask get_data
[2026-04-21T08:12:39.325+0000] {task_command.py:467} INFO - Running <TaskInstance: kafka_producer.get_data manual__2026-04-21T08:12:37.562707+00:00 [running]> on host 685b945180b2
[2026-04-21T08:12:39.437+0000] {taskinstance.py:3134} INFO - Exporting env vars: AIRFLOW_CTX_DAG_OWNER='***' AIRFLOW_CTX_DAG_ID='kafka_producer' AIRFLOW_CTX_TASK_ID='get_data' AIRFLOW_CTX_EXECUTION_DATE='2026-04-21T08:12:37.562707+00:00' AIRFLOW_CTX_TRY_NUMBER='1' AIRFLOW_CTX_DAG_RUN_ID='manual__2026-04-21T08:12:37.562707+00:00'
[2026-04-21T08:12:39.438+0000] {taskinstance.py:732} INFO - ::endgroup::
[2026-04-21T08:12:39.470+0000] {kafka_load.py:28} INFO - Обрабатывается файл: browser_events.jsonl
[2026-04-21T08:12:39.474+0000] {kafka_load.py:41} INFO - Отправлено 100 сообщений
[2026-04-21T08:12:39.477+0000] {kafka_load.py:41} INFO - Отправлено 200 сообщений
[2026-04-21T08:12:39.480+0000] {kafka_load.py:41} INFO - Отправлено 300 сообщений
[2026-04-21T08:12:39.483+0000] {kafka_load.py:41} INFO - Отправлено 400 сообщений
[2026-04-21T08:12:39.486+0000] {kafka_load.py:41} INFO - Отправлено 500 сообщений
[2026-04-21T08:12:39.490+0000] {kafka_load.py:41} INFO - Отправлено 600 сообщений
[2026-04-21T08:12:39.492+0000] {kafka_load.py:41} INFO - Отправлено 700 сообщений
[2026-04-21T08:12:39.496+0000] {kafka_load.py:41} INFO - Отправлено 800 сообщений
[2026-04-21T08:12:39.499+0000] {kafka_load.py:41} INFO - Отправлено 900 сообщений
[2026-04-21T08:12:39.503+0000] {kafka_load.py:41} INFO - Отправлено 1000 сообщений
[2026-04-21T08:12:39.505+0000] {kafka_load.py:55} INFO - Обработка файла browser_events.jsonl завершена
[2026-04-21T08:12:39.506+0000] {kafka_load.py:28} INFO - Обрабатывается файл: device_events.jsonl
[2026-04-21T08:12:39.511+0000] {kafka_load.py:41} INFO - Отправлено 100 сообщений
[2026-04-21T08:12:39.514+0000] {kafka_load.py:41} INFO - Отправлено 200 сообщений
[2026-04-21T08:12:39.517+0000] {kafka_load.py:41} INFO - Отправлено 300 сообщений
[2026-04-21T08:12:39.522+0000] {kafka_load.py:41} INFO - Отправлено 400 сообщений
[2026-04-21T08:12:39.526+0000] {kafka_load.py:41} INFO - Отправлено 500 сообщений
[2026-04-21T08:12:39.532+0000] {kafka_load.py:41} INFO - Отправлено 600 сообщений
[2026-04-21T08:12:39.537+0000] {kafka_load.py:41} INFO - Отправлено 700 сообщений
[2026-04-21T08:12:39.541+0000] {kafka_load.py:41} INFO - Отправлено 800 сообщений
[2026-04-21T08:12:39.545+0000] {kafka_load.py:41} INFO - Отправлено 900 сообщений
[2026-04-21T08:12:39.548+0000] {kafka_load.py:41} INFO - Отправлено 1000 сообщений
[2026-04-21T08:12:39.549+0000] {kafka_load.py:43} ERROR - Ошибка JSON в строке: 1001: Expecting ':' delimiter: line 1 column 19 (char 18)
[2026-04-21T08:12:39.555+0000] {kafka_load.py:55} INFO - Обработка файла device_events.jsonl завершена
[2026-04-21T08:12:39.555+0000] {kafka_load.py:28} INFO - Обрабатывается файл: geo_events.jsonl
[2026-04-21T08:12:39.559+0000] {kafka_load.py:41} INFO - Отправлено 100 сообщений
[2026-04-21T08:12:39.561+0000] {kafka_load.py:41} INFO - Отправлено 200 сообщений
[2026-04-21T08:12:39.564+0000] {kafka_load.py:41} INFO - Отправлено 300 сообщений
[2026-04-21T08:12:39.566+0000] {kafka_load.py:41} INFO - Отправлено 400 сообщений
[2026-04-21T08:12:39.568+0000] {kafka_load.py:41} INFO - Отправлено 500 сообщений
[2026-04-21T08:12:39.570+0000] {kafka_load.py:41} INFO - Отправлено 600 сообщений
[2026-04-21T08:12:39.572+0000] {kafka_load.py:41} INFO - Отправлено 700 сообщений
[2026-04-21T08:12:39.575+0000] {kafka_load.py:41} INFO - Отправлено 800 сообщений
[2026-04-21T08:12:39.576+0000] {kafka_load.py:41} INFO - Отправлено 900 сообщений
[2026-04-21T08:12:39.578+0000] {kafka_load.py:41} INFO - Отправлено 1000 сообщений
[2026-04-21T08:12:39.580+0000] {kafka_load.py:55} INFO - Обработка файла geo_events.jsonl завершена
[2026-04-21T08:12:39.580+0000] {kafka_load.py:28} INFO - Обрабатывается файл: location_events.jsonl
[2026-04-21T08:12:39.584+0000] {kafka_load.py:41} INFO - Отправлено 100 сообщений
[2026-04-21T08:12:39.589+0000] {kafka_load.py:41} INFO - Отправлено 200 сообщений
[2026-04-21T08:12:39.591+0000] {kafka_load.py:41} INFO - Отправлено 300 сообщений
[2026-04-21T08:12:39.593+0000] {kafka_load.py:41} INFO - Отправлено 400 сообщений
[2026-04-21T08:12:39.596+0000] {kafka_load.py:41} INFO - Отправлено 500 сообщений
[2026-04-21T08:12:39.599+0000] {kafka_load.py:41} INFO - Отправлено 600 сообщений
[2026-04-21T08:12:39.602+0000] {kafka_load.py:41} INFO - Отправлено 700 сообщений
[2026-04-21T08:12:39.607+0000] {kafka_load.py:41} INFO - Отправлено 800 сообщений
[2026-04-21T08:12:39.609+0000] {kafka_load.py:41} INFO - Отправлено 900 сообщений
[2026-04-21T08:12:39.611+0000] {kafka_load.py:41} INFO - Отправлено 1000 сообщений
[2026-04-21T08:12:39.612+0000] {kafka_load.py:55} INFO - Обработка файла location_events.jsonl завершена
[2026-04-21T08:12:39.615+0000] {kafka_load.py:58} INFO - Обработка файлов успешно завершена
[2026-04-21T08:12:39.616+0000] {python.py:240} INFO - Done. Returned value was: None
[2026-04-21T08:12:39.631+0000] {taskinstance.py:341} INFO - ::group::Post task execution logs
[2026-04-21T08:12:39.631+0000] {taskinstance.py:353} INFO - Marking task as SUCCESS. dag_id=kafka_producer, task_id=get_data, run_id=manual__2026-04-21T08:12:37.562707+00:00, execution_date=20260421T081237, start_date=20260421T081239, end_date=20260421T081239
[2026-04-21T08:12:39.676+0000] {local_task_job_runner.py:266} INFO - Task exited with return code 0
[2026-04-21T08:12:39.705+0000] {taskinstance.py:3901} INFO - 1 downstream tasks scheduled from follow-on schedule check
[2026-04-21T08:12:39.709+0000] {local_task_job_runner.py:245} INFO - ::endgroup::
