[2026-04-13T07:44:37.107+0000] {local_task_job_runner.py:123} INFO - ::group::Pre task execution logs
[2026-04-13T07:44:37.128+0000] {taskinstance.py:2614} INFO - Dependencies all met for dep_context=non-requeueable deps ti=<TaskInstance: layers_update.run_dbt manual__2026-04-13T07:44:34.591098+00:00 [queued]>
[2026-04-13T07:44:37.140+0000] {taskinstance.py:2614} INFO - Dependencies all met for dep_context=requeueable deps ti=<TaskInstance: layers_update.run_dbt manual__2026-04-13T07:44:34.591098+00:00 [queued]>
[2026-04-13T07:44:37.140+0000] {taskinstance.py:2867} INFO - Starting attempt 1 of 1
[2026-04-13T07:44:37.160+0000] {taskinstance.py:2890} INFO - Executing <Task(BashOperator): run_dbt> on 2026-04-13 07:44:34.591098+00:00
[2026-04-13T07:44:37.169+0000] {warnings.py:112} WARNING - /home/***/.local/lib/python3.12/site-packages/***/task/task_runner/standard_task_runner.py:70: DeprecationWarning: This process (pid=92) is multi-threaded, use of fork() may lead to deadlocks in the child.
  pid = os.fork()

[2026-04-13T07:44:37.171+0000] {standard_task_runner.py:72} INFO - Started process 93 to run task
[2026-04-13T07:44:37.171+0000] {standard_task_runner.py:104} INFO - Running: ['***', 'tasks', 'run', 'layers_update', 'run_dbt', 'manual__2026-04-13T07:44:34.591098+00:00', '--job-id', '9', '--raw', '--subdir', 'DAGS_FOLDER/layers_update.py', '--cfg-path', '/tmp/tmp7hg_794v']
[2026-04-13T07:44:37.174+0000] {standard_task_runner.py:105} INFO - Job 9: Subtask run_dbt
[2026-04-13T07:44:37.234+0000] {task_command.py:467} INFO - Running <TaskInstance: layers_update.run_dbt manual__2026-04-13T07:44:34.591098+00:00 [running]> on host aa4cdc9ccb97
[2026-04-13T07:44:37.338+0000] {taskinstance.py:3134} INFO - Exporting env vars: AIRFLOW_CTX_DAG_OWNER='***' AIRFLOW_CTX_DAG_ID='layers_update' AIRFLOW_CTX_TASK_ID='run_dbt' AIRFLOW_CTX_EXECUTION_DATE='2026-04-13T07:44:34.591098+00:00' AIRFLOW_CTX_TRY_NUMBER='1' AIRFLOW_CTX_DAG_RUN_ID='manual__2026-04-13T07:44:34.591098+00:00'
[2026-04-13T07:44:37.340+0000] {taskinstance.py:732} INFO - ::endgroup::
[2026-04-13T07:44:37.375+0000] {subprocess.py:78} INFO - Tmp dir root location: /tmp
[2026-04-13T07:44:37.388+0000] {subprocess.py:88} INFO - Running command: ['/usr/bin/bash', '-c', 'dbt run']
[2026-04-13T07:44:37.417+0000] {subprocess.py:99} INFO - Output:
[2026-04-13T07:44:41.534+0000] {subprocess.py:106} INFO - [0m07:44:41  Running with dbt=1.7.0
[2026-04-13T07:44:41.920+0000] {subprocess.py:106} INFO - [0m07:44:41  Registered adapter: clickhouse=1.7.0
[2026-04-13T07:44:43.123+0000] {subprocess.py:106} INFO - [0m07:44:43  [[33mWARNING[0m]: Configuration paths exist in your dbt_project.yml file which do not apply to any resources.
[2026-04-13T07:44:43.124+0000] {subprocess.py:106} INFO - There are 1 unused configuration paths:
[2026-04-13T07:44:43.124+0000] {subprocess.py:106} INFO - - models.clickhouse_etl.raw
[2026-04-13T07:44:43.161+0000] {subprocess.py:106} INFO - [0m07:44:43  Found 13 models, 20 tests, 4 sources, 0 exposures, 0 metrics, 536 macros, 0 groups, 0 semantic models
[2026-04-13T07:44:43.165+0000] {subprocess.py:106} INFO - [0m07:44:43
[2026-04-13T07:44:43.687+0000] {subprocess.py:106} INFO - [0m07:44:43  Concurrency: 1 threads (target='dev')
[2026-04-13T07:44:43.689+0000] {subprocess.py:106} INFO - [0m07:44:43
[2026-04-13T07:44:43.703+0000] {subprocess.py:106} INFO - [0m07:44:43  1 of 13 START sql incremental model `ods_ods`.`browser_data` ................... [RUN]
[2026-04-13T07:44:43.989+0000] {subprocess.py:106} INFO - [0m07:44:43  1 of 13 OK created sql incremental model `ods_ods`.`browser_data` .............. [[32mOK[0m in 0.28s]
[2026-04-13T07:44:43.992+0000] {subprocess.py:106} INFO - [0m07:44:43  2 of 13 START sql incremental model `ods_ods`.`device_data` .................... [RUN]
[2026-04-13T07:44:44.204+0000] {subprocess.py:106} INFO - [0m07:44:44  2 of 13 OK created sql incremental model `ods_ods`.`device_data` ............... [[32mOK[0m in 0.21s]
[2026-04-13T07:44:44.210+0000] {subprocess.py:106} INFO - [0m07:44:44  3 of 13 START sql incremental model `ods_ods`.`geo_data` ....................... [RUN]
[2026-04-13T07:44:44.415+0000] {subprocess.py:106} INFO - [0m07:44:44  3 of 13 OK created sql incremental model `ods_ods`.`geo_data` .................. [[32mOK[0m in 0.20s]
[2026-04-13T07:44:44.418+0000] {subprocess.py:106} INFO - [0m07:44:44  4 of 13 START sql incremental model `ods_ods`.`location_data` .................. [RUN]
[2026-04-13T07:44:44.659+0000] {subprocess.py:106} INFO - [0m07:44:44  4 of 13 OK created sql incremental model `ods_ods`.`location_data` ............. [[32mOK[0m in 0.24s]
[2026-04-13T07:44:44.663+0000] {subprocess.py:106} INFO - [0m07:44:44  5 of 13 START sql incremental model `ods_dds`.`dim_browser` .................... [RUN]
[2026-04-13T07:44:44.871+0000] {subprocess.py:106} INFO - [0m07:44:44  5 of 13 OK created sql incremental model `ods_dds`.`dim_browser` ............... [[32mOK[0m in 0.21s]
[2026-04-13T07:44:44.874+0000] {subprocess.py:106} INFO - [0m07:44:44  6 of 13 START sql incremental model `ods_dds`.`dim_device` ..................... [RUN]
[2026-04-13T07:44:45.083+0000] {subprocess.py:106} INFO - [0m07:44:45  6 of 13 OK created sql incremental model `ods_dds`.`dim_device` ................ [[32mOK[0m in 0.21s]
[2026-04-13T07:44:45.088+0000] {subprocess.py:106} INFO - [0m07:44:45  7 of 13 START sql incremental model `ods_dds`.`fct_click` ...................... [RUN]
[2026-04-13T07:44:45.340+0000] {subprocess.py:106} INFO - [0m07:44:45  7 of 13 OK created sql incremental model `ods_dds`.`fct_click` ................. [[32mOK[0m in 0.25s]
[2026-04-13T07:44:45.343+0000] {subprocess.py:106} INFO - [0m07:44:45  8 of 13 START sql incremental model `ods_dds`.`dim_geo` ........................ [RUN]
[2026-04-13T07:44:45.551+0000] {subprocess.py:106} INFO - [0m07:44:45  8 of 13 OK created sql incremental model `ods_dds`.`dim_geo` ................... [[32mOK[0m in 0.20s]
[2026-04-13T07:44:45.555+0000] {subprocess.py:106} INFO - [0m07:44:45  9 of 13 START sql incremental model `ods_dds`.`dim_location` ................... [RUN]
[2026-04-13T07:44:45.761+0000] {subprocess.py:106} INFO - [0m07:44:45  9 of 13 OK created sql incremental model `ods_dds`.`dim_location` .............. [[32mOK[0m in 0.20s]
[2026-04-13T07:44:45.764+0000] {subprocess.py:106} INFO - [0m07:44:45  10 of 13 START sql view model `ods_dm`.`geo_stat` .............................. [RUN]
[2026-04-13T07:44:45.973+0000] {subprocess.py:106} INFO - [0m07:44:45  10 of 13 OK created sql view model `ods_dm`.`geo_stat` ......................... [[32mOK[0m in 0.20s]
[2026-04-13T07:44:45.977+0000] {subprocess.py:106} INFO - [0m07:44:45  11 of 13 START sql incremental model `ods_dm`.`daily_aggregates` ............... [RUN]
[2026-04-13T07:44:46.174+0000] {subprocess.py:106} INFO - [0m07:44:46  11 of 13 OK created sql incremental model `ods_dm`.`daily_aggregates` .......... [[32mOK[0m in 0.20s]
[2026-04-13T07:44:46.176+0000] {subprocess.py:106} INFO - [0m07:44:46  12 of 13 START sql incremental model `ods_dm`.`dashboard` ...................... [RUN]
[2026-04-13T07:44:46.406+0000] {subprocess.py:106} INFO - [0m07:44:46  12 of 13 OK created sql incremental model `ods_dm`.`dashboard` ................. [[32mOK[0m in 0.23s]
[2026-04-13T07:44:46.409+0000] {subprocess.py:106} INFO - [0m07:44:46  13 of 13 START sql view model `ods_dm`.`popular_source` ........................ [RUN]
[2026-04-13T07:44:46.493+0000] {subprocess.py:106} INFO - [0m07:44:46  13 of 13 OK created sql view model `ods_dm`.`popular_source` ................... [[32mOK[0m in 0.08s]
[2026-04-13T07:44:46.499+0000] {subprocess.py:106} INFO - [0m07:44:46
[2026-04-13T07:44:46.500+0000] {subprocess.py:106} INFO - [0m07:44:46  Finished running 11 incremental models, 2 view models in 0 hours 0 minutes and 3.33 seconds (3.33s).
[2026-04-13T07:44:46.533+0000] {subprocess.py:106} INFO - [0m07:44:46
[2026-04-13T07:44:46.534+0000] {subprocess.py:106} INFO - [0m07:44:46  [32mCompleted successfully[0m
[2026-04-13T07:44:46.535+0000] {subprocess.py:106} INFO - [0m07:44:46
[2026-04-13T07:44:46.536+0000] {subprocess.py:106} INFO - [0m07:44:46  Done. PASS=13 WARN=0 ERROR=0 SKIP=0 TOTAL=13
[2026-04-13T07:44:47.671+0000] {subprocess.py:110} INFO - Command exited with return code 0
[2026-04-13T07:44:47.707+0000] {taskinstance.py:341} INFO - ::group::Post task execution logs
[2026-04-13T07:44:47.708+0000] {taskinstance.py:353} INFO - Marking task as SUCCESS. dag_id=layers_update, task_id=run_dbt, run_id=manual__2026-04-13T07:44:34.591098+00:00, execution_date=20260413T074434, start_date=20260413T074437, end_date=20260413T074447
[2026-04-13T07:44:47.781+0000] {local_task_job_runner.py:266} INFO - Task exited with return code 0
[2026-04-13T07:44:47.809+0000] {taskinstance.py:3901} INFO - 1 downstream tasks scheduled from follow-on schedule check
[2026-04-13T07:44:47.814+0000] {local_task_job_runner.py:245} INFO - ::endgroup::
