[2026-04-13T07:23:42.485+0000] {local_task_job_runner.py:123} INFO - ::group::Pre task execution logs
[2026-04-13T07:23:42.512+0000] {taskinstance.py:2614} INFO - Dependencies all met for dep_context=non-requeueable deps ti=<TaskInstance: layers_update.run_dbt manual__2026-04-13T07:23:41.204623+00:00 [queued]>
[2026-04-13T07:23:42.528+0000] {taskinstance.py:2614} INFO - Dependencies all met for dep_context=requeueable deps ti=<TaskInstance: layers_update.run_dbt manual__2026-04-13T07:23:41.204623+00:00 [queued]>
[2026-04-13T07:23:42.529+0000] {taskinstance.py:2867} INFO - Starting attempt 1 of 1
[2026-04-13T07:23:42.548+0000] {taskinstance.py:2890} INFO - Executing <Task(BashOperator): run_dbt> on 2026-04-13 07:23:41.204623+00:00
[2026-04-13T07:23:42.555+0000] {warnings.py:112} WARNING - /home/***/.local/lib/python3.12/site-packages/***/task/task_runner/standard_task_runner.py:70: DeprecationWarning: This process (pid=97) is multi-threaded, use of fork() may lead to deadlocks in the child.
  pid = os.fork()

[2026-04-13T07:23:42.561+0000] {standard_task_runner.py:72} INFO - Started process 98 to run task
[2026-04-13T07:23:42.561+0000] {standard_task_runner.py:104} INFO - Running: ['***', 'tasks', 'run', 'layers_update', 'run_dbt', 'manual__2026-04-13T07:23:41.204623+00:00', '--job-id', '8', '--raw', '--subdir', 'DAGS_FOLDER/layers_update.py', '--cfg-path', '/tmp/tmpultz0e5m']
[2026-04-13T07:23:42.562+0000] {standard_task_runner.py:105} INFO - Job 8: Subtask run_dbt
[2026-04-13T07:23:42.624+0000] {task_command.py:467} INFO - Running <TaskInstance: layers_update.run_dbt manual__2026-04-13T07:23:41.204623+00:00 [running]> on host d6d5614e9793
[2026-04-13T07:23:42.729+0000] {taskinstance.py:3134} INFO - Exporting env vars: AIRFLOW_CTX_DAG_OWNER='***' AIRFLOW_CTX_DAG_ID='layers_update' AIRFLOW_CTX_TASK_ID='run_dbt' AIRFLOW_CTX_EXECUTION_DATE='2026-04-13T07:23:41.204623+00:00' AIRFLOW_CTX_TRY_NUMBER='1' AIRFLOW_CTX_DAG_RUN_ID='manual__2026-04-13T07:23:41.204623+00:00'
[2026-04-13T07:23:42.730+0000] {taskinstance.py:732} INFO - ::endgroup::
[2026-04-13T07:23:42.749+0000] {subprocess.py:78} INFO - Tmp dir root location: /tmp
[2026-04-13T07:23:42.750+0000] {subprocess.py:88} INFO - Running command: ['/usr/bin/bash', '-c', 'dbt run']
[2026-04-13T07:23:42.762+0000] {subprocess.py:99} INFO - Output:
[2026-04-13T07:23:46.405+0000] {subprocess.py:106} INFO - [0m07:23:46  Running with dbt=1.7.0
[2026-04-13T07:23:46.763+0000] {subprocess.py:106} INFO - [0m07:23:46  Registered adapter: clickhouse=1.7.0
[2026-04-13T07:23:48.157+0000] {subprocess.py:106} INFO - [0m07:23:48  [[33mWARNING[0m]: Configuration paths exist in your dbt_project.yml file which do not apply to any resources.
[2026-04-13T07:23:48.158+0000] {subprocess.py:106} INFO - There are 1 unused configuration paths:
[2026-04-13T07:23:48.158+0000] {subprocess.py:106} INFO - - models.clickhouse_etl.raw
[2026-04-13T07:23:48.192+0000] {subprocess.py:106} INFO - [0m07:23:48  Found 13 models, 20 tests, 4 sources, 0 exposures, 0 metrics, 536 macros, 0 groups, 0 semantic models
[2026-04-13T07:23:48.199+0000] {subprocess.py:106} INFO - [0m07:23:48
[2026-04-13T07:23:48.668+0000] {subprocess.py:106} INFO - [0m07:23:48  Concurrency: 1 threads (target='dev')
[2026-04-13T07:23:48.669+0000] {subprocess.py:106} INFO - [0m07:23:48
[2026-04-13T07:23:48.684+0000] {subprocess.py:106} INFO - [0m07:23:48  1 of 13 START sql incremental model `ods_ods`.`browser_data` ................... [RUN]
[2026-04-13T07:23:48.909+0000] {subprocess.py:106} INFO - [0m07:23:48  1 of 13 OK created sql incremental model `ods_ods`.`browser_data` .............. [[32mOK[0m in 0.22s]
[2026-04-13T07:23:48.914+0000] {subprocess.py:106} INFO - [0m07:23:48  2 of 13 START sql incremental model `ods_ods`.`device_data` .................... [RUN]
[2026-04-13T07:23:49.113+0000] {subprocess.py:106} INFO - [0m07:23:49  2 of 13 OK created sql incremental model `ods_ods`.`device_data` ............... [[32mOK[0m in 0.20s]
[2026-04-13T07:23:49.116+0000] {subprocess.py:106} INFO - [0m07:23:49  3 of 13 START sql incremental model `ods_ods`.`geo_data` ....................... [RUN]
[2026-04-13T07:23:49.354+0000] {subprocess.py:106} INFO - [0m07:23:49  3 of 13 OK created sql incremental model `ods_ods`.`geo_data` .................. [[32mOK[0m in 0.24s]
[2026-04-13T07:23:49.362+0000] {subprocess.py:106} INFO - [0m07:23:49  4 of 13 START sql incremental model `ods_ods`.`location_data` .................. [RUN]
[2026-04-13T07:23:49.572+0000] {subprocess.py:106} INFO - [0m07:23:49  4 of 13 OK created sql incremental model `ods_ods`.`location_data` ............. [[32mOK[0m in 0.21s]
[2026-04-13T07:23:49.575+0000] {subprocess.py:106} INFO - [0m07:23:49  5 of 13 START sql incremental model `ods_dds`.`dim_browser` .................... [RUN]
[2026-04-13T07:23:49.840+0000] {subprocess.py:106} INFO - [0m07:23:49  5 of 13 OK created sql incremental model `ods_dds`.`dim_browser` ............... [[32mOK[0m in 0.26s]
[2026-04-13T07:23:49.845+0000] {subprocess.py:106} INFO - [0m07:23:49  6 of 13 START sql incremental model `ods_dds`.`dim_device` ..................... [RUN]
[2026-04-13T07:23:50.133+0000] {subprocess.py:106} INFO - [0m07:23:50  6 of 13 OK created sql incremental model `ods_dds`.`dim_device` ................ [[32mOK[0m in 0.28s]
[2026-04-13T07:23:50.137+0000] {subprocess.py:106} INFO - [0m07:23:50  7 of 13 START sql incremental model `ods_dds`.`fct_click` ...................... [RUN]
[2026-04-13T07:23:50.407+0000] {subprocess.py:106} INFO - [0m07:23:50  7 of 13 OK created sql incremental model `ods_dds`.`fct_click` ................. [[32mOK[0m in 0.27s]
[2026-04-13T07:23:50.411+0000] {subprocess.py:106} INFO - [0m07:23:50  8 of 13 START sql incremental model `ods_dds`.`dim_geo` ........................ [RUN]
[2026-04-13T07:23:50.655+0000] {subprocess.py:106} INFO - [0m07:23:50  8 of 13 OK created sql incremental model `ods_dds`.`dim_geo` ................... [[32mOK[0m in 0.24s]
[2026-04-13T07:23:50.661+0000] {subprocess.py:106} INFO - [0m07:23:50  9 of 13 START sql incremental model `ods_dds`.`dim_location` ................... [RUN]
[2026-04-13T07:23:50.884+0000] {subprocess.py:106} INFO - [0m07:23:50  9 of 13 OK created sql incremental model `ods_dds`.`dim_location` .............. [[32mOK[0m in 0.22s]
[2026-04-13T07:23:50.888+0000] {subprocess.py:106} INFO - [0m07:23:50  10 of 13 START sql view model `ods_dm`.`geo_stat` .............................. [RUN]
[2026-04-13T07:23:51.013+0000] {subprocess.py:106} INFO - [0m07:23:51  10 of 13 OK created sql view model `ods_dm`.`geo_stat` ......................... [[32mOK[0m in 0.12s]
[2026-04-13T07:23:51.017+0000] {subprocess.py:106} INFO - [0m07:23:51  11 of 13 START sql incremental model `ods_dm`.`daily_aggregates` ............... [RUN]
[2026-04-13T07:23:51.093+0000] {subprocess.py:106} INFO - [0m07:23:51  11 of 13 OK created sql incremental model `ods_dm`.`daily_aggregates` .......... [[32mOK[0m in 0.07s]
[2026-04-13T07:23:51.096+0000] {subprocess.py:106} INFO - [0m07:23:51  12 of 13 START sql incremental model `ods_dm`.`dashboard` ...................... [RUN]
[2026-04-13T07:23:51.384+0000] {subprocess.py:106} INFO - [0m07:23:51  12 of 13 OK created sql incremental model `ods_dm`.`dashboard` ................. [[32mOK[0m in 0.28s]
[2026-04-13T07:23:51.387+0000] {subprocess.py:106} INFO - [0m07:23:51  13 of 13 START sql view model `ods_dm`.`popular_source` ........................ [RUN]
[2026-04-13T07:23:51.479+0000] {subprocess.py:106} INFO - [0m07:23:51  13 of 13 OK created sql view model `ods_dm`.`popular_source` ................... [[32mOK[0m in 0.09s]
[2026-04-13T07:23:51.486+0000] {subprocess.py:106} INFO - [0m07:23:51
[2026-04-13T07:23:51.487+0000] {subprocess.py:106} INFO - [0m07:23:51  Finished running 11 incremental models, 2 view models in 0 hours 0 minutes and 3.29 seconds (3.29s).
[2026-04-13T07:23:51.519+0000] {subprocess.py:106} INFO - [0m07:23:51
[2026-04-13T07:23:51.520+0000] {subprocess.py:106} INFO - [0m07:23:51  [32mCompleted successfully[0m
[2026-04-13T07:23:51.521+0000] {subprocess.py:106} INFO - [0m07:23:51
[2026-04-13T07:23:51.521+0000] {subprocess.py:106} INFO - [0m07:23:51  Done. PASS=13 WARN=0 ERROR=0 SKIP=0 TOTAL=13
[2026-04-13T07:23:52.881+0000] {subprocess.py:110} INFO - Command exited with return code 0
[2026-04-13T07:23:52.918+0000] {taskinstance.py:341} INFO - ::group::Post task execution logs
[2026-04-13T07:23:52.918+0000] {taskinstance.py:353} INFO - Marking task as SUCCESS. dag_id=layers_update, task_id=run_dbt, run_id=manual__2026-04-13T07:23:41.204623+00:00, execution_date=20260413T072341, start_date=20260413T072342, end_date=20260413T072352
[2026-04-13T07:23:52.975+0000] {local_task_job_runner.py:266} INFO - Task exited with return code 0
[2026-04-13T07:23:53.000+0000] {taskinstance.py:3901} INFO - 0 downstream tasks scheduled from follow-on schedule check
[2026-04-13T07:23:53.007+0000] {local_task_job_runner.py:245} INFO - ::endgroup::
