[2026-04-12T15:32:57.135+0000] {local_task_job_runner.py:123} INFO - ::group::Pre task execution logs
[2026-04-12T15:32:57.155+0000] {taskinstance.py:2614} INFO - Dependencies all met for dep_context=non-requeueable deps ti=<TaskInstance: layers_update.run_dbt manual__2026-04-12T15:32:53.425746+00:00 [queued]>
[2026-04-12T15:32:57.167+0000] {taskinstance.py:2614} INFO - Dependencies all met for dep_context=requeueable deps ti=<TaskInstance: layers_update.run_dbt manual__2026-04-12T15:32:53.425746+00:00 [queued]>
[2026-04-12T15:32:57.168+0000] {taskinstance.py:2867} INFO - Starting attempt 1 of 1
[2026-04-12T15:32:57.186+0000] {taskinstance.py:2890} INFO - Executing <Task(BashOperator): run_dbt> on 2026-04-12 15:32:53.425746+00:00
[2026-04-12T15:32:57.194+0000] {warnings.py:112} WARNING - /home/***/.local/lib/python3.12/site-packages/***/task/task_runner/standard_task_runner.py:70: DeprecationWarning: This process (pid=100) is multi-threaded, use of fork() may lead to deadlocks in the child.
  pid = os.fork()

[2026-04-12T15:32:57.196+0000] {standard_task_runner.py:72} INFO - Started process 101 to run task
[2026-04-12T15:32:57.197+0000] {standard_task_runner.py:104} INFO - Running: ['***', 'tasks', 'run', 'layers_update', 'run_dbt', 'manual__2026-04-12T15:32:53.425746+00:00', '--job-id', '10', '--raw', '--subdir', 'DAGS_FOLDER/layers_update.py', '--cfg-path', '/tmp/tmp_qomyw6y']
[2026-04-12T15:32:57.199+0000] {standard_task_runner.py:105} INFO - Job 10: Subtask run_dbt
[2026-04-12T15:32:57.269+0000] {task_command.py:467} INFO - Running <TaskInstance: layers_update.run_dbt manual__2026-04-12T15:32:53.425746+00:00 [running]> on host ab365e87f8e7
[2026-04-12T15:32:57.380+0000] {taskinstance.py:3134} INFO - Exporting env vars: AIRFLOW_CTX_DAG_OWNER='***' AIRFLOW_CTX_DAG_ID='layers_update' AIRFLOW_CTX_TASK_ID='run_dbt' AIRFLOW_CTX_EXECUTION_DATE='2026-04-12T15:32:53.425746+00:00' AIRFLOW_CTX_TRY_NUMBER='1' AIRFLOW_CTX_DAG_RUN_ID='manual__2026-04-12T15:32:53.425746+00:00'
[2026-04-12T15:32:57.382+0000] {taskinstance.py:732} INFO - ::endgroup::
[2026-04-12T15:32:57.402+0000] {subprocess.py:78} INFO - Tmp dir root location: /tmp
[2026-04-12T15:32:57.402+0000] {subprocess.py:88} INFO - Running command: ['/usr/bin/bash', '-c', 'dbt run']
[2026-04-12T15:32:57.416+0000] {subprocess.py:99} INFO - Output:
[2026-04-12T15:33:00.938+0000] {subprocess.py:106} INFO - [0m15:33:00  Running with dbt=1.7.0
[2026-04-12T15:33:01.312+0000] {subprocess.py:106} INFO - [0m15:33:01  Registered adapter: clickhouse=1.7.0
[2026-04-12T15:33:02.772+0000] {subprocess.py:106} INFO - [0m15:33:02  [[33mWARNING[0m]: Configuration paths exist in your dbt_project.yml file which do not apply to any resources.
[2026-04-12T15:33:02.773+0000] {subprocess.py:106} INFO - There are 1 unused configuration paths:
[2026-04-12T15:33:02.774+0000] {subprocess.py:106} INFO - - models.clickhouse_etl.raw
[2026-04-12T15:33:02.815+0000] {subprocess.py:106} INFO - [0m15:33:02  Found 12 models, 20 tests, 4 sources, 0 exposures, 0 metrics, 536 macros, 0 groups, 0 semantic models
[2026-04-12T15:33:02.820+0000] {subprocess.py:106} INFO - [0m15:33:02
[2026-04-12T15:33:03.267+0000] {subprocess.py:106} INFO - [0m15:33:03  Concurrency: 1 threads (target='dev')
[2026-04-12T15:33:03.269+0000] {subprocess.py:106} INFO - [0m15:33:03
[2026-04-12T15:33:03.281+0000] {subprocess.py:106} INFO - [0m15:33:03  1 of 12 START sql incremental model `ods_ods`.`browser_data` ................... [RUN]
[2026-04-12T15:33:03.566+0000] {subprocess.py:106} INFO - [0m15:33:03  1 of 12 OK created sql incremental model `ods_ods`.`browser_data` .............. [[32mOK[0m in 0.28s]
[2026-04-12T15:33:03.571+0000] {subprocess.py:106} INFO - [0m15:33:03  2 of 12 START sql incremental model `ods_ods`.`device_data` .................... [RUN]
[2026-04-12T15:33:03.779+0000] {subprocess.py:106} INFO - [0m15:33:03  2 of 12 OK created sql incremental model `ods_ods`.`device_data` ............... [[32mOK[0m in 0.21s]
[2026-04-12T15:33:03.782+0000] {subprocess.py:106} INFO - [0m15:33:03  3 of 12 START sql incremental model `ods_ods`.`geo_data` ....................... [RUN]
[2026-04-12T15:33:03.982+0000] {subprocess.py:106} INFO - [0m15:33:03  3 of 12 OK created sql incremental model `ods_ods`.`geo_data` .................. [[32mOK[0m in 0.20s]
[2026-04-12T15:33:03.985+0000] {subprocess.py:106} INFO - [0m15:33:03  4 of 12 START sql incremental model `ods_ods`.`location_data` .................. [RUN]
[2026-04-12T15:33:04.226+0000] {subprocess.py:106} INFO - [0m15:33:04  4 of 12 OK created sql incremental model `ods_ods`.`location_data` ............. [[32mOK[0m in 0.24s]
[2026-04-12T15:33:04.230+0000] {subprocess.py:106} INFO - [0m15:33:04  5 of 12 START sql incremental model `ods_dds`.`dim_browser` .................... [RUN]
[2026-04-12T15:33:04.452+0000] {subprocess.py:106} INFO - [0m15:33:04  5 of 12 OK created sql incremental model `ods_dds`.`dim_browser` ............... [[32mOK[0m in 0.22s]
[2026-04-12T15:33:04.460+0000] {subprocess.py:106} INFO - [0m15:33:04  6 of 12 START sql incremental model `ods_dds`.`dim_device` ..................... [RUN]
[2026-04-12T15:33:04.736+0000] {subprocess.py:106} INFO - [0m15:33:04  6 of 12 OK created sql incremental model `ods_dds`.`dim_device` ................ [[32mOK[0m in 0.27s]
[2026-04-12T15:33:04.741+0000] {subprocess.py:106} INFO - [0m15:33:04  7 of 12 START sql incremental model `ods_dds`.`fct_click` ...................... [RUN]
[2026-04-12T15:33:05.043+0000] {subprocess.py:106} INFO - [0m15:33:05  7 of 12 OK created sql incremental model `ods_dds`.`fct_click` ................. [[32mOK[0m in 0.30s]
[2026-04-12T15:33:05.047+0000] {subprocess.py:106} INFO - [0m15:33:05  8 of 12 START sql incremental model `ods_dds`.`dim_geo` ........................ [RUN]
[2026-04-12T15:33:05.249+0000] {subprocess.py:106} INFO - [0m15:33:05  8 of 12 OK created sql incremental model `ods_dds`.`dim_geo` ................... [[32mOK[0m in 0.20s]
[2026-04-12T15:33:05.253+0000] {subprocess.py:106} INFO - [0m15:33:05  9 of 12 START sql incremental model `ods_dds`.`dim_location` ................... [RUN]
[2026-04-12T15:33:05.498+0000] {subprocess.py:106} INFO - [0m15:33:05  9 of 12 OK created sql incremental model `ods_dds`.`dim_location` .............. [[32mOK[0m in 0.24s]
[2026-04-12T15:33:05.503+0000] {subprocess.py:106} INFO - [0m15:33:05  10 of 12 START sql view model `ods_dm`.`geo_stat` .............................. [RUN]
[2026-04-12T15:33:05.616+0000] {subprocess.py:106} INFO - [0m15:33:05  10 of 12 OK created sql view model `ods_dm`.`geo_stat` ......................... [[32mOK[0m in 0.11s]
[2026-04-12T15:33:05.619+0000] {subprocess.py:106} INFO - [0m15:33:05  11 of 12 START sql incremental model `ods_dm`.`daily_aggregates` ............... [RUN]
[2026-04-12T15:33:06.046+0000] {subprocess.py:106} INFO - [0m15:33:06  11 of 12 OK created sql incremental model `ods_dm`.`daily_aggregates` .......... [[32mOK[0m in 0.42s]
[2026-04-12T15:33:06.049+0000] {subprocess.py:106} INFO - [0m15:33:06  12 of 12 START sql view model `ods_dm`.`popular_source` ........................ [RUN]
[2026-04-12T15:33:06.110+0000] {subprocess.py:106} INFO - [0m15:33:06  12 of 12 OK created sql view model `ods_dm`.`popular_source` ................... [[32mOK[0m in 0.06s]
[2026-04-12T15:33:06.122+0000] {subprocess.py:106} INFO - [0m15:33:06
[2026-04-12T15:33:06.126+0000] {subprocess.py:106} INFO - [0m15:33:06  Finished running 10 incremental models, 2 view models in 0 hours 0 minutes and 3.30 seconds (3.30s).
[2026-04-12T15:33:06.158+0000] {subprocess.py:106} INFO - [0m15:33:06
[2026-04-12T15:33:06.159+0000] {subprocess.py:106} INFO - [0m15:33:06  [32mCompleted successfully[0m
[2026-04-12T15:33:06.160+0000] {subprocess.py:106} INFO - [0m15:33:06
[2026-04-12T15:33:06.161+0000] {subprocess.py:106} INFO - [0m15:33:06  Done. PASS=12 WARN=0 ERROR=0 SKIP=0 TOTAL=12
[2026-04-12T15:33:07.660+0000] {subprocess.py:110} INFO - Command exited with return code 0
[2026-04-12T15:33:07.696+0000] {taskinstance.py:341} INFO - ::group::Post task execution logs
[2026-04-12T15:33:07.697+0000] {taskinstance.py:353} INFO - Marking task as SUCCESS. dag_id=layers_update, task_id=run_dbt, run_id=manual__2026-04-12T15:32:53.425746+00:00, execution_date=20260412T153253, start_date=20260412T153257, end_date=20260412T153307
[2026-04-12T15:33:07.778+0000] {local_task_job_runner.py:266} INFO - Task exited with return code 0
[2026-04-12T15:33:07.823+0000] {taskinstance.py:3901} INFO - 1 downstream tasks scheduled from follow-on schedule check
[2026-04-12T15:33:07.826+0000] {local_task_job_runner.py:245} INFO - ::endgroup::
