[2026-03-22T13:18:42.294+0000] {local_task_job_runner.py:123} INFO - ::group::Pre task execution logs
[2026-03-22T13:18:42.319+0000] {taskinstance.py:2614} INFO - Dependencies all met for dep_context=non-requeueable deps ti=<TaskInstance: kafka_producer.send_jsonl_to_kafka manual__2026-03-22T13:18:41.079336+00:00 [queued]>
[2026-03-22T13:18:42.332+0000] {taskinstance.py:2614} INFO - Dependencies all met for dep_context=requeueable deps ti=<TaskInstance: kafka_producer.send_jsonl_to_kafka manual__2026-03-22T13:18:41.079336+00:00 [queued]>
[2026-03-22T13:18:42.333+0000] {taskinstance.py:2867} INFO - Starting attempt 1 of 1
[2026-03-22T13:18:42.354+0000] {taskinstance.py:2890} INFO - Executing <Task(PythonOperator): send_jsonl_to_kafka> on 2026-03-22 13:18:41.079336+00:00
[2026-03-22T13:18:42.365+0000] {warnings.py:112} WARNING - /home/***/.local/lib/python3.12/site-packages/***/task/task_runner/standard_task_runner.py:70: DeprecationWarning: This process (pid=84) is multi-threaded, use of fork() may lead to deadlocks in the child.
  pid = os.fork()

[2026-03-22T13:18:42.369+0000] {standard_task_runner.py:72} INFO - Started process 85 to run task
[2026-03-22T13:18:42.368+0000] {standard_task_runner.py:104} INFO - Running: ['***', 'tasks', 'run', 'kafka_producer', 'send_jsonl_to_kafka', 'manual__2026-03-22T13:18:41.079336+00:00', '--job-id', '19', '--raw', '--subdir', 'DAGS_FOLDER/kafka_load.py', '--cfg-path', '/tmp/tmp6c5pmei3']
[2026-03-22T13:18:42.371+0000] {standard_task_runner.py:105} INFO - Job 19: Subtask send_jsonl_to_kafka
[2026-03-22T13:18:42.434+0000] {task_command.py:467} INFO - Running <TaskInstance: kafka_producer.send_jsonl_to_kafka manual__2026-03-22T13:18:41.079336+00:00 [running]> on host c89d29d28897
[2026-03-22T13:18:42.553+0000] {taskinstance.py:3134} INFO - Exporting env vars: AIRFLOW_CTX_DAG_OWNER='***' AIRFLOW_CTX_DAG_ID='kafka_producer' AIRFLOW_CTX_TASK_ID='send_jsonl_to_kafka' AIRFLOW_CTX_EXECUTION_DATE='2026-03-22T13:18:41.079336+00:00' AIRFLOW_CTX_TRY_NUMBER='1' AIRFLOW_CTX_DAG_RUN_ID='manual__2026-03-22T13:18:41.079336+00:00'
[2026-03-22T13:18:42.554+0000] {taskinstance.py:732} INFO - ::endgroup::
[2026-03-22T13:18:42.581+0000] {logging_mixin.py:190} INFO - 
✅ Итого: 0 файлов, 0 сообщений отправлено в топик 'events_topic'
[2026-03-22T13:18:42.593+0000] {python.py:240} INFO - Done. Returned value was: None
[2026-03-22T13:18:42.605+0000] {taskinstance.py:341} INFO - ::group::Post task execution logs
[2026-03-22T13:18:42.606+0000] {taskinstance.py:353} INFO - Marking task as SUCCESS. dag_id=kafka_producer, task_id=send_jsonl_to_kafka, run_id=manual__2026-03-22T13:18:41.079336+00:00, execution_date=20260322T131841, start_date=20260322T131842, end_date=20260322T131842
[2026-03-22T13:18:42.672+0000] {local_task_job_runner.py:266} INFO - Task exited with return code 0
[2026-03-22T13:18:42.697+0000] {taskinstance.py:3901} INFO - 0 downstream tasks scheduled from follow-on schedule check
[2026-03-22T13:18:42.702+0000] {local_task_job_runner.py:245} INFO - ::endgroup::
