[2026-04-15T16:11:14.699+0000] {local_task_job_runner.py:123} INFO - ::group::Pre task execution logs
[2026-04-15T16:11:14.725+0000] {taskinstance.py:2614} INFO - Dependencies all met for dep_context=non-requeueable deps ti=<TaskInstance: layers_update.run_dbt manual__2026-04-15T16:11:07.174210+00:00 [queued]>
[2026-04-15T16:11:14.735+0000] {taskinstance.py:2614} INFO - Dependencies all met for dep_context=requeueable deps ti=<TaskInstance: layers_update.run_dbt manual__2026-04-15T16:11:07.174210+00:00 [queued]>
[2026-04-15T16:11:14.736+0000] {taskinstance.py:2867} INFO - Starting attempt 1 of 1
[2026-04-15T16:11:14.752+0000] {taskinstance.py:2890} INFO - Executing <Task(BashOperator): run_dbt> on 2026-04-15 16:11:07.174210+00:00
[2026-04-15T16:11:14.760+0000] {warnings.py:112} WARNING - /home/***/.local/lib/python3.12/site-packages/***/task/task_runner/standard_task_runner.py:70: DeprecationWarning: This process (pid=126) is multi-threaded, use of fork() may lead to deadlocks in the child.
  pid = os.fork()

[2026-04-15T16:11:14.762+0000] {standard_task_runner.py:72} INFO - Started process 127 to run task
[2026-04-15T16:11:14.762+0000] {standard_task_runner.py:104} INFO - Running: ['***', 'tasks', 'run', 'layers_update', 'run_dbt', 'manual__2026-04-15T16:11:07.174210+00:00', '--job-id', '14', '--raw', '--subdir', 'DAGS_FOLDER/layers_update.py', '--cfg-path', '/tmp/tmpy3hve54q']
[2026-04-15T16:11:14.764+0000] {standard_task_runner.py:105} INFO - Job 14: Subtask run_dbt
[2026-04-15T16:11:14.821+0000] {task_command.py:467} INFO - Running <TaskInstance: layers_update.run_dbt manual__2026-04-15T16:11:07.174210+00:00 [running]> on host 501efe15e1f8
[2026-04-15T16:11:17.105+0000] {taskinstance.py:3134} INFO - Exporting env vars: AIRFLOW_CTX_DAG_OWNER='***' AIRFLOW_CTX_DAG_ID='layers_update' AIRFLOW_CTX_TASK_ID='run_dbt' AIRFLOW_CTX_EXECUTION_DATE='2026-04-15T16:11:07.174210+00:00' AIRFLOW_CTX_TRY_NUMBER='1' AIRFLOW_CTX_DAG_RUN_ID='manual__2026-04-15T16:11:07.174210+00:00'
[2026-04-15T16:11:17.110+0000] {taskinstance.py:732} INFO - ::endgroup::
[2026-04-15T16:11:17.857+0000] {subprocess.py:78} INFO - Tmp dir root location: /tmp
[2026-04-15T16:11:17.858+0000] {subprocess.py:88} INFO - Running command: ['/usr/bin/bash', '-c', 'dbt run']
[2026-04-15T16:11:17.874+0000] {subprocess.py:99} INFO - Output:
[2026-04-15T16:11:22.065+0000] {subprocess.py:106} INFO - [0m16:11:22  Running with dbt=1.7.0
[2026-04-15T16:11:22.516+0000] {subprocess.py:106} INFO - [0m16:11:22  Registered adapter: clickhouse=1.7.0
[2026-04-15T16:11:23.821+0000] {subprocess.py:106} INFO - [0m16:11:23  [[33mWARNING[0m]: Configuration paths exist in your dbt_project.yml file which do not apply to any resources.
[2026-04-15T16:11:23.827+0000] {subprocess.py:106} INFO - There are 1 unused configuration paths:
[2026-04-15T16:11:23.831+0000] {subprocess.py:106} INFO - - models.clickhouse_etl.raw
[2026-04-15T16:11:23.887+0000] {subprocess.py:106} INFO - [0m16:11:23  Found 11 models, 15 tests, 4 sources, 0 exposures, 0 metrics, 538 macros, 0 groups, 0 semantic models
[2026-04-15T16:11:23.892+0000] {subprocess.py:106} INFO - [0m16:11:23
[2026-04-15T16:11:24.344+0000] {subprocess.py:106} INFO - [0m16:11:24  Concurrency: 1 threads (target='dev')
[2026-04-15T16:11:24.345+0000] {subprocess.py:106} INFO - [0m16:11:24
[2026-04-15T16:11:24.357+0000] {subprocess.py:106} INFO - [0m16:11:24  1 of 11 START sql incremental model `ods`.`browser_data` ....................... [RUN]
[2026-04-15T16:11:24.698+0000] {subprocess.py:106} INFO - [0m16:11:24  1 of 11 OK created sql incremental model `ods`.`browser_data` .................. [[32mOK[0m in 0.34s]
[2026-04-15T16:11:24.715+0000] {subprocess.py:106} INFO - [0m16:11:24  2 of 11 START sql incremental model `ods`.`device_data` ........................ [RUN]
[2026-04-15T16:11:24.931+0000] {subprocess.py:106} INFO - [0m16:11:24  2 of 11 OK created sql incremental model `ods`.`device_data` ................... [[32mOK[0m in 0.21s]
[2026-04-15T16:11:24.934+0000] {subprocess.py:106} INFO - [0m16:11:24  3 of 11 START sql incremental model `ods`.`geo_data` ........................... [RUN]
[2026-04-15T16:11:25.153+0000] {subprocess.py:106} INFO - [0m16:11:25  3 of 11 OK created sql incremental model `ods`.`geo_data` ...................... [[32mOK[0m in 0.22s]
[2026-04-15T16:11:25.157+0000] {subprocess.py:106} INFO - [0m16:11:25  4 of 11 START sql incremental model `ods`.`location_data` ...................... [RUN]
[2026-04-15T16:11:25.370+0000] {subprocess.py:106} INFO - [0m16:11:25  4 of 11 OK created sql incremental model `ods`.`location_data` ................. [[32mOK[0m in 0.21s]
[2026-04-15T16:11:25.376+0000] {subprocess.py:106} INFO - [0m16:11:25  5 of 11 START sql incremental model `dds`.`dim_browser` ........................ [RUN]
[2026-04-15T16:11:25.604+0000] {subprocess.py:106} INFO - [0m16:11:25  5 of 11 OK created sql incremental model `dds`.`dim_browser` ................... [[32mOK[0m in 0.23s]
[2026-04-15T16:11:25.610+0000] {subprocess.py:106} INFO - [0m16:11:25  6 of 11 START sql incremental model `dds`.`dim_device` ......................... [RUN]
[2026-04-15T16:11:25.967+0000] {subprocess.py:106} INFO - [0m16:11:25  6 of 11 OK created sql incremental model `dds`.`dim_device` .................... [[32mOK[0m in 0.35s]
[2026-04-15T16:11:25.976+0000] {subprocess.py:106} INFO - [0m16:11:25  7 of 11 START sql incremental model `dds`.`fct_click` .......................... [RUN]
[2026-04-15T16:11:26.259+0000] {subprocess.py:106} INFO - [0m16:11:26  7 of 11 OK created sql incremental model `dds`.`fct_click` ..................... [[32mOK[0m in 0.27s]
[2026-04-15T16:11:26.262+0000] {subprocess.py:106} INFO - [0m16:11:26  8 of 11 START sql incremental model `dds`.`dim_geo` ............................ [RUN]
[2026-04-15T16:11:26.492+0000] {subprocess.py:106} INFO - [0m16:11:26  8 of 11 OK created sql incremental model `dds`.`dim_geo` ....................... [[32mOK[0m in 0.23s]
[2026-04-15T16:11:26.496+0000] {subprocess.py:106} INFO - [0m16:11:26  9 of 11 START sql incremental model `dds`.`dim_location` ....................... [RUN]
[2026-04-15T16:11:26.724+0000] {subprocess.py:106} INFO - [0m16:11:26  9 of 11 OK created sql incremental model `dds`.`dim_location` .................. [[32mOK[0m in 0.23s]
[2026-04-15T16:11:26.728+0000] {subprocess.py:106} INFO - [0m16:11:26  10 of 11 START sql incremental model `dm`.`dashboard` .......................... [RUN]
[2026-04-15T16:11:26.985+0000] {subprocess.py:106} INFO - [0m16:11:26  10 of 11 OK created sql incremental model `dm`.`dashboard` ..................... [[32mOK[0m in 0.25s]
[2026-04-15T16:11:26.989+0000] {subprocess.py:106} INFO - [0m16:11:26  11 of 11 START sql view model `dm`.`dashboard_recent_data` ..................... [RUN]
[2026-04-15T16:11:27.163+0000] {subprocess.py:106} INFO - [0m16:11:27  11 of 11 OK created sql view model `dm`.`dashboard_recent_data` ................ [[32mOK[0m in 0.17s]
[2026-04-15T16:11:27.171+0000] {subprocess.py:106} INFO - [0m16:11:27
[2026-04-15T16:11:27.173+0000] {subprocess.py:106} INFO - [0m16:11:27  Finished running 10 incremental models, 1 view model in 0 hours 0 minutes and 3.28 seconds (3.28s).
[2026-04-15T16:11:27.208+0000] {subprocess.py:106} INFO - [0m16:11:27
[2026-04-15T16:11:27.210+0000] {subprocess.py:106} INFO - [0m16:11:27  [32mCompleted successfully[0m
[2026-04-15T16:11:27.211+0000] {subprocess.py:106} INFO - [0m16:11:27
[2026-04-15T16:11:27.213+0000] {subprocess.py:106} INFO - [0m16:11:27  Done. PASS=11 WARN=0 ERROR=0 SKIP=0 TOTAL=11
[2026-04-15T16:11:28.378+0000] {subprocess.py:110} INFO - Command exited with return code 0
[2026-04-15T16:11:28.420+0000] {taskinstance.py:341} INFO - ::group::Post task execution logs
[2026-04-15T16:11:28.421+0000] {taskinstance.py:353} INFO - Marking task as SUCCESS. dag_id=layers_update, task_id=run_dbt, run_id=manual__2026-04-15T16:11:07.174210+00:00, execution_date=20260415T161107, start_date=20260415T161114, end_date=20260415T161128
[2026-04-15T16:11:28.496+0000] {local_task_job_runner.py:266} INFO - Task exited with return code 0
[2026-04-15T16:11:28.529+0000] {taskinstance.py:3901} INFO - 1 downstream tasks scheduled from follow-on schedule check
[2026-04-15T16:11:28.534+0000] {local_task_job_runner.py:245} INFO - ::endgroup::
