[2026-04-21T08:22:41.059+0000] {local_task_job_runner.py:123} INFO - ::group::Pre task execution logs
[2026-04-21T08:22:41.080+0000] {taskinstance.py:2614} INFO - Dependencies all met for dep_context=non-requeueable deps ti=<TaskInstance: kafka_producer.get_data manual__2026-04-21T08:22:39.468433+00:00 [queued]>
[2026-04-21T08:22:41.090+0000] {taskinstance.py:2614} INFO - Dependencies all met for dep_context=requeueable deps ti=<TaskInstance: kafka_producer.get_data manual__2026-04-21T08:22:39.468433+00:00 [queued]>
[2026-04-21T08:22:41.091+0000] {taskinstance.py:2867} INFO - Starting attempt 1 of 1
[2026-04-21T08:22:41.110+0000] {taskinstance.py:2890} INFO - Executing <Task(PythonOperator): get_data> on 2026-04-21 08:22:39.468433+00:00
[2026-04-21T08:22:41.117+0000] {warnings.py:112} WARNING - /home/***/.local/lib/python3.12/site-packages/***/task/task_runner/standard_task_runner.py:70: DeprecationWarning: This process (pid=438) is multi-threaded, use of fork() may lead to deadlocks in the child.
  pid = os.fork()

[2026-04-21T08:22:41.120+0000] {standard_task_runner.py:72} INFO - Started process 439 to run task
[2026-04-21T08:22:41.120+0000] {standard_task_runner.py:104} INFO - Running: ['***', 'tasks', 'run', 'kafka_producer', 'get_data', 'manual__2026-04-21T08:22:39.468433+00:00', '--job-id', '57', '--raw', '--subdir', 'DAGS_FOLDER/kafka_load.py', '--cfg-path', '/tmp/tmp7mehge7z']
[2026-04-21T08:22:41.123+0000] {standard_task_runner.py:105} INFO - Job 57: Subtask get_data
[2026-04-21T08:22:41.191+0000] {task_command.py:467} INFO - Running <TaskInstance: kafka_producer.get_data manual__2026-04-21T08:22:39.468433+00:00 [running]> on host 685b945180b2
[2026-04-21T08:22:41.305+0000] {taskinstance.py:3134} INFO - Exporting env vars: AIRFLOW_CTX_DAG_OWNER='***' AIRFLOW_CTX_DAG_ID='kafka_producer' AIRFLOW_CTX_TASK_ID='get_data' AIRFLOW_CTX_EXECUTION_DATE='2026-04-21T08:22:39.468433+00:00' AIRFLOW_CTX_TRY_NUMBER='1' AIRFLOW_CTX_DAG_RUN_ID='manual__2026-04-21T08:22:39.468433+00:00'
[2026-04-21T08:22:41.307+0000] {taskinstance.py:732} INFO - ::endgroup::
[2026-04-21T08:22:41.335+0000] {kafka_load.py:29} INFO - Обрабатывается файл: browser_events.jsonl
[2026-04-21T08:22:41.343+0000] {kafka_load.py:43} INFO - Отправлено 100 сообщений
[2026-04-21T08:22:41.346+0000] {kafka_load.py:43} INFO - Отправлено 200 сообщений
[2026-04-21T08:22:41.349+0000] {kafka_load.py:43} INFO - Отправлено 300 сообщений
[2026-04-21T08:22:41.352+0000] {kafka_load.py:43} INFO - Отправлено 400 сообщений
[2026-04-21T08:22:41.355+0000] {kafka_load.py:43} INFO - Отправлено 500 сообщений
[2026-04-21T08:22:41.358+0000] {kafka_load.py:43} INFO - Отправлено 600 сообщений
[2026-04-21T08:22:41.362+0000] {kafka_load.py:43} INFO - Отправлено 700 сообщений
[2026-04-21T08:22:41.365+0000] {kafka_load.py:43} INFO - Отправлено 800 сообщений
[2026-04-21T08:22:41.368+0000] {kafka_load.py:43} INFO - Отправлено 900 сообщений
[2026-04-21T08:22:41.371+0000] {kafka_load.py:43} INFO - Отправлено 1000 сообщений
[2026-04-21T08:22:41.373+0000] {kafka_load.py:58} INFO - Обработка файла browser_events.jsonl завершена
[2026-04-21T08:22:41.373+0000] {kafka_load.py:29} INFO - Обрабатывается файл: device_events.jsonl
[2026-04-21T08:22:41.378+0000] {kafka_load.py:43} INFO - Отправлено 100 сообщений
[2026-04-21T08:22:41.380+0000] {kafka_load.py:43} INFO - Отправлено 200 сообщений
[2026-04-21T08:22:41.383+0000] {kafka_load.py:43} INFO - Отправлено 300 сообщений
[2026-04-21T08:22:41.390+0000] {kafka_load.py:43} INFO - Отправлено 400 сообщений
[2026-04-21T08:22:41.393+0000] {kafka_load.py:43} INFO - Отправлено 500 сообщений
[2026-04-21T08:22:41.397+0000] {kafka_load.py:43} INFO - Отправлено 600 сообщений
[2026-04-21T08:22:41.401+0000] {kafka_load.py:43} INFO - Отправлено 700 сообщений
[2026-04-21T08:22:41.406+0000] {kafka_load.py:43} INFO - Отправлено 800 сообщений
[2026-04-21T08:22:41.410+0000] {kafka_load.py:43} INFO - Отправлено 900 сообщений
[2026-04-21T08:22:41.415+0000] {kafka_load.py:43} INFO - Отправлено 1000 сообщений
[2026-04-21T08:22:41.416+0000] {kafka_load.py:45} ERROR - Ошибка JSON в строке: 1001: Expecting ':' delimiter: line 1 column 19 (char 18)
[2026-04-21T08:22:41.421+0000] {kafka_load.py:58} INFO - Обработка файла device_events.jsonl завершена
[2026-04-21T08:22:41.421+0000] {kafka_load.py:29} INFO - Обрабатывается файл: geo_events.jsonl
[2026-04-21T08:22:41.425+0000] {kafka_load.py:43} INFO - Отправлено 100 сообщений
[2026-04-21T08:22:41.428+0000] {kafka_load.py:43} INFO - Отправлено 200 сообщений
[2026-04-21T08:22:41.431+0000] {kafka_load.py:43} INFO - Отправлено 300 сообщений
[2026-04-21T08:22:41.435+0000] {kafka_load.py:43} INFO - Отправлено 400 сообщений
[2026-04-21T08:22:41.438+0000] {kafka_load.py:43} INFO - Отправлено 500 сообщений
[2026-04-21T08:22:41.441+0000] {kafka_load.py:43} INFO - Отправлено 600 сообщений
[2026-04-21T08:22:41.445+0000] {kafka_load.py:43} INFO - Отправлено 700 сообщений
[2026-04-21T08:22:41.448+0000] {kafka_load.py:43} INFO - Отправлено 800 сообщений
[2026-04-21T08:22:41.450+0000] {kafka_load.py:43} INFO - Отправлено 900 сообщений
[2026-04-21T08:22:41.453+0000] {kafka_load.py:43} INFO - Отправлено 1000 сообщений
[2026-04-21T08:22:41.454+0000] {kafka_load.py:58} INFO - Обработка файла geo_events.jsonl завершена
[2026-04-21T08:22:41.455+0000] {kafka_load.py:29} INFO - Обрабатывается файл: location_events.jsonl
[2026-04-21T08:22:41.459+0000] {kafka_load.py:43} INFO - Отправлено 100 сообщений
[2026-04-21T08:22:41.462+0000] {kafka_load.py:43} INFO - Отправлено 200 сообщений
[2026-04-21T08:22:41.469+0000] {kafka_load.py:43} INFO - Отправлено 300 сообщений
[2026-04-21T08:22:41.471+0000] {kafka_load.py:43} INFO - Отправлено 400 сообщений
[2026-04-21T08:22:41.476+0000] {kafka_load.py:43} INFO - Отправлено 500 сообщений
[2026-04-21T08:22:41.484+0000] {kafka_load.py:43} INFO - Отправлено 600 сообщений
[2026-04-21T08:22:41.489+0000] {kafka_load.py:43} INFO - Отправлено 700 сообщений
[2026-04-21T08:22:41.492+0000] {kafka_load.py:43} INFO - Отправлено 800 сообщений
[2026-04-21T08:22:41.502+0000] {kafka_load.py:43} INFO - Отправлено 900 сообщений
[2026-04-21T08:22:41.505+0000] {kafka_load.py:43} INFO - Отправлено 1000 сообщений
[2026-04-21T08:22:41.507+0000] {kafka_load.py:58} INFO - Обработка файла location_events.jsonl завершена
[2026-04-21T08:22:41.509+0000] {kafka_load.py:61} INFO - Обработка файлов успешно завершена
[2026-04-21T08:22:41.511+0000] {python.py:240} INFO - Done. Returned value was: None
[2026-04-21T08:22:41.526+0000] {taskinstance.py:341} INFO - ::group::Post task execution logs
[2026-04-21T08:22:41.528+0000] {taskinstance.py:353} INFO - Marking task as SUCCESS. dag_id=kafka_producer, task_id=get_data, run_id=manual__2026-04-21T08:22:39.468433+00:00, execution_date=20260421T082239, start_date=20260421T082241, end_date=20260421T082241
[2026-04-21T08:22:41.625+0000] {local_task_job_runner.py:266} INFO - Task exited with return code 0
[2026-04-21T08:22:41.665+0000] {taskinstance.py:3901} INFO - 1 downstream tasks scheduled from follow-on schedule check
[2026-04-21T08:22:41.670+0000] {local_task_job_runner.py:245} INFO - ::endgroup::
