[2026-04-21T08:17:09.041+0000] {local_task_job_runner.py:123} INFO - ::group::Pre task execution logs
[2026-04-21T08:17:09.060+0000] {taskinstance.py:2614} INFO - Dependencies all met for dep_context=non-requeueable deps ti=<TaskInstance: kafka_producer.get_data manual__2026-04-21T08:17:07.877935+00:00 [queued]>
[2026-04-21T08:17:09.069+0000] {taskinstance.py:2614} INFO - Dependencies all met for dep_context=requeueable deps ti=<TaskInstance: kafka_producer.get_data manual__2026-04-21T08:17:07.877935+00:00 [queued]>
[2026-04-21T08:17:09.071+0000] {taskinstance.py:2867} INFO - Starting attempt 1 of 1
[2026-04-21T08:17:09.090+0000] {taskinstance.py:2890} INFO - Executing <Task(PythonOperator): get_data> on 2026-04-21 08:17:07.877935+00:00
[2026-04-21T08:17:09.097+0000] {warnings.py:112} WARNING - /home/***/.local/lib/python3.12/site-packages/***/task/task_runner/standard_task_runner.py:70: DeprecationWarning: This process (pid=271) is multi-threaded, use of fork() may lead to deadlocks in the child.
  pid = os.fork()

[2026-04-21T08:17:09.099+0000] {standard_task_runner.py:72} INFO - Started process 272 to run task
[2026-04-21T08:17:09.100+0000] {standard_task_runner.py:104} INFO - Running: ['***', 'tasks', 'run', 'kafka_producer', 'get_data', 'manual__2026-04-21T08:17:07.877935+00:00', '--job-id', '32', '--raw', '--subdir', 'DAGS_FOLDER/kafka_load.py', '--cfg-path', '/tmp/tmpm5rhd6wd']
[2026-04-21T08:17:09.102+0000] {standard_task_runner.py:105} INFO - Job 32: Subtask get_data
[2026-04-21T08:17:09.196+0000] {task_command.py:467} INFO - Running <TaskInstance: kafka_producer.get_data manual__2026-04-21T08:17:07.877935+00:00 [running]> on host 685b945180b2
[2026-04-21T08:17:09.320+0000] {taskinstance.py:3134} INFO - Exporting env vars: AIRFLOW_CTX_DAG_OWNER='***' AIRFLOW_CTX_DAG_ID='kafka_producer' AIRFLOW_CTX_TASK_ID='get_data' AIRFLOW_CTX_EXECUTION_DATE='2026-04-21T08:17:07.877935+00:00' AIRFLOW_CTX_TRY_NUMBER='1' AIRFLOW_CTX_DAG_RUN_ID='manual__2026-04-21T08:17:07.877935+00:00'
[2026-04-21T08:17:09.323+0000] {taskinstance.py:732} INFO - ::endgroup::
[2026-04-21T08:17:09.350+0000] {kafka_load.py:63} ERROR - Выполнение цепочки DAG прервано из-за кричической ошибки при загрузке данных в Kafka: [Errno 6] No such device or address
[2026-04-21T08:17:09.351+0000] {python.py:240} INFO - Done. Returned value was: None
[2026-04-21T08:17:09.364+0000] {taskinstance.py:341} INFO - ::group::Post task execution logs
[2026-04-21T08:17:09.365+0000] {taskinstance.py:353} INFO - Marking task as SUCCESS. dag_id=kafka_producer, task_id=get_data, run_id=manual__2026-04-21T08:17:07.877935+00:00, execution_date=20260421T081707, start_date=20260421T081709, end_date=20260421T081709
[2026-04-21T08:17:09.435+0000] {local_task_job_runner.py:266} INFO - Task exited with return code 0
[2026-04-21T08:17:09.467+0000] {taskinstance.py:3901} INFO - 1 downstream tasks scheduled from follow-on schedule check
[2026-04-21T08:17:09.472+0000] {local_task_job_runner.py:245} INFO - ::endgroup::
