[2026-04-21T08:18:15.516+0000] {local_task_job_runner.py:123} INFO - ::group::Pre task execution logs
[2026-04-21T08:18:15.535+0000] {taskinstance.py:2614} INFO - Dependencies all met for dep_context=non-requeueable deps ti=<TaskInstance: layers_update.run_dbt manual__2026-04-21T08:18:12.076192+00:00 [queued]>
[2026-04-21T08:18:15.547+0000] {taskinstance.py:2614} INFO - Dependencies all met for dep_context=requeueable deps ti=<TaskInstance: layers_update.run_dbt manual__2026-04-21T08:18:12.076192+00:00 [queued]>
[2026-04-21T08:18:15.548+0000] {taskinstance.py:2867} INFO - Starting attempt 1 of 1
[2026-04-21T08:18:15.565+0000] {taskinstance.py:2890} INFO - Executing <Task(BashOperator): run_dbt> on 2026-04-21 08:18:12.076192+00:00
[2026-04-21T08:18:15.572+0000] {warnings.py:112} WARNING - /home/***/.local/lib/python3.12/site-packages/***/task/task_runner/standard_task_runner.py:70: DeprecationWarning: This process (pid=313) is multi-threaded, use of fork() may lead to deadlocks in the child.
  pid = os.fork()

[2026-04-21T08:18:15.575+0000] {standard_task_runner.py:104} INFO - Running: ['***', 'tasks', 'run', 'layers_update', 'run_dbt', 'manual__2026-04-21T08:18:12.076192+00:00', '--job-id', '39', '--raw', '--subdir', 'DAGS_FOLDER/layers_update.py', '--cfg-path', '/tmp/tmpuaor6mpr']
[2026-04-21T08:18:15.577+0000] {standard_task_runner.py:72} INFO - Started process 314 to run task
[2026-04-21T08:18:15.577+0000] {standard_task_runner.py:105} INFO - Job 39: Subtask run_dbt
[2026-04-21T08:18:15.637+0000] {task_command.py:467} INFO - Running <TaskInstance: layers_update.run_dbt manual__2026-04-21T08:18:12.076192+00:00 [running]> on host 685b945180b2
[2026-04-21T08:18:15.751+0000] {taskinstance.py:3134} INFO - Exporting env vars: AIRFLOW_CTX_DAG_OWNER='***' AIRFLOW_CTX_DAG_ID='layers_update' AIRFLOW_CTX_TASK_ID='run_dbt' AIRFLOW_CTX_EXECUTION_DATE='2026-04-21T08:18:12.076192+00:00' AIRFLOW_CTX_TRY_NUMBER='1' AIRFLOW_CTX_DAG_RUN_ID='manual__2026-04-21T08:18:12.076192+00:00'
[2026-04-21T08:18:15.754+0000] {taskinstance.py:732} INFO - ::endgroup::
[2026-04-21T08:18:15.781+0000] {subprocess.py:78} INFO - Tmp dir root location: /tmp
[2026-04-21T08:18:15.782+0000] {subprocess.py:88} INFO - Running command: ['/usr/bin/bash', '-c', 'dbt run']
[2026-04-21T08:18:15.803+0000] {subprocess.py:99} INFO - Output:
[2026-04-21T08:18:19.991+0000] {subprocess.py:106} INFO - [0m08:18:19  Running with dbt=1.7.0
[2026-04-21T08:18:20.389+0000] {subprocess.py:106} INFO - [0m08:18:20  Registered adapter: clickhouse=1.7.0
[2026-04-21T08:18:21.607+0000] {subprocess.py:106} INFO - [0m08:18:21  [[33mWARNING[0m]: Configuration paths exist in your dbt_project.yml file which do not apply to any resources.
[2026-04-21T08:18:21.608+0000] {subprocess.py:106} INFO - There are 1 unused configuration paths:
[2026-04-21T08:18:21.609+0000] {subprocess.py:106} INFO - - models.clickhouse_etl.raw
[2026-04-21T08:18:21.656+0000] {subprocess.py:106} INFO - [0m08:18:21  Found 11 models, 15 tests, 4 sources, 0 exposures, 0 metrics, 538 macros, 0 groups, 0 semantic models
[2026-04-21T08:18:21.660+0000] {subprocess.py:106} INFO - [0m08:18:21
[2026-04-21T08:18:22.106+0000] {subprocess.py:106} INFO - [0m08:18:22  Concurrency: 1 threads (target='dev')
[2026-04-21T08:18:22.107+0000] {subprocess.py:106} INFO - [0m08:18:22
[2026-04-21T08:18:22.119+0000] {subprocess.py:106} INFO - [0m08:18:22  1 of 11 START sql incremental model `ods`.`browser_data` ....................... [RUN]
[2026-04-21T08:18:22.412+0000] {subprocess.py:106} INFO - [0m08:18:22  1 of 11 OK created sql incremental model `ods`.`browser_data` .................. [[32mOK[0m in 0.29s]
[2026-04-21T08:18:22.416+0000] {subprocess.py:106} INFO - [0m08:18:22  2 of 11 START sql incremental model `ods`.`device_data` ........................ [RUN]
[2026-04-21T08:18:22.761+0000] {subprocess.py:106} INFO - [0m08:18:22  2 of 11 OK created sql incremental model `ods`.`device_data` ................... [[32mOK[0m in 0.33s]
[2026-04-21T08:18:22.771+0000] {subprocess.py:106} INFO - [0m08:18:22  3 of 11 START sql incremental model `ods`.`geo_data` ........................... [RUN]
[2026-04-21T08:18:22.992+0000] {subprocess.py:106} INFO - [0m08:18:22  3 of 11 OK created sql incremental model `ods`.`geo_data` ...................... [[32mOK[0m in 0.22s]
[2026-04-21T08:18:22.997+0000] {subprocess.py:106} INFO - [0m08:18:22  4 of 11 START sql incremental model `ods`.`location_data` ...................... [RUN]
[2026-04-21T08:18:23.202+0000] {subprocess.py:106} INFO - [0m08:18:23  4 of 11 OK created sql incremental model `ods`.`location_data` ................. [[32mOK[0m in 0.20s]
[2026-04-21T08:18:23.207+0000] {subprocess.py:106} INFO - [0m08:18:23  5 of 11 START sql incremental model `dds`.`dim_browser` ........................ [RUN]
[2026-04-21T08:18:23.409+0000] {subprocess.py:106} INFO - [0m08:18:23  5 of 11 OK created sql incremental model `dds`.`dim_browser` ................... [[32mOK[0m in 0.20s]
[2026-04-21T08:18:23.414+0000] {subprocess.py:106} INFO - [0m08:18:23  6 of 11 START sql incremental model `dds`.`dim_device` ......................... [RUN]
[2026-04-21T08:18:23.609+0000] {subprocess.py:106} INFO - [0m08:18:23  6 of 11 OK created sql incremental model `dds`.`dim_device` .................... [[32mOK[0m in 0.19s]
[2026-04-21T08:18:23.613+0000] {subprocess.py:106} INFO - [0m08:18:23  7 of 11 START sql incremental model `dds`.`fct_click` .......................... [RUN]
[2026-04-21T08:18:23.836+0000] {subprocess.py:106} INFO - [0m08:18:23  7 of 11 OK created sql incremental model `dds`.`fct_click` ..................... [[32mOK[0m in 0.22s]
[2026-04-21T08:18:23.841+0000] {subprocess.py:106} INFO - [0m08:18:23  8 of 11 START sql incremental model `dds`.`dim_geo` ............................ [RUN]
[2026-04-21T08:18:24.045+0000] {subprocess.py:106} INFO - [0m08:18:24  8 of 11 OK created sql incremental model `dds`.`dim_geo` ....................... [[32mOK[0m in 0.20s]
[2026-04-21T08:18:24.048+0000] {subprocess.py:106} INFO - [0m08:18:24  9 of 11 START sql incremental model `dds`.`dim_location` ....................... [RUN]
[2026-04-21T08:18:24.249+0000] {subprocess.py:106} INFO - [0m08:18:24  9 of 11 OK created sql incremental model `dds`.`dim_location` .................. [[32mOK[0m in 0.20s]
[2026-04-21T08:18:24.253+0000] {subprocess.py:106} INFO - [0m08:18:24  10 of 11 START sql incremental model `dm`.`dashboard` .......................... [RUN]
[2026-04-21T08:18:24.485+0000] {subprocess.py:106} INFO - [0m08:18:24  10 of 11 OK created sql incremental model `dm`.`dashboard` ..................... [[32mOK[0m in 0.23s]
[2026-04-21T08:18:24.489+0000] {subprocess.py:106} INFO - [0m08:18:24  11 of 11 START sql view model `dm`.`dashboard_recent_data` ..................... [RUN]
[2026-04-21T08:18:24.657+0000] {subprocess.py:106} INFO - [0m08:18:24  11 of 11 OK created sql view model `dm`.`dashboard_recent_data` ................ [[32mOK[0m in 0.17s]
[2026-04-21T08:18:24.665+0000] {subprocess.py:106} INFO - [0m08:18:24
[2026-04-21T08:18:24.666+0000] {subprocess.py:106} INFO - [0m08:18:24  Finished running 10 incremental models, 1 view model in 0 hours 0 minutes and 3.00 seconds (3.00s).
[2026-04-21T08:18:24.700+0000] {subprocess.py:106} INFO - [0m08:18:24
[2026-04-21T08:18:24.701+0000] {subprocess.py:106} INFO - [0m08:18:24  [32mCompleted successfully[0m
[2026-04-21T08:18:24.702+0000] {subprocess.py:106} INFO - [0m08:18:24
[2026-04-21T08:18:24.703+0000] {subprocess.py:106} INFO - [0m08:18:24  Done. PASS=11 WARN=0 ERROR=0 SKIP=0 TOTAL=11
[2026-04-21T08:18:25.793+0000] {subprocess.py:110} INFO - Command exited with return code 0
[2026-04-21T08:18:25.830+0000] {taskinstance.py:341} INFO - ::group::Post task execution logs
[2026-04-21T08:18:25.831+0000] {taskinstance.py:353} INFO - Marking task as SUCCESS. dag_id=layers_update, task_id=run_dbt, run_id=manual__2026-04-21T08:18:12.076192+00:00, execution_date=20260421T081812, start_date=20260421T081815, end_date=20260421T081825
[2026-04-21T08:18:25.918+0000] {local_task_job_runner.py:266} INFO - Task exited with return code 0
[2026-04-21T08:18:25.966+0000] {taskinstance.py:3901} INFO - 1 downstream tasks scheduled from follow-on schedule check
[2026-04-21T08:18:25.971+0000] {local_task_job_runner.py:245} INFO - ::endgroup::
