[2026-04-21T07:33:55.391+0000] {local_task_job_runner.py:123} INFO - ::group::Pre task execution logs
[2026-04-21T07:33:55.412+0000] {taskinstance.py:2614} INFO - Dependencies all met for dep_context=non-requeueable deps ti=<TaskInstance: layers_update.run_dbt manual__2026-04-21T07:33:49.486923+00:00 [queued]>
[2026-04-21T07:33:55.421+0000] {taskinstance.py:2614} INFO - Dependencies all met for dep_context=requeueable deps ti=<TaskInstance: layers_update.run_dbt manual__2026-04-21T07:33:49.486923+00:00 [queued]>
[2026-04-21T07:33:55.422+0000] {taskinstance.py:2867} INFO - Starting attempt 1 of 1
[2026-04-21T07:33:55.440+0000] {taskinstance.py:2890} INFO - Executing <Task(BashOperator): run_dbt> on 2026-04-21 07:33:49.486923+00:00
[2026-04-21T07:33:55.447+0000] {warnings.py:112} WARNING - /home/***/.local/lib/python3.12/site-packages/***/task/task_runner/standard_task_runner.py:70: DeprecationWarning: This process (pid=56) is multi-threaded, use of fork() may lead to deadlocks in the child.
  pid = os.fork()

[2026-04-21T07:33:55.450+0000] {standard_task_runner.py:72} INFO - Started process 57 to run task
[2026-04-21T07:33:55.450+0000] {standard_task_runner.py:104} INFO - Running: ['***', 'tasks', 'run', 'layers_update', 'run_dbt', 'manual__2026-04-21T07:33:49.486923+00:00', '--job-id', '4', '--raw', '--subdir', 'DAGS_FOLDER/layers_update.py', '--cfg-path', '/tmp/tmpszxnu0ya']
[2026-04-21T07:33:55.452+0000] {standard_task_runner.py:105} INFO - Job 4: Subtask run_dbt
[2026-04-21T07:33:55.514+0000] {task_command.py:467} INFO - Running <TaskInstance: layers_update.run_dbt manual__2026-04-21T07:33:49.486923+00:00 [running]> on host f8fb5e06f85d
[2026-04-21T07:33:55.615+0000] {taskinstance.py:3134} INFO - Exporting env vars: AIRFLOW_CTX_DAG_OWNER='***' AIRFLOW_CTX_DAG_ID='layers_update' AIRFLOW_CTX_TASK_ID='run_dbt' AIRFLOW_CTX_EXECUTION_DATE='2026-04-21T07:33:49.486923+00:00' AIRFLOW_CTX_TRY_NUMBER='1' AIRFLOW_CTX_DAG_RUN_ID='manual__2026-04-21T07:33:49.486923+00:00'
[2026-04-21T07:33:55.618+0000] {taskinstance.py:732} INFO - ::endgroup::
[2026-04-21T07:33:55.636+0000] {subprocess.py:78} INFO - Tmp dir root location: /tmp
[2026-04-21T07:33:55.638+0000] {subprocess.py:88} INFO - Running command: ['/usr/bin/bash', '-c', 'dbt run']
[2026-04-21T07:33:55.652+0000] {subprocess.py:99} INFO - Output:
[2026-04-21T07:33:59.623+0000] {subprocess.py:106} INFO - [0m07:33:59  Running with dbt=1.7.0
[2026-04-21T07:33:59.997+0000] {subprocess.py:106} INFO - [0m07:33:59  Registered adapter: clickhouse=1.7.0
[2026-04-21T07:34:01.094+0000] {subprocess.py:106} INFO - [0m07:34:01  [[33mWARNING[0m]: Configuration paths exist in your dbt_project.yml file which do not apply to any resources.
[2026-04-21T07:34:01.095+0000] {subprocess.py:106} INFO - There are 1 unused configuration paths:
[2026-04-21T07:34:01.095+0000] {subprocess.py:106} INFO - - models.clickhouse_etl.raw
[2026-04-21T07:34:01.128+0000] {subprocess.py:106} INFO - [0m07:34:01  Found 11 models, 15 tests, 4 sources, 0 exposures, 0 metrics, 538 macros, 0 groups, 0 semantic models
[2026-04-21T07:34:01.132+0000] {subprocess.py:106} INFO - [0m07:34:01
[2026-04-21T07:34:01.717+0000] {subprocess.py:106} INFO - [0m07:34:01  Concurrency: 1 threads (target='dev')
[2026-04-21T07:34:01.719+0000] {subprocess.py:106} INFO - [0m07:34:01
[2026-04-21T07:34:01.757+0000] {subprocess.py:106} INFO - [0m07:34:01  1 of 11 START sql incremental model `ods`.`browser_data` ....................... [RUN]
[2026-04-21T07:34:02.289+0000] {subprocess.py:106} INFO - [0m07:34:02  1 of 11 OK created sql incremental model `ods`.`browser_data` .................. [[32mOK[0m in 0.52s]
[2026-04-21T07:34:02.296+0000] {subprocess.py:106} INFO - [0m07:34:02  2 of 11 START sql incremental model `ods`.`device_data` ........................ [RUN]
[2026-04-21T07:34:02.582+0000] {subprocess.py:106} INFO - [0m07:34:02  2 of 11 OK created sql incremental model `ods`.`device_data` ................... [[32mOK[0m in 0.28s]
[2026-04-21T07:34:02.586+0000] {subprocess.py:106} INFO - [0m07:34:02  3 of 11 START sql incremental model `ods`.`geo_data` ........................... [RUN]
[2026-04-21T07:34:02.883+0000] {subprocess.py:106} INFO - [0m07:34:02  3 of 11 OK created sql incremental model `ods`.`geo_data` ...................... [[32mOK[0m in 0.29s]
[2026-04-21T07:34:02.890+0000] {subprocess.py:106} INFO - [0m07:34:02  4 of 11 START sql incremental model `ods`.`location_data` ...................... [RUN]
[2026-04-21T07:34:03.183+0000] {subprocess.py:106} INFO - [0m07:34:03  4 of 11 OK created sql incremental model `ods`.`location_data` ................. [[32mOK[0m in 0.29s]
[2026-04-21T07:34:03.188+0000] {subprocess.py:106} INFO - [0m07:34:03  5 of 11 START sql incremental model `dds`.`dim_browser` ........................ [RUN]
[2026-04-21T07:34:03.446+0000] {subprocess.py:106} INFO - [0m07:34:03  5 of 11 OK created sql incremental model `dds`.`dim_browser` ................... [[32mOK[0m in 0.25s]
[2026-04-21T07:34:03.450+0000] {subprocess.py:106} INFO - [0m07:34:03  6 of 11 START sql incremental model `dds`.`dim_device` ......................... [RUN]
[2026-04-21T07:34:03.710+0000] {subprocess.py:106} INFO - [0m07:34:03  6 of 11 OK created sql incremental model `dds`.`dim_device` .................... [[32mOK[0m in 0.26s]
[2026-04-21T07:34:03.716+0000] {subprocess.py:106} INFO - [0m07:34:03  7 of 11 START sql incremental model `dds`.`fct_click` .......................... [RUN]
[2026-04-21T07:34:03.960+0000] {subprocess.py:106} INFO - [0m07:34:03  7 of 11 OK created sql incremental model `dds`.`fct_click` ..................... [[32mOK[0m in 0.24s]
[2026-04-21T07:34:03.964+0000] {subprocess.py:106} INFO - [0m07:34:03  8 of 11 START sql incremental model `dds`.`dim_geo` ............................ [RUN]
[2026-04-21T07:34:04.187+0000] {subprocess.py:106} INFO - [0m07:34:04  8 of 11 OK created sql incremental model `dds`.`dim_geo` ....................... [[32mOK[0m in 0.22s]
[2026-04-21T07:34:04.190+0000] {subprocess.py:106} INFO - [0m07:34:04  9 of 11 START sql incremental model `dds`.`dim_location` ....................... [RUN]
[2026-04-21T07:34:04.395+0000] {subprocess.py:106} INFO - [0m07:34:04  9 of 11 OK created sql incremental model `dds`.`dim_location` .................. [[32mOK[0m in 0.20s]
[2026-04-21T07:34:04.399+0000] {subprocess.py:106} INFO - [0m07:34:04  10 of 11 START sql incremental model `dm`.`dashboard` .......................... [RUN]
[2026-04-21T07:34:04.745+0000] {subprocess.py:106} INFO - [0m07:34:04  10 of 11 OK created sql incremental model `dm`.`dashboard` ..................... [[32mOK[0m in 0.34s]
[2026-04-21T07:34:04.753+0000] {subprocess.py:106} INFO - [0m07:34:04  11 of 11 START sql view model `dm`.`dashboard_recent_data` ..................... [RUN]
[2026-04-21T07:34:04.830+0000] {subprocess.py:106} INFO - [0m07:34:04  11 of 11 OK created sql view model `dm`.`dashboard_recent_data` ................ [[32mOK[0m in 0.07s]
[2026-04-21T07:34:04.838+0000] {subprocess.py:106} INFO - [0m07:34:04
[2026-04-21T07:34:04.839+0000] {subprocess.py:106} INFO - [0m07:34:04  Finished running 10 incremental models, 1 view model in 0 hours 0 minutes and 3.71 seconds (3.71s).
[2026-04-21T07:34:04.872+0000] {subprocess.py:106} INFO - [0m07:34:04
[2026-04-21T07:34:04.874+0000] {subprocess.py:106} INFO - [0m07:34:04  [32mCompleted successfully[0m
[2026-04-21T07:34:04.875+0000] {subprocess.py:106} INFO - [0m07:34:04
[2026-04-21T07:34:04.876+0000] {subprocess.py:106} INFO - [0m07:34:04  Done. PASS=11 WARN=0 ERROR=0 SKIP=0 TOTAL=11
[2026-04-21T07:34:06.069+0000] {subprocess.py:110} INFO - Command exited with return code 0
[2026-04-21T07:34:06.111+0000] {taskinstance.py:341} INFO - ::group::Post task execution logs
[2026-04-21T07:34:06.112+0000] {taskinstance.py:353} INFO - Marking task as SUCCESS. dag_id=layers_update, task_id=run_dbt, run_id=manual__2026-04-21T07:33:49.486923+00:00, execution_date=20260421T073349, start_date=20260421T073355, end_date=20260421T073406
[2026-04-21T07:34:06.173+0000] {local_task_job_runner.py:266} INFO - Task exited with return code 0
[2026-04-21T07:34:06.206+0000] {taskinstance.py:3901} INFO - 1 downstream tasks scheduled from follow-on schedule check
[2026-04-21T07:34:06.209+0000] {local_task_job_runner.py:245} INFO - ::endgroup::
