[2026-04-21T08:17:17.841+0000] {local_task_job_runner.py:123} INFO - ::group::Pre task execution logs
[2026-04-21T08:17:17.871+0000] {taskinstance.py:2614} INFO - Dependencies all met for dep_context=non-requeueable deps ti=<TaskInstance: layers_update.run_dbt manual__2026-04-21T08:17:10.408013+00:00 [queued]>
[2026-04-21T08:17:17.886+0000] {taskinstance.py:2614} INFO - Dependencies all met for dep_context=requeueable deps ti=<TaskInstance: layers_update.run_dbt manual__2026-04-21T08:17:10.408013+00:00 [queued]>
[2026-04-21T08:17:18.536+0000] {taskinstance.py:2867} INFO - Starting attempt 1 of 1
[2026-04-21T08:17:18.567+0000] {taskinstance.py:2890} INFO - Executing <Task(BashOperator): run_dbt> on 2026-04-21 08:17:10.408013+00:00
[2026-04-21T08:17:18.579+0000] {warnings.py:112} WARNING - /home/***/.local/lib/python3.12/site-packages/***/task/task_runner/standard_task_runner.py:70: DeprecationWarning: This process (pid=280) is multi-threaded, use of fork() may lead to deadlocks in the child.
  pid = os.fork()

[2026-04-21T08:17:18.584+0000] {standard_task_runner.py:72} INFO - Started process 281 to run task
[2026-04-21T08:17:18.583+0000] {standard_task_runner.py:104} INFO - Running: ['***', 'tasks', 'run', 'layers_update', 'run_dbt', 'manual__2026-04-21T08:17:10.408013+00:00', '--job-id', '34', '--raw', '--subdir', 'DAGS_FOLDER/layers_update.py', '--cfg-path', '/tmp/tmp75608u_b']
[2026-04-21T08:17:18.585+0000] {standard_task_runner.py:105} INFO - Job 34: Subtask run_dbt
[2026-04-21T08:17:18.671+0000] {task_command.py:467} INFO - Running <TaskInstance: layers_update.run_dbt manual__2026-04-21T08:17:10.408013+00:00 [running]> on host 685b945180b2
[2026-04-21T08:17:19.556+0000] {taskinstance.py:3134} INFO - Exporting env vars: AIRFLOW_CTX_DAG_OWNER='***' AIRFLOW_CTX_DAG_ID='layers_update' AIRFLOW_CTX_TASK_ID='run_dbt' AIRFLOW_CTX_EXECUTION_DATE='2026-04-21T08:17:10.408013+00:00' AIRFLOW_CTX_TRY_NUMBER='1' AIRFLOW_CTX_DAG_RUN_ID='manual__2026-04-21T08:17:10.408013+00:00'
[2026-04-21T08:17:19.562+0000] {taskinstance.py:732} INFO - ::endgroup::
[2026-04-21T08:17:19.625+0000] {subprocess.py:78} INFO - Tmp dir root location: /tmp
[2026-04-21T08:17:19.626+0000] {subprocess.py:88} INFO - Running command: ['/usr/bin/bash', '-c', 'dbt run']
[2026-04-21T08:17:19.651+0000] {subprocess.py:99} INFO - Output:
[2026-04-21T08:17:23.875+0000] {subprocess.py:106} INFO - [0m08:17:23  Running with dbt=1.7.0
[2026-04-21T08:17:24.300+0000] {subprocess.py:106} INFO - [0m08:17:24  Registered adapter: clickhouse=1.7.0
[2026-04-21T08:17:25.535+0000] {subprocess.py:106} INFO - [0m08:17:25  [[33mWARNING[0m]: Configuration paths exist in your dbt_project.yml file which do not apply to any resources.
[2026-04-21T08:17:25.535+0000] {subprocess.py:106} INFO - There are 1 unused configuration paths:
[2026-04-21T08:17:25.536+0000] {subprocess.py:106} INFO - - models.clickhouse_etl.raw
[2026-04-21T08:17:25.570+0000] {subprocess.py:106} INFO - [0m08:17:25  Found 11 models, 15 tests, 4 sources, 0 exposures, 0 metrics, 538 macros, 0 groups, 0 semantic models
[2026-04-21T08:17:25.577+0000] {subprocess.py:106} INFO - [0m08:17:25
[2026-04-21T08:17:26.199+0000] {subprocess.py:106} INFO - [0m08:17:26  Concurrency: 1 threads (target='dev')
[2026-04-21T08:17:26.200+0000] {subprocess.py:106} INFO - [0m08:17:26
[2026-04-21T08:17:26.220+0000] {subprocess.py:106} INFO - [0m08:17:26  1 of 11 START sql incremental model `ods`.`browser_data` ....................... [RUN]
[2026-04-21T08:17:26.525+0000] {subprocess.py:106} INFO - [0m08:17:26  1 of 11 OK created sql incremental model `ods`.`browser_data` .................. [[32mOK[0m in 0.30s]
[2026-04-21T08:17:26.533+0000] {subprocess.py:106} INFO - [0m08:17:26  2 of 11 START sql incremental model `ods`.`device_data` ........................ [RUN]
[2026-04-21T08:17:26.744+0000] {subprocess.py:106} INFO - [0m08:17:26  2 of 11 OK created sql incremental model `ods`.`device_data` ................... [[32mOK[0m in 0.21s]
[2026-04-21T08:17:26.749+0000] {subprocess.py:106} INFO - [0m08:17:26  3 of 11 START sql incremental model `ods`.`geo_data` ........................... [RUN]
[2026-04-21T08:17:26.972+0000] {subprocess.py:106} INFO - [0m08:17:26  3 of 11 OK created sql incremental model `ods`.`geo_data` ...................... [[32mOK[0m in 0.22s]
[2026-04-21T08:17:26.980+0000] {subprocess.py:106} INFO - [0m08:17:26  4 of 11 START sql incremental model `ods`.`location_data` ...................... [RUN]
[2026-04-21T08:17:27.341+0000] {subprocess.py:106} INFO - [0m08:17:27  4 of 11 OK created sql incremental model `ods`.`location_data` ................. [[32mOK[0m in 0.36s]
[2026-04-21T08:17:27.351+0000] {subprocess.py:106} INFO - [0m08:17:27  5 of 11 START sql incremental model `dds`.`dim_browser` ........................ [RUN]
[2026-04-21T08:17:27.557+0000] {subprocess.py:106} INFO - [0m08:17:27  5 of 11 OK created sql incremental model `dds`.`dim_browser` ................... [[32mOK[0m in 0.20s]
[2026-04-21T08:17:27.560+0000] {subprocess.py:106} INFO - [0m08:17:27  6 of 11 START sql incremental model `dds`.`dim_device` ......................... [RUN]
[2026-04-21T08:17:27.751+0000] {subprocess.py:106} INFO - [0m08:17:27  6 of 11 OK created sql incremental model `dds`.`dim_device` .................... [[32mOK[0m in 0.19s]
[2026-04-21T08:17:27.757+0000] {subprocess.py:106} INFO - [0m08:17:27  7 of 11 START sql incremental model `dds`.`fct_click` .......................... [RUN]
[2026-04-21T08:17:28.003+0000] {subprocess.py:106} INFO - [0m08:17:28  7 of 11 OK created sql incremental model `dds`.`fct_click` ..................... [[32mOK[0m in 0.24s]
[2026-04-21T08:17:28.007+0000] {subprocess.py:106} INFO - [0m08:17:28  8 of 11 START sql incremental model `dds`.`dim_geo` ............................ [RUN]
[2026-04-21T08:17:28.205+0000] {subprocess.py:106} INFO - [0m08:17:28  8 of 11 OK created sql incremental model `dds`.`dim_geo` ....................... [[32mOK[0m in 0.20s]
[2026-04-21T08:17:28.210+0000] {subprocess.py:106} INFO - [0m08:17:28  9 of 11 START sql incremental model `dds`.`dim_location` ....................... [RUN]
[2026-04-21T08:17:28.398+0000] {subprocess.py:106} INFO - [0m08:17:28  9 of 11 OK created sql incremental model `dds`.`dim_location` .................. [[32mOK[0m in 0.18s]
[2026-04-21T08:17:28.403+0000] {subprocess.py:106} INFO - [0m08:17:28  10 of 11 START sql incremental model `dm`.`dashboard` .......................... [RUN]
[2026-04-21T08:17:28.633+0000] {subprocess.py:106} INFO - [0m08:17:28  10 of 11 OK created sql incremental model `dm`.`dashboard` ..................... [[32mOK[0m in 0.22s]
[2026-04-21T08:17:28.649+0000] {subprocess.py:106} INFO - [0m08:17:28  11 of 11 START sql view model `dm`.`dashboard_recent_data` ..................... [RUN]
[2026-04-21T08:17:28.883+0000] {subprocess.py:106} INFO - [0m08:17:28  11 of 11 OK created sql view model `dm`.`dashboard_recent_data` ................ [[32mOK[0m in 0.23s]
[2026-04-21T08:17:28.890+0000] {subprocess.py:106} INFO - [0m08:17:28
[2026-04-21T08:17:28.891+0000] {subprocess.py:106} INFO - [0m08:17:28  Finished running 10 incremental models, 1 view model in 0 hours 0 minutes and 3.31 seconds (3.31s).
[2026-04-21T08:17:28.922+0000] {subprocess.py:106} INFO - [0m08:17:28
[2026-04-21T08:17:28.924+0000] {subprocess.py:106} INFO - [0m08:17:28  [32mCompleted successfully[0m
[2026-04-21T08:17:28.925+0000] {subprocess.py:106} INFO - [0m08:17:28
[2026-04-21T08:17:28.926+0000] {subprocess.py:106} INFO - [0m08:17:28  Done. PASS=11 WARN=0 ERROR=0 SKIP=0 TOTAL=11
[2026-04-21T08:17:30.433+0000] {subprocess.py:110} INFO - Command exited with return code 0
[2026-04-21T08:17:30.477+0000] {taskinstance.py:341} INFO - ::group::Post task execution logs
[2026-04-21T08:17:30.478+0000] {taskinstance.py:353} INFO - Marking task as SUCCESS. dag_id=layers_update, task_id=run_dbt, run_id=manual__2026-04-21T08:17:10.408013+00:00, execution_date=20260421T081710, start_date=20260421T081717, end_date=20260421T081730
[2026-04-21T08:17:30.542+0000] {local_task_job_runner.py:266} INFO - Task exited with return code 0
[2026-04-21T08:17:30.571+0000] {taskinstance.py:3901} INFO - 1 downstream tasks scheduled from follow-on schedule check
[2026-04-21T08:17:30.574+0000] {local_task_job_runner.py:245} INFO - ::endgroup::
