[2026-04-12T14:24:39.274+0000] {local_task_job_runner.py:123} INFO - ::group::Pre task execution logs
[2026-04-12T14:24:39.303+0000] {taskinstance.py:2614} INFO - Dependencies all met for dep_context=non-requeueable deps ti=<TaskInstance: kafka_producer.send_jsonl_to_kafka scheduled__2026-04-10T18:30:00+00:00 [queued]>
[2026-04-12T14:24:39.318+0000] {taskinstance.py:2614} INFO - Dependencies all met for dep_context=requeueable deps ti=<TaskInstance: kafka_producer.send_jsonl_to_kafka scheduled__2026-04-10T18:30:00+00:00 [queued]>
[2026-04-12T14:24:39.322+0000] {taskinstance.py:2867} INFO - Starting attempt 1 of 1
[2026-04-12T14:24:39.353+0000] {taskinstance.py:2890} INFO - Executing <Task(PythonOperator): send_jsonl_to_kafka> on 2026-04-10 18:30:00+00:00
[2026-04-12T14:24:39.364+0000] {warnings.py:112} WARNING - /home/***/.local/lib/python3.12/site-packages/***/task/task_runner/standard_task_runner.py:70: DeprecationWarning: This process (pid=50) is multi-threaded, use of fork() may lead to deadlocks in the child.
  pid = os.fork()

[2026-04-12T14:24:39.367+0000] {standard_task_runner.py:72} INFO - Started process 53 to run task
[2026-04-12T14:24:39.374+0000] {standard_task_runner.py:104} INFO - Running: ['***', 'tasks', 'run', 'kafka_producer', 'send_jsonl_to_kafka', 'scheduled__2026-04-10T18:30:00+00:00', '--job-id', '82', '--raw', '--subdir', 'DAGS_FOLDER/kafka_load.py', '--cfg-path', '/tmp/tmp5w3ezrqt']
[2026-04-12T14:24:39.376+0000] {standard_task_runner.py:105} INFO - Job 82: Subtask send_jsonl_to_kafka
[2026-04-12T14:24:39.451+0000] {task_command.py:467} INFO - Running <TaskInstance: kafka_producer.send_jsonl_to_kafka scheduled__2026-04-10T18:30:00+00:00 [running]> on host f2c35b35aafb
[2026-04-12T14:24:39.575+0000] {taskinstance.py:3134} INFO - Exporting env vars: AIRFLOW_CTX_DAG_OWNER='***' AIRFLOW_CTX_DAG_ID='kafka_producer' AIRFLOW_CTX_TASK_ID='send_jsonl_to_kafka' AIRFLOW_CTX_EXECUTION_DATE='2026-04-10T18:30:00+00:00' AIRFLOW_CTX_TRY_NUMBER='1' AIRFLOW_CTX_DAG_RUN_ID='scheduled__2026-04-10T18:30:00+00:00'
[2026-04-12T14:24:39.576+0000] {taskinstance.py:732} INFO - ::endgroup::
[2026-04-12T14:24:39.633+0000] {kafka_load.py:28} INFO - Обрабатывается файл: browser_events.jsonl
[2026-04-12T14:24:39.646+0000] {kafka_load.py:40} INFO - Отправлено 100 сообщений
[2026-04-12T14:24:39.649+0000] {kafka_load.py:40} INFO - Отправлено 200 сообщений
[2026-04-12T14:24:39.654+0000] {kafka_load.py:40} INFO - Отправлено 300 сообщений
[2026-04-12T14:24:39.662+0000] {kafka_load.py:40} INFO - Отправлено 400 сообщений
[2026-04-12T14:24:39.675+0000] {kafka_load.py:40} INFO - Отправлено 500 сообщений
[2026-04-12T14:24:39.686+0000] {kafka_load.py:40} INFO - Отправлено 600 сообщений
[2026-04-12T14:24:39.694+0000] {kafka_load.py:40} INFO - Отправлено 700 сообщений
[2026-04-12T14:24:39.708+0000] {kafka_load.py:40} INFO - Отправлено 800 сообщений
[2026-04-12T14:24:39.712+0000] {kafka_load.py:40} INFO - Отправлено 900 сообщений
[2026-04-12T14:24:39.716+0000] {kafka_load.py:40} INFO - Отправлено 1000 сообщений
[2026-04-12T14:24:39.717+0000] {kafka_load.py:51} INFO - Обработка файла browser_events.jsonl завершена
[2026-04-12T14:24:39.717+0000] {kafka_load.py:28} INFO - Обрабатывается файл: device_events.jsonl
[2026-04-12T14:24:39.731+0000] {kafka_load.py:40} INFO - Отправлено 100 сообщений
[2026-04-12T14:24:39.739+0000] {kafka_load.py:40} INFO - Отправлено 200 сообщений
[2026-04-12T14:24:39.747+0000] {kafka_load.py:40} INFO - Отправлено 300 сообщений
[2026-04-12T14:24:39.757+0000] {kafka_load.py:40} INFO - Отправлено 400 сообщений
[2026-04-12T14:24:39.764+0000] {kafka_load.py:40} INFO - Отправлено 500 сообщений
[2026-04-12T14:24:39.770+0000] {kafka_load.py:40} INFO - Отправлено 600 сообщений
[2026-04-12T14:24:39.775+0000] {kafka_load.py:40} INFO - Отправлено 700 сообщений
[2026-04-12T14:24:39.779+0000] {kafka_load.py:40} INFO - Отправлено 800 сообщений
[2026-04-12T14:24:39.790+0000] {kafka_load.py:40} INFO - Отправлено 900 сообщений
[2026-04-12T14:24:39.801+0000] {kafka_load.py:40} INFO - Отправлено 1000 сообщений
[2026-04-12T14:24:39.803+0000] {kafka_load.py:51} INFO - Обработка файла device_events.jsonl завершена
[2026-04-12T14:24:39.804+0000] {kafka_load.py:28} INFO - Обрабатывается файл: geo_events.jsonl
[2026-04-12T14:24:39.830+0000] {kafka_load.py:40} INFO - Отправлено 100 сообщений
[2026-04-12T14:24:39.864+0000] {kafka_load.py:40} INFO - Отправлено 200 сообщений
[2026-04-12T14:24:39.876+0000] {kafka_load.py:40} INFO - Отправлено 300 сообщений
[2026-04-12T14:24:39.883+0000] {kafka_load.py:40} INFO - Отправлено 400 сообщений
[2026-04-12T14:24:39.896+0000] {kafka_load.py:40} INFO - Отправлено 500 сообщений
[2026-04-12T14:24:39.905+0000] {kafka_load.py:40} INFO - Отправлено 600 сообщений
[2026-04-12T14:24:39.908+0000] {kafka_load.py:40} INFO - Отправлено 700 сообщений
[2026-04-12T14:24:39.912+0000] {kafka_load.py:40} INFO - Отправлено 800 сообщений
[2026-04-12T14:24:39.925+0000] {kafka_load.py:40} INFO - Отправлено 900 сообщений
[2026-04-12T14:24:39.930+0000] {kafka_load.py:40} INFO - Отправлено 1000 сообщений
[2026-04-12T14:24:39.932+0000] {kafka_load.py:51} INFO - Обработка файла geo_events.jsonl завершена
[2026-04-12T14:24:39.934+0000] {kafka_load.py:28} INFO - Обрабатывается файл: location_events.jsonl
[2026-04-12T14:24:39.946+0000] {kafka_load.py:40} INFO - Отправлено 100 сообщений
[2026-04-12T14:24:39.951+0000] {kafka_load.py:40} INFO - Отправлено 200 сообщений
[2026-04-12T14:24:39.962+0000] {kafka_load.py:40} INFO - Отправлено 300 сообщений
[2026-04-12T14:24:39.973+0000] {kafka_load.py:40} INFO - Отправлено 400 сообщений
[2026-04-12T14:24:39.983+0000] {kafka_load.py:40} INFO - Отправлено 500 сообщений
[2026-04-12T14:24:39.989+0000] {kafka_load.py:40} INFO - Отправлено 600 сообщений
[2026-04-12T14:24:39.997+0000] {kafka_load.py:40} INFO - Отправлено 700 сообщений
[2026-04-12T14:24:40.005+0000] {kafka_load.py:40} INFO - Отправлено 800 сообщений
[2026-04-12T14:24:40.011+0000] {kafka_load.py:40} INFO - Отправлено 900 сообщений
[2026-04-12T14:24:40.015+0000] {kafka_load.py:40} INFO - Отправлено 1000 сообщений
[2026-04-12T14:24:40.017+0000] {kafka_load.py:51} INFO - Обработка файла location_events.jsonl завершена
[2026-04-12T14:24:40.080+0000] {kafka_load.py:54} INFO - Обработка файлов успешно завершена
[2026-04-12T14:24:40.083+0000] {python.py:240} INFO - Done. Returned value was: None
[2026-04-12T14:24:40.133+0000] {taskinstance.py:341} INFO - ::group::Post task execution logs
[2026-04-12T14:24:40.137+0000] {taskinstance.py:353} INFO - Marking task as SUCCESS. dag_id=kafka_producer, task_id=send_jsonl_to_kafka, run_id=scheduled__2026-04-10T18:30:00+00:00, execution_date=20260410T183000, start_date=20260412T142439, end_date=20260412T142440
[2026-04-12T14:24:40.273+0000] {local_task_job_runner.py:266} INFO - Task exited with return code 0
[2026-04-12T14:24:40.311+0000] {taskinstance.py:3901} INFO - 1 downstream tasks scheduled from follow-on schedule check
[2026-04-12T14:24:40.319+0000] {local_task_job_runner.py:245} INFO - ::endgroup::
[2026-04-12T15:02:11.832+0000] {local_task_job_runner.py:123} INFO - ::group::Pre task execution logs
[2026-04-12T15:02:11.855+0000] {taskinstance.py:2614} INFO - Dependencies all met for dep_context=non-requeueable deps ti=<TaskInstance: kafka_producer.send_jsonl_to_kafka scheduled__2026-04-10T18:30:00+00:00 [queued]>
[2026-04-12T15:02:11.866+0000] {taskinstance.py:2614} INFO - Dependencies all met for dep_context=requeueable deps ti=<TaskInstance: kafka_producer.send_jsonl_to_kafka scheduled__2026-04-10T18:30:00+00:00 [queued]>
[2026-04-12T15:02:11.867+0000] {taskinstance.py:2867} INFO - Starting attempt 1 of 1
[2026-04-12T15:02:11.886+0000] {taskinstance.py:2890} INFO - Executing <Task(PythonOperator): send_jsonl_to_kafka> on 2026-04-10 18:30:00+00:00
[2026-04-12T15:02:11.895+0000] {warnings.py:112} WARNING - /home/***/.local/lib/python3.12/site-packages/***/task/task_runner/standard_task_runner.py:70: DeprecationWarning: This process (pid=49) is multi-threaded, use of fork() may lead to deadlocks in the child.
  pid = os.fork()

[2026-04-12T15:02:11.898+0000] {standard_task_runner.py:72} INFO - Started process 51 to run task
[2026-04-12T15:02:11.905+0000] {standard_task_runner.py:104} INFO - Running: ['***', 'tasks', 'run', 'kafka_producer', 'send_jsonl_to_kafka', 'scheduled__2026-04-10T18:30:00+00:00', '--job-id', '3', '--raw', '--subdir', 'DAGS_FOLDER/kafka_load.py', '--cfg-path', '/tmp/tmpy36znav3']
[2026-04-12T15:02:11.907+0000] {standard_task_runner.py:105} INFO - Job 3: Subtask send_jsonl_to_kafka
[2026-04-12T15:02:11.979+0000] {task_command.py:467} INFO - Running <TaskInstance: kafka_producer.send_jsonl_to_kafka scheduled__2026-04-10T18:30:00+00:00 [running]> on host e32bda0232dc
[2026-04-12T15:02:12.082+0000] {taskinstance.py:3134} INFO - Exporting env vars: AIRFLOW_CTX_DAG_OWNER='***' AIRFLOW_CTX_DAG_ID='kafka_producer' AIRFLOW_CTX_TASK_ID='send_jsonl_to_kafka' AIRFLOW_CTX_EXECUTION_DATE='2026-04-10T18:30:00+00:00' AIRFLOW_CTX_TRY_NUMBER='1' AIRFLOW_CTX_DAG_RUN_ID='scheduled__2026-04-10T18:30:00+00:00'
[2026-04-12T15:02:12.083+0000] {taskinstance.py:732} INFO - ::endgroup::
[2026-04-12T15:02:12.124+0000] {kafka_load.py:28} INFO - Обрабатывается файл: browser_events.jsonl
[2026-04-12T15:02:12.141+0000] {kafka_load.py:40} INFO - Отправлено 100 сообщений
[2026-04-12T15:02:12.144+0000] {kafka_load.py:40} INFO - Отправлено 200 сообщений
[2026-04-12T15:02:12.147+0000] {kafka_load.py:40} INFO - Отправлено 300 сообщений
[2026-04-12T15:02:12.152+0000] {kafka_load.py:40} INFO - Отправлено 400 сообщений
[2026-04-12T15:02:12.155+0000] {kafka_load.py:40} INFO - Отправлено 500 сообщений
[2026-04-12T15:02:12.164+0000] {kafka_load.py:40} INFO - Отправлено 600 сообщений
[2026-04-12T15:02:12.167+0000] {kafka_load.py:40} INFO - Отправлено 700 сообщений
[2026-04-12T15:02:12.172+0000] {kafka_load.py:40} INFO - Отправлено 800 сообщений
[2026-04-12T15:02:12.176+0000] {kafka_load.py:40} INFO - Отправлено 900 сообщений
[2026-04-12T15:02:12.181+0000] {kafka_load.py:40} INFO - Отправлено 1000 сообщений
[2026-04-12T15:02:12.183+0000] {kafka_load.py:51} INFO - Обработка файла browser_events.jsonl завершена
[2026-04-12T15:02:12.184+0000] {kafka_load.py:28} INFO - Обрабатывается файл: device_events.jsonl
[2026-04-12T15:02:12.192+0000] {kafka_load.py:40} INFO - Отправлено 100 сообщений
[2026-04-12T15:02:12.198+0000] {kafka_load.py:40} INFO - Отправлено 200 сообщений
[2026-04-12T15:02:12.202+0000] {kafka_load.py:40} INFO - Отправлено 300 сообщений
[2026-04-12T15:02:12.206+0000] {kafka_load.py:40} INFO - Отправлено 400 сообщений
[2026-04-12T15:02:12.210+0000] {kafka_load.py:40} INFO - Отправлено 500 сообщений
[2026-04-12T15:02:12.212+0000] {kafka_load.py:40} INFO - Отправлено 600 сообщений
[2026-04-12T15:02:12.215+0000] {kafka_load.py:40} INFO - Отправлено 700 сообщений
[2026-04-12T15:02:12.219+0000] {kafka_load.py:40} INFO - Отправлено 800 сообщений
[2026-04-12T15:02:12.227+0000] {kafka_load.py:40} INFO - Отправлено 900 сообщений
[2026-04-12T15:02:12.235+0000] {kafka_load.py:40} INFO - Отправлено 1000 сообщений
[2026-04-12T15:02:12.236+0000] {kafka_load.py:51} INFO - Обработка файла device_events.jsonl завершена
[2026-04-12T15:02:12.236+0000] {kafka_load.py:28} INFO - Обрабатывается файл: geo_events.jsonl
[2026-04-12T15:02:12.242+0000] {kafka_load.py:40} INFO - Отправлено 100 сообщений
[2026-04-12T15:02:12.246+0000] {kafka_load.py:40} INFO - Отправлено 200 сообщений
[2026-04-12T15:02:12.253+0000] {kafka_load.py:40} INFO - Отправлено 300 сообщений
[2026-04-12T15:02:12.256+0000] {kafka_load.py:40} INFO - Отправлено 400 сообщений
[2026-04-12T15:02:12.259+0000] {kafka_load.py:40} INFO - Отправлено 500 сообщений
[2026-04-12T15:02:12.263+0000] {kafka_load.py:40} INFO - Отправлено 600 сообщений
[2026-04-12T15:02:12.272+0000] {kafka_load.py:40} INFO - Отправлено 700 сообщений
[2026-04-12T15:02:12.280+0000] {kafka_load.py:40} INFO - Отправлено 800 сообщений
[2026-04-12T15:02:12.288+0000] {kafka_load.py:40} INFO - Отправлено 900 сообщений
[2026-04-12T15:02:12.293+0000] {kafka_load.py:40} INFO - Отправлено 1000 сообщений
[2026-04-12T15:02:12.300+0000] {kafka_load.py:51} INFO - Обработка файла geo_events.jsonl завершена
[2026-04-12T15:02:12.301+0000] {kafka_load.py:28} INFO - Обрабатывается файл: location_events.jsonl
[2026-04-12T15:02:12.307+0000] {kafka_load.py:40} INFO - Отправлено 100 сообщений
[2026-04-12T15:02:12.315+0000] {kafka_load.py:40} INFO - Отправлено 200 сообщений
[2026-04-12T15:02:12.322+0000] {kafka_load.py:40} INFO - Отправлено 300 сообщений
[2026-04-12T15:02:12.332+0000] {kafka_load.py:40} INFO - Отправлено 400 сообщений
[2026-04-12T15:02:12.337+0000] {kafka_load.py:40} INFO - Отправлено 500 сообщений
[2026-04-12T15:02:12.341+0000] {kafka_load.py:40} INFO - Отправлено 600 сообщений
[2026-04-12T15:02:12.349+0000] {kafka_load.py:40} INFO - Отправлено 700 сообщений
[2026-04-12T15:02:12.354+0000] {kafka_load.py:40} INFO - Отправлено 800 сообщений
[2026-04-12T15:02:12.357+0000] {kafka_load.py:40} INFO - Отправлено 900 сообщений
[2026-04-12T15:02:12.361+0000] {kafka_load.py:40} INFO - Отправлено 1000 сообщений
[2026-04-12T15:02:12.362+0000] {kafka_load.py:51} INFO - Обработка файла location_events.jsonl завершена
[2026-04-12T15:02:12.656+0000] {kafka_load.py:54} INFO - Обработка файлов успешно завершена
[2026-04-12T15:02:12.660+0000] {python.py:240} INFO - Done. Returned value was: None
[2026-04-12T15:02:12.686+0000] {taskinstance.py:341} INFO - ::group::Post task execution logs
[2026-04-12T15:02:12.689+0000] {taskinstance.py:353} INFO - Marking task as SUCCESS. dag_id=kafka_producer, task_id=send_jsonl_to_kafka, run_id=scheduled__2026-04-10T18:30:00+00:00, execution_date=20260410T183000, start_date=20260412T150211, end_date=20260412T150212
[2026-04-12T15:02:12.767+0000] {local_task_job_runner.py:266} INFO - Task exited with return code 0
[2026-04-12T15:02:12.802+0000] {taskinstance.py:3901} INFO - 1 downstream tasks scheduled from follow-on schedule check
[2026-04-12T15:02:12.806+0000] {local_task_job_runner.py:245} INFO - ::endgroup::
[2026-04-12T15:15:30.334+0000] {local_task_job_runner.py:123} INFO - ::group::Pre task execution logs
[2026-04-12T15:15:30.358+0000] {taskinstance.py:2614} INFO - Dependencies all met for dep_context=non-requeueable deps ti=<TaskInstance: kafka_producer.send_jsonl_to_kafka scheduled__2026-04-10T18:30:00+00:00 [queued]>
[2026-04-12T15:15:30.377+0000] {taskinstance.py:2614} INFO - Dependencies all met for dep_context=requeueable deps ti=<TaskInstance: kafka_producer.send_jsonl_to_kafka scheduled__2026-04-10T18:30:00+00:00 [queued]>
[2026-04-12T15:15:30.378+0000] {taskinstance.py:2867} INFO - Starting attempt 1 of 1
[2026-04-12T15:15:30.400+0000] {taskinstance.py:2890} INFO - Executing <Task(PythonOperator): send_jsonl_to_kafka> on 2026-04-10 18:30:00+00:00
[2026-04-12T15:15:30.408+0000] {warnings.py:112} WARNING - /home/***/.local/lib/python3.12/site-packages/***/task/task_runner/standard_task_runner.py:70: DeprecationWarning: This process (pid=48) is multi-threaded, use of fork() may lead to deadlocks in the child.
  pid = os.fork()

[2026-04-12T15:15:30.410+0000] {standard_task_runner.py:104} INFO - Running: ['***', 'tasks', 'run', 'kafka_producer', 'send_jsonl_to_kafka', 'scheduled__2026-04-10T18:30:00+00:00', '--job-id', '2', '--raw', '--subdir', 'DAGS_FOLDER/kafka_load.py', '--cfg-path', '/tmp/tmp5s290w6l']
[2026-04-12T15:15:30.411+0000] {standard_task_runner.py:72} INFO - Started process 49 to run task
[2026-04-12T15:15:30.412+0000] {standard_task_runner.py:105} INFO - Job 2: Subtask send_jsonl_to_kafka
[2026-04-12T15:15:30.483+0000] {task_command.py:467} INFO - Running <TaskInstance: kafka_producer.send_jsonl_to_kafka scheduled__2026-04-10T18:30:00+00:00 [running]> on host 8976488fc480
[2026-04-12T15:15:30.590+0000] {taskinstance.py:3134} INFO - Exporting env vars: AIRFLOW_CTX_DAG_OWNER='***' AIRFLOW_CTX_DAG_ID='kafka_producer' AIRFLOW_CTX_TASK_ID='send_jsonl_to_kafka' AIRFLOW_CTX_EXECUTION_DATE='2026-04-10T18:30:00+00:00' AIRFLOW_CTX_TRY_NUMBER='1' AIRFLOW_CTX_DAG_RUN_ID='scheduled__2026-04-10T18:30:00+00:00'
[2026-04-12T15:15:30.594+0000] {taskinstance.py:732} INFO - ::endgroup::
[2026-04-12T15:15:30.670+0000] {kafka_load.py:28} INFO - Обрабатывается файл: browser_events.jsonl
[2026-04-12T15:15:30.687+0000] {kafka_load.py:40} INFO - Отправлено 100 сообщений
[2026-04-12T15:15:30.690+0000] {kafka_load.py:40} INFO - Отправлено 200 сообщений
[2026-04-12T15:15:30.697+0000] {kafka_load.py:40} INFO - Отправлено 300 сообщений
[2026-04-12T15:15:30.705+0000] {kafka_load.py:40} INFO - Отправлено 400 сообщений
[2026-04-12T15:15:30.711+0000] {kafka_load.py:40} INFO - Отправлено 500 сообщений
[2026-04-12T15:15:30.715+0000] {kafka_load.py:40} INFO - Отправлено 600 сообщений
[2026-04-12T15:15:30.717+0000] {kafka_load.py:40} INFO - Отправлено 700 сообщений
[2026-04-12T15:15:30.721+0000] {kafka_load.py:40} INFO - Отправлено 800 сообщений
[2026-04-12T15:15:30.724+0000] {kafka_load.py:40} INFO - Отправлено 900 сообщений
[2026-04-12T15:15:30.727+0000] {kafka_load.py:40} INFO - Отправлено 1000 сообщений
[2026-04-12T15:15:30.728+0000] {kafka_load.py:51} INFO - Обработка файла browser_events.jsonl завершена
[2026-04-12T15:15:30.729+0000] {kafka_load.py:28} INFO - Обрабатывается файл: device_events.jsonl
[2026-04-12T15:15:30.750+0000] {kafka_load.py:40} INFO - Отправлено 100 сообщений
[2026-04-12T15:15:30.755+0000] {kafka_load.py:40} INFO - Отправлено 200 сообщений
[2026-04-12T15:15:30.758+0000] {kafka_load.py:40} INFO - Отправлено 300 сообщений
[2026-04-12T15:15:30.762+0000] {kafka_load.py:40} INFO - Отправлено 400 сообщений
[2026-04-12T15:15:30.765+0000] {kafka_load.py:40} INFO - Отправлено 500 сообщений
[2026-04-12T15:15:30.768+0000] {kafka_load.py:40} INFO - Отправлено 600 сообщений
[2026-04-12T15:15:30.771+0000] {kafka_load.py:40} INFO - Отправлено 700 сообщений
[2026-04-12T15:15:30.773+0000] {kafka_load.py:40} INFO - Отправлено 800 сообщений
[2026-04-12T15:15:30.776+0000] {kafka_load.py:40} INFO - Отправлено 900 сообщений
[2026-04-12T15:15:30.782+0000] {kafka_load.py:40} INFO - Отправлено 1000 сообщений
[2026-04-12T15:15:30.784+0000] {kafka_load.py:51} INFO - Обработка файла device_events.jsonl завершена
[2026-04-12T15:15:30.784+0000] {kafka_load.py:28} INFO - Обрабатывается файл: geo_events.jsonl
[2026-04-12T15:15:30.789+0000] {kafka_load.py:40} INFO - Отправлено 100 сообщений
[2026-04-12T15:15:30.792+0000] {kafka_load.py:40} INFO - Отправлено 200 сообщений
[2026-04-12T15:15:30.794+0000] {kafka_load.py:40} INFO - Отправлено 300 сообщений
[2026-04-12T15:15:30.796+0000] {kafka_load.py:40} INFO - Отправлено 400 сообщений
[2026-04-12T15:15:30.799+0000] {kafka_load.py:40} INFO - Отправлено 500 сообщений
[2026-04-12T15:15:30.808+0000] {kafka_load.py:40} INFO - Отправлено 600 сообщений
[2026-04-12T15:15:30.811+0000] {kafka_load.py:40} INFO - Отправлено 700 сообщений
[2026-04-12T15:15:30.816+0000] {kafka_load.py:40} INFO - Отправлено 800 сообщений
[2026-04-12T15:15:30.820+0000] {kafka_load.py:40} INFO - Отправлено 900 сообщений
[2026-04-12T15:15:30.822+0000] {kafka_load.py:40} INFO - Отправлено 1000 сообщений
[2026-04-12T15:15:30.823+0000] {kafka_load.py:51} INFO - Обработка файла geo_events.jsonl завершена
[2026-04-12T15:15:30.824+0000] {kafka_load.py:28} INFO - Обрабатывается файл: location_events.jsonl
[2026-04-12T15:15:30.828+0000] {kafka_load.py:40} INFO - Отправлено 100 сообщений
[2026-04-12T15:15:30.830+0000] {kafka_load.py:40} INFO - Отправлено 200 сообщений
[2026-04-12T15:15:30.832+0000] {kafka_load.py:40} INFO - Отправлено 300 сообщений
[2026-04-12T15:15:30.834+0000] {kafka_load.py:40} INFO - Отправлено 400 сообщений
[2026-04-12T15:15:30.836+0000] {kafka_load.py:40} INFO - Отправлено 500 сообщений
[2026-04-12T15:15:30.838+0000] {kafka_load.py:40} INFO - Отправлено 600 сообщений
[2026-04-12T15:15:30.842+0000] {kafka_load.py:40} INFO - Отправлено 700 сообщений
[2026-04-12T15:15:30.848+0000] {kafka_load.py:40} INFO - Отправлено 800 сообщений
[2026-04-12T15:15:30.854+0000] {kafka_load.py:40} INFO - Отправлено 900 сообщений
[2026-04-12T15:15:30.858+0000] {kafka_load.py:40} INFO - Отправлено 1000 сообщений
[2026-04-12T15:15:30.860+0000] {kafka_load.py:51} INFO - Обработка файла location_events.jsonl завершена
[2026-04-12T15:15:30.943+0000] {kafka_load.py:54} INFO - Обработка файлов успешно завершена
[2026-04-12T15:15:30.944+0000] {python.py:240} INFO - Done. Returned value was: None
[2026-04-12T15:15:30.960+0000] {taskinstance.py:341} INFO - ::group::Post task execution logs
[2026-04-12T15:15:30.960+0000] {taskinstance.py:353} INFO - Marking task as SUCCESS. dag_id=kafka_producer, task_id=send_jsonl_to_kafka, run_id=scheduled__2026-04-10T18:30:00+00:00, execution_date=20260410T183000, start_date=20260412T151530, end_date=20260412T151530
[2026-04-12T15:15:31.007+0000] {local_task_job_runner.py:266} INFO - Task exited with return code 0
[2026-04-12T15:15:31.040+0000] {taskinstance.py:3901} INFO - 1 downstream tasks scheduled from follow-on schedule check
[2026-04-12T15:15:31.044+0000] {local_task_job_runner.py:245} INFO - ::endgroup::
[2026-04-12T15:26:21.191+0000] {local_task_job_runner.py:123} INFO - ::group::Pre task execution logs
[2026-04-12T15:26:21.217+0000] {taskinstance.py:2614} INFO - Dependencies all met for dep_context=non-requeueable deps ti=<TaskInstance: kafka_producer.send_jsonl_to_kafka scheduled__2026-04-10T18:30:00+00:00 [queued]>
[2026-04-12T15:26:21.230+0000] {taskinstance.py:2614} INFO - Dependencies all met for dep_context=requeueable deps ti=<TaskInstance: kafka_producer.send_jsonl_to_kafka scheduled__2026-04-10T18:30:00+00:00 [queued]>
[2026-04-12T15:26:21.230+0000] {taskinstance.py:2867} INFO - Starting attempt 1 of 1
[2026-04-12T15:26:21.255+0000] {taskinstance.py:2890} INFO - Executing <Task(PythonOperator): send_jsonl_to_kafka> on 2026-04-10 18:30:00+00:00
[2026-04-12T15:26:21.266+0000] {warnings.py:112} WARNING - /home/***/.local/lib/python3.12/site-packages/***/task/task_runner/standard_task_runner.py:70: DeprecationWarning: This process (pid=48) is multi-threaded, use of fork() may lead to deadlocks in the child.
  pid = os.fork()

[2026-04-12T15:26:21.271+0000] {standard_task_runner.py:72} INFO - Started process 49 to run task
[2026-04-12T15:26:21.270+0000] {standard_task_runner.py:104} INFO - Running: ['***', 'tasks', 'run', 'kafka_producer', 'send_jsonl_to_kafka', 'scheduled__2026-04-10T18:30:00+00:00', '--job-id', '2', '--raw', '--subdir', 'DAGS_FOLDER/kafka_load.py', '--cfg-path', '/tmp/tmphuvzu285']
[2026-04-12T15:26:21.272+0000] {standard_task_runner.py:105} INFO - Job 2: Subtask send_jsonl_to_kafka
[2026-04-12T15:26:21.379+0000] {task_command.py:467} INFO - Running <TaskInstance: kafka_producer.send_jsonl_to_kafka scheduled__2026-04-10T18:30:00+00:00 [running]> on host ab365e87f8e7
[2026-04-12T15:26:21.519+0000] {taskinstance.py:3134} INFO - Exporting env vars: AIRFLOW_CTX_DAG_OWNER='***' AIRFLOW_CTX_DAG_ID='kafka_producer' AIRFLOW_CTX_TASK_ID='send_jsonl_to_kafka' AIRFLOW_CTX_EXECUTION_DATE='2026-04-10T18:30:00+00:00' AIRFLOW_CTX_TRY_NUMBER='1' AIRFLOW_CTX_DAG_RUN_ID='scheduled__2026-04-10T18:30:00+00:00'
[2026-04-12T15:26:21.523+0000] {taskinstance.py:732} INFO - ::endgroup::
[2026-04-12T15:26:21.588+0000] {kafka_load.py:28} INFO - Обрабатывается файл: browser_events.jsonl
[2026-04-12T15:26:21.596+0000] {kafka_load.py:40} INFO - Отправлено 100 сообщений
[2026-04-12T15:26:21.602+0000] {kafka_load.py:40} INFO - Отправлено 200 сообщений
[2026-04-12T15:26:21.605+0000] {kafka_load.py:40} INFO - Отправлено 300 сообщений
[2026-04-12T15:26:21.608+0000] {kafka_load.py:40} INFO - Отправлено 400 сообщений
[2026-04-12T15:26:21.614+0000] {kafka_load.py:40} INFO - Отправлено 500 сообщений
[2026-04-12T15:26:21.617+0000] {kafka_load.py:40} INFO - Отправлено 600 сообщений
[2026-04-12T15:26:21.622+0000] {kafka_load.py:40} INFO - Отправлено 700 сообщений
[2026-04-12T15:26:21.625+0000] {kafka_load.py:40} INFO - Отправлено 800 сообщений
[2026-04-12T15:26:21.627+0000] {kafka_load.py:40} INFO - Отправлено 900 сообщений
[2026-04-12T15:26:21.631+0000] {kafka_load.py:40} INFO - Отправлено 1000 сообщений
[2026-04-12T15:26:21.632+0000] {kafka_load.py:51} INFO - Обработка файла browser_events.jsonl завершена
[2026-04-12T15:26:21.633+0000] {kafka_load.py:28} INFO - Обрабатывается файл: device_events.jsonl
[2026-04-12T15:26:21.638+0000] {kafka_load.py:40} INFO - Отправлено 100 сообщений
[2026-04-12T15:26:21.643+0000] {kafka_load.py:40} INFO - Отправлено 200 сообщений
[2026-04-12T15:26:21.645+0000] {kafka_load.py:40} INFO - Отправлено 300 сообщений
[2026-04-12T15:26:21.657+0000] {kafka_load.py:40} INFO - Отправлено 400 сообщений
[2026-04-12T15:26:21.661+0000] {kafka_load.py:40} INFO - Отправлено 500 сообщений
[2026-04-12T15:26:21.664+0000] {kafka_load.py:40} INFO - Отправлено 600 сообщений
[2026-04-12T15:26:21.672+0000] {kafka_load.py:40} INFO - Отправлено 700 сообщений
[2026-04-12T15:26:21.675+0000] {kafka_load.py:40} INFO - Отправлено 800 сообщений
[2026-04-12T15:26:21.679+0000] {kafka_load.py:40} INFO - Отправлено 900 сообщений
[2026-04-12T15:26:21.682+0000] {kafka_load.py:40} INFO - Отправлено 1000 сообщений
[2026-04-12T15:26:21.685+0000] {kafka_load.py:51} INFO - Обработка файла device_events.jsonl завершена
[2026-04-12T15:26:21.686+0000] {kafka_load.py:28} INFO - Обрабатывается файл: geo_events.jsonl
[2026-04-12T15:26:21.691+0000] {kafka_load.py:40} INFO - Отправлено 100 сообщений
[2026-04-12T15:26:21.700+0000] {kafka_load.py:40} INFO - Отправлено 200 сообщений
[2026-04-12T15:26:21.709+0000] {kafka_load.py:40} INFO - Отправлено 300 сообщений
[2026-04-12T15:26:21.712+0000] {kafka_load.py:40} INFO - Отправлено 400 сообщений
[2026-04-12T15:26:21.715+0000] {kafka_load.py:40} INFO - Отправлено 500 сообщений
[2026-04-12T15:26:21.718+0000] {kafka_load.py:40} INFO - Отправлено 600 сообщений
[2026-04-12T15:26:21.722+0000] {kafka_load.py:40} INFO - Отправлено 700 сообщений
[2026-04-12T15:26:21.725+0000] {kafka_load.py:40} INFO - Отправлено 800 сообщений
[2026-04-12T15:26:21.730+0000] {kafka_load.py:40} INFO - Отправлено 900 сообщений
[2026-04-12T15:26:21.734+0000] {kafka_load.py:40} INFO - Отправлено 1000 сообщений
[2026-04-12T15:26:21.736+0000] {kafka_load.py:51} INFO - Обработка файла geo_events.jsonl завершена
[2026-04-12T15:26:21.737+0000] {kafka_load.py:28} INFO - Обрабатывается файл: location_events.jsonl
[2026-04-12T15:26:21.745+0000] {kafka_load.py:40} INFO - Отправлено 100 сообщений
[2026-04-12T15:26:21.751+0000] {kafka_load.py:40} INFO - Отправлено 200 сообщений
[2026-04-12T15:26:21.754+0000] {kafka_load.py:40} INFO - Отправлено 300 сообщений
[2026-04-12T15:26:21.757+0000] {kafka_load.py:40} INFO - Отправлено 400 сообщений
[2026-04-12T15:26:21.763+0000] {kafka_load.py:40} INFO - Отправлено 500 сообщений
[2026-04-12T15:26:21.768+0000] {kafka_load.py:40} INFO - Отправлено 600 сообщений
[2026-04-12T15:26:21.774+0000] {kafka_load.py:40} INFO - Отправлено 700 сообщений
[2026-04-12T15:26:21.782+0000] {kafka_load.py:40} INFO - Отправлено 800 сообщений
[2026-04-12T15:26:21.790+0000] {kafka_load.py:40} INFO - Отправлено 900 сообщений
[2026-04-12T15:26:21.798+0000] {kafka_load.py:40} INFO - Отправлено 1000 сообщений
[2026-04-12T15:26:21.805+0000] {kafka_load.py:51} INFO - Обработка файла location_events.jsonl завершена
[2026-04-12T15:26:21.870+0000] {kafka_load.py:54} INFO - Обработка файлов успешно завершена
[2026-04-12T15:26:21.871+0000] {python.py:240} INFO - Done. Returned value was: None
[2026-04-12T15:26:21.896+0000] {taskinstance.py:341} INFO - ::group::Post task execution logs
[2026-04-12T15:26:21.897+0000] {taskinstance.py:353} INFO - Marking task as SUCCESS. dag_id=kafka_producer, task_id=send_jsonl_to_kafka, run_id=scheduled__2026-04-10T18:30:00+00:00, execution_date=20260410T183000, start_date=20260412T152621, end_date=20260412T152621
[2026-04-12T15:26:22.013+0000] {local_task_job_runner.py:266} INFO - Task exited with return code 0
[2026-04-12T15:26:22.057+0000] {taskinstance.py:3901} INFO - 1 downstream tasks scheduled from follow-on schedule check
[2026-04-12T15:26:22.064+0000] {local_task_job_runner.py:245} INFO - ::endgroup::
[2026-04-12T15:30:18.201+0000] {local_task_job_runner.py:123} INFO - ::group::Pre task execution logs
[2026-04-12T15:30:18.222+0000] {taskinstance.py:2614} INFO - Dependencies all met for dep_context=non-requeueable deps ti=<TaskInstance: kafka_producer.send_jsonl_to_kafka scheduled__2026-04-10T18:30:00+00:00 [queued]>
[2026-04-12T15:30:18.234+0000] {taskinstance.py:2614} INFO - Dependencies all met for dep_context=requeueable deps ti=<TaskInstance: kafka_producer.send_jsonl_to_kafka scheduled__2026-04-10T18:30:00+00:00 [queued]>
[2026-04-12T15:30:18.235+0000] {taskinstance.py:2867} INFO - Starting attempt 1 of 1
[2026-04-12T15:30:18.253+0000] {taskinstance.py:2890} INFO - Executing <Task(PythonOperator): send_jsonl_to_kafka> on 2026-04-10 18:30:00+00:00
[2026-04-12T15:30:18.263+0000] {warnings.py:112} WARNING - /home/***/.local/lib/python3.12/site-packages/***/task/task_runner/standard_task_runner.py:70: DeprecationWarning: This process (pid=69) is multi-threaded, use of fork() may lead to deadlocks in the child.
  pid = os.fork()

[2026-04-12T15:30:18.266+0000] {standard_task_runner.py:72} INFO - Started process 70 to run task
[2026-04-12T15:30:18.266+0000] {standard_task_runner.py:104} INFO - Running: ['***', 'tasks', 'run', 'kafka_producer', 'send_jsonl_to_kafka', 'scheduled__2026-04-10T18:30:00+00:00', '--job-id', '5', '--raw', '--subdir', 'DAGS_FOLDER/kafka_load.py', '--cfg-path', '/tmp/tmp8oq80mzp']
[2026-04-12T15:30:18.268+0000] {standard_task_runner.py:105} INFO - Job 5: Subtask send_jsonl_to_kafka
[2026-04-12T15:30:18.344+0000] {task_command.py:467} INFO - Running <TaskInstance: kafka_producer.send_jsonl_to_kafka scheduled__2026-04-10T18:30:00+00:00 [running]> on host ab365e87f8e7
[2026-04-12T15:30:18.489+0000] {taskinstance.py:3134} INFO - Exporting env vars: AIRFLOW_CTX_DAG_OWNER='***' AIRFLOW_CTX_DAG_ID='kafka_producer' AIRFLOW_CTX_TASK_ID='send_jsonl_to_kafka' AIRFLOW_CTX_EXECUTION_DATE='2026-04-10T18:30:00+00:00' AIRFLOW_CTX_TRY_NUMBER='1' AIRFLOW_CTX_DAG_RUN_ID='scheduled__2026-04-10T18:30:00+00:00'
[2026-04-12T15:30:18.491+0000] {taskinstance.py:732} INFO - ::endgroup::
[2026-04-12T15:30:18.524+0000] {kafka_load.py:28} INFO - Обрабатывается файл: browser_events.jsonl
[2026-04-12T15:30:18.528+0000] {kafka_load.py:40} INFO - Отправлено 100 сообщений
[2026-04-12T15:30:18.531+0000] {kafka_load.py:40} INFO - Отправлено 200 сообщений
[2026-04-12T15:30:18.533+0000] {kafka_load.py:40} INFO - Отправлено 300 сообщений
[2026-04-12T15:30:18.535+0000] {kafka_load.py:40} INFO - Отправлено 400 сообщений
[2026-04-12T15:30:18.538+0000] {kafka_load.py:40} INFO - Отправлено 500 сообщений
[2026-04-12T15:30:18.541+0000] {kafka_load.py:40} INFO - Отправлено 600 сообщений
[2026-04-12T15:30:18.543+0000] {kafka_load.py:40} INFO - Отправлено 700 сообщений
[2026-04-12T15:30:18.546+0000] {kafka_load.py:40} INFO - Отправлено 800 сообщений
[2026-04-12T15:30:18.549+0000] {kafka_load.py:40} INFO - Отправлено 900 сообщений
[2026-04-12T15:30:18.551+0000] {kafka_load.py:40} INFO - Отправлено 1000 сообщений
[2026-04-12T15:30:18.552+0000] {kafka_load.py:51} INFO - Обработка файла browser_events.jsonl завершена
[2026-04-12T15:30:18.553+0000] {kafka_load.py:28} INFO - Обрабатывается файл: device_events.jsonl
[2026-04-12T15:30:18.557+0000] {kafka_load.py:40} INFO - Отправлено 100 сообщений
[2026-04-12T15:30:18.559+0000] {kafka_load.py:40} INFO - Отправлено 200 сообщений
[2026-04-12T15:30:18.561+0000] {kafka_load.py:40} INFO - Отправлено 300 сообщений
[2026-04-12T15:30:18.564+0000] {kafka_load.py:40} INFO - Отправлено 400 сообщений
[2026-04-12T15:30:18.566+0000] {kafka_load.py:40} INFO - Отправлено 500 сообщений
[2026-04-12T15:30:18.568+0000] {kafka_load.py:40} INFO - Отправлено 600 сообщений
[2026-04-12T15:30:18.571+0000] {kafka_load.py:40} INFO - Отправлено 700 сообщений
[2026-04-12T15:30:18.573+0000] {kafka_load.py:40} INFO - Отправлено 800 сообщений
[2026-04-12T15:30:18.577+0000] {kafka_load.py:40} INFO - Отправлено 900 сообщений
[2026-04-12T15:30:18.582+0000] {kafka_load.py:40} INFO - Отправлено 1000 сообщений
[2026-04-12T15:30:18.583+0000] {kafka_load.py:51} INFO - Обработка файла device_events.jsonl завершена
[2026-04-12T15:30:18.584+0000] {kafka_load.py:28} INFO - Обрабатывается файл: geo_events.jsonl
[2026-04-12T15:30:18.588+0000] {kafka_load.py:40} INFO - Отправлено 100 сообщений
[2026-04-12T15:30:18.592+0000] {kafka_load.py:40} INFO - Отправлено 200 сообщений
[2026-04-12T15:30:18.595+0000] {kafka_load.py:40} INFO - Отправлено 300 сообщений
[2026-04-12T15:30:18.598+0000] {kafka_load.py:40} INFO - Отправлено 400 сообщений
[2026-04-12T15:30:18.600+0000] {kafka_load.py:40} INFO - Отправлено 500 сообщений
[2026-04-12T15:30:18.603+0000] {kafka_load.py:40} INFO - Отправлено 600 сообщений
[2026-04-12T15:30:18.606+0000] {kafka_load.py:40} INFO - Отправлено 700 сообщений
[2026-04-12T15:30:18.608+0000] {kafka_load.py:40} INFO - Отправлено 800 сообщений
[2026-04-12T15:30:18.614+0000] {kafka_load.py:40} INFO - Отправлено 900 сообщений
[2026-04-12T15:30:18.617+0000] {kafka_load.py:40} INFO - Отправлено 1000 сообщений
[2026-04-12T15:30:18.619+0000] {kafka_load.py:51} INFO - Обработка файла geo_events.jsonl завершена
[2026-04-12T15:30:18.620+0000] {kafka_load.py:28} INFO - Обрабатывается файл: location_events.jsonl
[2026-04-12T15:30:18.630+0000] {kafka_load.py:40} INFO - Отправлено 100 сообщений
[2026-04-12T15:30:18.633+0000] {kafka_load.py:40} INFO - Отправлено 200 сообщений
[2026-04-12T15:30:18.637+0000] {kafka_load.py:40} INFO - Отправлено 300 сообщений
[2026-04-12T15:30:18.642+0000] {kafka_load.py:40} INFO - Отправлено 400 сообщений
[2026-04-12T15:30:18.648+0000] {kafka_load.py:40} INFO - Отправлено 500 сообщений
[2026-04-12T15:30:18.652+0000] {kafka_load.py:40} INFO - Отправлено 600 сообщений
[2026-04-12T15:30:18.657+0000] {kafka_load.py:40} INFO - Отправлено 700 сообщений
[2026-04-12T15:30:18.662+0000] {kafka_load.py:40} INFO - Отправлено 800 сообщений
[2026-04-12T15:30:18.666+0000] {kafka_load.py:40} INFO - Отправлено 900 сообщений
[2026-04-12T15:30:18.670+0000] {kafka_load.py:40} INFO - Отправлено 1000 сообщений
[2026-04-12T15:30:18.672+0000] {kafka_load.py:51} INFO - Обработка файла location_events.jsonl завершена
[2026-04-12T15:30:18.677+0000] {kafka_load.py:54} INFO - Обработка файлов успешно завершена
[2026-04-12T15:30:18.680+0000] {python.py:240} INFO - Done. Returned value was: None
[2026-04-12T15:30:18.697+0000] {taskinstance.py:341} INFO - ::group::Post task execution logs
[2026-04-12T15:30:18.698+0000] {taskinstance.py:353} INFO - Marking task as SUCCESS. dag_id=kafka_producer, task_id=send_jsonl_to_kafka, run_id=scheduled__2026-04-10T18:30:00+00:00, execution_date=20260410T183000, start_date=20260412T153018, end_date=20260412T153018
[2026-04-12T15:30:18.769+0000] {local_task_job_runner.py:266} INFO - Task exited with return code 0
[2026-04-12T15:30:18.815+0000] {taskinstance.py:3901} INFO - 1 downstream tasks scheduled from follow-on schedule check
[2026-04-12T15:30:18.818+0000] {local_task_job_runner.py:245} INFO - ::endgroup::
[2026-04-12T15:32:51.009+0000] {local_task_job_runner.py:123} INFO - ::group::Pre task execution logs
[2026-04-12T15:32:51.032+0000] {taskinstance.py:2614} INFO - Dependencies all met for dep_context=non-requeueable deps ti=<TaskInstance: kafka_producer.send_jsonl_to_kafka scheduled__2026-04-10T18:30:00+00:00 [queued]>
[2026-04-12T15:32:51.042+0000] {taskinstance.py:2614} INFO - Dependencies all met for dep_context=requeueable deps ti=<TaskInstance: kafka_producer.send_jsonl_to_kafka scheduled__2026-04-10T18:30:00+00:00 [queued]>
[2026-04-12T15:32:51.043+0000] {taskinstance.py:2867} INFO - Starting attempt 1 of 1
[2026-04-12T15:32:51.059+0000] {taskinstance.py:2890} INFO - Executing <Task(PythonOperator): send_jsonl_to_kafka> on 2026-04-10 18:30:00+00:00
[2026-04-12T15:32:51.067+0000] {warnings.py:112} WARNING - /home/***/.local/lib/python3.12/site-packages/***/task/task_runner/standard_task_runner.py:70: DeprecationWarning: This process (pid=90) is multi-threaded, use of fork() may lead to deadlocks in the child.
  pid = os.fork()

[2026-04-12T15:32:51.070+0000] {standard_task_runner.py:72} INFO - Started process 91 to run task
[2026-04-12T15:32:51.070+0000] {standard_task_runner.py:104} INFO - Running: ['***', 'tasks', 'run', 'kafka_producer', 'send_jsonl_to_kafka', 'scheduled__2026-04-10T18:30:00+00:00', '--job-id', '8', '--raw', '--subdir', 'DAGS_FOLDER/kafka_load.py', '--cfg-path', '/tmp/tmpbsobpsg2']
[2026-04-12T15:32:51.072+0000] {standard_task_runner.py:105} INFO - Job 8: Subtask send_jsonl_to_kafka
[2026-04-12T15:32:51.143+0000] {task_command.py:467} INFO - Running <TaskInstance: kafka_producer.send_jsonl_to_kafka scheduled__2026-04-10T18:30:00+00:00 [running]> on host ab365e87f8e7
[2026-04-12T15:32:51.245+0000] {taskinstance.py:3134} INFO - Exporting env vars: AIRFLOW_CTX_DAG_OWNER='***' AIRFLOW_CTX_DAG_ID='kafka_producer' AIRFLOW_CTX_TASK_ID='send_jsonl_to_kafka' AIRFLOW_CTX_EXECUTION_DATE='2026-04-10T18:30:00+00:00' AIRFLOW_CTX_TRY_NUMBER='1' AIRFLOW_CTX_DAG_RUN_ID='scheduled__2026-04-10T18:30:00+00:00'
[2026-04-12T15:32:51.246+0000] {taskinstance.py:732} INFO - ::endgroup::
[2026-04-12T15:32:51.276+0000] {kafka_load.py:28} INFO - Обрабатывается файл: browser_events.jsonl
[2026-04-12T15:32:51.281+0000] {kafka_load.py:40} INFO - Отправлено 100 сообщений
[2026-04-12T15:32:51.286+0000] {kafka_load.py:40} INFO - Отправлено 200 сообщений
[2026-04-12T15:32:51.289+0000] {kafka_load.py:40} INFO - Отправлено 300 сообщений
[2026-04-12T15:32:51.292+0000] {kafka_load.py:40} INFO - Отправлено 400 сообщений
[2026-04-12T15:32:51.295+0000] {kafka_load.py:40} INFO - Отправлено 500 сообщений
[2026-04-12T15:32:51.298+0000] {kafka_load.py:40} INFO - Отправлено 600 сообщений
[2026-04-12T15:32:51.301+0000] {kafka_load.py:40} INFO - Отправлено 700 сообщений
[2026-04-12T15:32:51.304+0000] {kafka_load.py:40} INFO - Отправлено 800 сообщений
[2026-04-12T15:32:51.307+0000] {kafka_load.py:40} INFO - Отправлено 900 сообщений
[2026-04-12T15:32:51.310+0000] {kafka_load.py:40} INFO - Отправлено 1000 сообщений
[2026-04-12T15:32:51.311+0000] {kafka_load.py:51} INFO - Обработка файла browser_events.jsonl завершена
[2026-04-12T15:32:51.312+0000] {kafka_load.py:28} INFO - Обрабатывается файл: device_events.jsonl
[2026-04-12T15:32:51.316+0000] {kafka_load.py:40} INFO - Отправлено 100 сообщений
[2026-04-12T15:32:51.318+0000] {kafka_load.py:40} INFO - Отправлено 200 сообщений
[2026-04-12T15:32:51.320+0000] {kafka_load.py:40} INFO - Отправлено 300 сообщений
[2026-04-12T15:32:51.323+0000] {kafka_load.py:40} INFO - Отправлено 400 сообщений
[2026-04-12T15:32:51.325+0000] {kafka_load.py:40} INFO - Отправлено 500 сообщений
[2026-04-12T15:32:51.328+0000] {kafka_load.py:40} INFO - Отправлено 600 сообщений
[2026-04-12T15:32:51.333+0000] {kafka_load.py:40} INFO - Отправлено 700 сообщений
[2026-04-12T15:32:51.343+0000] {kafka_load.py:40} INFO - Отправлено 800 сообщений
[2026-04-12T15:32:51.348+0000] {kafka_load.py:40} INFO - Отправлено 900 сообщений
[2026-04-12T15:32:51.353+0000] {kafka_load.py:40} INFO - Отправлено 1000 сообщений
[2026-04-12T15:32:51.355+0000] {kafka_load.py:51} INFO - Обработка файла device_events.jsonl завершена
[2026-04-12T15:32:51.355+0000] {kafka_load.py:28} INFO - Обрабатывается файл: geo_events.jsonl
[2026-04-12T15:32:51.364+0000] {kafka_load.py:40} INFO - Отправлено 100 сообщений
[2026-04-12T15:32:51.369+0000] {kafka_load.py:40} INFO - Отправлено 200 сообщений
[2026-04-12T15:32:51.371+0000] {kafka_load.py:40} INFO - Отправлено 300 сообщений
[2026-04-12T15:32:51.375+0000] {kafka_load.py:40} INFO - Отправлено 400 сообщений
[2026-04-12T15:32:51.378+0000] {kafka_load.py:40} INFO - Отправлено 500 сообщений
[2026-04-12T15:32:51.382+0000] {kafka_load.py:40} INFO - Отправлено 600 сообщений
[2026-04-12T15:32:51.385+0000] {kafka_load.py:40} INFO - Отправлено 700 сообщений
[2026-04-12T15:32:51.391+0000] {kafka_load.py:40} INFO - Отправлено 800 сообщений
[2026-04-12T15:32:51.395+0000] {kafka_load.py:40} INFO - Отправлено 900 сообщений
[2026-04-12T15:32:51.398+0000] {kafka_load.py:40} INFO - Отправлено 1000 сообщений
[2026-04-12T15:32:51.399+0000] {kafka_load.py:51} INFO - Обработка файла geo_events.jsonl завершена
[2026-04-12T15:32:51.400+0000] {kafka_load.py:28} INFO - Обрабатывается файл: location_events.jsonl
[2026-04-12T15:32:51.408+0000] {kafka_load.py:40} INFO - Отправлено 100 сообщений
[2026-04-12T15:32:51.413+0000] {kafka_load.py:40} INFO - Отправлено 200 сообщений
[2026-04-12T15:32:51.417+0000] {kafka_load.py:40} INFO - Отправлено 300 сообщений
[2026-04-12T15:32:51.421+0000] {kafka_load.py:40} INFO - Отправлено 400 сообщений
[2026-04-12T15:32:51.426+0000] {kafka_load.py:40} INFO - Отправлено 500 сообщений
[2026-04-12T15:32:51.429+0000] {kafka_load.py:40} INFO - Отправлено 600 сообщений
[2026-04-12T15:32:51.432+0000] {kafka_load.py:40} INFO - Отправлено 700 сообщений
[2026-04-12T15:32:51.435+0000] {kafka_load.py:40} INFO - Отправлено 800 сообщений
[2026-04-12T15:32:51.438+0000] {kafka_load.py:40} INFO - Отправлено 900 сообщений
[2026-04-12T15:32:51.441+0000] {kafka_load.py:40} INFO - Отправлено 1000 сообщений
[2026-04-12T15:32:51.442+0000] {kafka_load.py:51} INFO - Обработка файла location_events.jsonl завершена
[2026-04-12T15:32:51.445+0000] {kafka_load.py:54} INFO - Обработка файлов успешно завершена
[2026-04-12T15:32:51.446+0000] {python.py:240} INFO - Done. Returned value was: None
[2026-04-12T15:32:51.460+0000] {taskinstance.py:341} INFO - ::group::Post task execution logs
[2026-04-12T15:32:51.461+0000] {taskinstance.py:353} INFO - Marking task as SUCCESS. dag_id=kafka_producer, task_id=send_jsonl_to_kafka, run_id=scheduled__2026-04-10T18:30:00+00:00, execution_date=20260410T183000, start_date=20260412T153251, end_date=20260412T153251
[2026-04-12T15:32:51.527+0000] {local_task_job_runner.py:266} INFO - Task exited with return code 0
[2026-04-12T15:32:51.558+0000] {taskinstance.py:3901} INFO - 1 downstream tasks scheduled from follow-on schedule check
[2026-04-12T15:32:51.562+0000] {local_task_job_runner.py:245} INFO - ::endgroup::
[2026-04-12T15:52:49.271+0000] {local_task_job_runner.py:123} INFO - ::group::Pre task execution logs
[2026-04-12T15:52:49.301+0000] {taskinstance.py:2614} INFO - Dependencies all met for dep_context=non-requeueable deps ti=<TaskInstance: kafka_producer.send_jsonl_to_kafka scheduled__2026-04-10T18:30:00+00:00 [queued]>
[2026-04-12T15:52:49.315+0000] {taskinstance.py:2614} INFO - Dependencies all met for dep_context=requeueable deps ti=<TaskInstance: kafka_producer.send_jsonl_to_kafka scheduled__2026-04-10T18:30:00+00:00 [queued]>
[2026-04-12T15:52:49.315+0000] {taskinstance.py:2867} INFO - Starting attempt 1 of 1
[2026-04-12T15:52:49.334+0000] {taskinstance.py:2890} INFO - Executing <Task(PythonOperator): send_jsonl_to_kafka> on 2026-04-10 18:30:00+00:00
[2026-04-12T15:52:49.343+0000] {warnings.py:112} WARNING - /home/***/.local/lib/python3.12/site-packages/***/task/task_runner/standard_task_runner.py:70: DeprecationWarning: This process (pid=48) is multi-threaded, use of fork() may lead to deadlocks in the child.
  pid = os.fork()

[2026-04-12T15:52:49.346+0000] {standard_task_runner.py:72} INFO - Started process 49 to run task
[2026-04-12T15:52:49.345+0000] {standard_task_runner.py:104} INFO - Running: ['***', 'tasks', 'run', 'kafka_producer', 'send_jsonl_to_kafka', 'scheduled__2026-04-10T18:30:00+00:00', '--job-id', '2', '--raw', '--subdir', 'DAGS_FOLDER/kafka_load.py', '--cfg-path', '/tmp/tmpb80s173l']
[2026-04-12T15:52:49.347+0000] {standard_task_runner.py:105} INFO - Job 2: Subtask send_jsonl_to_kafka
[2026-04-12T15:52:49.419+0000] {task_command.py:467} INFO - Running <TaskInstance: kafka_producer.send_jsonl_to_kafka scheduled__2026-04-10T18:30:00+00:00 [running]> on host 5fbfe133d589
[2026-04-12T15:52:49.557+0000] {taskinstance.py:3134} INFO - Exporting env vars: AIRFLOW_CTX_DAG_OWNER='***' AIRFLOW_CTX_DAG_ID='kafka_producer' AIRFLOW_CTX_TASK_ID='send_jsonl_to_kafka' AIRFLOW_CTX_EXECUTION_DATE='2026-04-10T18:30:00+00:00' AIRFLOW_CTX_TRY_NUMBER='1' AIRFLOW_CTX_DAG_RUN_ID='scheduled__2026-04-10T18:30:00+00:00'
[2026-04-12T15:52:49.561+0000] {taskinstance.py:732} INFO - ::endgroup::
[2026-04-12T15:52:49.631+0000] {kafka_load.py:28} INFO - Обрабатывается файл: browser_events.jsonl
[2026-04-12T15:52:49.635+0000] {kafka_load.py:40} INFO - Отправлено 100 сообщений
[2026-04-12T15:52:49.637+0000] {kafka_load.py:40} INFO - Отправлено 200 сообщений
[2026-04-12T15:52:49.639+0000] {kafka_load.py:40} INFO - Отправлено 300 сообщений
[2026-04-12T15:52:49.641+0000] {kafka_load.py:40} INFO - Отправлено 400 сообщений
[2026-04-12T15:52:49.643+0000] {kafka_load.py:40} INFO - Отправлено 500 сообщений
[2026-04-12T15:52:49.645+0000] {kafka_load.py:40} INFO - Отправлено 600 сообщений
[2026-04-12T15:52:49.647+0000] {kafka_load.py:40} INFO - Отправлено 700 сообщений
[2026-04-12T15:52:49.650+0000] {kafka_load.py:40} INFO - Отправлено 800 сообщений
[2026-04-12T15:52:49.652+0000] {kafka_load.py:40} INFO - Отправлено 900 сообщений
[2026-04-12T15:52:49.654+0000] {kafka_load.py:40} INFO - Отправлено 1000 сообщений
[2026-04-12T15:52:49.655+0000] {kafka_load.py:51} INFO - Обработка файла browser_events.jsonl завершена
[2026-04-12T15:52:49.656+0000] {kafka_load.py:28} INFO - Обрабатывается файл: device_events.jsonl
[2026-04-12T15:52:49.659+0000] {kafka_load.py:40} INFO - Отправлено 100 сообщений
[2026-04-12T15:52:49.661+0000] {kafka_load.py:40} INFO - Отправлено 200 сообщений
[2026-04-12T15:52:49.663+0000] {kafka_load.py:40} INFO - Отправлено 300 сообщений
[2026-04-12T15:52:49.665+0000] {kafka_load.py:40} INFO - Отправлено 400 сообщений
[2026-04-12T15:52:49.668+0000] {kafka_load.py:40} INFO - Отправлено 500 сообщений
[2026-04-12T15:52:49.670+0000] {kafka_load.py:40} INFO - Отправлено 600 сообщений
[2026-04-12T15:52:49.672+0000] {kafka_load.py:40} INFO - Отправлено 700 сообщений
[2026-04-12T15:52:49.673+0000] {kafka_load.py:40} INFO - Отправлено 800 сообщений
[2026-04-12T15:52:49.676+0000] {kafka_load.py:40} INFO - Отправлено 900 сообщений
[2026-04-12T15:52:49.678+0000] {kafka_load.py:40} INFO - Отправлено 1000 сообщений
[2026-04-12T15:52:49.685+0000] {kafka_load.py:51} INFO - Обработка файла device_events.jsonl завершена
[2026-04-12T15:52:49.686+0000] {kafka_load.py:28} INFO - Обрабатывается файл: geo_events.jsonl
[2026-04-12T15:52:49.690+0000] {kafka_load.py:40} INFO - Отправлено 100 сообщений
[2026-04-12T15:52:49.692+0000] {kafka_load.py:40} INFO - Отправлено 200 сообщений
[2026-04-12T15:52:49.694+0000] {kafka_load.py:40} INFO - Отправлено 300 сообщений
[2026-04-12T15:52:49.696+0000] {kafka_load.py:40} INFO - Отправлено 400 сообщений
[2026-04-12T15:52:49.698+0000] {kafka_load.py:40} INFO - Отправлено 500 сообщений
[2026-04-12T15:52:49.700+0000] {kafka_load.py:40} INFO - Отправлено 600 сообщений
[2026-04-12T15:52:49.702+0000] {kafka_load.py:40} INFO - Отправлено 700 сообщений
[2026-04-12T15:52:49.704+0000] {kafka_load.py:40} INFO - Отправлено 800 сообщений
[2026-04-12T15:52:49.706+0000] {kafka_load.py:40} INFO - Отправлено 900 сообщений
[2026-04-12T15:52:49.708+0000] {kafka_load.py:40} INFO - Отправлено 1000 сообщений
[2026-04-12T15:52:49.708+0000] {kafka_load.py:51} INFO - Обработка файла geo_events.jsonl завершена
[2026-04-12T15:52:49.709+0000] {kafka_load.py:28} INFO - Обрабатывается файл: location_events.jsonl
[2026-04-12T15:52:49.718+0000] {kafka_load.py:40} INFO - Отправлено 100 сообщений
[2026-04-12T15:52:49.723+0000] {kafka_load.py:40} INFO - Отправлено 200 сообщений
[2026-04-12T15:52:49.725+0000] {kafka_load.py:40} INFO - Отправлено 300 сообщений
[2026-04-12T15:52:49.729+0000] {kafka_load.py:40} INFO - Отправлено 400 сообщений
[2026-04-12T15:52:49.732+0000] {kafka_load.py:40} INFO - Отправлено 500 сообщений
[2026-04-12T15:52:49.734+0000] {kafka_load.py:40} INFO - Отправлено 600 сообщений
[2026-04-12T15:52:49.736+0000] {kafka_load.py:40} INFO - Отправлено 700 сообщений
[2026-04-12T15:52:49.739+0000] {kafka_load.py:40} INFO - Отправлено 800 сообщений
[2026-04-12T15:52:49.747+0000] {kafka_load.py:40} INFO - Отправлено 900 сообщений
[2026-04-12T15:52:49.753+0000] {kafka_load.py:40} INFO - Отправлено 1000 сообщений
[2026-04-12T15:52:49.754+0000] {kafka_load.py:51} INFO - Обработка файла location_events.jsonl завершена
[2026-04-12T15:52:49.831+0000] {kafka_load.py:54} INFO - Обработка файлов успешно завершена
[2026-04-12T15:52:49.832+0000] {python.py:240} INFO - Done. Returned value was: None
[2026-04-12T15:52:49.849+0000] {taskinstance.py:341} INFO - ::group::Post task execution logs
[2026-04-12T15:52:49.850+0000] {taskinstance.py:353} INFO - Marking task as SUCCESS. dag_id=kafka_producer, task_id=send_jsonl_to_kafka, run_id=scheduled__2026-04-10T18:30:00+00:00, execution_date=20260410T183000, start_date=20260412T155249, end_date=20260412T155249
[2026-04-12T15:52:49.925+0000] {local_task_job_runner.py:266} INFO - Task exited with return code 0
[2026-04-12T15:52:49.957+0000] {taskinstance.py:3901} INFO - 1 downstream tasks scheduled from follow-on schedule check
[2026-04-12T15:52:49.963+0000] {local_task_job_runner.py:245} INFO - ::endgroup::
