[2026-04-15T08:31:38.865+0000] {local_task_job_runner.py:123} INFO - ::group::Pre task execution logs
[2026-04-15T08:31:38.895+0000] {taskinstance.py:2614} INFO - Dependencies all met for dep_context=non-requeueable deps ti=<TaskInstance: layers_update.run_dbt manual__2026-04-15T08:31:37.783261+00:00 [queued]>
[2026-04-15T08:31:38.908+0000] {taskinstance.py:2614} INFO - Dependencies all met for dep_context=requeueable deps ti=<TaskInstance: layers_update.run_dbt manual__2026-04-15T08:31:37.783261+00:00 [queued]>
[2026-04-15T08:31:38.908+0000] {taskinstance.py:2867} INFO - Starting attempt 1 of 1
[2026-04-15T08:31:38.928+0000] {taskinstance.py:2890} INFO - Executing <Task(BashOperator): run_dbt> on 2026-04-15 08:31:37.783261+00:00
[2026-04-15T08:31:38.935+0000] {warnings.py:112} WARNING - /home/***/.local/lib/python3.12/site-packages/***/task/task_runner/standard_task_runner.py:70: DeprecationWarning: This process (pid=95) is multi-threaded, use of fork() may lead to deadlocks in the child.
  pid = os.fork()

[2026-04-15T08:31:38.938+0000] {standard_task_runner.py:104} INFO - Running: ['***', 'tasks', 'run', 'layers_update', 'run_dbt', 'manual__2026-04-15T08:31:37.783261+00:00', '--job-id', '8', '--raw', '--subdir', 'DAGS_FOLDER/layers_update.py', '--cfg-path', '/tmp/tmpsye_q_jk']
[2026-04-15T08:31:38.941+0000] {standard_task_runner.py:72} INFO - Started process 96 to run task
[2026-04-15T08:31:38.941+0000] {standard_task_runner.py:105} INFO - Job 8: Subtask run_dbt
[2026-04-15T08:31:39.016+0000] {task_command.py:467} INFO - Running <TaskInstance: layers_update.run_dbt manual__2026-04-15T08:31:37.783261+00:00 [running]> on host 60f516562606
[2026-04-15T08:31:39.121+0000] {taskinstance.py:3134} INFO - Exporting env vars: AIRFLOW_CTX_DAG_OWNER='***' AIRFLOW_CTX_DAG_ID='layers_update' AIRFLOW_CTX_TASK_ID='run_dbt' AIRFLOW_CTX_EXECUTION_DATE='2026-04-15T08:31:37.783261+00:00' AIRFLOW_CTX_TRY_NUMBER='1' AIRFLOW_CTX_DAG_RUN_ID='manual__2026-04-15T08:31:37.783261+00:00'
[2026-04-15T08:31:39.123+0000] {taskinstance.py:732} INFO - ::endgroup::
[2026-04-15T08:31:39.141+0000] {subprocess.py:78} INFO - Tmp dir root location: /tmp
[2026-04-15T08:31:39.141+0000] {subprocess.py:88} INFO - Running command: ['/usr/bin/bash', '-c', 'dbt run']
[2026-04-15T08:31:39.153+0000] {subprocess.py:99} INFO - Output:
[2026-04-15T08:31:43.397+0000] {subprocess.py:106} INFO - [0m08:31:43  Running with dbt=1.7.0
[2026-04-15T08:31:43.793+0000] {subprocess.py:106} INFO - [0m08:31:43  Registered adapter: clickhouse=1.7.0
[2026-04-15T08:31:45.096+0000] {subprocess.py:106} INFO - [0m08:31:45  [[33mWARNING[0m]: Configuration paths exist in your dbt_project.yml file which do not apply to any resources.
[2026-04-15T08:31:45.097+0000] {subprocess.py:106} INFO - There are 1 unused configuration paths:
[2026-04-15T08:31:45.098+0000] {subprocess.py:106} INFO - - models.clickhouse_etl.raw
[2026-04-15T08:31:45.137+0000] {subprocess.py:106} INFO - [0m08:31:45  Found 11 models, 15 tests, 4 sources, 0 exposures, 0 metrics, 537 macros, 0 groups, 0 semantic models
[2026-04-15T08:31:45.141+0000] {subprocess.py:106} INFO - [0m08:31:45
[2026-04-15T08:31:45.573+0000] {subprocess.py:106} INFO - [0m08:31:45  Concurrency: 1 threads (target='dev')
[2026-04-15T08:31:45.574+0000] {subprocess.py:106} INFO - [0m08:31:45
[2026-04-15T08:31:45.588+0000] {subprocess.py:106} INFO - [0m08:31:45  1 of 11 START sql incremental model `ods_ods`.`browser_data` ................... [RUN]
[2026-04-15T08:31:45.619+0000] {subprocess.py:106} INFO - [0m08:31:45  1 of 11 ERROR creating sql incremental model `ods_ods`.`browser_data` .......... [[31mERROR[0m in 0.03s]
[2026-04-15T08:31:45.623+0000] {subprocess.py:106} INFO - [0m08:31:45  2 of 11 START sql incremental model `ods_ods`.`device_data` .................... [RUN]
[2026-04-15T08:31:45.636+0000] {subprocess.py:106} INFO - [0m08:31:45  2 of 11 ERROR creating sql incremental model `ods_ods`.`device_data` ........... [[31mERROR[0m in 0.01s]
[2026-04-15T08:31:45.639+0000] {subprocess.py:106} INFO - [0m08:31:45  3 of 11 START sql incremental model `ods_ods`.`geo_data` ....................... [RUN]
[2026-04-15T08:31:45.651+0000] {subprocess.py:106} INFO - [0m08:31:45  3 of 11 ERROR creating sql incremental model `ods_ods`.`geo_data` .............. [[31mERROR[0m in 0.01s]
[2026-04-15T08:31:45.654+0000] {subprocess.py:106} INFO - [0m08:31:45  4 of 11 START sql incremental model `ods_ods`.`location_data` .................. [RUN]
[2026-04-15T08:31:45.667+0000] {subprocess.py:106} INFO - [0m08:31:45  4 of 11 ERROR creating sql incremental model `ods_ods`.`location_data` ......... [[31mERROR[0m in 0.01s]
[2026-04-15T08:31:45.670+0000] {subprocess.py:106} INFO - [0m08:31:45  5 of 11 SKIP relation ods_dds.dds_browser ...................................... [[33mSKIP[0m]
[2026-04-15T08:31:45.673+0000] {subprocess.py:106} INFO - [0m08:31:45  6 of 11 SKIP relation ods_dds.dds_device ....................................... [[33mSKIP[0m]
[2026-04-15T08:31:45.676+0000] {subprocess.py:106} INFO - [0m08:31:45  7 of 11 SKIP relation ods_dds.dds_fct_click .................................... [[33mSKIP[0m]
[2026-04-15T08:31:45.678+0000] {subprocess.py:106} INFO - [0m08:31:45  8 of 11 SKIP relation ods_dds.dds_geo .......................................... [[33mSKIP[0m]
[2026-04-15T08:31:45.681+0000] {subprocess.py:106} INFO - [0m08:31:45  9 of 11 SKIP relation ods_dds.dds_location ..................................... [[33mSKIP[0m]
[2026-04-15T08:31:45.684+0000] {subprocess.py:106} INFO - [0m08:31:45  10 of 11 SKIP relation ods_dm.dm_dashboard ..................................... [[33mSKIP[0m]
[2026-04-15T08:31:45.686+0000] {subprocess.py:106} INFO - [0m08:31:45  11 of 11 SKIP relation ods_dm.dm_dashboard_recent_data ......................... [[33mSKIP[0m]
[2026-04-15T08:31:45.692+0000] {subprocess.py:106} INFO - [0m08:31:45
[2026-04-15T08:31:45.693+0000] {subprocess.py:106} INFO - [0m08:31:45  Finished running 10 incremental models, 1 view model in 0 hours 0 minutes and 0.55 seconds (0.55s).
[2026-04-15T08:31:45.726+0000] {subprocess.py:106} INFO - [0m08:31:45
[2026-04-15T08:31:45.728+0000] {subprocess.py:106} INFO - [0m08:31:45  [31mCompleted with 4 errors and 0 warnings:[0m
[2026-04-15T08:31:45.729+0000] {subprocess.py:106} INFO - [0m08:31:45
[2026-04-15T08:31:45.730+0000] {subprocess.py:106} INFO - [0m08:31:45    Compilation Error in model ods_browser (models/ods/ods_browser.sql)
[2026-04-15T08:31:45.730+0000] {subprocess.py:106} INFO -   not all arguments converted during string formatting
[2026-04-15T08:31:45.731+0000] {subprocess.py:106} INFO - [0m08:31:45
[2026-04-15T08:31:45.732+0000] {subprocess.py:106} INFO - [0m08:31:45    Compilation Error in model ods_device (models/ods/ods_device.sql)
[2026-04-15T08:31:45.733+0000] {subprocess.py:106} INFO -   not all arguments converted during string formatting
[2026-04-15T08:31:45.733+0000] {subprocess.py:106} INFO - [0m08:31:45
[2026-04-15T08:31:45.734+0000] {subprocess.py:106} INFO - [0m08:31:45    Compilation Error in model ods_geo (models/ods/ods_geo.sql)
[2026-04-15T08:31:45.736+0000] {subprocess.py:106} INFO -   not all arguments converted during string formatting
[2026-04-15T08:31:45.737+0000] {subprocess.py:106} INFO - [0m08:31:45
[2026-04-15T08:31:45.738+0000] {subprocess.py:106} INFO - [0m08:31:45    Compilation Error in model ods_location (models/ods/ods_location.sql)
[2026-04-15T08:31:45.739+0000] {subprocess.py:106} INFO -   not all arguments converted during string formatting
[2026-04-15T08:31:45.740+0000] {subprocess.py:106} INFO - [0m08:31:45
[2026-04-15T08:31:45.742+0000] {subprocess.py:106} INFO - [0m08:31:45  Done. PASS=0 WARN=0 ERROR=4 SKIP=7 TOTAL=11
[2026-04-15T08:31:46.771+0000] {subprocess.py:110} INFO - Command exited with return code 1
[2026-04-15T08:31:46.786+0000] {taskinstance.py:3313} ERROR - Task failed with exception
Traceback (most recent call last):
  File "/home/airflow/.local/lib/python3.12/site-packages/airflow/models/taskinstance.py", line 768, in _execute_task
    result = _execute_callable(context=context, **execute_callable_kwargs)
             ^^^^^^^^^^^^^^^^^^^^^^^^^^^^^^^^^^^^^^^^^^^^^^^^^^^^^^^^^^^^^
  File "/home/airflow/.local/lib/python3.12/site-packages/airflow/models/taskinstance.py", line 734, in _execute_callable
    return ExecutionCallableRunner(
           ^^^^^^^^^^^^^^^^^^^^^^^^
  File "/home/airflow/.local/lib/python3.12/site-packages/airflow/utils/operator_helpers.py", line 252, in run
    return self.func(*args, **kwargs)
           ^^^^^^^^^^^^^^^^^^^^^^^^^^
  File "/home/airflow/.local/lib/python3.12/site-packages/airflow/models/baseoperator.py", line 424, in wrapper
    return func(self, *args, **kwargs)
           ^^^^^^^^^^^^^^^^^^^^^^^^^^^
  File "/home/airflow/.local/lib/python3.12/site-packages/airflow/operators/bash.py", line 276, in execute
    raise AirflowException(
airflow.exceptions.AirflowException: Bash command failed. The command returned a non-zero exit code 1.
[2026-04-15T08:31:46.792+0000] {taskinstance.py:1226} INFO - Marking task as FAILED. dag_id=layers_update, task_id=run_dbt, run_id=manual__2026-04-15T08:31:37.783261+00:00, execution_date=20260415T083137, start_date=20260415T083138, end_date=20260415T083146
[2026-04-15T08:31:46.828+0000] {taskinstance.py:341} INFO - ::group::Post task execution logs
[2026-04-15T08:31:46.829+0000] {standard_task_runner.py:124} ERROR - Failed to execute job 8 for task run_dbt (Bash command failed. The command returned a non-zero exit code 1.; 96)
Traceback (most recent call last):
  File "/home/airflow/.local/lib/python3.12/site-packages/airflow/task/task_runner/standard_task_runner.py", line 117, in _start_by_fork
    ret = args.func(args, dag=self.dag)
          ^^^^^^^^^^^^^^^^^^^^^^^^^^^^^
  File "/home/airflow/.local/lib/python3.12/site-packages/airflow/cli/cli_config.py", line 49, in command
    return func(*args, **kwargs)
           ^^^^^^^^^^^^^^^^^^^^^
  File "/home/airflow/.local/lib/python3.12/site-packages/airflow/utils/cli.py", line 116, in wrapper
    return f(*args, **kwargs)
           ^^^^^^^^^^^^^^^^^^
  File "/home/airflow/.local/lib/python3.12/site-packages/airflow/cli/commands/task_command.py", line 483, in task_run
    task_return_code = _run_task_by_selected_method(args, _dag, ti)
                       ^^^^^^^^^^^^^^^^^^^^^^^^^^^^^^^^^^^^^^^^^^^^
  File "/home/airflow/.local/lib/python3.12/site-packages/airflow/cli/commands/task_command.py", line 256, in _run_task_by_selected_method
    return _run_raw_task(args, ti)
           ^^^^^^^^^^^^^^^^^^^^^^^
  File "/home/airflow/.local/lib/python3.12/site-packages/airflow/cli/commands/task_command.py", line 341, in _run_raw_task
    return ti._run_raw_task(
           ^^^^^^^^^^^^^^^^^
  File "/home/airflow/.local/lib/python3.12/site-packages/airflow/utils/session.py", line 97, in wrapper
    return func(*args, session=session, **kwargs)
           ^^^^^^^^^^^^^^^^^^^^^^^^^^^^^^^^^^^^^^
  File "/home/airflow/.local/lib/python3.12/site-packages/airflow/models/taskinstance.py", line 3006, in _run_raw_task
    return _run_raw_task(
           ^^^^^^^^^^^^^^
  File "/home/airflow/.local/lib/python3.12/site-packages/airflow/models/taskinstance.py", line 274, in _run_raw_task
    TaskInstance._execute_task_with_callbacks(
  File "/home/airflow/.local/lib/python3.12/site-packages/airflow/models/taskinstance.py", line 3161, in _execute_task_with_callbacks
    result = self._execute_task(context, task_orig)
             ^^^^^^^^^^^^^^^^^^^^^^^^^^^^^^^^^^^^^^
  File "/home/airflow/.local/lib/python3.12/site-packages/airflow/models/taskinstance.py", line 3185, in _execute_task
    return _execute_task(self, context, task_orig)
           ^^^^^^^^^^^^^^^^^^^^^^^^^^^^^^^^^^^^^^^
  File "/home/airflow/.local/lib/python3.12/site-packages/airflow/models/taskinstance.py", line 768, in _execute_task
    result = _execute_callable(context=context, **execute_callable_kwargs)
             ^^^^^^^^^^^^^^^^^^^^^^^^^^^^^^^^^^^^^^^^^^^^^^^^^^^^^^^^^^^^^
  File "/home/airflow/.local/lib/python3.12/site-packages/airflow/models/taskinstance.py", line 734, in _execute_callable
    return ExecutionCallableRunner(
           ^^^^^^^^^^^^^^^^^^^^^^^^
  File "/home/airflow/.local/lib/python3.12/site-packages/airflow/utils/operator_helpers.py", line 252, in run
    return self.func(*args, **kwargs)
           ^^^^^^^^^^^^^^^^^^^^^^^^^^
  File "/home/airflow/.local/lib/python3.12/site-packages/airflow/models/baseoperator.py", line 424, in wrapper
    return func(self, *args, **kwargs)
           ^^^^^^^^^^^^^^^^^^^^^^^^^^^
  File "/home/airflow/.local/lib/python3.12/site-packages/airflow/operators/bash.py", line 276, in execute
    raise AirflowException(
airflow.exceptions.AirflowException: Bash command failed. The command returned a non-zero exit code 1.
[2026-04-15T08:31:46.844+0000] {local_task_job_runner.py:266} INFO - Task exited with return code 1
[2026-04-15T08:31:46.874+0000] {taskinstance.py:3901} INFO - 0 downstream tasks scheduled from follow-on schedule check
[2026-04-15T08:31:46.880+0000] {local_task_job_runner.py:245} INFO - ::endgroup::
