[2026-04-12T14:24:39.260+0000] {local_task_job_runner.py:123} INFO - ::group::Pre task execution logs
[2026-04-12T14:24:39.290+0000] {taskinstance.py:2614} INFO - Dependencies all met for dep_context=non-requeueable deps ti=<TaskInstance: kafka_producer.send_jsonl_to_kafka scheduled__2026-04-08T18:30:00+00:00 [queued]>
[2026-04-12T14:24:39.305+0000] {taskinstance.py:2614} INFO - Dependencies all met for dep_context=requeueable deps ti=<TaskInstance: kafka_producer.send_jsonl_to_kafka scheduled__2026-04-08T18:30:00+00:00 [queued]>
[2026-04-12T14:24:39.306+0000] {taskinstance.py:2867} INFO - Starting attempt 1 of 1
[2026-04-12T14:24:39.330+0000] {taskinstance.py:2890} INFO - Executing <Task(PythonOperator): send_jsonl_to_kafka> on 2026-04-08 18:30:00+00:00
[2026-04-12T14:24:39.339+0000] {warnings.py:112} WARNING - /home/***/.local/lib/python3.12/site-packages/***/task/task_runner/standard_task_runner.py:70: DeprecationWarning: This process (pid=49) is multi-threaded, use of fork() may lead to deadlocks in the child.
  pid = os.fork()

[2026-04-12T14:24:39.342+0000] {standard_task_runner.py:72} INFO - Started process 51 to run task
[2026-04-12T14:24:39.342+0000] {standard_task_runner.py:104} INFO - Running: ['***', 'tasks', 'run', 'kafka_producer', 'send_jsonl_to_kafka', 'scheduled__2026-04-08T18:30:00+00:00', '--job-id', '81', '--raw', '--subdir', 'DAGS_FOLDER/kafka_load.py', '--cfg-path', '/tmp/tmp88b3hthu']
[2026-04-12T14:24:39.344+0000] {standard_task_runner.py:105} INFO - Job 81: Subtask send_jsonl_to_kafka
[2026-04-12T14:24:39.429+0000] {task_command.py:467} INFO - Running <TaskInstance: kafka_producer.send_jsonl_to_kafka scheduled__2026-04-08T18:30:00+00:00 [running]> on host f2c35b35aafb
[2026-04-12T14:24:39.564+0000] {taskinstance.py:3134} INFO - Exporting env vars: AIRFLOW_CTX_DAG_OWNER='***' AIRFLOW_CTX_DAG_ID='kafka_producer' AIRFLOW_CTX_TASK_ID='send_jsonl_to_kafka' AIRFLOW_CTX_EXECUTION_DATE='2026-04-08T18:30:00+00:00' AIRFLOW_CTX_TRY_NUMBER='1' AIRFLOW_CTX_DAG_RUN_ID='scheduled__2026-04-08T18:30:00+00:00'
[2026-04-12T14:24:39.565+0000] {taskinstance.py:732} INFO - ::endgroup::
[2026-04-12T14:24:39.633+0000] {kafka_load.py:28} INFO - Обрабатывается файл: browser_events.jsonl
[2026-04-12T14:24:39.642+0000] {kafka_load.py:40} INFO - Отправлено 100 сообщений
[2026-04-12T14:24:39.646+0000] {kafka_load.py:40} INFO - Отправлено 200 сообщений
[2026-04-12T14:24:39.656+0000] {kafka_load.py:40} INFO - Отправлено 300 сообщений
[2026-04-12T14:24:39.662+0000] {kafka_load.py:40} INFO - Отправлено 400 сообщений
[2026-04-12T14:24:39.676+0000] {kafka_load.py:40} INFO - Отправлено 500 сообщений
[2026-04-12T14:24:39.686+0000] {kafka_load.py:40} INFO - Отправлено 600 сообщений
[2026-04-12T14:24:39.706+0000] {kafka_load.py:40} INFO - Отправлено 700 сообщений
[2026-04-12T14:24:39.720+0000] {kafka_load.py:40} INFO - Отправлено 800 сообщений
[2026-04-12T14:24:39.734+0000] {kafka_load.py:40} INFO - Отправлено 900 сообщений
[2026-04-12T14:24:39.740+0000] {kafka_load.py:40} INFO - Отправлено 1000 сообщений
[2026-04-12T14:24:39.746+0000] {kafka_load.py:51} INFO - Обработка файла browser_events.jsonl завершена
[2026-04-12T14:24:39.749+0000] {kafka_load.py:28} INFO - Обрабатывается файл: device_events.jsonl
[2026-04-12T14:24:39.757+0000] {kafka_load.py:40} INFO - Отправлено 100 сообщений
[2026-04-12T14:24:39.765+0000] {kafka_load.py:40} INFO - Отправлено 200 сообщений
[2026-04-12T14:24:39.768+0000] {kafka_load.py:40} INFO - Отправлено 300 сообщений
[2026-04-12T14:24:39.771+0000] {kafka_load.py:40} INFO - Отправлено 400 сообщений
[2026-04-12T14:24:39.773+0000] {kafka_load.py:40} INFO - Отправлено 500 сообщений
[2026-04-12T14:24:39.776+0000] {kafka_load.py:40} INFO - Отправлено 600 сообщений
[2026-04-12T14:24:39.778+0000] {kafka_load.py:40} INFO - Отправлено 700 сообщений
[2026-04-12T14:24:39.788+0000] {kafka_load.py:40} INFO - Отправлено 800 сообщений
[2026-04-12T14:24:39.792+0000] {kafka_load.py:40} INFO - Отправлено 900 сообщений
[2026-04-12T14:24:39.804+0000] {kafka_load.py:40} INFO - Отправлено 1000 сообщений
[2026-04-12T14:24:39.814+0000] {kafka_load.py:51} INFO - Обработка файла device_events.jsonl завершена
[2026-04-12T14:24:39.824+0000] {kafka_load.py:28} INFO - Обрабатывается файл: geo_events.jsonl
[2026-04-12T14:24:39.832+0000] {kafka_load.py:40} INFO - Отправлено 100 сообщений
[2026-04-12T14:24:39.865+0000] {kafka_load.py:40} INFO - Отправлено 200 сообщений
[2026-04-12T14:24:39.879+0000] {kafka_load.py:40} INFO - Отправлено 300 сообщений
[2026-04-12T14:24:39.884+0000] {kafka_load.py:40} INFO - Отправлено 400 сообщений
[2026-04-12T14:24:39.897+0000] {kafka_load.py:40} INFO - Отправлено 500 сообщений
[2026-04-12T14:24:39.904+0000] {kafka_load.py:40} INFO - Отправлено 600 сообщений
[2026-04-12T14:24:39.909+0000] {kafka_load.py:40} INFO - Отправлено 700 сообщений
[2026-04-12T14:24:39.914+0000] {kafka_load.py:40} INFO - Отправлено 800 сообщений
[2026-04-12T14:24:39.926+0000] {kafka_load.py:40} INFO - Отправлено 900 сообщений
[2026-04-12T14:24:39.931+0000] {kafka_load.py:40} INFO - Отправлено 1000 сообщений
[2026-04-12T14:24:39.933+0000] {kafka_load.py:51} INFO - Обработка файла geo_events.jsonl завершена
[2026-04-12T14:24:39.934+0000] {kafka_load.py:28} INFO - Обрабатывается файл: location_events.jsonl
[2026-04-12T14:24:39.947+0000] {kafka_load.py:40} INFO - Отправлено 100 сообщений
[2026-04-12T14:24:39.951+0000] {kafka_load.py:40} INFO - Отправлено 200 сообщений
[2026-04-12T14:24:39.961+0000] {kafka_load.py:40} INFO - Отправлено 300 сообщений
[2026-04-12T14:24:39.972+0000] {kafka_load.py:40} INFO - Отправлено 400 сообщений
[2026-04-12T14:24:39.983+0000] {kafka_load.py:40} INFO - Отправлено 500 сообщений
[2026-04-12T14:24:39.988+0000] {kafka_load.py:40} INFO - Отправлено 600 сообщений
[2026-04-12T14:24:39.993+0000] {kafka_load.py:40} INFO - Отправлено 700 сообщений
[2026-04-12T14:24:40.001+0000] {kafka_load.py:40} INFO - Отправлено 800 сообщений
[2026-04-12T14:24:40.006+0000] {kafka_load.py:40} INFO - Отправлено 900 сообщений
[2026-04-12T14:24:40.013+0000] {kafka_load.py:40} INFO - Отправлено 1000 сообщений
[2026-04-12T14:24:40.014+0000] {kafka_load.py:51} INFO - Обработка файла location_events.jsonl завершена
[2026-04-12T14:24:40.103+0000] {kafka_load.py:54} INFO - Обработка файлов успешно завершена
[2026-04-12T14:24:40.105+0000] {python.py:240} INFO - Done. Returned value was: None
[2026-04-12T14:24:40.143+0000] {taskinstance.py:341} INFO - ::group::Post task execution logs
[2026-04-12T14:24:40.144+0000] {taskinstance.py:353} INFO - Marking task as SUCCESS. dag_id=kafka_producer, task_id=send_jsonl_to_kafka, run_id=scheduled__2026-04-08T18:30:00+00:00, execution_date=20260408T183000, start_date=20260412T142439, end_date=20260412T142440
[2026-04-12T14:24:40.298+0000] {local_task_job_runner.py:266} INFO - Task exited with return code 0
[2026-04-12T14:24:40.341+0000] {taskinstance.py:3901} INFO - 1 downstream tasks scheduled from follow-on schedule check
[2026-04-12T14:24:40.351+0000] {local_task_job_runner.py:245} INFO - ::endgroup::
