[2026-04-15T17:16:44.947+0000] {local_task_job_runner.py:123} INFO - ::group::Pre task execution logs
[2026-04-15T17:16:44.970+0000] {taskinstance.py:2614} INFO - Dependencies all met for dep_context=non-requeueable deps ti=<TaskInstance: kafka_producer.send_jsonl_to_kafka manual__2026-04-15T17:16:43.520403+00:00 [queued]>
[2026-04-15T17:16:44.980+0000] {taskinstance.py:2614} INFO - Dependencies all met for dep_context=requeueable deps ti=<TaskInstance: kafka_producer.send_jsonl_to_kafka manual__2026-04-15T17:16:43.520403+00:00 [queued]>
[2026-04-15T17:16:44.981+0000] {taskinstance.py:2867} INFO - Starting attempt 1 of 1
[2026-04-15T17:16:45.003+0000] {taskinstance.py:2890} INFO - Executing <Task(PythonOperator): send_jsonl_to_kafka> on 2026-04-15 17:16:43.520403+00:00
[2026-04-15T17:16:45.012+0000] {warnings.py:112} WARNING - /home/***/.local/lib/python3.12/site-packages/***/task/task_runner/standard_task_runner.py:70: DeprecationWarning: This process (pid=117) is multi-threaded, use of fork() may lead to deadlocks in the child.
  pid = os.fork()

[2026-04-15T17:16:45.015+0000] {standard_task_runner.py:72} INFO - Started process 118 to run task
[2026-04-15T17:16:45.015+0000] {standard_task_runner.py:104} INFO - Running: ['***', 'tasks', 'run', 'kafka_producer', 'send_jsonl_to_kafka', 'manual__2026-04-15T17:16:43.520403+00:00', '--job-id', '12', '--raw', '--subdir', 'DAGS_FOLDER/kafka_load.py', '--cfg-path', '/tmp/tmp9mqyi6sn']
[2026-04-15T17:16:45.017+0000] {standard_task_runner.py:105} INFO - Job 12: Subtask send_jsonl_to_kafka
[2026-04-15T17:16:45.089+0000] {task_command.py:467} INFO - Running <TaskInstance: kafka_producer.send_jsonl_to_kafka manual__2026-04-15T17:16:43.520403+00:00 [running]> on host bfdc81498a94
[2026-04-15T17:16:45.209+0000] {taskinstance.py:3134} INFO - Exporting env vars: AIRFLOW_CTX_DAG_OWNER='***' AIRFLOW_CTX_DAG_ID='kafka_producer' AIRFLOW_CTX_TASK_ID='send_jsonl_to_kafka' AIRFLOW_CTX_EXECUTION_DATE='2026-04-15T17:16:43.520403+00:00' AIRFLOW_CTX_TRY_NUMBER='1' AIRFLOW_CTX_DAG_RUN_ID='manual__2026-04-15T17:16:43.520403+00:00'
[2026-04-15T17:16:45.210+0000] {taskinstance.py:732} INFO - ::endgroup::
[2026-04-15T17:16:45.245+0000] {kafka_load.py:28} INFO - Обрабатывается файл: browser_events.jsonl
[2026-04-15T17:16:45.253+0000] {kafka_load.py:40} INFO - Отправлено 100 сообщений
[2026-04-15T17:16:45.256+0000] {kafka_load.py:40} INFO - Отправлено 200 сообщений
[2026-04-15T17:16:45.260+0000] {kafka_load.py:40} INFO - Отправлено 300 сообщений
[2026-04-15T17:16:45.262+0000] {kafka_load.py:40} INFO - Отправлено 400 сообщений
[2026-04-15T17:16:45.265+0000] {kafka_load.py:40} INFO - Отправлено 500 сообщений
[2026-04-15T17:16:45.271+0000] {kafka_load.py:40} INFO - Отправлено 600 сообщений
[2026-04-15T17:16:45.274+0000] {kafka_load.py:40} INFO - Отправлено 700 сообщений
[2026-04-15T17:16:45.277+0000] {kafka_load.py:40} INFO - Отправлено 800 сообщений
[2026-04-15T17:16:45.280+0000] {kafka_load.py:40} INFO - Отправлено 900 сообщений
[2026-04-15T17:16:45.284+0000] {kafka_load.py:40} INFO - Отправлено 1000 сообщений
[2026-04-15T17:16:45.286+0000] {kafka_load.py:53} INFO - Обработка файла browser_events.jsonl завершена
[2026-04-15T17:16:45.287+0000] {kafka_load.py:28} INFO - Обрабатывается файл: device_events.jsonl
[2026-04-15T17:16:45.291+0000] {kafka_load.py:40} INFO - Отправлено 100 сообщений
[2026-04-15T17:16:45.293+0000] {kafka_load.py:40} INFO - Отправлено 200 сообщений
[2026-04-15T17:16:45.296+0000] {kafka_load.py:40} INFO - Отправлено 300 сообщений
[2026-04-15T17:16:45.305+0000] {kafka_load.py:40} INFO - Отправлено 400 сообщений
[2026-04-15T17:16:45.308+0000] {kafka_load.py:40} INFO - Отправлено 500 сообщений
[2026-04-15T17:16:45.312+0000] {kafka_load.py:40} INFO - Отправлено 600 сообщений
[2026-04-15T17:16:45.317+0000] {kafka_load.py:40} INFO - Отправлено 700 сообщений
[2026-04-15T17:16:45.322+0000] {kafka_load.py:40} INFO - Отправлено 800 сообщений
[2026-04-15T17:16:45.325+0000] {kafka_load.py:40} INFO - Отправлено 900 сообщений
[2026-04-15T17:16:45.328+0000] {kafka_load.py:40} INFO - Отправлено 1000 сообщений
[2026-04-15T17:16:45.330+0000] {kafka_load.py:42} ERROR - Ошибка JSON в строке: 1001: Expecting ':' delimiter: line 1 column 19 (char 18)
[2026-04-15T17:16:45.336+0000] {kafka_load.py:53} INFO - Обработка файла device_events.jsonl завершена
[2026-04-15T17:16:45.337+0000] {kafka_load.py:28} INFO - Обрабатывается файл: geo_events.jsonl
[2026-04-15T17:16:45.341+0000] {kafka_load.py:40} INFO - Отправлено 100 сообщений
[2026-04-15T17:16:45.343+0000] {kafka_load.py:40} INFO - Отправлено 200 сообщений
[2026-04-15T17:16:45.347+0000] {kafka_load.py:40} INFO - Отправлено 300 сообщений
[2026-04-15T17:16:45.349+0000] {kafka_load.py:40} INFO - Отправлено 400 сообщений
[2026-04-15T17:16:45.354+0000] {kafka_load.py:40} INFO - Отправлено 500 сообщений
[2026-04-15T17:16:45.357+0000] {kafka_load.py:40} INFO - Отправлено 600 сообщений
[2026-04-15T17:16:45.359+0000] {kafka_load.py:40} INFO - Отправлено 700 сообщений
[2026-04-15T17:16:45.362+0000] {kafka_load.py:40} INFO - Отправлено 800 сообщений
[2026-04-15T17:16:45.366+0000] {kafka_load.py:40} INFO - Отправлено 900 сообщений
[2026-04-15T17:16:45.369+0000] {kafka_load.py:40} INFO - Отправлено 1000 сообщений
[2026-04-15T17:16:45.370+0000] {kafka_load.py:53} INFO - Обработка файла geo_events.jsonl завершена
[2026-04-15T17:16:45.371+0000] {kafka_load.py:28} INFO - Обрабатывается файл: location_events.jsonl
[2026-04-15T17:16:45.378+0000] {kafka_load.py:40} INFO - Отправлено 100 сообщений
[2026-04-15T17:16:45.380+0000] {kafka_load.py:40} INFO - Отправлено 200 сообщений
[2026-04-15T17:16:45.384+0000] {kafka_load.py:40} INFO - Отправлено 300 сообщений
[2026-04-15T17:16:45.388+0000] {kafka_load.py:40} INFO - Отправлено 400 сообщений
[2026-04-15T17:16:45.391+0000] {kafka_load.py:40} INFO - Отправлено 500 сообщений
[2026-04-15T17:16:45.395+0000] {kafka_load.py:40} INFO - Отправлено 600 сообщений
[2026-04-15T17:16:45.397+0000] {kafka_load.py:40} INFO - Отправлено 700 сообщений
[2026-04-15T17:16:45.400+0000] {kafka_load.py:40} INFO - Отправлено 800 сообщений
[2026-04-15T17:16:45.402+0000] {kafka_load.py:40} INFO - Отправлено 900 сообщений
[2026-04-15T17:16:45.405+0000] {kafka_load.py:40} INFO - Отправлено 1000 сообщений
[2026-04-15T17:16:45.406+0000] {kafka_load.py:53} INFO - Обработка файла location_events.jsonl завершена
[2026-04-15T17:16:45.408+0000] {kafka_load.py:56} INFO - Обработка файлов успешно завершена
[2026-04-15T17:16:45.410+0000] {python.py:240} INFO - Done. Returned value was: None
[2026-04-15T17:16:45.422+0000] {taskinstance.py:341} INFO - ::group::Post task execution logs
[2026-04-15T17:16:45.423+0000] {taskinstance.py:353} INFO - Marking task as SUCCESS. dag_id=kafka_producer, task_id=send_jsonl_to_kafka, run_id=manual__2026-04-15T17:16:43.520403+00:00, execution_date=20260415T171643, start_date=20260415T171644, end_date=20260415T171645
[2026-04-15T17:16:45.477+0000] {local_task_job_runner.py:266} INFO - Task exited with return code 0
[2026-04-15T17:16:45.507+0000] {taskinstance.py:3901} INFO - 1 downstream tasks scheduled from follow-on schedule check
[2026-04-15T17:16:45.511+0000] {local_task_job_runner.py:245} INFO - ::endgroup::
