[2026-04-21T07:31:39.318+0000] {local_task_job_runner.py:123} INFO - ::group::Pre task execution logs
[2026-04-21T07:31:39.338+0000] {taskinstance.py:2614} INFO - Dependencies all met for dep_context=non-requeueable deps ti=<TaskInstance: layers_update.run_dbt manual__2026-04-21T07:31:36.877384+00:00 [queued]>
[2026-04-21T07:31:39.350+0000] {taskinstance.py:2614} INFO - Dependencies all met for dep_context=requeueable deps ti=<TaskInstance: layers_update.run_dbt manual__2026-04-21T07:31:36.877384+00:00 [queued]>
[2026-04-21T07:31:39.351+0000] {taskinstance.py:2867} INFO - Starting attempt 1 of 1
[2026-04-21T07:31:39.371+0000] {taskinstance.py:2890} INFO - Executing <Task(BashOperator): run_dbt> on 2026-04-21 07:31:36.877384+00:00
[2026-04-21T07:31:39.378+0000] {warnings.py:112} WARNING - /home/***/.local/lib/python3.12/site-packages/***/task/task_runner/standard_task_runner.py:70: DeprecationWarning: This process (pid=191) is multi-threaded, use of fork() may lead to deadlocks in the child.
  pid = os.fork()

[2026-04-21T07:31:39.382+0000] {standard_task_runner.py:72} INFO - Started process 192 to run task
[2026-04-21T07:31:39.382+0000] {standard_task_runner.py:104} INFO - Running: ['***', 'tasks', 'run', 'layers_update', 'run_dbt', 'manual__2026-04-21T07:31:36.877384+00:00', '--job-id', '24', '--raw', '--subdir', 'DAGS_FOLDER/layers_update.py', '--cfg-path', '/tmp/tmpk5g7ohb2']
[2026-04-21T07:31:39.384+0000] {standard_task_runner.py:105} INFO - Job 24: Subtask run_dbt
[2026-04-21T07:31:39.446+0000] {task_command.py:467} INFO - Running <TaskInstance: layers_update.run_dbt manual__2026-04-21T07:31:36.877384+00:00 [running]> on host 102489dc19a9
[2026-04-21T07:31:39.557+0000] {taskinstance.py:3134} INFO - Exporting env vars: AIRFLOW_CTX_DAG_OWNER='***' AIRFLOW_CTX_DAG_ID='layers_update' AIRFLOW_CTX_TASK_ID='run_dbt' AIRFLOW_CTX_EXECUTION_DATE='2026-04-21T07:31:36.877384+00:00' AIRFLOW_CTX_TRY_NUMBER='1' AIRFLOW_CTX_DAG_RUN_ID='manual__2026-04-21T07:31:36.877384+00:00'
[2026-04-21T07:31:39.558+0000] {taskinstance.py:732} INFO - ::endgroup::
[2026-04-21T07:31:39.576+0000] {subprocess.py:78} INFO - Tmp dir root location: /tmp
[2026-04-21T07:31:39.577+0000] {subprocess.py:88} INFO - Running command: ['/usr/bin/bash', '-c', 'dbt run']
[2026-04-21T07:31:39.592+0000] {subprocess.py:99} INFO - Output:
[2026-04-21T07:31:43.203+0000] {subprocess.py:106} INFO - [0m07:31:43  Running with dbt=1.7.0
[2026-04-21T07:31:43.621+0000] {subprocess.py:106} INFO - [0m07:31:43  Registered adapter: clickhouse=1.7.0
[2026-04-21T07:31:44.791+0000] {subprocess.py:106} INFO - [0m07:31:44  [[33mWARNING[0m]: Configuration paths exist in your dbt_project.yml file which do not apply to any resources.
[2026-04-21T07:31:44.792+0000] {subprocess.py:106} INFO - There are 1 unused configuration paths:
[2026-04-21T07:31:44.793+0000] {subprocess.py:106} INFO - - models.clickhouse_etl.raw
[2026-04-21T07:31:44.837+0000] {subprocess.py:106} INFO - [0m07:31:44  Found 11 models, 15 tests, 4 sources, 0 exposures, 0 metrics, 538 macros, 0 groups, 0 semantic models
[2026-04-21T07:31:44.841+0000] {subprocess.py:106} INFO - [0m07:31:44
[2026-04-21T07:31:45.311+0000] {subprocess.py:106} INFO - [0m07:31:45  Concurrency: 1 threads (target='dev')
[2026-04-21T07:31:45.314+0000] {subprocess.py:106} INFO - [0m07:31:45
[2026-04-21T07:31:45.326+0000] {subprocess.py:106} INFO - [0m07:31:45  1 of 11 START sql incremental model `ods`.`browser_data` ....................... [RUN]
[2026-04-21T07:31:45.628+0000] {subprocess.py:106} INFO - [0m07:31:45  1 of 11 OK created sql incremental model `ods`.`browser_data` .................. [[32mOK[0m in 0.30s]
[2026-04-21T07:31:45.633+0000] {subprocess.py:106} INFO - [0m07:31:45  2 of 11 START sql incremental model `ods`.`device_data` ........................ [RUN]
[2026-04-21T07:31:45.875+0000] {subprocess.py:106} INFO - [0m07:31:45  2 of 11 OK created sql incremental model `ods`.`device_data` ................... [[32mOK[0m in 0.24s]
[2026-04-21T07:31:45.911+0000] {subprocess.py:106} INFO - [0m07:31:45  3 of 11 START sql incremental model `ods`.`geo_data` ........................... [RUN]
[2026-04-21T07:31:46.150+0000] {subprocess.py:106} INFO - [0m07:31:46  3 of 11 OK created sql incremental model `ods`.`geo_data` ...................... [[32mOK[0m in 0.23s]
[2026-04-21T07:31:46.155+0000] {subprocess.py:106} INFO - [0m07:31:46  4 of 11 START sql incremental model `ods`.`location_data` ...................... [RUN]
[2026-04-21T07:31:46.369+0000] {subprocess.py:106} INFO - [0m07:31:46  4 of 11 OK created sql incremental model `ods`.`location_data` ................. [[32mOK[0m in 0.21s]
[2026-04-21T07:31:46.375+0000] {subprocess.py:106} INFO - [0m07:31:46  5 of 11 START sql incremental model `dds`.`dim_browser` ........................ [RUN]
[2026-04-21T07:31:46.588+0000] {subprocess.py:106} INFO - [0m07:31:46  5 of 11 OK created sql incremental model `dds`.`dim_browser` ................... [[32mOK[0m in 0.21s]
[2026-04-21T07:31:46.595+0000] {subprocess.py:106} INFO - [0m07:31:46  6 of 11 START sql incremental model `dds`.`dim_device` ......................... [RUN]
[2026-04-21T07:31:46.813+0000] {subprocess.py:106} INFO - [0m07:31:46  6 of 11 OK created sql incremental model `dds`.`dim_device` .................... [[32mOK[0m in 0.22s]
[2026-04-21T07:31:46.816+0000] {subprocess.py:106} INFO - [0m07:31:46  7 of 11 START sql incremental model `dds`.`fct_click` .......................... [RUN]
[2026-04-21T07:31:47.037+0000] {subprocess.py:106} INFO - [0m07:31:47  7 of 11 OK created sql incremental model `dds`.`fct_click` ..................... [[32mOK[0m in 0.22s]
[2026-04-21T07:31:47.040+0000] {subprocess.py:106} INFO - [0m07:31:47  8 of 11 START sql incremental model `dds`.`dim_geo` ............................ [RUN]
[2026-04-21T07:31:47.240+0000] {subprocess.py:106} INFO - [0m07:31:47  8 of 11 OK created sql incremental model `dds`.`dim_geo` ....................... [[32mOK[0m in 0.20s]
[2026-04-21T07:31:47.244+0000] {subprocess.py:106} INFO - [0m07:31:47  9 of 11 START sql incremental model `dds`.`dim_location` ....................... [RUN]
[2026-04-21T07:31:47.442+0000] {subprocess.py:106} INFO - [0m07:31:47  9 of 11 OK created sql incremental model `dds`.`dim_location` .................. [[32mOK[0m in 0.20s]
[2026-04-21T07:31:47.446+0000] {subprocess.py:106} INFO - [0m07:31:47  10 of 11 START sql incremental model `dm`.`dashboard` .......................... [RUN]
[2026-04-21T07:31:47.688+0000] {subprocess.py:106} INFO - [0m07:31:47  10 of 11 OK created sql incremental model `dm`.`dashboard` ..................... [[32mOK[0m in 0.24s]
[2026-04-21T07:31:47.693+0000] {subprocess.py:106} INFO - [0m07:31:47  11 of 11 START sql view model `dm`.`dashboard_recent_data` ..................... [RUN]
[2026-04-21T07:31:47.877+0000] {subprocess.py:106} INFO - [0m07:31:47  11 of 11 OK created sql view model `dm`.`dashboard_recent_data` ................ [[32mOK[0m in 0.18s]
[2026-04-21T07:31:47.884+0000] {subprocess.py:106} INFO - [0m07:31:47
[2026-04-21T07:31:47.885+0000] {subprocess.py:106} INFO - [0m07:31:47  Finished running 10 incremental models, 1 view model in 0 hours 0 minutes and 3.04 seconds (3.04s).
[2026-04-21T07:31:47.916+0000] {subprocess.py:106} INFO - [0m07:31:47
[2026-04-21T07:31:47.917+0000] {subprocess.py:106} INFO - [0m07:31:47  [32mCompleted successfully[0m
[2026-04-21T07:31:47.918+0000] {subprocess.py:106} INFO - [0m07:31:47
[2026-04-21T07:31:47.919+0000] {subprocess.py:106} INFO - [0m07:31:47  Done. PASS=11 WARN=0 ERROR=0 SKIP=0 TOTAL=11
[2026-04-21T07:31:49.044+0000] {subprocess.py:110} INFO - Command exited with return code 0
[2026-04-21T07:31:49.084+0000] {taskinstance.py:341} INFO - ::group::Post task execution logs
[2026-04-21T07:31:49.085+0000] {taskinstance.py:353} INFO - Marking task as SUCCESS. dag_id=layers_update, task_id=run_dbt, run_id=manual__2026-04-21T07:31:36.877384+00:00, execution_date=20260421T073136, start_date=20260421T073139, end_date=20260421T073149
[2026-04-21T07:31:49.164+0000] {local_task_job_runner.py:266} INFO - Task exited with return code 0
[2026-04-21T07:31:49.191+0000] {taskinstance.py:3901} INFO - 1 downstream tasks scheduled from follow-on schedule check
[2026-04-21T07:31:49.196+0000] {local_task_job_runner.py:245} INFO - ::endgroup::
