[2026-04-15T08:07:55.651+0000] {local_task_job_runner.py:123} INFO - ::group::Pre task execution logs
[2026-04-15T08:07:55.673+0000] {taskinstance.py:2614} INFO - Dependencies all met for dep_context=non-requeueable deps ti=<TaskInstance: layers_update.run_dbt manual__2026-04-15T08:07:48.926854+00:00 [queued]>
[2026-04-15T08:07:55.685+0000] {taskinstance.py:2614} INFO - Dependencies all met for dep_context=requeueable deps ti=<TaskInstance: layers_update.run_dbt manual__2026-04-15T08:07:48.926854+00:00 [queued]>
[2026-04-15T08:07:55.686+0000] {taskinstance.py:2867} INFO - Starting attempt 1 of 1
[2026-04-15T08:07:55.705+0000] {taskinstance.py:2890} INFO - Executing <Task(BashOperator): run_dbt> on 2026-04-15 08:07:48.926854+00:00
[2026-04-15T08:07:55.714+0000] {warnings.py:112} WARNING - /home/***/.local/lib/python3.12/site-packages/***/task/task_runner/standard_task_runner.py:70: DeprecationWarning: This process (pid=59) is multi-threaded, use of fork() may lead to deadlocks in the child.
  pid = os.fork()

[2026-04-15T08:07:55.717+0000] {standard_task_runner.py:72} INFO - Started process 60 to run task
[2026-04-15T08:07:55.717+0000] {standard_task_runner.py:104} INFO - Running: ['***', 'tasks', 'run', 'layers_update', 'run_dbt', 'manual__2026-04-15T08:07:48.926854+00:00', '--job-id', '4', '--raw', '--subdir', 'DAGS_FOLDER/layers_update.py', '--cfg-path', '/tmp/tmpat490qkk']
[2026-04-15T08:07:55.719+0000] {standard_task_runner.py:105} INFO - Job 4: Subtask run_dbt
[2026-04-15T08:07:55.779+0000] {task_command.py:467} INFO - Running <TaskInstance: layers_update.run_dbt manual__2026-04-15T08:07:48.926854+00:00 [running]> on host 60f516562606
[2026-04-15T08:07:55.877+0000] {taskinstance.py:3134} INFO - Exporting env vars: AIRFLOW_CTX_DAG_OWNER='***' AIRFLOW_CTX_DAG_ID='layers_update' AIRFLOW_CTX_TASK_ID='run_dbt' AIRFLOW_CTX_EXECUTION_DATE='2026-04-15T08:07:48.926854+00:00' AIRFLOW_CTX_TRY_NUMBER='1' AIRFLOW_CTX_DAG_RUN_ID='manual__2026-04-15T08:07:48.926854+00:00'
[2026-04-15T08:07:55.878+0000] {taskinstance.py:732} INFO - ::endgroup::
[2026-04-15T08:07:55.896+0000] {subprocess.py:78} INFO - Tmp dir root location: /tmp
[2026-04-15T08:07:55.897+0000] {subprocess.py:88} INFO - Running command: ['/usr/bin/bash', '-c', 'dbt run']
[2026-04-15T08:07:55.911+0000] {subprocess.py:99} INFO - Output:
[2026-04-15T08:08:00.196+0000] {subprocess.py:106} INFO - [0m08:08:00  Running with dbt=1.7.0
[2026-04-15T08:08:00.835+0000] {subprocess.py:106} INFO - [0m08:08:00  Registered adapter: clickhouse=1.7.0
[2026-04-15T08:08:00.896+0000] {subprocess.py:106} INFO - [0m08:08:00  Unable to do partial parsing because of a version mismatch
[2026-04-15T08:08:04.093+0000] {subprocess.py:106} INFO - [0m08:08:04  [[33mWARNING[0m]: Configuration paths exist in your dbt_project.yml file which do not apply to any resources.
[2026-04-15T08:08:04.094+0000] {subprocess.py:106} INFO - There are 1 unused configuration paths:
[2026-04-15T08:08:04.095+0000] {subprocess.py:106} INFO - - models.clickhouse_etl.raw
[2026-04-15T08:08:04.129+0000] {subprocess.py:106} INFO - [0m08:08:04  Found 11 models, 15 tests, 4 sources, 0 exposures, 0 metrics, 536 macros, 0 groups, 0 semantic models
[2026-04-15T08:08:04.133+0000] {subprocess.py:106} INFO - [0m08:08:04
[2026-04-15T08:08:04.809+0000] {subprocess.py:106} INFO - [0m08:08:04  Concurrency: 1 threads (target='dev')
[2026-04-15T08:08:04.810+0000] {subprocess.py:106} INFO - [0m08:08:04
[2026-04-15T08:08:04.821+0000] {subprocess.py:106} INFO - [0m08:08:04  1 of 11 START sql incremental model `ods_ods`.`browser_data` ................... [RUN]
[2026-04-15T08:08:04.843+0000] {subprocess.py:106} INFO - [0m08:08:04  1 of 11 ERROR creating sql incremental model `ods_ods`.`browser_data` .......... [[31mERROR[0m in 0.02s]
[2026-04-15T08:08:04.847+0000] {subprocess.py:106} INFO - [0m08:08:04  2 of 11 START sql incremental model `ods_ods`.`device_data` .................... [RUN]
[2026-04-15T08:08:04.860+0000] {subprocess.py:106} INFO - [0m08:08:04  2 of 11 ERROR creating sql incremental model `ods_ods`.`device_data` ........... [[31mERROR[0m in 0.01s]
[2026-04-15T08:08:04.862+0000] {subprocess.py:106} INFO - [0m08:08:04  3 of 11 START sql incremental model `ods_ods`.`geo_data` ....................... [RUN]
[2026-04-15T08:08:04.877+0000] {subprocess.py:106} INFO - [0m08:08:04  3 of 11 ERROR creating sql incremental model `ods_ods`.`geo_data` .............. [[31mERROR[0m in 0.01s]
[2026-04-15T08:08:04.881+0000] {subprocess.py:106} INFO - [0m08:08:04  4 of 11 START sql incremental model `ods_ods`.`location_data` .................. [RUN]
[2026-04-15T08:08:04.896+0000] {subprocess.py:106} INFO - [0m08:08:04  4 of 11 ERROR creating sql incremental model `ods_ods`.`location_data` ......... [[31mERROR[0m in 0.01s]
[2026-04-15T08:08:04.902+0000] {subprocess.py:106} INFO - [0m08:08:04  5 of 11 SKIP relation ods_dds.dds_browser ...................................... [[33mSKIP[0m]
[2026-04-15T08:08:04.905+0000] {subprocess.py:106} INFO - [0m08:08:04  6 of 11 SKIP relation ods_dds.dds_device ....................................... [[33mSKIP[0m]
[2026-04-15T08:08:04.909+0000] {subprocess.py:106} INFO - [0m08:08:04  7 of 11 SKIP relation ods_dds.dds_fct_click .................................... [[33mSKIP[0m]
[2026-04-15T08:08:04.913+0000] {subprocess.py:106} INFO - [0m08:08:04  8 of 11 SKIP relation ods_dds.dds_geo .......................................... [[33mSKIP[0m]
[2026-04-15T08:08:04.922+0000] {subprocess.py:106} INFO - [0m08:08:04  9 of 11 SKIP relation ods_dds.dds_location ..................................... [[33mSKIP[0m]
[2026-04-15T08:08:04.927+0000] {subprocess.py:106} INFO - [0m08:08:04  10 of 11 SKIP relation ods_dm.dm_dashboard ..................................... [[33mSKIP[0m]
[2026-04-15T08:08:04.933+0000] {subprocess.py:106} INFO - [0m08:08:04  11 of 11 SKIP relation ods_dm.dm_dashboard_recent_data ......................... [[33mSKIP[0m]
[2026-04-15T08:08:04.940+0000] {subprocess.py:106} INFO - [0m08:08:04
[2026-04-15T08:08:04.941+0000] {subprocess.py:106} INFO - [0m08:08:04  Finished running 10 incremental models, 1 view model in 0 hours 0 minutes and 0.81 seconds (0.81s).
[2026-04-15T08:08:04.976+0000] {subprocess.py:106} INFO - [0m08:08:04
[2026-04-15T08:08:04.977+0000] {subprocess.py:106} INFO - [0m08:08:04  [31mCompleted with 4 errors and 0 warnings:[0m
[2026-04-15T08:08:04.979+0000] {subprocess.py:106} INFO - [0m08:08:04
[2026-04-15T08:08:04.980+0000] {subprocess.py:106} INFO - [0m08:08:04    Compilation Error in model ods_browser (models/ods/ods_browser.sql)
[2026-04-15T08:08:04.983+0000] {subprocess.py:106} INFO -   'generateUUIDv4' is undefined. This can happen when calling a macro that does not exist. Check for typos and/or install package dependencies with "dbt deps".
[2026-04-15T08:08:04.984+0000] {subprocess.py:106} INFO - [0m08:08:04
[2026-04-15T08:08:04.985+0000] {subprocess.py:106} INFO - [0m08:08:04    Compilation Error in model ods_device (models/ods/ods_device.sql)
[2026-04-15T08:08:04.986+0000] {subprocess.py:106} INFO -   'generateUUIDv4' is undefined. This can happen when calling a macro that does not exist. Check for typos and/or install package dependencies with "dbt deps".
[2026-04-15T08:08:04.986+0000] {subprocess.py:106} INFO - [0m08:08:04
[2026-04-15T08:08:04.987+0000] {subprocess.py:106} INFO - [0m08:08:04    Compilation Error in model ods_geo (models/ods/ods_geo.sql)
[2026-04-15T08:08:04.988+0000] {subprocess.py:106} INFO -   'generateUUIDv4' is undefined. This can happen when calling a macro that does not exist. Check for typos and/or install package dependencies with "dbt deps".
[2026-04-15T08:08:04.988+0000] {subprocess.py:106} INFO - [0m08:08:04
[2026-04-15T08:08:04.989+0000] {subprocess.py:106} INFO - [0m08:08:04    Compilation Error in model ods_location (models/ods/ods_location.sql)
[2026-04-15T08:08:04.989+0000] {subprocess.py:106} INFO -   'generateUUIDv4' is undefined. This can happen when calling a macro that does not exist. Check for typos and/or install package dependencies with "dbt deps".
[2026-04-15T08:08:04.990+0000] {subprocess.py:106} INFO - [0m08:08:04
[2026-04-15T08:08:04.990+0000] {subprocess.py:106} INFO - [0m08:08:04  Done. PASS=0 WARN=0 ERROR=4 SKIP=7 TOTAL=11
[2026-04-15T08:08:06.181+0000] {subprocess.py:110} INFO - Command exited with return code 1
[2026-04-15T08:08:06.196+0000] {taskinstance.py:3313} ERROR - Task failed with exception
Traceback (most recent call last):
  File "/home/airflow/.local/lib/python3.12/site-packages/airflow/models/taskinstance.py", line 768, in _execute_task
    result = _execute_callable(context=context, **execute_callable_kwargs)
             ^^^^^^^^^^^^^^^^^^^^^^^^^^^^^^^^^^^^^^^^^^^^^^^^^^^^^^^^^^^^^
  File "/home/airflow/.local/lib/python3.12/site-packages/airflow/models/taskinstance.py", line 734, in _execute_callable
    return ExecutionCallableRunner(
           ^^^^^^^^^^^^^^^^^^^^^^^^
  File "/home/airflow/.local/lib/python3.12/site-packages/airflow/utils/operator_helpers.py", line 252, in run
    return self.func(*args, **kwargs)
           ^^^^^^^^^^^^^^^^^^^^^^^^^^
  File "/home/airflow/.local/lib/python3.12/site-packages/airflow/models/baseoperator.py", line 424, in wrapper
    return func(self, *args, **kwargs)
           ^^^^^^^^^^^^^^^^^^^^^^^^^^^
  File "/home/airflow/.local/lib/python3.12/site-packages/airflow/operators/bash.py", line 276, in execute
    raise AirflowException(
airflow.exceptions.AirflowException: Bash command failed. The command returned a non-zero exit code 1.
[2026-04-15T08:08:06.202+0000] {taskinstance.py:1226} INFO - Marking task as FAILED. dag_id=layers_update, task_id=run_dbt, run_id=manual__2026-04-15T08:07:48.926854+00:00, execution_date=20260415T080748, start_date=20260415T080755, end_date=20260415T080806
[2026-04-15T08:08:06.239+0000] {taskinstance.py:341} INFO - ::group::Post task execution logs
[2026-04-15T08:08:06.240+0000] {standard_task_runner.py:124} ERROR - Failed to execute job 4 for task run_dbt (Bash command failed. The command returned a non-zero exit code 1.; 60)
Traceback (most recent call last):
  File "/home/airflow/.local/lib/python3.12/site-packages/airflow/task/task_runner/standard_task_runner.py", line 117, in _start_by_fork
    ret = args.func(args, dag=self.dag)
          ^^^^^^^^^^^^^^^^^^^^^^^^^^^^^
  File "/home/airflow/.local/lib/python3.12/site-packages/airflow/cli/cli_config.py", line 49, in command
    return func(*args, **kwargs)
           ^^^^^^^^^^^^^^^^^^^^^
  File "/home/airflow/.local/lib/python3.12/site-packages/airflow/utils/cli.py", line 116, in wrapper
    return f(*args, **kwargs)
           ^^^^^^^^^^^^^^^^^^
  File "/home/airflow/.local/lib/python3.12/site-packages/airflow/cli/commands/task_command.py", line 483, in task_run
    task_return_code = _run_task_by_selected_method(args, _dag, ti)
                       ^^^^^^^^^^^^^^^^^^^^^^^^^^^^^^^^^^^^^^^^^^^^
  File "/home/airflow/.local/lib/python3.12/site-packages/airflow/cli/commands/task_command.py", line 256, in _run_task_by_selected_method
    return _run_raw_task(args, ti)
           ^^^^^^^^^^^^^^^^^^^^^^^
  File "/home/airflow/.local/lib/python3.12/site-packages/airflow/cli/commands/task_command.py", line 341, in _run_raw_task
    return ti._run_raw_task(
           ^^^^^^^^^^^^^^^^^
  File "/home/airflow/.local/lib/python3.12/site-packages/airflow/utils/session.py", line 97, in wrapper
    return func(*args, session=session, **kwargs)
           ^^^^^^^^^^^^^^^^^^^^^^^^^^^^^^^^^^^^^^
  File "/home/airflow/.local/lib/python3.12/site-packages/airflow/models/taskinstance.py", line 3006, in _run_raw_task
    return _run_raw_task(
           ^^^^^^^^^^^^^^
  File "/home/airflow/.local/lib/python3.12/site-packages/airflow/models/taskinstance.py", line 274, in _run_raw_task
    TaskInstance._execute_task_with_callbacks(
  File "/home/airflow/.local/lib/python3.12/site-packages/airflow/models/taskinstance.py", line 3161, in _execute_task_with_callbacks
    result = self._execute_task(context, task_orig)
             ^^^^^^^^^^^^^^^^^^^^^^^^^^^^^^^^^^^^^^
  File "/home/airflow/.local/lib/python3.12/site-packages/airflow/models/taskinstance.py", line 3185, in _execute_task
    return _execute_task(self, context, task_orig)
           ^^^^^^^^^^^^^^^^^^^^^^^^^^^^^^^^^^^^^^^
  File "/home/airflow/.local/lib/python3.12/site-packages/airflow/models/taskinstance.py", line 768, in _execute_task
    result = _execute_callable(context=context, **execute_callable_kwargs)
             ^^^^^^^^^^^^^^^^^^^^^^^^^^^^^^^^^^^^^^^^^^^^^^^^^^^^^^^^^^^^^
  File "/home/airflow/.local/lib/python3.12/site-packages/airflow/models/taskinstance.py", line 734, in _execute_callable
    return ExecutionCallableRunner(
           ^^^^^^^^^^^^^^^^^^^^^^^^
  File "/home/airflow/.local/lib/python3.12/site-packages/airflow/utils/operator_helpers.py", line 252, in run
    return self.func(*args, **kwargs)
           ^^^^^^^^^^^^^^^^^^^^^^^^^^
  File "/home/airflow/.local/lib/python3.12/site-packages/airflow/models/baseoperator.py", line 424, in wrapper
    return func(self, *args, **kwargs)
           ^^^^^^^^^^^^^^^^^^^^^^^^^^^
  File "/home/airflow/.local/lib/python3.12/site-packages/airflow/operators/bash.py", line 276, in execute
    raise AirflowException(
airflow.exceptions.AirflowException: Bash command failed. The command returned a non-zero exit code 1.
[2026-04-15T08:08:06.279+0000] {local_task_job_runner.py:266} INFO - Task exited with return code 1
[2026-04-15T08:08:06.320+0000] {taskinstance.py:3901} INFO - 0 downstream tasks scheduled from follow-on schedule check
[2026-04-15T08:08:06.328+0000] {local_task_job_runner.py:245} INFO - ::endgroup::
