[2026-04-21T08:12:44.556+0000] {local_task_job_runner.py:123} INFO - ::group::Pre task execution logs
[2026-04-21T08:12:44.577+0000] {taskinstance.py:2614} INFO - Dependencies all met for dep_context=non-requeueable deps ti=<TaskInstance: layers_update.run_dbt manual__2026-04-21T08:12:41.492003+00:00 [queued]>
[2026-04-21T08:12:44.588+0000] {taskinstance.py:2614} INFO - Dependencies all met for dep_context=requeueable deps ti=<TaskInstance: layers_update.run_dbt manual__2026-04-21T08:12:41.492003+00:00 [queued]>
[2026-04-21T08:12:44.590+0000] {taskinstance.py:2867} INFO - Starting attempt 1 of 1
[2026-04-21T08:12:44.609+0000] {taskinstance.py:2890} INFO - Executing <Task(BashOperator): run_dbt> on 2026-04-21 08:12:41.492003+00:00
[2026-04-21T08:12:44.617+0000] {warnings.py:112} WARNING - /home/***/.local/lib/python3.12/site-packages/***/task/task_runner/standard_task_runner.py:70: DeprecationWarning: This process (pid=214) is multi-threaded, use of fork() may lead to deadlocks in the child.
  pid = os.fork()

[2026-04-21T08:12:44.619+0000] {standard_task_runner.py:72} INFO - Started process 215 to run task
[2026-04-21T08:12:44.621+0000] {standard_task_runner.py:104} INFO - Running: ['***', 'tasks', 'run', 'layers_update', 'run_dbt', 'manual__2026-04-21T08:12:41.492003+00:00', '--job-id', '24', '--raw', '--subdir', 'DAGS_FOLDER/layers_update.py', '--cfg-path', '/tmp/tmp7xs6yurx']
[2026-04-21T08:12:44.623+0000] {standard_task_runner.py:105} INFO - Job 24: Subtask run_dbt
[2026-04-21T08:12:44.690+0000] {task_command.py:467} INFO - Running <TaskInstance: layers_update.run_dbt manual__2026-04-21T08:12:41.492003+00:00 [running]> on host 685b945180b2
[2026-04-21T08:12:44.840+0000] {taskinstance.py:3134} INFO - Exporting env vars: AIRFLOW_CTX_DAG_OWNER='***' AIRFLOW_CTX_DAG_ID='layers_update' AIRFLOW_CTX_TASK_ID='run_dbt' AIRFLOW_CTX_EXECUTION_DATE='2026-04-21T08:12:41.492003+00:00' AIRFLOW_CTX_TRY_NUMBER='1' AIRFLOW_CTX_DAG_RUN_ID='manual__2026-04-21T08:12:41.492003+00:00'
[2026-04-21T08:12:44.842+0000] {taskinstance.py:732} INFO - ::endgroup::
[2026-04-21T08:12:44.866+0000] {subprocess.py:78} INFO - Tmp dir root location: /tmp
[2026-04-21T08:12:44.867+0000] {subprocess.py:88} INFO - Running command: ['/usr/bin/bash', '-c', 'dbt run']
[2026-04-21T08:12:44.880+0000] {subprocess.py:99} INFO - Output:
[2026-04-21T08:12:49.121+0000] {subprocess.py:106} INFO - [0m08:12:49  Running with dbt=1.7.0
[2026-04-21T08:12:49.528+0000] {subprocess.py:106} INFO - [0m08:12:49  Registered adapter: clickhouse=1.7.0
[2026-04-21T08:12:50.764+0000] {subprocess.py:106} INFO - [0m08:12:50  [[33mWARNING[0m]: Configuration paths exist in your dbt_project.yml file which do not apply to any resources.
[2026-04-21T08:12:50.764+0000] {subprocess.py:106} INFO - There are 1 unused configuration paths:
[2026-04-21T08:12:50.765+0000] {subprocess.py:106} INFO - - models.clickhouse_etl.raw
[2026-04-21T08:12:50.810+0000] {subprocess.py:106} INFO - [0m08:12:50  Found 11 models, 15 tests, 4 sources, 0 exposures, 0 metrics, 538 macros, 0 groups, 0 semantic models
[2026-04-21T08:12:50.815+0000] {subprocess.py:106} INFO - [0m08:12:50
[2026-04-21T08:12:51.336+0000] {subprocess.py:106} INFO - [0m08:12:51  Concurrency: 1 threads (target='dev')
[2026-04-21T08:12:51.337+0000] {subprocess.py:106} INFO - [0m08:12:51
[2026-04-21T08:12:51.348+0000] {subprocess.py:106} INFO - [0m08:12:51  1 of 11 START sql incremental model `ods`.`browser_data` ....................... [RUN]
[2026-04-21T08:12:51.636+0000] {subprocess.py:106} INFO - [0m08:12:51  1 of 11 OK created sql incremental model `ods`.`browser_data` .................. [[32mOK[0m in 0.29s]
[2026-04-21T08:12:51.639+0000] {subprocess.py:106} INFO - [0m08:12:51  2 of 11 START sql incremental model `ods`.`device_data` ........................ [RUN]
[2026-04-21T08:12:51.849+0000] {subprocess.py:106} INFO - [0m08:12:51  2 of 11 OK created sql incremental model `ods`.`device_data` ................... [[32mOK[0m in 0.21s]
[2026-04-21T08:12:51.852+0000] {subprocess.py:106} INFO - [0m08:12:51  3 of 11 START sql incremental model `ods`.`geo_data` ........................... [RUN]
[2026-04-21T08:12:52.062+0000] {subprocess.py:106} INFO - [0m08:12:52  3 of 11 OK created sql incremental model `ods`.`geo_data` ...................... [[32mOK[0m in 0.21s]
[2026-04-21T08:12:52.066+0000] {subprocess.py:106} INFO - [0m08:12:52  4 of 11 START sql incremental model `ods`.`location_data` ...................... [RUN]
[2026-04-21T08:12:52.282+0000] {subprocess.py:106} INFO - [0m08:12:52  4 of 11 OK created sql incremental model `ods`.`location_data` ................. [[32mOK[0m in 0.21s]
[2026-04-21T08:12:52.288+0000] {subprocess.py:106} INFO - [0m08:12:52  5 of 11 START sql incremental model `dds`.`dim_browser` ........................ [RUN]
[2026-04-21T08:12:52.504+0000] {subprocess.py:106} INFO - [0m08:12:52  5 of 11 OK created sql incremental model `dds`.`dim_browser` ................... [[32mOK[0m in 0.21s]
[2026-04-21T08:12:52.509+0000] {subprocess.py:106} INFO - [0m08:12:52  6 of 11 START sql incremental model `dds`.`dim_device` ......................... [RUN]
[2026-04-21T08:12:52.709+0000] {subprocess.py:106} INFO - [0m08:12:52  6 of 11 OK created sql incremental model `dds`.`dim_device` .................... [[32mOK[0m in 0.20s]
[2026-04-21T08:12:52.716+0000] {subprocess.py:106} INFO - [0m08:12:52  7 of 11 START sql incremental model `dds`.`fct_click` .......................... [RUN]
[2026-04-21T08:12:53.016+0000] {subprocess.py:106} INFO - [0m08:12:53  7 of 11 OK created sql incremental model `dds`.`fct_click` ..................... [[32mOK[0m in 0.30s]
[2026-04-21T08:12:53.020+0000] {subprocess.py:106} INFO - [0m08:12:53  8 of 11 START sql incremental model `dds`.`dim_geo` ............................ [RUN]
[2026-04-21T08:12:53.240+0000] {subprocess.py:106} INFO - [0m08:12:53  8 of 11 OK created sql incremental model `dds`.`dim_geo` ....................... [[32mOK[0m in 0.22s]
[2026-04-21T08:12:53.243+0000] {subprocess.py:106} INFO - [0m08:12:53  9 of 11 START sql incremental model `dds`.`dim_location` ....................... [RUN]
[2026-04-21T08:12:53.442+0000] {subprocess.py:106} INFO - [0m08:12:53  9 of 11 OK created sql incremental model `dds`.`dim_location` .................. [[32mOK[0m in 0.20s]
[2026-04-21T08:12:53.447+0000] {subprocess.py:106} INFO - [0m08:12:53  10 of 11 START sql incremental model `dm`.`dashboard` .......................... [RUN]
[2026-04-21T08:12:53.824+0000] {subprocess.py:106} INFO - [0m08:12:53  10 of 11 OK created sql incremental model `dm`.`dashboard` ..................... [[32mOK[0m in 0.38s]
[2026-04-21T08:12:53.828+0000] {subprocess.py:106} INFO - [0m08:12:53  11 of 11 START sql view model `dm`.`dashboard_recent_data` ..................... [RUN]
[2026-04-21T08:12:54.090+0000] {subprocess.py:106} INFO - [0m08:12:54  11 of 11 OK created sql view model `dm`.`dashboard_recent_data` ................ [[32mOK[0m in 0.26s]
[2026-04-21T08:12:54.096+0000] {subprocess.py:106} INFO - [0m08:12:54
[2026-04-21T08:12:54.096+0000] {subprocess.py:106} INFO - [0m08:12:54  Finished running 10 incremental models, 1 view model in 0 hours 0 minutes and 3.28 seconds (3.28s).
[2026-04-21T08:12:54.123+0000] {subprocess.py:106} INFO - [0m08:12:54
[2026-04-21T08:12:54.123+0000] {subprocess.py:106} INFO - [0m08:12:54  [32mCompleted successfully[0m
[2026-04-21T08:12:54.124+0000] {subprocess.py:106} INFO - [0m08:12:54
[2026-04-21T08:12:54.125+0000] {subprocess.py:106} INFO - [0m08:12:54  Done. PASS=11 WARN=0 ERROR=0 SKIP=0 TOTAL=11
[2026-04-21T08:12:55.333+0000] {subprocess.py:110} INFO - Command exited with return code 0
[2026-04-21T08:12:55.372+0000] {taskinstance.py:341} INFO - ::group::Post task execution logs
[2026-04-21T08:12:55.373+0000] {taskinstance.py:353} INFO - Marking task as SUCCESS. dag_id=layers_update, task_id=run_dbt, run_id=manual__2026-04-21T08:12:41.492003+00:00, execution_date=20260421T081241, start_date=20260421T081244, end_date=20260421T081255
[2026-04-21T08:12:55.429+0000] {local_task_job_runner.py:266} INFO - Task exited with return code 0
[2026-04-21T08:12:55.479+0000] {taskinstance.py:3901} INFO - 1 downstream tasks scheduled from follow-on schedule check
[2026-04-21T08:12:55.486+0000] {local_task_job_runner.py:245} INFO - ::endgroup::
