[2026-03-29T07:43:00.075+0000] {local_task_job_runner.py:123} INFO - ::group::Pre task execution logs
[2026-03-29T07:43:00.096+0000] {taskinstance.py:2614} INFO - Dependencies all met for dep_context=non-requeueable deps ti=<TaskInstance: kafka_producer.send_jsonl_to_kafka manual__2026-03-29T07:42:57.882865+00:00 [queued]>
[2026-03-29T07:43:00.108+0000] {taskinstance.py:2614} INFO - Dependencies all met for dep_context=requeueable deps ti=<TaskInstance: kafka_producer.send_jsonl_to_kafka manual__2026-03-29T07:42:57.882865+00:00 [queued]>
[2026-03-29T07:43:00.110+0000] {taskinstance.py:2867} INFO - Starting attempt 1 of 1
[2026-03-29T07:43:00.132+0000] {taskinstance.py:2890} INFO - Executing <Task(PythonOperator): send_jsonl_to_kafka> on 2026-03-29 07:42:57.882865+00:00
[2026-03-29T07:43:00.140+0000] {warnings.py:112} WARNING - /home/***/.local/lib/python3.12/site-packages/***/task/task_runner/standard_task_runner.py:70: DeprecationWarning: This process (pid=48) is multi-threaded, use of fork() may lead to deadlocks in the child.
  pid = os.fork()

[2026-03-29T07:43:00.143+0000] {standard_task_runner.py:72} INFO - Started process 49 to run task
[2026-03-29T07:43:00.143+0000] {standard_task_runner.py:104} INFO - Running: ['***', 'tasks', 'run', 'kafka_producer', 'send_jsonl_to_kafka', 'manual__2026-03-29T07:42:57.882865+00:00', '--job-id', '41', '--raw', '--subdir', 'DAGS_FOLDER/kafka_load.py', '--cfg-path', '/tmp/tmp2qzgh1k9']
[2026-03-29T07:43:00.145+0000] {standard_task_runner.py:105} INFO - Job 41: Subtask send_jsonl_to_kafka
[2026-03-29T07:43:00.210+0000] {task_command.py:467} INFO - Running <TaskInstance: kafka_producer.send_jsonl_to_kafka manual__2026-03-29T07:42:57.882865+00:00 [running]> on host 6105459b43af
[2026-03-29T07:43:00.334+0000] {taskinstance.py:3134} INFO - Exporting env vars: AIRFLOW_CTX_DAG_OWNER='***' AIRFLOW_CTX_DAG_ID='kafka_producer' AIRFLOW_CTX_TASK_ID='send_jsonl_to_kafka' AIRFLOW_CTX_EXECUTION_DATE='2026-03-29T07:42:57.882865+00:00' AIRFLOW_CTX_TRY_NUMBER='1' AIRFLOW_CTX_DAG_RUN_ID='manual__2026-03-29T07:42:57.882865+00:00'
[2026-03-29T07:43:00.335+0000] {taskinstance.py:732} INFO - ::endgroup::
[2026-03-29T07:43:00.444+0000] {logging_mixin.py:190} INFO - 📄 Обработка файла: browser_events.jsonl
[2026-03-29T07:43:00.453+0000] {logging_mixin.py:190} INFO -   📨 Отправлено 100 сообщений
[2026-03-29T07:43:00.460+0000] {logging_mixin.py:190} INFO -   📨 Отправлено 200 сообщений
[2026-03-29T07:43:00.464+0000] {logging_mixin.py:190} INFO -   📨 Отправлено 300 сообщений
[2026-03-29T07:43:00.467+0000] {logging_mixin.py:190} INFO -   📨 Отправлено 400 сообщений
[2026-03-29T07:43:00.471+0000] {logging_mixin.py:190} INFO -   📨 Отправлено 500 сообщений
[2026-03-29T07:43:00.476+0000] {logging_mixin.py:190} INFO -   📨 Отправлено 600 сообщений
[2026-03-29T07:43:00.480+0000] {logging_mixin.py:190} INFO -   📨 Отправлено 700 сообщений
[2026-03-29T07:43:00.484+0000] {logging_mixin.py:190} INFO -   📨 Отправлено 800 сообщений
[2026-03-29T07:43:00.487+0000] {logging_mixin.py:190} INFO -   📨 Отправлено 900 сообщений
[2026-03-29T07:43:00.490+0000] {logging_mixin.py:190} INFO -   📨 Отправлено 1000 сообщений
[2026-03-29T07:43:00.491+0000] {logging_mixin.py:190} INFO -   ✅ Файл browser_events.jsonl обработан
[2026-03-29T07:43:00.492+0000] {logging_mixin.py:190} INFO - 📄 Обработка файла: device_events.jsonl
[2026-03-29T07:43:00.496+0000] {logging_mixin.py:190} INFO -   📨 Отправлено 100 сообщений
[2026-03-29T07:43:00.499+0000] {logging_mixin.py:190} INFO -   📨 Отправлено 200 сообщений
[2026-03-29T07:43:00.505+0000] {logging_mixin.py:190} INFO -   📨 Отправлено 300 сообщений
[2026-03-29T07:43:00.509+0000] {logging_mixin.py:190} INFO -   📨 Отправлено 400 сообщений
[2026-03-29T07:43:00.512+0000] {logging_mixin.py:190} INFO -   📨 Отправлено 500 сообщений
[2026-03-29T07:43:00.515+0000] {logging_mixin.py:190} INFO -   📨 Отправлено 600 сообщений
[2026-03-29T07:43:00.519+0000] {logging_mixin.py:190} INFO -   📨 Отправлено 700 сообщений
[2026-03-29T07:43:00.521+0000] {logging_mixin.py:190} INFO -   📨 Отправлено 800 сообщений
[2026-03-29T07:43:00.525+0000] {logging_mixin.py:190} INFO -   📨 Отправлено 900 сообщений
[2026-03-29T07:43:00.531+0000] {logging_mixin.py:190} INFO -   📨 Отправлено 1000 сообщений
[2026-03-29T07:43:00.532+0000] {logging_mixin.py:190} INFO -   ✅ Файл device_events.jsonl обработан
[2026-03-29T07:43:00.534+0000] {logging_mixin.py:190} INFO - 📄 Обработка файла: geo_events.jsonl
[2026-03-29T07:43:00.542+0000] {logging_mixin.py:190} INFO -   📨 Отправлено 100 сообщений
[2026-03-29T07:43:00.545+0000] {logging_mixin.py:190} INFO -   📨 Отправлено 200 сообщений
[2026-03-29T07:43:00.547+0000] {logging_mixin.py:190} INFO -   📨 Отправлено 300 сообщений
[2026-03-29T07:43:00.550+0000] {logging_mixin.py:190} INFO -   📨 Отправлено 400 сообщений
[2026-03-29T07:43:00.552+0000] {logging_mixin.py:190} INFO -   📨 Отправлено 500 сообщений
[2026-03-29T07:43:00.554+0000] {logging_mixin.py:190} INFO -   📨 Отправлено 600 сообщений
[2026-03-29T07:43:00.556+0000] {logging_mixin.py:190} INFO -   📨 Отправлено 700 сообщений
[2026-03-29T07:43:00.562+0000] {logging_mixin.py:190} INFO -   📨 Отправлено 800 сообщений
[2026-03-29T07:43:00.564+0000] {logging_mixin.py:190} INFO -   📨 Отправлено 900 сообщений
[2026-03-29T07:43:00.566+0000] {logging_mixin.py:190} INFO -   📨 Отправлено 1000 сообщений
[2026-03-29T07:43:00.569+0000] {logging_mixin.py:190} INFO -   ✅ Файл geo_events.jsonl обработан
[2026-03-29T07:43:00.569+0000] {logging_mixin.py:190} INFO - 📄 Обработка файла: location_events.jsonl
[2026-03-29T07:43:00.578+0000] {logging_mixin.py:190} INFO -   📨 Отправлено 100 сообщений
[2026-03-29T07:43:00.580+0000] {logging_mixin.py:190} INFO -   📨 Отправлено 200 сообщений
[2026-03-29T07:43:00.583+0000] {logging_mixin.py:190} INFO -   📨 Отправлено 300 сообщений
[2026-03-29T07:43:00.585+0000] {logging_mixin.py:190} INFO -   📨 Отправлено 400 сообщений
[2026-03-29T07:43:00.588+0000] {logging_mixin.py:190} INFO -   📨 Отправлено 500 сообщений
[2026-03-29T07:43:00.590+0000] {logging_mixin.py:190} INFO -   📨 Отправлено 600 сообщений
[2026-03-29T07:43:00.592+0000] {logging_mixin.py:190} INFO -   📨 Отправлено 700 сообщений
[2026-03-29T07:43:00.594+0000] {logging_mixin.py:190} INFO -   📨 Отправлено 800 сообщений
[2026-03-29T07:43:00.597+0000] {logging_mixin.py:190} INFO -   📨 Отправлено 900 сообщений
[2026-03-29T07:43:00.599+0000] {logging_mixin.py:190} INFO -   📨 Отправлено 1000 сообщений
[2026-03-29T07:43:00.600+0000] {logging_mixin.py:190} INFO -   ✅ Файл location_events.jsonl обработан
[2026-03-29T07:43:00.682+0000] {logging_mixin.py:190} INFO - 
✅ Итого: 4 файлов, 4000 сообщений отправлено в топик 'browser_events'
[2026-03-29T07:43:00.685+0000] {python.py:240} INFO - Done. Returned value was: None
[2026-03-29T07:43:00.701+0000] {taskinstance.py:341} INFO - ::group::Post task execution logs
[2026-03-29T07:43:00.702+0000] {taskinstance.py:353} INFO - Marking task as SUCCESS. dag_id=kafka_producer, task_id=send_jsonl_to_kafka, run_id=manual__2026-03-29T07:42:57.882865+00:00, execution_date=20260329T074257, start_date=20260329T074300, end_date=20260329T074300
[2026-03-29T07:43:00.801+0000] {local_task_job_runner.py:266} INFO - Task exited with return code 0
[2026-03-29T07:43:00.820+0000] {taskinstance.py:3901} INFO - 0 downstream tasks scheduled from follow-on schedule check
[2026-03-29T07:43:00.823+0000] {local_task_job_runner.py:245} INFO - ::endgroup::
