[2026-04-27T07:00:53.547+0000] {local_task_job_runner.py:123} INFO - ::group::Pre task execution logs
[2026-04-27T07:00:53.567+0000] {taskinstance.py:2614} INFO - Dependencies all met for dep_context=non-requeueable deps ti=<TaskInstance: kafka_producer.get_data scheduled__2026-04-25T18:30:00+00:00 [queued]>
[2026-04-27T07:00:53.576+0000] {taskinstance.py:2614} INFO - Dependencies all met for dep_context=requeueable deps ti=<TaskInstance: kafka_producer.get_data scheduled__2026-04-25T18:30:00+00:00 [queued]>
[2026-04-27T07:00:53.578+0000] {taskinstance.py:2867} INFO - Starting attempt 1 of 1
[2026-04-27T07:00:53.595+0000] {taskinstance.py:2890} INFO - Executing <Task(PythonOperator): get_data> on 2026-04-25 18:30:00+00:00
[2026-04-27T07:00:53.602+0000] {warnings.py:112} WARNING - /home/***/.local/lib/python3.12/site-packages/***/task/task_runner/standard_task_runner.py:70: DeprecationWarning: This process (pid=48) is multi-threaded, use of fork() may lead to deadlocks in the child.
  pid = os.fork()

[2026-04-27T07:00:53.605+0000] {standard_task_runner.py:72} INFO - Started process 49 to run task
[2026-04-27T07:00:53.605+0000] {standard_task_runner.py:104} INFO - Running: ['***', 'tasks', 'run', 'kafka_producer', 'get_data', 'scheduled__2026-04-25T18:30:00+00:00', '--job-id', '2', '--raw', '--subdir', 'DAGS_FOLDER/kafka_load.py', '--cfg-path', '/tmp/tmpvq9f_rzl']
[2026-04-27T07:00:53.606+0000] {standard_task_runner.py:105} INFO - Job 2: Subtask get_data
[2026-04-27T07:00:53.690+0000] {task_command.py:467} INFO - Running <TaskInstance: kafka_producer.get_data scheduled__2026-04-25T18:30:00+00:00 [running]> on host ff3b5d6261a9
[2026-04-27T07:00:53.805+0000] {taskinstance.py:3134} INFO - Exporting env vars: AIRFLOW_CTX_DAG_OWNER='***' AIRFLOW_CTX_DAG_ID='kafka_producer' AIRFLOW_CTX_TASK_ID='get_data' AIRFLOW_CTX_EXECUTION_DATE='2026-04-25T18:30:00+00:00' AIRFLOW_CTX_TRY_NUMBER='1' AIRFLOW_CTX_DAG_RUN_ID='scheduled__2026-04-25T18:30:00+00:00'
[2026-04-27T07:00:53.806+0000] {taskinstance.py:732} INFO - ::endgroup::
[2026-04-27T07:00:53.900+0000] {kafka_load.py:28} INFO - Обрабатывается файл: browser_events.jsonl
[2026-04-27T07:00:53.908+0000] {kafka_load.py:42} INFO - Отправлено 100 сообщений
[2026-04-27T07:00:53.911+0000] {kafka_load.py:42} INFO - Отправлено 200 сообщений
[2026-04-27T07:00:53.915+0000] {kafka_load.py:42} INFO - Отправлено 300 сообщений
[2026-04-27T07:00:53.918+0000] {kafka_load.py:42} INFO - Отправлено 400 сообщений
[2026-04-27T07:00:53.922+0000] {kafka_load.py:42} INFO - Отправлено 500 сообщений
[2026-04-27T07:00:53.925+0000] {kafka_load.py:42} INFO - Отправлено 600 сообщений
[2026-04-27T07:00:53.928+0000] {kafka_load.py:42} INFO - Отправлено 700 сообщений
[2026-04-27T07:00:53.932+0000] {kafka_load.py:42} INFO - Отправлено 800 сообщений
[2026-04-27T07:00:53.935+0000] {kafka_load.py:42} INFO - Отправлено 900 сообщений
[2026-04-27T07:00:53.940+0000] {kafka_load.py:42} INFO - Отправлено 1000 сообщений
[2026-04-27T07:00:53.941+0000] {kafka_load.py:57} INFO - Обработка файла browser_events.jsonl завершена
[2026-04-27T07:00:53.941+0000] {kafka_load.py:28} INFO - Обрабатывается файл: device_events.jsonl
[2026-04-27T07:00:53.945+0000] {kafka_load.py:42} INFO - Отправлено 100 сообщений
[2026-04-27T07:00:53.947+0000] {kafka_load.py:42} INFO - Отправлено 200 сообщений
[2026-04-27T07:00:53.953+0000] {kafka_load.py:42} INFO - Отправлено 300 сообщений
[2026-04-27T07:00:53.957+0000] {kafka_load.py:42} INFO - Отправлено 400 сообщений
[2026-04-27T07:00:53.960+0000] {kafka_load.py:42} INFO - Отправлено 500 сообщений
[2026-04-27T07:00:53.962+0000] {kafka_load.py:42} INFO - Отправлено 600 сообщений
[2026-04-27T07:00:53.965+0000] {kafka_load.py:42} INFO - Отправлено 700 сообщений
[2026-04-27T07:00:53.967+0000] {kafka_load.py:42} INFO - Отправлено 800 сообщений
[2026-04-27T07:00:53.970+0000] {kafka_load.py:42} INFO - Отправлено 900 сообщений
[2026-04-27T07:00:53.973+0000] {kafka_load.py:42} INFO - Отправлено 1000 сообщений
[2026-04-27T07:00:53.973+0000] {kafka_load.py:44} ERROR - Ошибка JSON в строке: 1001: Expecting ':' delimiter: line 1 column 19 (char 18)
[2026-04-27T07:00:54.127+0000] {kafka_load.py:57} INFO - Обработка файла device_events.jsonl завершена
[2026-04-27T07:00:54.127+0000] {kafka_load.py:28} INFO - Обрабатывается файл: geo_events.jsonl
[2026-04-27T07:00:54.131+0000] {kafka_load.py:42} INFO - Отправлено 100 сообщений
[2026-04-27T07:00:54.134+0000] {kafka_load.py:42} INFO - Отправлено 200 сообщений
[2026-04-27T07:00:54.137+0000] {kafka_load.py:42} INFO - Отправлено 300 сообщений
[2026-04-27T07:00:54.139+0000] {kafka_load.py:42} INFO - Отправлено 400 сообщений
[2026-04-27T07:00:54.143+0000] {kafka_load.py:42} INFO - Отправлено 500 сообщений
[2026-04-27T07:00:54.146+0000] {kafka_load.py:42} INFO - Отправлено 600 сообщений
[2026-04-27T07:00:54.151+0000] {kafka_load.py:42} INFO - Отправлено 700 сообщений
[2026-04-27T07:00:54.154+0000] {kafka_load.py:42} INFO - Отправлено 800 сообщений
[2026-04-27T07:00:54.157+0000] {kafka_load.py:42} INFO - Отправлено 900 сообщений
[2026-04-27T07:00:54.159+0000] {kafka_load.py:42} INFO - Отправлено 1000 сообщений
[2026-04-27T07:00:54.161+0000] {kafka_load.py:57} INFO - Обработка файла geo_events.jsonl завершена
[2026-04-27T07:00:54.161+0000] {kafka_load.py:28} INFO - Обрабатывается файл: location_events.jsonl
[2026-04-27T07:00:54.167+0000] {kafka_load.py:42} INFO - Отправлено 100 сообщений
[2026-04-27T07:00:54.174+0000] {kafka_load.py:42} INFO - Отправлено 200 сообщений
[2026-04-27T07:00:54.178+0000] {kafka_load.py:42} INFO - Отправлено 300 сообщений
[2026-04-27T07:00:54.181+0000] {kafka_load.py:42} INFO - Отправлено 400 сообщений
[2026-04-27T07:00:54.186+0000] {kafka_load.py:42} INFO - Отправлено 500 сообщений
[2026-04-27T07:00:54.188+0000] {kafka_load.py:42} INFO - Отправлено 600 сообщений
[2026-04-27T07:00:54.191+0000] {kafka_load.py:42} INFO - Отправлено 700 сообщений
[2026-04-27T07:00:54.194+0000] {kafka_load.py:42} INFO - Отправлено 800 сообщений
[2026-04-27T07:00:54.196+0000] {kafka_load.py:42} INFO - Отправлено 900 сообщений
[2026-04-27T07:00:54.203+0000] {kafka_load.py:42} INFO - Отправлено 1000 сообщений
[2026-04-27T07:00:54.204+0000] {kafka_load.py:57} INFO - Обработка файла location_events.jsonl завершена
[2026-04-27T07:00:54.274+0000] {kafka_load.py:60} INFO - Обработка файлов успешно завершена
[2026-04-27T07:00:54.278+0000] {python.py:240} INFO - Done. Returned value was: None
[2026-04-27T07:00:54.292+0000] {taskinstance.py:341} INFO - ::group::Post task execution logs
[2026-04-27T07:00:54.296+0000] {taskinstance.py:353} INFO - Marking task as SUCCESS. dag_id=kafka_producer, task_id=get_data, run_id=scheduled__2026-04-25T18:30:00+00:00, execution_date=20260425T183000, start_date=20260427T070053, end_date=20260427T070054
[2026-04-27T07:00:54.387+0000] {local_task_job_runner.py:266} INFO - Task exited with return code 0
[2026-04-27T07:00:54.418+0000] {taskinstance.py:3901} INFO - 1 downstream tasks scheduled from follow-on schedule check
[2026-04-27T07:00:54.420+0000] {local_task_job_runner.py:245} INFO - ::endgroup::
