[2026-04-21T08:14:54.518+0000] {local_task_job_runner.py:123} INFO - ::group::Pre task execution logs
[2026-04-21T08:14:54.545+0000] {taskinstance.py:2614} INFO - Dependencies all met for dep_context=non-requeueable deps ti=<TaskInstance: layers_update.run_dbt manual__2026-04-21T08:14:51.477140+00:00 [queued]>
[2026-04-21T08:14:54.559+0000] {taskinstance.py:2614} INFO - Dependencies all met for dep_context=requeueable deps ti=<TaskInstance: layers_update.run_dbt manual__2026-04-21T08:14:51.477140+00:00 [queued]>
[2026-04-21T08:14:54.560+0000] {taskinstance.py:2867} INFO - Starting attempt 1 of 1
[2026-04-21T08:14:54.588+0000] {taskinstance.py:2890} INFO - Executing <Task(BashOperator): run_dbt> on 2026-04-21 08:14:51.477140+00:00
[2026-04-21T08:14:54.596+0000] {warnings.py:112} WARNING - /home/***/.local/lib/python3.12/site-packages/***/task/task_runner/standard_task_runner.py:70: DeprecationWarning: This process (pid=247) is multi-threaded, use of fork() may lead to deadlocks in the child.
  pid = os.fork()

[2026-04-21T08:14:54.598+0000] {standard_task_runner.py:72} INFO - Started process 248 to run task
[2026-04-21T08:14:54.600+0000] {standard_task_runner.py:104} INFO - Running: ['***', 'tasks', 'run', 'layers_update', 'run_dbt', 'manual__2026-04-21T08:14:51.477140+00:00', '--job-id', '29', '--raw', '--subdir', 'DAGS_FOLDER/layers_update.py', '--cfg-path', '/tmp/tmprpgy9acb']
[2026-04-21T08:14:54.602+0000] {standard_task_runner.py:105} INFO - Job 29: Subtask run_dbt
[2026-04-21T08:14:54.670+0000] {task_command.py:467} INFO - Running <TaskInstance: layers_update.run_dbt manual__2026-04-21T08:14:51.477140+00:00 [running]> on host 685b945180b2
[2026-04-21T08:14:54.801+0000] {taskinstance.py:3134} INFO - Exporting env vars: AIRFLOW_CTX_DAG_OWNER='***' AIRFLOW_CTX_DAG_ID='layers_update' AIRFLOW_CTX_TASK_ID='run_dbt' AIRFLOW_CTX_EXECUTION_DATE='2026-04-21T08:14:51.477140+00:00' AIRFLOW_CTX_TRY_NUMBER='1' AIRFLOW_CTX_DAG_RUN_ID='manual__2026-04-21T08:14:51.477140+00:00'
[2026-04-21T08:14:54.806+0000] {taskinstance.py:732} INFO - ::endgroup::
[2026-04-21T08:14:54.826+0000] {subprocess.py:78} INFO - Tmp dir root location: /tmp
[2026-04-21T08:14:54.827+0000] {subprocess.py:88} INFO - Running command: ['/usr/bin/bash', '-c', 'dbt run']
[2026-04-21T08:14:54.841+0000] {subprocess.py:99} INFO - Output:
[2026-04-21T08:14:58.478+0000] {subprocess.py:106} INFO - [0m08:14:58  Running with dbt=1.7.0
[2026-04-21T08:14:58.844+0000] {subprocess.py:106} INFO - [0m08:14:58  Registered adapter: clickhouse=1.7.0
[2026-04-21T08:15:00.338+0000] {subprocess.py:106} INFO - [0m08:15:00  [[33mWARNING[0m]: Configuration paths exist in your dbt_project.yml file which do not apply to any resources.
[2026-04-21T08:15:00.349+0000] {subprocess.py:106} INFO - There are 1 unused configuration paths:
[2026-04-21T08:15:00.363+0000] {subprocess.py:106} INFO - - models.clickhouse_etl.raw
[2026-04-21T08:15:00.462+0000] {subprocess.py:106} INFO - [0m08:15:00  Found 11 models, 15 tests, 4 sources, 0 exposures, 0 metrics, 538 macros, 0 groups, 0 semantic models
[2026-04-21T08:15:00.467+0000] {subprocess.py:106} INFO - [0m08:15:00
[2026-04-21T08:15:00.994+0000] {subprocess.py:106} INFO - [0m08:15:00  Concurrency: 1 threads (target='dev')
[2026-04-21T08:15:00.995+0000] {subprocess.py:106} INFO - [0m08:15:00
[2026-04-21T08:15:01.008+0000] {subprocess.py:106} INFO - [0m08:15:01  1 of 11 START sql incremental model `ods`.`browser_data` ....................... [RUN]
[2026-04-21T08:15:01.234+0000] {subprocess.py:106} INFO - [0m08:15:01  1 of 11 OK created sql incremental model `ods`.`browser_data` .................. [[32mOK[0m in 0.22s]
[2026-04-21T08:15:01.238+0000] {subprocess.py:106} INFO - [0m08:15:01  2 of 11 START sql incremental model `ods`.`device_data` ........................ [RUN]
[2026-04-21T08:15:01.445+0000] {subprocess.py:106} INFO - [0m08:15:01  2 of 11 OK created sql incremental model `ods`.`device_data` ................... [[32mOK[0m in 0.20s]
[2026-04-21T08:15:01.448+0000] {subprocess.py:106} INFO - [0m08:15:01  3 of 11 START sql incremental model `ods`.`geo_data` ........................... [RUN]
[2026-04-21T08:15:01.647+0000] {subprocess.py:106} INFO - [0m08:15:01  3 of 11 OK created sql incremental model `ods`.`geo_data` ...................... [[32mOK[0m in 0.20s]
[2026-04-21T08:15:01.650+0000] {subprocess.py:106} INFO - [0m08:15:01  4 of 11 START sql incremental model `ods`.`location_data` ...................... [RUN]
[2026-04-21T08:15:01.859+0000] {subprocess.py:106} INFO - [0m08:15:01  4 of 11 OK created sql incremental model `ods`.`location_data` ................. [[32mOK[0m in 0.21s]
[2026-04-21T08:15:01.864+0000] {subprocess.py:106} INFO - [0m08:15:01  5 of 11 START sql incremental model `dds`.`dim_browser` ........................ [RUN]
[2026-04-21T08:15:02.074+0000] {subprocess.py:106} INFO - [0m08:15:02  5 of 11 OK created sql incremental model `dds`.`dim_browser` ................... [[32mOK[0m in 0.21s]
[2026-04-21T08:15:02.076+0000] {subprocess.py:106} INFO - [0m08:15:02  6 of 11 START sql incremental model `dds`.`dim_device` ......................... [RUN]
[2026-04-21T08:15:02.274+0000] {subprocess.py:106} INFO - [0m08:15:02  6 of 11 OK created sql incremental model `dds`.`dim_device` .................... [[32mOK[0m in 0.20s]
[2026-04-21T08:15:02.277+0000] {subprocess.py:106} INFO - [0m08:15:02  7 of 11 START sql incremental model `dds`.`fct_click` .......................... [RUN]
[2026-04-21T08:15:02.508+0000] {subprocess.py:106} INFO - [0m08:15:02  7 of 11 OK created sql incremental model `dds`.`fct_click` ..................... [[32mOK[0m in 0.23s]
[2026-04-21T08:15:02.512+0000] {subprocess.py:106} INFO - [0m08:15:02  8 of 11 START sql incremental model `dds`.`dim_geo` ............................ [RUN]
[2026-04-21T08:15:02.722+0000] {subprocess.py:106} INFO - [0m08:15:02  8 of 11 OK created sql incremental model `dds`.`dim_geo` ....................... [[32mOK[0m in 0.21s]
[2026-04-21T08:15:02.726+0000] {subprocess.py:106} INFO - [0m08:15:02  9 of 11 START sql incremental model `dds`.`dim_location` ....................... [RUN]
[2026-04-21T08:15:02.959+0000] {subprocess.py:106} INFO - [0m08:15:02  9 of 11 OK created sql incremental model `dds`.`dim_location` .................. [[32mOK[0m in 0.23s]
[2026-04-21T08:15:02.963+0000] {subprocess.py:106} INFO - [0m08:15:02  10 of 11 START sql incremental model `dm`.`dashboard` .......................... [RUN]
[2026-04-21T08:15:03.175+0000] {subprocess.py:106} INFO - [0m08:15:03  10 of 11 OK created sql incremental model `dm`.`dashboard` ..................... [[32mOK[0m in 0.21s]
[2026-04-21T08:15:03.183+0000] {subprocess.py:106} INFO - [0m08:15:03  11 of 11 START sql view model `dm`.`dashboard_recent_data` ..................... [RUN]
[2026-04-21T08:15:03.409+0000] {subprocess.py:106} INFO - [0m08:15:03  11 of 11 OK created sql view model `dm`.`dashboard_recent_data` ................ [[32mOK[0m in 0.22s]
[2026-04-21T08:15:03.416+0000] {subprocess.py:106} INFO - [0m08:15:03
[2026-04-21T08:15:03.417+0000] {subprocess.py:106} INFO - [0m08:15:03  Finished running 10 incremental models, 1 view model in 0 hours 0 minutes and 2.95 seconds (2.95s).
[2026-04-21T08:15:03.450+0000] {subprocess.py:106} INFO - [0m08:15:03
[2026-04-21T08:15:03.451+0000] {subprocess.py:106} INFO - [0m08:15:03  [32mCompleted successfully[0m
[2026-04-21T08:15:03.452+0000] {subprocess.py:106} INFO - [0m08:15:03
[2026-04-21T08:15:03.454+0000] {subprocess.py:106} INFO - [0m08:15:03  Done. PASS=11 WARN=0 ERROR=0 SKIP=0 TOTAL=11
[2026-04-21T08:15:04.616+0000] {subprocess.py:110} INFO - Command exited with return code 0
[2026-04-21T08:15:04.649+0000] {taskinstance.py:341} INFO - ::group::Post task execution logs
[2026-04-21T08:15:04.649+0000] {taskinstance.py:353} INFO - Marking task as SUCCESS. dag_id=layers_update, task_id=run_dbt, run_id=manual__2026-04-21T08:14:51.477140+00:00, execution_date=20260421T081451, start_date=20260421T081454, end_date=20260421T081504
[2026-04-21T08:15:04.692+0000] {local_task_job_runner.py:266} INFO - Task exited with return code 0
[2026-04-21T08:15:04.720+0000] {taskinstance.py:3901} INFO - 1 downstream tasks scheduled from follow-on schedule check
[2026-04-21T08:15:04.725+0000] {local_task_job_runner.py:245} INFO - ::endgroup::
