[2026-04-15T16:04:47.698+0000] {local_task_job_runner.py:123} INFO - ::group::Pre task execution logs
[2026-04-15T16:04:47.737+0000] {taskinstance.py:2614} INFO - Dependencies all met for dep_context=non-requeueable deps ti=<TaskInstance: kafka_producer.send_jsonl_to_kafka manual__2026-04-15T16:04:46.428045+00:00 [queued]>
[2026-04-15T16:04:47.747+0000] {taskinstance.py:2614} INFO - Dependencies all met for dep_context=requeueable deps ti=<TaskInstance: kafka_producer.send_jsonl_to_kafka manual__2026-04-15T16:04:46.428045+00:00 [queued]>
[2026-04-15T16:04:47.748+0000] {taskinstance.py:2867} INFO - Starting attempt 1 of 1
[2026-04-15T16:04:47.770+0000] {taskinstance.py:2890} INFO - Executing <Task(PythonOperator): send_jsonl_to_kafka> on 2026-04-15 16:04:46.428045+00:00
[2026-04-15T16:04:47.777+0000] {warnings.py:112} WARNING - /home/***/.local/lib/python3.12/site-packages/***/task/task_runner/standard_task_runner.py:70: DeprecationWarning: This process (pid=82) is multi-threaded, use of fork() may lead to deadlocks in the child.
  pid = os.fork()

[2026-04-15T16:04:47.780+0000] {standard_task_runner.py:104} INFO - Running: ['***', 'tasks', 'run', 'kafka_producer', 'send_jsonl_to_kafka', 'manual__2026-04-15T16:04:46.428045+00:00', '--job-id', '7', '--raw', '--subdir', 'DAGS_FOLDER/kafka_load.py', '--cfg-path', '/tmp/tmpi8ef_loh']
[2026-04-15T16:04:47.782+0000] {standard_task_runner.py:105} INFO - Job 7: Subtask send_jsonl_to_kafka
[2026-04-15T16:04:47.782+0000] {standard_task_runner.py:72} INFO - Started process 83 to run task
[2026-04-15T16:04:47.864+0000] {task_command.py:467} INFO - Running <TaskInstance: kafka_producer.send_jsonl_to_kafka manual__2026-04-15T16:04:46.428045+00:00 [running]> on host 501efe15e1f8
[2026-04-15T16:04:48.046+0000] {taskinstance.py:3134} INFO - Exporting env vars: AIRFLOW_CTX_DAG_OWNER='***' AIRFLOW_CTX_DAG_ID='kafka_producer' AIRFLOW_CTX_TASK_ID='send_jsonl_to_kafka' AIRFLOW_CTX_EXECUTION_DATE='2026-04-15T16:04:46.428045+00:00' AIRFLOW_CTX_TRY_NUMBER='1' AIRFLOW_CTX_DAG_RUN_ID='manual__2026-04-15T16:04:46.428045+00:00'
[2026-04-15T16:04:48.047+0000] {taskinstance.py:732} INFO - ::endgroup::
[2026-04-15T16:04:48.088+0000] {kafka_load.py:28} INFO - Обрабатывается файл: browser_events.jsonl
[2026-04-15T16:04:48.092+0000] {kafka_load.py:40} INFO - Отправлено 100 сообщений
[2026-04-15T16:04:48.094+0000] {kafka_load.py:40} INFO - Отправлено 200 сообщений
[2026-04-15T16:04:48.096+0000] {kafka_load.py:40} INFO - Отправлено 300 сообщений
[2026-04-15T16:04:48.098+0000] {kafka_load.py:40} INFO - Отправлено 400 сообщений
[2026-04-15T16:04:48.100+0000] {kafka_load.py:40} INFO - Отправлено 500 сообщений
[2026-04-15T16:04:48.105+0000] {kafka_load.py:40} INFO - Отправлено 600 сообщений
[2026-04-15T16:04:48.107+0000] {kafka_load.py:40} INFO - Отправлено 700 сообщений
[2026-04-15T16:04:48.109+0000] {kafka_load.py:40} INFO - Отправлено 800 сообщений
[2026-04-15T16:04:48.112+0000] {kafka_load.py:40} INFO - Отправлено 900 сообщений
[2026-04-15T16:04:48.114+0000] {kafka_load.py:40} INFO - Отправлено 1000 сообщений
[2026-04-15T16:04:48.115+0000] {kafka_load.py:51} INFO - Обработка файла browser_events.jsonl завершена
[2026-04-15T16:04:48.115+0000] {kafka_load.py:28} INFO - Обрабатывается файл: device_events.jsonl
[2026-04-15T16:04:48.121+0000] {kafka_load.py:40} INFO - Отправлено 100 сообщений
[2026-04-15T16:04:48.123+0000] {kafka_load.py:40} INFO - Отправлено 200 сообщений
[2026-04-15T16:04:48.125+0000] {kafka_load.py:40} INFO - Отправлено 300 сообщений
[2026-04-15T16:04:48.127+0000] {kafka_load.py:40} INFO - Отправлено 400 сообщений
[2026-04-15T16:04:48.129+0000] {kafka_load.py:40} INFO - Отправлено 500 сообщений
[2026-04-15T16:04:48.131+0000] {kafka_load.py:40} INFO - Отправлено 600 сообщений
[2026-04-15T16:04:48.134+0000] {kafka_load.py:40} INFO - Отправлено 700 сообщений
[2026-04-15T16:04:48.137+0000] {kafka_load.py:40} INFO - Отправлено 800 сообщений
[2026-04-15T16:04:48.143+0000] {kafka_load.py:40} INFO - Отправлено 900 сообщений
[2026-04-15T16:04:48.148+0000] {kafka_load.py:40} INFO - Отправлено 1000 сообщений
[2026-04-15T16:04:48.149+0000] {kafka_load.py:42} ERROR - Ошибка JSON в строке: 1001: Expecting ':' delimiter: line 1 column 19 (char 18)
[2026-04-15T16:04:48.150+0000] {kafka_load.py:51} INFO - Обработка файла device_events.jsonl завершена
[2026-04-15T16:04:48.152+0000] {kafka_load.py:28} INFO - Обрабатывается файл: geo_events.jsonl
[2026-04-15T16:04:48.156+0000] {kafka_load.py:40} INFO - Отправлено 100 сообщений
[2026-04-15T16:04:48.159+0000] {kafka_load.py:40} INFO - Отправлено 200 сообщений
[2026-04-15T16:04:48.161+0000] {kafka_load.py:40} INFO - Отправлено 300 сообщений
[2026-04-15T16:04:48.164+0000] {kafka_load.py:40} INFO - Отправлено 400 сообщений
[2026-04-15T16:04:48.167+0000] {kafka_load.py:40} INFO - Отправлено 500 сообщений
[2026-04-15T16:04:48.172+0000] {kafka_load.py:40} INFO - Отправлено 600 сообщений
[2026-04-15T16:04:48.174+0000] {kafka_load.py:40} INFO - Отправлено 700 сообщений
[2026-04-15T16:04:48.177+0000] {kafka_load.py:40} INFO - Отправлено 800 сообщений
[2026-04-15T16:04:48.180+0000] {kafka_load.py:40} INFO - Отправлено 900 сообщений
[2026-04-15T16:04:48.187+0000] {kafka_load.py:40} INFO - Отправлено 1000 сообщений
[2026-04-15T16:04:48.189+0000] {kafka_load.py:51} INFO - Обработка файла geo_events.jsonl завершена
[2026-04-15T16:04:48.190+0000] {kafka_load.py:28} INFO - Обрабатывается файл: location_events.jsonl
[2026-04-15T16:04:48.196+0000] {kafka_load.py:40} INFO - Отправлено 100 сообщений
[2026-04-15T16:04:48.199+0000] {kafka_load.py:40} INFO - Отправлено 200 сообщений
[2026-04-15T16:04:48.203+0000] {kafka_load.py:40} INFO - Отправлено 300 сообщений
[2026-04-15T16:04:48.207+0000] {kafka_load.py:40} INFO - Отправлено 400 сообщений
[2026-04-15T16:04:48.212+0000] {kafka_load.py:40} INFO - Отправлено 500 сообщений
[2026-04-15T16:04:48.214+0000] {kafka_load.py:40} INFO - Отправлено 600 сообщений
[2026-04-15T16:04:48.219+0000] {kafka_load.py:40} INFO - Отправлено 700 сообщений
[2026-04-15T16:04:48.222+0000] {kafka_load.py:40} INFO - Отправлено 800 сообщений
[2026-04-15T16:04:48.225+0000] {kafka_load.py:40} INFO - Отправлено 900 сообщений
[2026-04-15T16:04:48.230+0000] {kafka_load.py:40} INFO - Отправлено 1000 сообщений
[2026-04-15T16:04:48.231+0000] {kafka_load.py:51} INFO - Обработка файла location_events.jsonl завершена
[2026-04-15T16:04:48.236+0000] {kafka_load.py:54} INFO - Обработка файлов успешно завершена
[2026-04-15T16:04:48.238+0000] {python.py:240} INFO - Done. Returned value was: None
[2026-04-15T16:04:48.253+0000] {taskinstance.py:341} INFO - ::group::Post task execution logs
[2026-04-15T16:04:48.253+0000] {taskinstance.py:353} INFO - Marking task as SUCCESS. dag_id=kafka_producer, task_id=send_jsonl_to_kafka, run_id=manual__2026-04-15T16:04:46.428045+00:00, execution_date=20260415T160446, start_date=20260415T160447, end_date=20260415T160448
[2026-04-15T16:04:48.330+0000] {local_task_job_runner.py:266} INFO - Task exited with return code 0
[2026-04-15T16:04:48.360+0000] {taskinstance.py:3901} INFO - 1 downstream tasks scheduled from follow-on schedule check
[2026-04-15T16:04:48.363+0000] {local_task_job_runner.py:245} INFO - ::endgroup::
